Archive member included to satisfy reference by file (symbol)

libCMSIS.a(startup_stm32f103xb.s.obj)
                              (Reset_Handler)
libFREERTOS.a(cmsis_os.c.obj)
                              CMakeFiles/blink.elf.dir/Src/main.c.obj (osKernelStart)
libFREERTOS.a(port.c.obj)     libFREERTOS.a(cmsis_os.c.obj) (vPortEnterCritical)
libFREERTOS.a(heap_4.c.obj)   libFREERTOS.a(cmsis_os.c.obj) (pvPortMalloc)
libFREERTOS.a(queue.c.obj)    libFREERTOS.a(cmsis_os.c.obj) (xQueueGenericCreate)
libFREERTOS.a(tasks.c.obj)    libFREERTOS.a(cmsis_os.c.obj) (xTaskCreate)
libFREERTOS.a(list.c.obj)     libFREERTOS.a(queue.c.obj) (vListInitialise)
libUSB.a(usbd_cdc.c.obj)      CMakeFiles/blink.elf.dir/Src/usb_device.c.obj (USBD_CDC_RegisterInterface)
libUSB.a(usbd_core.c.obj)     CMakeFiles/blink.elf.dir/Src/usb_device.c.obj (USBD_Init)
libUSB.a(usbd_ctlreq.c.obj)   libUSB.a(usbd_core.c.obj) (USBD_StdDevReq)
libUSB.a(usbd_ioreq.c.obj)    libUSB.a(usbd_cdc.c.obj) (USBD_CtlSendData)
/opt/cross/lib/gcc/arm-none-eabi/7.2.0/../../../../arm-none-eabi/lib/thumb/cortex-m3/libg.a(lib_a-atexit.o)
                              /opt/cross/lib/gcc/arm-none-eabi/7.2.0/../../../../arm-none-eabi/lib/thumb/cortex-m3/crt0.o (atexit)
/opt/cross/lib/gcc/arm-none-eabi/7.2.0/../../../../arm-none-eabi/lib/thumb/cortex-m3/libg.a(lib_a-exit.o)
                              /opt/cross/lib/gcc/arm-none-eabi/7.2.0/../../../../arm-none-eabi/lib/thumb/cortex-m3/crt0.o (exit)
/opt/cross/lib/gcc/arm-none-eabi/7.2.0/../../../../arm-none-eabi/lib/thumb/cortex-m3/libg.a(lib_a-fini.o)
                              /opt/cross/lib/gcc/arm-none-eabi/7.2.0/../../../../arm-none-eabi/lib/thumb/cortex-m3/crt0.o (__libc_fini_array)
/opt/cross/lib/gcc/arm-none-eabi/7.2.0/../../../../arm-none-eabi/lib/thumb/cortex-m3/libg.a(lib_a-impure.o)
                              /opt/cross/lib/gcc/arm-none-eabi/7.2.0/../../../../arm-none-eabi/lib/thumb/cortex-m3/libg.a(lib_a-exit.o) (_global_impure_ptr)
/opt/cross/lib/gcc/arm-none-eabi/7.2.0/../../../../arm-none-eabi/lib/thumb/cortex-m3/libg.a(lib_a-init.o)
                              /opt/cross/lib/gcc/arm-none-eabi/7.2.0/../../../../arm-none-eabi/lib/thumb/cortex-m3/crt0.o (__libc_init_array)
/opt/cross/lib/gcc/arm-none-eabi/7.2.0/../../../../arm-none-eabi/lib/thumb/cortex-m3/libg.a(lib_a-memcpy.o)
                              libFREERTOS.a(queue.c.obj) (memcpy)
/opt/cross/lib/gcc/arm-none-eabi/7.2.0/../../../../arm-none-eabi/lib/thumb/cortex-m3/libg.a(lib_a-memset.o)
                              /opt/cross/lib/gcc/arm-none-eabi/7.2.0/../../../../arm-none-eabi/lib/thumb/cortex-m3/crt0.o (memset)
/opt/cross/lib/gcc/arm-none-eabi/7.2.0/../../../../arm-none-eabi/lib/thumb/cortex-m3/libg.a(lib_a-snprintf.o)
                              CMakeFiles/blink.elf.dir/UserSrc/Src/lesson5.c.obj (snprintf)
/opt/cross/lib/gcc/arm-none-eabi/7.2.0/../../../../arm-none-eabi/lib/thumb/cortex-m3/libg.a(lib_a-sprintf.o)
                              CMakeFiles/blink.elf.dir/UserSrc/Src/lesson5.c.obj (sprintf)
/opt/cross/lib/gcc/arm-none-eabi/7.2.0/../../../../arm-none-eabi/lib/thumb/cortex-m3/libg.a(lib_a-strncpy.o)
                              CMakeFiles/blink.elf.dir/Src/usbd_cdc_if.c.obj (strncpy)
/opt/cross/lib/gcc/arm-none-eabi/7.2.0/../../../../arm-none-eabi/lib/thumb/cortex-m3/libg.a(lib_a-svfprintf.o)
                              /opt/cross/lib/gcc/arm-none-eabi/7.2.0/../../../../arm-none-eabi/lib/thumb/cortex-m3/libg.a(lib_a-snprintf.o) (_svfprintf_r)
/opt/cross/lib/gcc/arm-none-eabi/7.2.0/../../../../arm-none-eabi/lib/thumb/cortex-m3/libg.a(lib_a-__atexit.o)
                              /opt/cross/lib/gcc/arm-none-eabi/7.2.0/../../../../arm-none-eabi/lib/thumb/cortex-m3/libg.a(lib_a-atexit.o) (__register_exitproc)
/opt/cross/lib/gcc/arm-none-eabi/7.2.0/../../../../arm-none-eabi/lib/thumb/cortex-m3/libg.a(lib_a-__call_atexit.o)
                              /opt/cross/lib/gcc/arm-none-eabi/7.2.0/../../../../arm-none-eabi/lib/thumb/cortex-m3/libg.a(lib_a-exit.o) (__call_exitprocs)
/opt/cross/lib/gcc/arm-none-eabi/7.2.0/../../../../arm-none-eabi/lib/thumb/cortex-m3/libg.a(lib_a-mallocr.o)
                              /opt/cross/lib/gcc/arm-none-eabi/7.2.0/../../../../arm-none-eabi/lib/thumb/cortex-m3/libg.a(lib_a-svfprintf.o) (_malloc_r)
/opt/cross/lib/gcc/arm-none-eabi/7.2.0/../../../../arm-none-eabi/lib/thumb/cortex-m3/libg.a(lib_a-memchr-stub.o)
                              /opt/cross/lib/gcc/arm-none-eabi/7.2.0/../../../../arm-none-eabi/lib/thumb/cortex-m3/libg.a(lib_a-svfprintf.o) (memchr)
/opt/cross/lib/gcc/arm-none-eabi/7.2.0/../../../../arm-none-eabi/lib/thumb/cortex-m3/libg.a(lib_a-mlock.o)
                              /opt/cross/lib/gcc/arm-none-eabi/7.2.0/../../../../arm-none-eabi/lib/thumb/cortex-m3/libg.a(lib_a-mallocr.o) (__malloc_lock)
/opt/cross/lib/gcc/arm-none-eabi/7.2.0/../../../../arm-none-eabi/lib/thumb/cortex-m3/libg.a(lib_a-sbrkr.o)
[...]
Memory Configuration

Name             Origin             Length             Attributes
RAM              0x0000000020000000 0x0000000000005000 xrw
FLASH            0x0000000008000000 0x0000000000010000 xr
*default*        0x0000000000000000 0xffffffffffffffff

Linker script and memory map

LOAD /opt/cross/lib/gcc/arm-none-eabi/7.2.0/thumb/cortex-m3/crti.o
LOAD /opt/cross/lib/gcc/arm-none-eabi/7.2.0/thumb/cortex-m3/crtbegin.o
LOAD /opt/cross/lib/gcc/arm-none-eabi/7.2.0/../../../../arm-none-eabi/lib/thumb/cortex-m3/crt0.o
LOAD CMakeFiles/blink.elf.dir/Src/freertos.c.obj
LOAD CMakeFiles/blink.elf.dir/Src/main.c.obj
LOAD CMakeFiles/blink.elf.dir/Src/stm32f1xx_hal_msp.c.obj
LOAD CMakeFiles/blink.elf.dir/Src/stm32f1xx_hal_timebase_TIM.c.obj
LOAD CMakeFiles/blink.elf.dir/Src/stm32f1xx_it.c.obj
LOAD CMakeFiles/blink.elf.dir/Src/system_stm32f1xx.c.obj
LOAD CMakeFiles/blink.elf.dir/Src/usb_device.c.obj
LOAD CMakeFiles/blink.elf.dir/Src/usbd_cdc_if.c.obj
LOAD CMakeFiles/blink.elf.dir/Src/usbd_conf.c.obj
LOAD CMakeFiles/blink.elf.dir/Src/usbd_desc.c.obj
LOAD CMakeFiles/blink.elf.dir/Drivers/STM32F1xx_HAL_Driver/Src/stm32f1xx_hal.c.obj
LOAD CMakeFiles/blink.elf.dir/Drivers/STM32F1xx_HAL_Driver/Src/stm32f1xx_hal_cortex.c.obj
LOAD CMakeFiles/blink.elf.dir/Drivers/STM32F1xx_HAL_Driver/Src/stm32f1xx_hal_dma.c.obj
LOAD CMakeFiles/blink.elf.dir/Drivers/STM32F1xx_HAL_Driver/Src/stm32f1xx_hal_flash.c.obj
LOAD CMakeFiles/blink.elf.dir/Drivers/STM32F1xx_HAL_Driver/Src/stm32f1xx_hal_flash_ex.c.obj
LOAD CMakeFiles/blink.elf.dir/Drivers/STM32F1xx_HAL_Driver/Src/stm32f1xx_hal_gpio.c.obj
LOAD CMakeFiles/blink.elf.dir/Drivers/STM32F1xx_HAL_Driver/Src/stm32f1xx_hal_gpio_ex.c.obj
LOAD CMakeFiles/blink.elf.dir/Drivers/STM32F1xx_HAL_Driver/Src/stm32f1xx_hal_i2c.c.obj
LOAD CMakeFiles/blink.elf.dir/Drivers/STM32F1xx_HAL_Driver/Src/stm32f1xx_hal_pcd.c.obj
LOAD CMakeFiles/blink.elf.dir/Drivers/STM32F1xx_HAL_Driver/Src/stm32f1xx_hal_pcd_ex.c.obj
LOAD CMakeFiles/blink.elf.dir/Drivers/STM32F1xx_HAL_Driver/Src/stm32f1xx_hal_pwr.c.obj
LOAD CMakeFiles/blink.elf.dir/Drivers/STM32F1xx_HAL_Driver/Src/stm32f1xx_hal_rcc.c.obj
LOAD CMakeFiles/blink.elf.dir/Drivers/STM32F1xx_HAL_Driver/Src/stm32f1xx_hal_rcc_ex.c.obj
LOAD CMakeFiles/blink.elf.dir/Drivers/STM32F1xx_HAL_Driver/Src/stm32f1xx_hal_tim.c.obj
LOAD CMakeFiles/blink.elf.dir/Drivers/STM32F1xx_HAL_Driver/Src/stm32f1xx_hal_tim_ex.c.obj
LOAD CMakeFiles/blink.elf.dir/Drivers/STM32F1xx_HAL_Driver/Src/stm32f1xx_ll_usb.c.obj
LOAD CMakeFiles/blink.elf.dir/UserSrc/Src/lesson3.c.obj
LOAD CMakeFiles/blink.elf.dir/UserSrc/Src/lesson4.c.obj
LOAD CMakeFiles/blink.elf.dir/UserSrc/Src/lesson5.c.obj
LOAD CMakeFiles/blink.elf.dir/UserSrc/Lib/dh11/Src/dht11.c.obj
LOAD CMakeFiles/blink.elf.dir/UserSrc/Lib/ssd1306/Src/fonts.c.obj
LOAD CMakeFiles/blink.elf.dir/UserSrc/Lib/ssd1306/Src/ssd1306.c.obj
LOAD CMakeFiles/blink.elf.dir/UserSrc/Lib/syscall/Src/syscalls.c.obj
LOAD libHAL.a
LOAD libCMSIS.a
LOAD libUSERSRC.a
LOAD libLIBS.a
LOAD libFREERTOS.a
LOAD libUSB.a
START GROUP
LOAD /opt/cross/lib/gcc/arm-none-eabi/7.2.0/thumb/cortex-m3/libgcc.a
LOAD /opt/cross/lib/gcc/arm-none-eabi/7.2.0/../../../../arm-none-eabi/lib/thumb/cortex-m3/libg.a
LOAD /opt/cross/lib/gcc/arm-none-eabi/7.2.0/../../../../arm-none-eabi/lib/thumb/cortex-m3/libc.a
END GROUP
LOAD /opt/cross/lib/gcc/arm-none-eabi/7.2.0/thumb/cortex-m3/crtend.o
LOAD /opt/cross/lib/gcc/arm-none-eabi/7.2.0/thumb/cortex-m3/crtn.o
                0x0000000020005000                _estack = 0x20005000
                0x0000000000000200                _Min_Heap_Size = 0x200
                0x0000000000000400                _Min_Stack_Size = 0x400

.isr_vector     0x0000000008000000      0x10c
                0x0000000008000000                . = ALIGN (0x4)
 *(.isr_vector)
 .isr_vector    0x0000000008000000      0x10c libCMSIS.a(startup_stm32f103xb.s.obj)
                0x0000000008000000                g_pfnVectors
                0x000000000800010c                . = ALIGN (0x4)

.text           0x0000000008000110     0x6de8
                0x0000000008000110                . = ALIGN (0x4)
 *(.text)
 .text          0x0000000008000110       0x88 /opt/cross/lib/gcc/arm-none-eabi/7.2.0/thumb/cortex-m3/crtbegin.o
 .text          0x0000000008000198       0x48 /opt/cross/lib/gcc/arm-none-eabi/7.2.0/../../../../arm-none-eabi/lib/thumb/cortex-m3/libg.a(lib_a-init.o)
                0x0000000008000198                __libc_init_array
 .text          0x00000000080001e0       0xec /opt/cross/lib/gcc/arm-none-eabi/7.2.0/../../../../arm-none-eabi/lib/thumb/cortex-m3/libg.a(lib_a-memcpy.o)
                0x00000000080001e0                memcpy
 .text          0x00000000080002cc      0x10c /opt/cross/lib/gcc/arm-none-eabi/7.2.0/../../../../arm-none-eabi/lib/thumb/cortex-m3/libg.a(lib_a-snprintf.o)
                0x00000000080002cc                _snprintf_r
                0x000000000800034c                snprintf
 .text          0x00000000080003d8       0x80 /opt/cross/lib/gcc/arm-none-eabi/7.2.0/../../../../arm-none-eabi/lib/thumb/cortex-m3/libg.a(lib_a-sprintf.o)
                0x00000000080003d8                _sprintf_r
                0x0000000008000414                sprintf
 .text          0x0000000008000458       0x64 /opt/cross/lib/gcc/arm-none-eabi/7.2.0/../../../../arm-none-eabi/lib/thumb/cortex-m3/libg.a(lib_a-strncpy.o)
                0x0000000008000458                strncpy
 .text          0x00000000080004bc      0x6d4 /opt/cross/lib/gcc/arm-none-eabi/7.2.0/../../../../arm-none-eabi/lib/thumb/cortex-m3/libg.a(lib_a-svfprintf.o)
                0x00000000080004bc                _svfprintf_r
 .text          0x0000000008000b90      0x518 /opt/cross/lib/gcc/arm-none-eabi/7.2.0/../../../../arm-none-eabi/lib/thumb/cortex-m3/libg.a(lib_a-mallocr.o)
                0x0000000008000b90                _malloc_r
 .text          0x00000000080010a8       0x8c /opt/cross/lib/gcc/arm-none-eabi/7.2.0/../../../../arm-none-eabi/lib/thumb/cortex-m3/libg.a(lib_a-memchr-stub.o)
                0x00000000080010a8                memchr
 .text          0x0000000008001134        0x8 /opt/cross/lib/gcc/arm-none-eabi/7.2.0/../../../../arm-none-eabi/lib/thumb/cortex-m3/libg.a(lib_a-mlock.o)
                0x0000000008001134                __malloc_lock
                0x0000000008001138                __malloc_unlock
 .text          0x000000000800113c       0x24 /opt/cross/lib/gcc/arm-none-eabi/7.2.0/../../../../arm-none-eabi/lib/thumb/cortex-m3/libg.a(lib_a-sbrkr.o)
                0x000000000800113c                _sbrk_r
 .text          0x0000000008001160       0x5c /opt/cross/lib/gcc/arm-none-eabi/7.2.0/../../../../arm-none-eabi/lib/thumb/cortex-m3/libg.a(lib_a-strlen-stub.o)
                0x0000000008001160                strlen
 .text          0x00000000080011bc      0x880 /opt/cross/lib/gcc/arm-none-eabi/7.2.0/../../../../arm-none-eabi/lib/thumb/cortex-m3/libg.a(lib_a-svfiprintf.o)
                0x00000000080011bc                __ssputs_r
                0x0000000008001280                __ssprint_r
                0x0000000008001374                _svfiprintf_r
 .text          0x0000000008001a3c      0x288 /opt/cross/lib/gcc/arm-none-eabi/7.2.0/../../../../arm-none-eabi/lib/thumb/cortex-m3/libg.a(lib_a-freer.o)
                0x0000000008001a3c                _malloc_trim_r
                0x0000000008001adc                _free_r
 .text          0x0000000008001cc4       0xc4 /opt/cross/lib/gcc/arm-none-eabi/7.2.0/../../../../arm-none-eabi/lib/thumb/cortex-m3/libg.a(lib_a-memmove.o)
                0x0000000008001cc4                memmove
 .text          0x0000000008001d88      0x374 /opt/cross/lib/gcc/arm-none-eabi/7.2.0/../../../../arm-none-eabi/lib/thumb/cortex-m3/libg.a(lib_a-reallocr.o)
                0x0000000008001d88                _realloc_r
 *(.text*)
 .text.SystemClock_Config
                0x00000000080020fc       0x7e CMakeFiles/blink.elf.dir/Src/main.c.obj
                0x00000000080020fc                SystemClock_Config
 *fill*         0x000000000800217a        0x2 
 .text.startup.main
                0x000000000800217c      0x17c CMakeFiles/blink.elf.dir/Src/main.c.obj
                0x000000000800217c                main
 .text.HAL_TIM_PeriodElapsedCallback
                0x00000000080022f8       0x14 CMakeFiles/blink.elf.dir/Src/main.c.obj
                0x00000000080022f8                HAL_TIM_PeriodElapsedCallback
 .text._Error_Handler
                0x000000000800230c        0x2 CMakeFiles/blink.elf.dir/Src/main.c.obj
                0x000000000800230c                _Error_Handler
 *fill*         0x000000000800230e        0x2 
 .text.HAL_MspInit
                0x0000000008002310       0x90 CMakeFiles/blink.elf.dir/Src/stm32f1xx_hal_msp.c.obj
                0x0000000008002310                HAL_MspInit
 .text.HAL_I2C_MspInit
                0x00000000080023a0       0x44 CMakeFiles/blink.elf.dir/Src/stm32f1xx_hal_msp.c.obj
                0x00000000080023a0                HAL_I2C_MspInit
 .text.HAL_TIM_IC_MspInit
                0x00000000080023e4       0x50 CMakeFiles/blink.elf.dir/Src/stm32f1xx_hal_msp.c.obj
                0x00000000080023e4                HAL_TIM_IC_MspInit
 .text.HAL_InitTick
                0x0000000008002434       0x78 CMakeFiles/blink.elf.dir/Src/stm32f1xx_hal_timebase_TIM.c.obj
                0x0000000008002434                HAL_InitTick
 .text.NMI_Handler
                0x00000000080024ac        0x2 CMakeFiles/blink.elf.dir/Src/stm32f1xx_it.c.obj
                0x00000000080024ac                NMI_Handler
 .text.HardFault_Handler
                0x00000000080024ae        0x2 CMakeFiles/blink.elf.dir/Src/stm32f1xx_it.c.obj
                0x00000000080024ae                HardFault_Handler
 .text.MemManage_Handler
                0x00000000080024b0        0x2 CMakeFiles/blink.elf.dir/Src/stm32f1xx_it.c.obj
                0x00000000080024b0                MemManage_Handler
 .text.BusFault_Handler
                0x00000000080024b2        0x2 CMakeFiles/blink.elf.dir/Src/stm32f1xx_it.c.obj
                0x00000000080024b2                BusFault_Handler
 .text.UsageFault_Handler
                0x00000000080024b4        0x2 CMakeFiles/blink.elf.dir/Src/stm32f1xx_it.c.obj
                0x00000000080024b4                UsageFault_Handler
 .text.DebugMon_Handler
                0x00000000080024b6        0x2 CMakeFiles/blink.elf.dir/Src/stm32f1xx_it.c.obj
                0x00000000080024b6                DebugMon_Handler
 .text.SysTick_Handler
                0x00000000080024b8        0x4 CMakeFiles/blink.elf.dir/Src/stm32f1xx_it.c.obj
                0x00000000080024b8                SysTick_Handler
 .text.USB_LP_CAN1_RX0_IRQHandler
                0x00000000080024bc        0xc CMakeFiles/blink.elf.dir/Src/stm32f1xx_it.c.obj
                0x00000000080024bc                USB_LP_CAN1_RX0_IRQHandler
 .text.TIM3_IRQHandler
                0x00000000080024c8       0x1c CMakeFiles/blink.elf.dir/Src/stm32f1xx_it.c.obj
                0x00000000080024c8                TIM3_IRQHandler
 .text.TIM4_IRQHandler
                0x00000000080024e4        0xc CMakeFiles/blink.elf.dir/Src/stm32f1xx_it.c.obj
                0x00000000080024e4                TIM4_IRQHandler
 .text.SystemInit
                0x00000000080024f0       0x4c CMakeFiles/blink.elf.dir/Src/system_stm32f1xx.c.obj
                0x00000000080024f0                SystemInit
 .text.MX_USB_DEVICE_Init
                0x000000000800253c       0x38 CMakeFiles/blink.elf.dir/Src/usb_device.c.obj
                0x000000000800253c                MX_USB_DEVICE_Init
 .text.CDC_DeInit_FS
                0x0000000008002574        0x4 CMakeFiles/blink.elf.dir/Src/usbd_cdc_if.c.obj
 .text.CDC_Init_FS
                0x0000000008002578       0x28 CMakeFiles/blink.elf.dir/Src/usbd_cdc_if.c.obj
 .text.CDC_Control_FS
                0x00000000080025a0       0x48 CMakeFiles/blink.elf.dir/Src/usbd_cdc_if.c.obj
 .text.CDC_Receive_FS
                0x00000000080025e8       0x58 CMakeFiles/blink.elf.dir/Src/usbd_cdc_if.c.obj
 .text.CDC_Transmit_FS
                0x0000000008002640       0x2c CMakeFiles/blink.elf.dir/Src/usbd_cdc_if.c.obj
                0x0000000008002640                CDC_Transmit_FS
 .text.HAL_PCD_MspInit
                0x000000000800266c       0x40 CMakeFiles/blink.elf.dir/Src/usbd_conf.c.obj
                0x000000000800266c                HAL_PCD_MspInit
 .text.HAL_PCD_SetupStageCallback
                0x00000000080026ac        0xc CMakeFiles/blink.elf.dir/Src/usbd_conf.c.obj
                0x00000000080026ac                HAL_PCD_SetupStageCallback
 .text.HAL_PCD_DataOutStageCallback
                0x00000000080026b8       0x10 CMakeFiles/blink.elf.dir/Src/usbd_conf.c.obj
                0x00000000080026b8                HAL_PCD_DataOutStageCallback
 .text.HAL_PCD_DataInStageCallback
                0x00000000080026c8        0xe CMakeFiles/blink.elf.dir/Src/usbd_conf.c.obj
                0x00000000080026c8                HAL_PCD_DataInStageCallback
 .text.HAL_PCD_SOFCallback
                0x00000000080026d6        0x8 CMakeFiles/blink.elf.dir/Src/usbd_conf.c.obj
                0x00000000080026d6                HAL_PCD_SOFCallback
 .text.HAL_PCD_ResetCallback
                0x00000000080026de       0x1a CMakeFiles/blink.elf.dir/Src/usbd_conf.c.obj
                0x00000000080026de                HAL_PCD_ResetCallback
 .text.HAL_PCD_SuspendCallback
                0x00000000080026f8       0x20 CMakeFiles/blink.elf.dir/Src/usbd_conf.c.obj
                0x00000000080026f8                HAL_PCD_SuspendCallback
 .text.HAL_PCD_ResumeCallback
                0x0000000008002718        0x8 CMakeFiles/blink.elf.dir/Src/usbd_conf.c.obj
                0x0000000008002718                HAL_PCD_ResumeCallback
 .text.USBD_LL_Init
                0x0000000008002720       0x90 CMakeFiles/blink.elf.dir/Src/usbd_conf.c.obj
                0x0000000008002720                USBD_LL_Init
 .text.USBD_LL_Start
                0x00000000080027b0       0x1c CMakeFiles/blink.elf.dir/Src/usbd_conf.c.obj
                0x00000000080027b0                USBD_LL_Start
 .text.USBD_LL_OpenEP
                0x00000000080027cc       0x20 CMakeFiles/blink.elf.dir/Src/usbd_conf.c.obj
                0x00000000080027cc                USBD_LL_OpenEP
 .text.USBD_LL_CloseEP
                0x00000000080027ec       0x1c CMakeFiles/blink.elf.dir/Src/usbd_conf.c.obj
                0x00000000080027ec                USBD_LL_CloseEP
 .text.USBD_LL_StallEP
                0x0000000008002808       0x1c CMakeFiles/blink.elf.dir/Src/usbd_conf.c.obj
                0x0000000008002808                USBD_LL_StallEP
 .text.USBD_LL_ClearStallEP
                0x0000000008002824       0x1c CMakeFiles/blink.elf.dir/Src/usbd_conf.c.obj
                0x0000000008002824                USBD_LL_ClearStallEP
 .text.USBD_LL_IsStallEP
                0x0000000008002840       0x20 CMakeFiles/blink.elf.dir/Src/usbd_conf.c.obj
                0x0000000008002840                USBD_LL_IsStallEP
 .text.USBD_LL_SetUSBAddress
                0x0000000008002860       0x1c CMakeFiles/blink.elf.dir/Src/usbd_conf.c.obj
                0x0000000008002860                USBD_LL_SetUSBAddress
 .text.USBD_LL_Transmit
                0x000000000800287c       0x1c CMakeFiles/blink.elf.dir/Src/usbd_conf.c.obj
                0x000000000800287c                USBD_LL_Transmit
 .text.USBD_LL_PrepareReceive
                0x0000000008002898       0x1c CMakeFiles/blink.elf.dir/Src/usbd_conf.c.obj
                0x0000000008002898                USBD_LL_PrepareReceive
 .text.USBD_LL_GetRxDataSize
                0x00000000080028b4        0xc CMakeFiles/blink.elf.dir/Src/usbd_conf.c.obj
                0x00000000080028b4                USBD_LL_GetRxDataSize
 .text.USBD_static_malloc
                0x00000000080028c0        0x8 CMakeFiles/blink.elf.dir/Src/usbd_conf.c.obj
                0x00000000080028c0                USBD_static_malloc
 .text.USBD_static_free
                0x00000000080028c8        0x2 CMakeFiles/blink.elf.dir/Src/usbd_conf.c.obj
                0x00000000080028c8                USBD_static_free
 .text.HAL_PCDEx_SetConnectionState
                0x00000000080028ca        0x2 CMakeFiles/blink.elf.dir/Src/usbd_conf.c.obj
                0x00000000080028ca                HAL_PCDEx_SetConnectionState
 .text.USBD_FS_DeviceDescriptor
                0x00000000080028cc        0xc CMakeFiles/blink.elf.dir/Src/usbd_desc.c.obj
                0x00000000080028cc                USBD_FS_DeviceDescriptor
 .text.USBD_FS_LangIDStrDescriptor
                0x00000000080028d8        0xc CMakeFiles/blink.elf.dir/Src/usbd_desc.c.obj
                0x00000000080028d8                USBD_FS_LangIDStrDescriptor
 .text.USBD_FS_ManufacturerStrDescriptor
                0x00000000080028e4       0x1c CMakeFiles/blink.elf.dir/Src/usbd_desc.c.obj
                0x00000000080028e4                USBD_FS_ManufacturerStrDescriptor
 .text.USBD_FS_ProductStrDescriptor
                0x0000000008002900       0x1c CMakeFiles/blink.elf.dir/Src/usbd_desc.c.obj
                0x0000000008002900                USBD_FS_ProductStrDescriptor
 .text.USBD_FS_SerialStrDescriptor
                0x000000000800291c       0x1c CMakeFiles/blink.elf.dir/Src/usbd_desc.c.obj
                0x000000000800291c                USBD_FS_SerialStrDescriptor
 .text.USBD_FS_ConfigStrDescriptor
                0x0000000008002938       0x1c CMakeFiles/blink.elf.dir/Src/usbd_desc.c.obj
                0x0000000008002938                USBD_FS_ConfigStrDescriptor
 .text.USBD_FS_InterfaceStrDescriptor
                0x0000000008002954       0x1c CMakeFiles/blink.elf.dir/Src/usbd_desc.c.obj
                0x0000000008002954                USBD_FS_InterfaceStrDescriptor
 .text.HAL_Init
                0x0000000008002970       0x24 CMakeFiles/blink.elf.dir/Drivers/STM32F1xx_HAL_Driver/Src/stm32f1xx_hal.c.obj
                0x0000000008002970                HAL_Init
 .text.HAL_IncTick
                0x0000000008002994       0x10 CMakeFiles/blink.elf.dir/Drivers/STM32F1xx_HAL_Driver/Src/stm32f1xx_hal.c.obj
                0x0000000008002994                HAL_IncTick
 .text.HAL_GetTick
                0x00000000080029a4        0xc CMakeFiles/blink.elf.dir/Drivers/STM32F1xx_HAL_Driver/Src/stm32f1xx_hal.c.obj
                0x00000000080029a4                HAL_GetTick
 .text.HAL_Delay
                0x00000000080029b0       0x20 CMakeFiles/blink.elf.dir/Drivers/STM32F1xx_HAL_Driver/Src/stm32f1xx_hal.c.obj
                0x00000000080029b0                HAL_Delay
 .text.HAL_NVIC_SetPriorityGrouping
                0x00000000080029d0       0x24 CMakeFiles/blink.elf.dir/Drivers/STM32F1xx_HAL_Driver/Src/stm32f1xx_hal_cortex.c.obj
                0x00000000080029d0                HAL_NVIC_SetPriorityGrouping
 .text.HAL_NVIC_SetPriority
                0x00000000080029f4       0x68 CMakeFiles/blink.elf.dir/Drivers/STM32F1xx_HAL_Driver/Src/stm32f1xx_hal_cortex.c.obj
                0x00000000080029f4                HAL_NVIC_SetPriority
 .text.HAL_NVIC_EnableIRQ
                0x0000000008002a5c       0x18 CMakeFiles/blink.elf.dir/Drivers/STM32F1xx_HAL_Driver/Src/stm32f1xx_hal_cortex.c.obj
                0x0000000008002a5c                HAL_NVIC_EnableIRQ
 .text.HAL_SYSTICK_Config
                0x0000000008002a74       0x2c CMakeFiles/blink.elf.dir/Drivers/STM32F1xx_HAL_Driver/Src/stm32f1xx_hal_cortex.c.obj
                0x0000000008002a74                HAL_SYSTICK_Config
 .text.HAL_SYSTICK_CLKSourceConfig
                0x0000000008002aa0       0x18 CMakeFiles/blink.elf.dir/Drivers/STM32F1xx_HAL_Driver/Src/stm32f1xx_hal_cortex.c.obj
                0x0000000008002aa0                HAL_SYSTICK_CLKSourceConfig
 .text.HAL_GPIO_Init
                0x0000000008002ab8      0x1c0 CMakeFiles/blink.elf.dir/Drivers/STM32F1xx_HAL_Driver/Src/stm32f1xx_hal_gpio.c.obj
                0x0000000008002ab8                HAL_GPIO_Init
 .text.HAL_GPIO_WritePin
                0x0000000008002c78        0xa CMakeFiles/blink.elf.dir/Drivers/STM32F1xx_HAL_Driver/Src/stm32f1xx_hal_gpio.c.obj
                0x0000000008002c78                HAL_GPIO_WritePin
 .text.I2C_IsAcknowledgeFailed
                0x0000000008002c82       0x2a CMakeFiles/blink.elf.dir/Drivers/STM32F1xx_HAL_Driver/Src/stm32f1xx_hal_i2c.c.obj
 .text.I2C_WaitOnMasterAddressFlagUntilTimeout
                0x0000000008002cac       0x68 CMakeFiles/blink.elf.dir/Drivers/STM32F1xx_HAL_Driver/Src/stm32f1xx_hal_i2c.c.obj
 .text.I2C_WaitOnFlagUntilTimeout
                0x0000000008002d14       0x5a CMakeFiles/blink.elf.dir/Drivers/STM32F1xx_HAL_Driver/Src/stm32f1xx_hal_i2c.c.obj
 .text.I2C_WaitOnTXEFlagUntilTimeout
                0x0000000008002d6e       0x4c CMakeFiles/blink.elf.dir/Drivers/STM32F1xx_HAL_Driver/Src/stm32f1xx_hal_i2c.c.obj
 *fill*         0x0000000008002dba        0x2 
 .text.I2C_RequestMemoryWrite
                0x0000000008002dbc       0xa4 CMakeFiles/blink.elf.dir/Drivers/STM32F1xx_HAL_Driver/Src/stm32f1xx_hal_i2c.c.obj
 .text.I2C_WaitOnBTFFlagUntilTimeout
                0x0000000008002e60       0x4c CMakeFiles/blink.elf.dir/Drivers/STM32F1xx_HAL_Driver/Src/stm32f1xx_hal_i2c.c.obj
 .text.HAL_I2C_Init
                0x0000000008002eac       0xdc CMakeFiles/blink.elf.dir/Drivers/STM32F1xx_HAL_Driver/Src/stm32f1xx_hal_i2c.c.obj
                0x0000000008002eac                HAL_I2C_Init
 .text.HAL_I2C_Mem_Write
                0x0000000008002f88      0x12c CMakeFiles/blink.elf.dir/Drivers/STM32F1xx_HAL_Driver/Src/stm32f1xx_hal_i2c.c.obj
                0x0000000008002f88                HAL_I2C_Mem_Write
 .text.HAL_PCD_Init
                0x00000000080030b4       0xd2 CMakeFiles/blink.elf.dir/Drivers/STM32F1xx_HAL_Driver/Src/stm32f1xx_hal_pcd.c.obj
                0x00000000080030b4                HAL_PCD_Init
 .text.HAL_PCD_Start
                0x0000000008003186       0x2e CMakeFiles/blink.elf.dir/Drivers/STM32F1xx_HAL_Driver/Src/stm32f1xx_hal_pcd.c.obj
                0x0000000008003186                HAL_PCD_Start
 .text.HAL_PCD_SetAddress
                0x00000000080031b4       0x28 CMakeFiles/blink.elf.dir/Drivers/STM32F1xx_HAL_Driver/Src/stm32f1xx_hal_pcd.c.obj
                0x00000000080031b4                HAL_PCD_SetAddress
 .text.HAL_PCD_EP_Open
                0x00000000080031dc       0x46 CMakeFiles/blink.elf.dir/Drivers/STM32F1xx_HAL_Driver/Src/stm32f1xx_hal_pcd.c.obj
                0x00000000080031dc                HAL_PCD_EP_Open
 .text.HAL_PCD_EP_Close
                0x0000000008003222       0x42 CMakeFiles/blink.elf.dir/Drivers/STM32F1xx_HAL_Driver/Src/stm32f1xx_hal_pcd.c.obj
                0x0000000008003222                HAL_PCD_EP_Close
 .text.HAL_PCD_EP_Receive
                0x0000000008003264       0x30 CMakeFiles/blink.elf.dir/Drivers/STM32F1xx_HAL_Driver/Src/stm32f1xx_hal_pcd.c.obj
                0x0000000008003264                HAL_PCD_EP_Receive
 .text.HAL_PCD_EP_GetRxCount
                0x0000000008003294        0xe CMakeFiles/blink.elf.dir/Drivers/STM32F1xx_HAL_Driver/Src/stm32f1xx_hal_pcd.c.obj
                0x0000000008003294                HAL_PCD_EP_GetRxCount
 .text.HAL_PCD_EP_Transmit
                0x00000000080032a2       0x2c CMakeFiles/blink.elf.dir/Drivers/STM32F1xx_HAL_Driver/Src/stm32f1xx_hal_pcd.c.obj
                0x00000000080032a2                HAL_PCD_EP_Transmit
 *fill*         0x00000000080032ce        0x2 
 .text.HAL_PCD_IRQHandler
                0x00000000080032d0      0x4c0 CMakeFiles/blink.elf.dir/Drivers/STM32F1xx_HAL_Driver/Src/stm32f1xx_hal_pcd.c.obj
                0x00000000080032d0                HAL_PCD_IRQHandler
 .text.HAL_PCD_EP_SetStall
                0x0000000008003790       0x50 CMakeFiles/blink.elf.dir/Drivers/STM32F1xx_HAL_Driver/Src/stm32f1xx_hal_pcd.c.obj
                0x0000000008003790                HAL_PCD_EP_SetStall
 .text.HAL_PCD_EP_ClrStall
                0x00000000080037e0       0x46 CMakeFiles/blink.elf.dir/Drivers/STM32F1xx_HAL_Driver/Src/stm32f1xx_hal_pcd.c.obj
                0x00000000080037e0                HAL_PCD_EP_ClrStall
 .text.HAL_PCDEx_PMAConfig
                0x0000000008003826       0x32 CMakeFiles/blink.elf.dir/Drivers/STM32F1xx_HAL_Driver/Src/stm32f1xx_hal_pcd_ex.c.obj
                0x0000000008003826                HAL_PCDEx_PMAConfig
 .text.HAL_RCC_OscConfig
                0x0000000008003858      0x318 CMakeFiles/blink.elf.dir/Drivers/STM32F1xx_HAL_Driver/Src/stm32f1xx_hal_rcc.c.obj
                0x0000000008003858                HAL_RCC_OscConfig
 .text.HAL_RCC_GetSysClockFreq
                0x0000000008003b70       0x78 CMakeFiles/blink.elf.dir/Drivers/STM32F1xx_HAL_Driver/Src/stm32f1xx_hal_rcc.c.obj
                0x0000000008003b70                HAL_RCC_GetSysClockFreq
 .text.HAL_RCC_ClockConfig
                0x0000000008003be8      0x144 CMakeFiles/blink.elf.dir/Drivers/STM32F1xx_HAL_Driver/Src/stm32f1xx_hal_rcc.c.obj
                0x0000000008003be8                HAL_RCC_ClockConfig
 .text.HAL_RCC_GetHCLKFreq
                0x0000000008003d2c        0xc CMakeFiles/blink.elf.dir/Drivers/STM32F1xx_HAL_Driver/Src/stm32f1xx_hal_rcc.c.obj
                0x0000000008003d2c                HAL_RCC_GetHCLKFreq
 .text.HAL_RCC_GetPCLK1Freq
                0x0000000008003d38       0x20 CMakeFiles/blink.elf.dir/Drivers/STM32F1xx_HAL_Driver/Src/stm32f1xx_hal_rcc.c.obj
                0x0000000008003d38                HAL_RCC_GetPCLK1Freq
 .text.HAL_RCC_GetClockConfig
                0x0000000008003d58       0x3c CMakeFiles/blink.elf.dir/Drivers/STM32F1xx_HAL_Driver/Src/stm32f1xx_hal_rcc.c.obj
                0x0000000008003d58                HAL_RCC_GetClockConfig
 .text.HAL_RCCEx_PeriphCLKConfig
                0x0000000008003d94       0xf0 CMakeFiles/blink.elf.dir/Drivers/STM32F1xx_HAL_Driver/Src/stm32f1xx_hal_rcc_ex.c.obj
                0x0000000008003d94                HAL_RCCEx_PeriphCLKConfig
 .text.HAL_TIM_Base_MspInit
                0x0000000008003e84        0x2 CMakeFiles/blink.elf.dir/Drivers/STM32F1xx_HAL_Driver/Src/stm32f1xx_hal_tim.c.obj
                0x0000000008003e84                HAL_TIM_Base_MspInit
 .text.HAL_TIM_Base_Start_IT
                0x0000000008003e86       0x16 CMakeFiles/blink.elf.dir/Drivers/STM32F1xx_HAL_Driver/Src/stm32f1xx_hal_tim.c.obj
                0x0000000008003e86                HAL_TIM_Base_Start_IT
 .text.HAL_TIM_ReadCapturedValue
                0x0000000008003e9c       0x46 CMakeFiles/blink.elf.dir/Drivers/STM32F1xx_HAL_Driver/Src/stm32f1xx_hal_tim.c.obj
                0x0000000008003e9c                HAL_TIM_ReadCapturedValue
 .text.HAL_TIM_OC_DelayElapsedCallback
                0x0000000008003ee2        0x2 CMakeFiles/blink.elf.dir/Drivers/STM32F1xx_HAL_Driver/Src/stm32f1xx_hal_tim.c.obj
                0x0000000008003ee2                HAL_TIM_OC_DelayElapsedCallback
 .text.HAL_TIM_IC_CaptureCallback
                0x0000000008003ee4        0x2 CMakeFiles/blink.elf.dir/Drivers/STM32F1xx_HAL_Driver/Src/stm32f1xx_hal_tim.c.obj
                0x0000000008003ee4                HAL_TIM_IC_CaptureCallback
 .text.HAL_TIM_PWM_PulseFinishedCallback
                0x0000000008003ee6        0x2 CMakeFiles/blink.elf.dir/Drivers/STM32F1xx_HAL_Driver/Src/stm32f1xx_hal_tim.c.obj
                0x0000000008003ee6                HAL_TIM_PWM_PulseFinishedCallback
 .text.HAL_TIM_TriggerCallback
                0x0000000008003ee8        0x2 CMakeFiles/blink.elf.dir/Drivers/STM32F1xx_HAL_Driver/Src/stm32f1xx_hal_tim.c.obj
                0x0000000008003ee8                HAL_TIM_TriggerCallback
 .text.HAL_TIM_IRQHandler
                0x0000000008003eea      0x144 CMakeFiles/blink.elf.dir/Drivers/STM32F1xx_HAL_Driver/Src/stm32f1xx_hal_tim.c.obj
                0x0000000008003eea                HAL_TIM_IRQHandler
 *fill*         0x000000000800402e        0x2 
 .text.TIM_Base_SetConfig
                0x0000000008004030       0x70 CMakeFiles/blink.elf.dir/Drivers/STM32F1xx_HAL_Driver/Src/stm32f1xx_hal_tim.c.obj
                0x0000000008004030                TIM_Base_SetConfig
 .text.HAL_TIM_Base_Init
                0x00000000080040a0       0x34 CMakeFiles/blink.elf.dir/Drivers/STM32F1xx_HAL_Driver/Src/stm32f1xx_hal_tim.c.obj
                0x00000000080040a0                HAL_TIM_Base_Init
 .text.HAL_TIM_IC_Init
                0x00000000080040d4       0x34 CMakeFiles/blink.elf.dir/Drivers/STM32F1xx_HAL_Driver/Src/stm32f1xx_hal_tim.c.obj
                0x00000000080040d4                HAL_TIM_IC_Init
 .text.TIM_TI1_SetConfig
                0x0000000008004108       0x54 CMakeFiles/blink.elf.dir/Drivers/STM32F1xx_HAL_Driver/Src/stm32f1xx_hal_tim.c.obj
                0x0000000008004108                TIM_TI1_SetConfig
 .text.HAL_TIM_IC_ConfigChannel
                0x000000000800415c      0x10a CMakeFiles/blink.elf.dir/Drivers/STM32F1xx_HAL_Driver/Src/stm32f1xx_hal_tim.c.obj
                0x000000000800415c                HAL_TIM_IC_ConfigChannel
 .text.TIM_CCxChannelCmd
                0x0000000008004266       0x18 CMakeFiles/blink.elf.dir/Drivers/STM32F1xx_HAL_Driver/Src/stm32f1xx_hal_tim.c.obj
                0x0000000008004266                TIM_CCxChannelCmd
 .text.HAL_TIM_IC_Start_IT
                0x000000000800427e       0x50 CMakeFiles/blink.elf.dir/Drivers/STM32F1xx_HAL_Driver/Src/stm32f1xx_hal_tim.c.obj
                0x000000000800427e                HAL_TIM_IC_Start_IT
 .text.HAL_TIM_IC_Stop_IT
                0x00000000080042ce       0x64 CMakeFiles/blink.elf.dir/Drivers/STM32F1xx_HAL_Driver/Src/stm32f1xx_hal_tim.c.obj
                0x00000000080042ce                HAL_TIM_IC_Stop_IT
 .text.HAL_TIMEx_MasterConfigSynchronization
                0x0000000008004332       0x44 CMakeFiles/blink.elf.dir/Drivers/STM32F1xx_HAL_Driver/Src/stm32f1xx_hal_tim_ex.c.obj
                0x0000000008004332                HAL_TIMEx_MasterConfigSynchronization
 .text.HAL_TIMEx_CommutationCallback
                0x0000000008004376        0x2 CMakeFiles/blink.elf.dir/Drivers/STM32F1xx_HAL_Driver/Src/stm32f1xx_hal_tim_ex.c.obj
                0x0000000008004376                HAL_TIMEx_CommutationCallback
 .text.HAL_TIMEx_BreakCallback
                0x0000000008004378        0x2 CMakeFiles/blink.elf.dir/Drivers/STM32F1xx_HAL_Driver/Src/stm32f1xx_hal_tim_ex.c.obj
                0x0000000008004378                HAL_TIMEx_BreakCallback
 .text.USB_CoreInit
                0x000000000800437a        0xe CMakeFiles/blink.elf.dir/Drivers/STM32F1xx_HAL_Driver/Src/stm32f1xx_ll_usb.c.obj
                0x000000000800437a                USB_CoreInit
 .text.USB_EnableGlobalInt
                0x0000000008004388       0x10 CMakeFiles/blink.elf.dir/Drivers/STM32F1xx_HAL_Driver/Src/stm32f1xx_ll_usb.c.obj
                0x0000000008004388                USB_EnableGlobalInt
 .text.USB_DisableGlobalInt
                0x0000000008004398       0x14 CMakeFiles/blink.elf.dir/Drivers/STM32F1xx_HAL_Driver/Src/stm32f1xx_ll_usb.c.obj
                0x0000000008004398                USB_DisableGlobalInt
 .text.USB_SetCurrentMode
                0x00000000080043ac        0x4 CMakeFiles/blink.elf.dir/Drivers/STM32F1xx_HAL_Driver/Src/stm32f1xx_ll_usb.c.obj
                0x00000000080043ac                USB_SetCurrentMode
 .text.USB_DevInit
                0x00000000080043b0       0x34 CMakeFiles/blink.elf.dir/Drivers/STM32F1xx_HAL_Driver/Src/stm32f1xx_ll_usb.c.obj
                0x00000000080043b0                USB_DevInit
 .text.USB_ActivateEndpoint
                0x00000000080043e4      0x2a8 CMakeFiles/blink.elf.dir/Drivers/STM32F1xx_HAL_Driver/Src/stm32f1xx_ll_usb.c.obj
                0x00000000080043e4                USB_ActivateEndpoint
 .text.USB_DeactivateEndpoint
                0x000000000800468c      0x18c CMakeFiles/blink.elf.dir/Drivers/STM32F1xx_HAL_Driver/Src/stm32f1xx_ll_usb.c.obj
                0x000000000800468c                USB_DeactivateEndpoint
 .text.USB_EPSetStall
                0x0000000008004818       0x58 CMakeFiles/blink.elf.dir/Drivers/STM32F1xx_HAL_Driver/Src/stm32f1xx_ll_usb.c.obj
                0x0000000008004818                USB_EPSetStall
 .text.USB_EPClearStall
                0x0000000008004870       0x7c CMakeFiles/blink.elf.dir/Drivers/STM32F1xx_HAL_Driver/Src/stm32f1xx_ll_usb.c.obj
                0x0000000008004870                USB_EPClearStall
 .text.USB_SetDevAddress
                0x00000000080048ec        0xc CMakeFiles/blink.elf.dir/Drivers/STM32F1xx_HAL_Driver/Src/stm32f1xx_ll_usb.c.obj
                0x00000000080048ec                USB_SetDevAddress
 .text.USB_DevConnect
                0x00000000080048f8        0x4 CMakeFiles/blink.elf.dir/Drivers/STM32F1xx_HAL_Driver/Src/stm32f1xx_ll_usb.c.obj
                0x00000000080048f8                USB_DevConnect
 .text.USB_DevDisconnect
                0x00000000080048fc        0x4 CMakeFiles/blink.elf.dir/Drivers/STM32F1xx_HAL_Driver/Src/stm32f1xx_ll_usb.c.obj
                0x00000000080048fc                USB_DevDisconnect
 .text.USB_ReadInterrupts
                0x0000000008004900        0x6 CMakeFiles/blink.elf.dir/Drivers/STM32F1xx_HAL_Driver/Src/stm32f1xx_ll_usb.c.obj
                0x0000000008004900                USB_ReadInterrupts
 .text.USB_EP0_OutStart
                0x0000000008004906        0x4 CMakeFiles/blink.elf.dir/Drivers/STM32F1xx_HAL_Driver/Src/stm32f1xx_ll_usb.c.obj
                0x0000000008004906                USB_EP0_OutStart
 .text.USB_WritePMA
                0x000000000800490a       0x1c CMakeFiles/blink.elf.dir/Drivers/STM32F1xx_HAL_Driver/Src/stm32f1xx_ll_usb.c.obj
                0x000000000800490a                USB_WritePMA
 *fill*         0x0000000008004926        0x2 
 .text.USB_EPStartXfer
                0x0000000008004928      0x198 CMakeFiles/blink.elf.dir/Drivers/STM32F1xx_HAL_Driver/Src/stm32f1xx_ll_usb.c.obj
                0x0000000008004928                USB_EPStartXfer
 .text.USB_ReadPMA
                0x0000000008004ac0       0x22 CMakeFiles/blink.elf.dir/Drivers/STM32F1xx_HAL_Driver/Src/stm32f1xx_ll_usb.c.obj
                0x0000000008004ac0                USB_ReadPMA
 *fill*         0x0000000008004ae2        0x2 
 .text.error    0x0000000008004ae4       0x3c CMakeFiles/blink.elf.dir/UserSrc/Src/lesson5.c.obj
 .text.DisplayOutputTask
                0x0000000008004b20       0xc8 CMakeFiles/blink.elf.dir/UserSrc/Src/lesson5.c.obj
                0x0000000008004b20                DisplayOutputTask
 .text.TemperatureTask
                0x0000000008004be8       0x50 CMakeFiles/blink.elf.dir/UserSrc/Src/lesson5.c.obj
                0x0000000008004be8                TemperatureTask
 .text.SendTelemetryToUsb
                0x0000000008004c38       0x68 CMakeFiles/blink.elf.dir/UserSrc/Src/lesson5.c.obj
                0x0000000008004c38                SendTelemetryToUsb
 .text.dht11_init
                0x0000000008004ca0       0x10 CMakeFiles/blink.elf.dir/UserSrc/Lib/dh11/Src/dht11.c.obj
                0x0000000008004ca0                dht11_init
 .text.dht11_interrupt_handler
                0x0000000008004cb0       0xde CMakeFiles/blink.elf.dir/UserSrc/Lib/dh11/Src/dht11.c.obj
                0x0000000008004cb0                dht11_interrupt_handler
 .text.dht11_read_data
                0x0000000008004d8e       0xe6 CMakeFiles/blink.elf.dir/UserSrc/Lib/dh11/Src/dht11.c.obj
                0x0000000008004d8e                dht11_read_data
 .text.ssd1306_WriteCommand
                0x0000000008004e74       0x28 CMakeFiles/blink.elf.dir/UserSrc/Lib/ssd1306/Src/ssd1306.c.obj
 .text.ssd1306_Fill
                0x0000000008004e9c       0x1c CMakeFiles/blink.elf.dir/UserSrc/Lib/ssd1306/Src/ssd1306.c.obj
                0x0000000008004e9c                ssd1306_Fill
 .text.ssd1306_UpdateScreen
                0x0000000008004eb8       0x4c CMakeFiles/blink.elf.dir/UserSrc/Lib/ssd1306/Src/ssd1306.c.obj
                0x0000000008004eb8                ssd1306_UpdateScreen
 .text.ssd1306_Init
                0x0000000008004f04       0xcc CMakeFiles/blink.elf.dir/UserSrc/Lib/ssd1306/Src/ssd1306.c.obj
                0x0000000008004f04                ssd1306_Init
 .text.ssd1306_DrawPixel
                0x0000000008004fd0       0x40 CMakeFiles/blink.elf.dir/UserSrc/Lib/ssd1306/Src/ssd1306.c.obj
                0x0000000008004fd0                ssd1306_DrawPixel
 .text.ssd1306_WriteChar
                0x0000000008005010       0x9c CMakeFiles/blink.elf.dir/UserSrc/Lib/ssd1306/Src/ssd1306.c.obj
                0x0000000008005010                ssd1306_WriteChar
 .text.ssd1306_WriteString
                0x00000000080050ac       0x2a CMakeFiles/blink.elf.dir/UserSrc/Lib/ssd1306/Src/ssd1306.c.obj
                0x00000000080050ac                ssd1306_WriteString
 *fill*         0x00000000080050d6        0x2 
 .text.ssd1306_SetCursor
                0x00000000080050d8        0xc CMakeFiles/blink.elf.dir/UserSrc/Lib/ssd1306/Src/ssd1306.c.obj
                0x00000000080050d8                ssd1306_SetCursor
 .text._sbrk    0x00000000080050e4       0x1c CMakeFiles/blink.elf.dir/UserSrc/Lib/syscall/Src/syscalls.c.obj
                0x00000000080050e4                _sbrk
 .text.Reset_Handler
                0x0000000008005100       0x48 libCMSIS.a(startup_stm32f103xb.s.obj)
                0x0000000008005100                Reset_Handler
 .text.Default_Handler
                0x0000000008005148        0x2 libCMSIS.a(startup_stm32f103xb.s.obj)
                0x0000000008005148                RTC_Alarm_IRQHandler
                0x0000000008005148                EXTI2_IRQHandler
                0x0000000008005148                TIM1_CC_IRQHandler
                0x0000000008005148                PVD_IRQHandler
                0x0000000008005148                EXTI3_IRQHandler
                0x0000000008005148                EXTI0_IRQHandler
                0x0000000008005148                I2C2_EV_IRQHandler
                0x0000000008005148                ADC1_2_IRQHandler
                0x0000000008005148                SPI1_IRQHandler
                0x0000000008005148                TAMPER_IRQHandler
                0x0000000008005148                DMA1_Channel4_IRQHandler
                0x0000000008005148                USART3_IRQHandler
                0x0000000008005148                RTC_IRQHandler
                0x0000000008005148                DMA1_Channel7_IRQHandler
                0x0000000008005148                CAN1_RX1_IRQHandler
                0x0000000008005148                I2C1_EV_IRQHandler
                0x0000000008005148                DMA1_Channel6_IRQHandler
                0x0000000008005148                RCC_IRQHandler
                0x0000000008005148                TIM1_TRG_COM_IRQHandler
                0x0000000008005148                DMA1_Channel1_IRQHandler
                0x0000000008005148                Default_Handler
                0x0000000008005148                EXTI15_10_IRQHandler
                0x0000000008005148                EXTI9_5_IRQHandler
                0x0000000008005148                SPI2_IRQHandler
                0x0000000008005148                DMA1_Channel5_IRQHandler
                0x0000000008005148                EXTI4_IRQHandler
                0x0000000008005148                USB_HP_CAN1_TX_IRQHandler
                0x0000000008005148                DMA1_Channel3_IRQHandler
                0x0000000008005148                TIM1_UP_IRQHandler
                0x0000000008005148                WWDG_IRQHandler
                0x0000000008005148                TIM2_IRQHandler
                0x0000000008005148                TIM1_BRK_IRQHandler
                0x0000000008005148                EXTI1_IRQHandler
                0x0000000008005148                USART2_IRQHandler
                0x0000000008005148                I2C2_ER_IRQHandler
                0x0000000008005148                DMA1_Channel2_IRQHandler
                0x0000000008005148                CAN1_SCE_IRQHandler
                0x0000000008005148                FLASH_IRQHandler
                0x0000000008005148                USART1_IRQHandler
                0x0000000008005148                I2C1_ER_IRQHandler
                0x0000000008005148                USBWakeUp_IRQHandler
 .text.osKernelStart
                0x000000000800514a        0xa libFREERTOS.a(cmsis_os.c.obj)
                0x000000000800514a                osKernelStart
 .text.osThreadCreate
                0x0000000008005154       0x32 libFREERTOS.a(cmsis_os.c.obj)
                0x0000000008005154                osThreadCreate
 .text.osDelay  0x0000000008005186       0x10 libFREERTOS.a(cmsis_os.c.obj)
                0x0000000008005186                osDelay
 *fill*         0x0000000008005196        0x2 
 .text.osMutexRelease
                0x0000000008005198       0x48 libFREERTOS.a(cmsis_os.c.obj)
                0x0000000008005198                osMutexRelease
 .text.osSemaphoreCreate
                0x00000000080051e0       0x2a libFREERTOS.a(cmsis_os.c.obj)
                0x00000000080051e0                osSemaphoreCreate
 *fill*         0x000000000800520a        0x2 
 .text.osSemaphoreWait
                0x000000000800520c       0x50 libFREERTOS.a(cmsis_os.c.obj)
                0x000000000800520c                osSemaphoreWait
 .text.osSemaphoreRelease
                0x000000000800525c        0x4 libFREERTOS.a(cmsis_os.c.obj)
                0x000000000800525c                osSemaphoreRelease
 .text.osSystickHandler
                0x0000000008005260       0x14 libFREERTOS.a(cmsis_os.c.obj)
                0x0000000008005260                osSystickHandler
 .text.prvTaskExitError
                0x0000000008005274       0x30 libFREERTOS.a(port.c.obj)
 .text.prvPortStartFirstTask
                0x00000000080052a4       0x20 libFREERTOS.a(port.c.obj)
 .text.pxPortInitialiseStack
                0x00000000080052c4       0x24 libFREERTOS.a(port.c.obj)
                0x00000000080052c4                pxPortInitialiseStack
 *fill*         0x00000000080052e8        0x8 
 .text.SVC_Handler
                0x00000000080052f0       0x24 libFREERTOS.a(port.c.obj)
                0x00000000080052f0                SVC_Handler
 .text.vPortEnterCritical
                0x0000000008005314       0x44 libFREERTOS.a(port.c.obj)
                0x0000000008005314                vPortEnterCritical
 .text.vPortExitCritical
                0x0000000008005358       0x28 libFREERTOS.a(port.c.obj)
                0x0000000008005358                vPortExitCritical
 .text.PendSV_Handler
                0x0000000008005380       0x44 libFREERTOS.a(port.c.obj)
                0x0000000008005380                PendSV_Handler
 .text.xPortSysTickHandler
                0x00000000080053c4       0x2c libFREERTOS.a(port.c.obj)
                0x00000000080053c4                xPortSysTickHandler
 .text.vPortSetupTimerInterrupt
                0x00000000080053f0       0x28 libFREERTOS.a(port.c.obj)
                0x00000000080053f0                vPortSetupTimerInterrupt
 .text.xPortStartScheduler
                0x0000000008005418       0x94 libFREERTOS.a(port.c.obj)
                0x0000000008005418                xPortStartScheduler
 .text.vPortValidateInterruptPriority
                0x00000000080054ac       0x5c libFREERTOS.a(port.c.obj)
                0x00000000080054ac                vPortValidateInterruptPriority
 .text.unlikely.prvInsertBlockIntoFreeList
                0x0000000008005508       0x48 libFREERTOS.a(heap_4.c.obj)
 .text.pvPortMalloc
                0x0000000008005550      0x118 libFREERTOS.a(heap_4.c.obj)
                0x0000000008005550                pvPortMalloc
 .text.vPortFree
                0x0000000008005668       0x70 libFREERTOS.a(heap_4.c.obj)
                0x0000000008005668                vPortFree
 .text.prvCopyDataToQueue
                0x00000000080056d8       0x66 libFREERTOS.a(queue.c.obj)
 .text.prvCopyDataFromQueue
                0x000000000800573e       0x28 libFREERTOS.a(queue.c.obj)
 .text.prvUnlockQueue
                0x0000000008005766       0x70 libFREERTOS.a(queue.c.obj)
 *fill*         0x00000000080057d6        0x2 
 .text.xQueueGenericReset
                0x00000000080057d8       0x80 libFREERTOS.a(queue.c.obj)
                0x00000000080057d8                xQueueGenericReset
 .text.xQueueGenericCreate
                0x0000000008005858       0x42 libFREERTOS.a(queue.c.obj)
                0x0000000008005858                xQueueGenericCreate
 .text.xQueueCreateCountingSemaphore
                0x000000000800589a       0x3c libFREERTOS.a(queue.c.obj)
                0x000000000800589a                xQueueCreateCountingSemaphore
 *fill*         0x00000000080058d6        0x2 
 .text.xQueueGenericSend
                0x00000000080058d8      0x164 libFREERTOS.a(queue.c.obj)
                0x00000000080058d8                xQueueGenericSend
 .text.xQueueGiveFromISR
                0x0000000008005a3c       0xa8 libFREERTOS.a(queue.c.obj)
                0x0000000008005a3c                xQueueGiveFromISR
 .text.xQueueGenericReceive
                0x0000000008005ae4      0x180 libFREERTOS.a(queue.c.obj)
                0x0000000008005ae4                xQueueGenericReceive
 .text.xQueueReceiveFromISR
                0x0000000008005c64       0x9e libFREERTOS.a(queue.c.obj)
                0x0000000008005c64                xQueueReceiveFromISR
 .text.prvTaskIsTaskSuspended.part.0
                0x0000000008005d02       0x12 libFREERTOS.a(tasks.c.obj)
 .text.prvResetNextTaskUnblockTime
                0x0000000008005d14       0x24 libFREERTOS.a(tasks.c.obj)
 .text.prvAddCurrentTaskToDelayedList
                0x0000000008005d38       0x8c libFREERTOS.a(tasks.c.obj)
 .text.xTaskCreate
                0x0000000008005dc4      0x1a0 libFREERTOS.a(tasks.c.obj)
                0x0000000008005dc4                xTaskCreate
 .text.vTaskStartScheduler
                0x0000000008005f64       0x78 libFREERTOS.a(tasks.c.obj)
                0x0000000008005f64                vTaskStartScheduler
 .text.vTaskSuspendAll
                0x0000000008005fdc       0x10 libFREERTOS.a(tasks.c.obj)
                0x0000000008005fdc                vTaskSuspendAll
 .text.xTaskGetTickCount
                0x0000000008005fec        0xc libFREERTOS.a(tasks.c.obj)
                0x0000000008005fec                xTaskGetTickCount
 .text.xTaskIncrementTick
                0x0000000008005ff8      0x124 libFREERTOS.a(tasks.c.obj)
                0x0000000008005ff8                xTaskIncrementTick
 .text.xTaskResumeAll
                0x000000000800611c       0xec libFREERTOS.a(tasks.c.obj)
                0x000000000800611c                xTaskResumeAll
 .text.vTaskDelay
                0x0000000008006208       0x48 libFREERTOS.a(tasks.c.obj)
                0x0000000008006208                vTaskDelay
 .text.prvIdleTask
                0x0000000008006250       0x74 libFREERTOS.a(tasks.c.obj)
 .text.vTaskSwitchContext
                0x00000000080062c4       0x74 libFREERTOS.a(tasks.c.obj)
                0x00000000080062c4                vTaskSwitchContext
 .text.vTaskPlaceOnEventList
                0x0000000008006338       0x34 libFREERTOS.a(tasks.c.obj)
                0x0000000008006338                vTaskPlaceOnEventList
 .text.xTaskRemoveFromEventList
                0x000000000800636c       0x84 libFREERTOS.a(tasks.c.obj)
                0x000000000800636c                xTaskRemoveFromEventList
 .text.vTaskSetTimeOutState
                0x00000000080063f0       0x20 libFREERTOS.a(tasks.c.obj)
                0x00000000080063f0                vTaskSetTimeOutState
 .text.xTaskCheckForTimeOut
                0x0000000008006410       0x74 libFREERTOS.a(tasks.c.obj)
                0x0000000008006410                xTaskCheckForTimeOut
 .text.vTaskMissedYield
                0x0000000008006484        0xc libFREERTOS.a(tasks.c.obj)
                0x0000000008006484                vTaskMissedYield
 .text.xTaskGetSchedulerState
                0x0000000008006490       0x20 libFREERTOS.a(tasks.c.obj)
                0x0000000008006490                xTaskGetSchedulerState
 .text.vTaskPriorityInherit
                0x00000000080064b0       0x94 libFREERTOS.a(tasks.c.obj)
                0x00000000080064b0                vTaskPriorityInherit
 .text.xTaskPriorityDisinherit
                0x0000000008006544       0xa0 libFREERTOS.a(tasks.c.obj)
                0x0000000008006544                xTaskPriorityDisinherit
 .text.pvTaskIncrementMutexHeldCount
                0x00000000080065e4       0x18 libFREERTOS.a(tasks.c.obj)
                0x00000000080065e4                pvTaskIncrementMutexHeldCount
 .text.vListInitialise
                0x00000000080065fc       0x16 libFREERTOS.a(list.c.obj)
                0x00000000080065fc                vListInitialise
 .text.vListInitialiseItem
                0x0000000008006612        0x6 libFREERTOS.a(list.c.obj)
                0x0000000008006612                vListInitialiseItem
 .text.vListInsertEnd
                0x0000000008006618       0x18 libFREERTOS.a(list.c.obj)
                0x0000000008006618                vListInsertEnd
 .text.vListInsert
                0x0000000008006630       0x2e libFREERTOS.a(list.c.obj)
                0x0000000008006630                vListInsert
 .text.uxListRemove
                0x000000000800665e       0x20 libFREERTOS.a(list.c.obj)
                0x000000000800665e                uxListRemove
 .text.USBD_CDC_DataIn
                0x000000000800667e       0x12 libUSB.a(usbd_cdc.c.obj)
 .text.USBD_CDC_EP0_RxReady
                0x0000000008006690       0x28 libUSB.a(usbd_cdc.c.obj)
 .text.USBD_CDC_GetFSCfgDesc
                0x00000000080066b8        0xc libUSB.a(usbd_cdc.c.obj)
 .text.USBD_CDC_GetHSCfgDesc
                0x00000000080066c4        0xc libUSB.a(usbd_cdc.c.obj)
 .text.USBD_CDC_GetOtherSpeedCfgDesc
                0x00000000080066d0        0xc libUSB.a(usbd_cdc.c.obj)
 .text.USBD_CDC_GetDeviceQualifierDescriptor
                0x00000000080066dc        0xc libUSB.a(usbd_cdc.c.obj)
                0x00000000080066dc                USBD_CDC_GetDeviceQualifierDescriptor
 .text.USBD_CDC_DataOut
                0x00000000080066e8       0x2e libUSB.a(usbd_cdc.c.obj)
 *fill*         0x0000000008006716        0x2 
 .text.USBD_CDC_Setup
                0x0000000008006718       0x68 libUSB.a(usbd_cdc.c.obj)
 .text.USBD_CDC_DeInit
                0x0000000008006780       0x3a libUSB.a(usbd_cdc.c.obj)
 .text.USBD_CDC_Init
                0x00000000080067ba       0x8c libUSB.a(usbd_cdc.c.obj)
 .text.USBD_CDC_RegisterInterface
                0x0000000008006846        0xe libUSB.a(usbd_cdc.c.obj)
                0x0000000008006846                USBD_CDC_RegisterInterface
 .text.USBD_CDC_SetTxBuffer
                0x0000000008006854       0x10 libUSB.a(usbd_cdc.c.obj)
                0x0000000008006854                USBD_CDC_SetTxBuffer
 .text.USBD_CDC_SetRxBuffer
                0x0000000008006864        0xc libUSB.a(usbd_cdc.c.obj)
                0x0000000008006864                USBD_CDC_SetRxBuffer
 .text.USBD_CDC_TransmitPacket
                0x0000000008006870       0x2e libUSB.a(usbd_cdc.c.obj)
                0x0000000008006870                USBD_CDC_TransmitPacket
 .text.USBD_CDC_ReceivePacket
                0x000000000800689e       0x26 libUSB.a(usbd_cdc.c.obj)
                0x000000000800689e                USBD_CDC_ReceivePacket
 .text.USBD_Init
                0x00000000080068c4       0x2a libUSB.a(usbd_core.c.obj)
                0x00000000080068c4                USBD_Init
 .text.USBD_RegisterClass
                0x00000000080068ee        0xe libUSB.a(usbd_core.c.obj)
                0x00000000080068ee                USBD_RegisterClass
 .text.USBD_Start
                0x00000000080068fc        0xa libUSB.a(usbd_core.c.obj)
                0x00000000080068fc                USBD_Start
 .text.USBD_SetClassConfig
                0x0000000008006906       0x16 libUSB.a(usbd_core.c.obj)
                0x0000000008006906                USBD_SetClassConfig
 .text.USBD_ClrClassConfig
                0x000000000800691c        0xe libUSB.a(usbd_core.c.obj)
                0x000000000800691c                USBD_ClrClassConfig
 .text.USBD_LL_SetupStage
                0x000000000800692a       0x5a libUSB.a(usbd_core.c.obj)
                0x000000000800692a                USBD_LL_SetupStage
 .text.USBD_LL_DataOutStage
                0x0000000008006984       0x64 libUSB.a(usbd_core.c.obj)
                0x0000000008006984                USBD_LL_DataOutStage
 .text.USBD_LL_DataInStage
                0x00000000080069e8       0x9e libUSB.a(usbd_core.c.obj)
                0x00000000080069e8                USBD_LL_DataInStage
 .text.USBD_LL_Reset
                0x0000000008006a86       0x3e libUSB.a(usbd_core.c.obj)
                0x0000000008006a86                USBD_LL_Reset
 .text.USBD_LL_SetSpeed
                0x0000000008006ac4        0x6 libUSB.a(usbd_core.c.obj)
                0x0000000008006ac4                USBD_LL_SetSpeed
 .text.USBD_LL_Suspend
                0x0000000008006aca       0x12 libUSB.a(usbd_core.c.obj)
                0x0000000008006aca                USBD_LL_Suspend
 .text.USBD_LL_Resume
                0x0000000008006adc        0xc libUSB.a(usbd_core.c.obj)
                0x0000000008006adc                USBD_LL_Resume
 .text.USBD_LL_SOF
                0x0000000008006ae8       0x18 libUSB.a(usbd_core.c.obj)
                0x0000000008006ae8                USBD_LL_SOF
 .text.USBD_CtlError.constprop.0
                0x0000000008006b00       0x16 libUSB.a(usbd_ctlreq.c.obj)
 *fill*         0x0000000008006b16        0x2 
 .text.USBD_StdDevReq
                0x0000000008006b18      0x1f4 libUSB.a(usbd_ctlreq.c.obj)
                0x0000000008006b18                USBD_StdDevReq
 .text.USBD_StdItfReq
                0x0000000008006d0c       0x30 libUSB.a(usbd_ctlreq.c.obj)
                0x0000000008006d0c                USBD_StdItfReq
 .text.USBD_StdEPReq
                0x0000000008006d3c       0xbe libUSB.a(usbd_ctlreq.c.obj)
                0x0000000008006d3c                USBD_StdEPReq
 .text.USBD_ParseSetupRequest
                0x0000000008006dfa       0x28 libUSB.a(usbd_ctlreq.c.obj)
                0x0000000008006dfa                USBD_ParseSetupRequest
 .text.USBD_GetString
                0x0000000008006e22       0x38 libUSB.a(usbd_ctlreq.c.obj)
                0x0000000008006e22                USBD_GetString
 .text.USBD_CtlSendData
                0x0000000008006e5a       0x1a libUSB.a(usbd_ioreq.c.obj)
                0x0000000008006e5a                USBD_CtlSendData
 .text.USBD_CtlContinueSendData
                0x0000000008006e74       0x10 libUSB.a(usbd_ioreq.c.obj)
                0x0000000008006e74                USBD_CtlContinueSendData
 .text.USBD_CtlPrepareRx
                0x0000000008006e84       0x1e libUSB.a(usbd_ioreq.c.obj)
                0x0000000008006e84                USBD_CtlPrepareRx
 .text.USBD_CtlContinueRx
                0x0000000008006ea2       0x10 libUSB.a(usbd_ioreq.c.obj)
                0x0000000008006ea2                USBD_CtlContinueRx
 .text.USBD_CtlSendStatus
                0x0000000008006eb2       0x16 libUSB.a(usbd_ioreq.c.obj)
                0x0000000008006eb2                USBD_CtlSendStatus
 .text.USBD_CtlReceiveStatus
                0x0000000008006ec8       0x16 libUSB.a(usbd_ioreq.c.obj)
                0x0000000008006ec8                USBD_CtlReceiveStatus
 *(.glue_7)
 .glue_7        0x0000000008006ede        0x0 linker stubs
 *(.glue_7t)
 .glue_7t       0x0000000008006ede        0x0 linker stubs
 *(.eh_frame)
 *fill*         0x0000000008006ede        0x2 
 .eh_frame      0x0000000008006ee0        0x0 /opt/cross/lib/gcc/arm-none-eabi/7.2.0/thumb/cortex-m3/crtbegin.o
 *(.init)
 .init          0x0000000008006ee0        0x4 /opt/cross/lib/gcc/arm-none-eabi/7.2.0/thumb/cortex-m3/crti.o
                0x0000000008006ee0                _init
 .init          0x0000000008006ee4        0x8 /opt/cross/lib/gcc/arm-none-eabi/7.2.0/thumb/cortex-m3/crtn.o
 *(.fini)
 .fini          0x0000000008006eec        0x4 /opt/cross/lib/gcc/arm-none-eabi/7.2.0/thumb/cortex-m3/crti.o
                0x0000000008006eec                _fini
 .fini          0x0000000008006ef0        0x8 /opt/cross/lib/gcc/arm-none-eabi/7.2.0/thumb/cortex-m3/crtn.o
                0x0000000008006ef8                . = ALIGN (0x4)
                0x0000000008006ef8                _etext = .

.vfp11_veneer   0x0000000008006ef8        0x0
 .vfp11_veneer  0x0000000008006ef8        0x0 linker stubs

.v4_bx          0x0000000008006ef8        0x0
 .v4_bx         0x0000000008006ef8        0x0 linker stubs

.iplt           0x0000000008006ef8        0x0
 .iplt          0x0000000008006ef8        0x0 /opt/cross/lib/gcc/arm-none-eabi/7.2.0/thumb/cortex-m3/crtbegin.o

.rodata         0x0000000008006ef8     0x16a4
                0x0000000008006ef8                . = ALIGN (0x4)
 *(.rodata)
 .rodata        0x0000000008006ef8       0x3c CMakeFiles/blink.elf.dir/Src/main.c.obj
 .rodata        0x0000000008006f34       0x10 CMakeFiles/blink.elf.dir/Drivers/STM32F1xx_HAL_Driver/Src/stm32f1xx_hal_rcc.c.obj
 .rodata        0x0000000008006f44       0x20 /opt/cross/lib/gcc/arm-none-eabi/7.2.0/../../../../arm-none-eabi/lib/thumb/cortex-m3/libg.a(lib_a-svfprintf.o)
 .rodata        0x0000000008006f64       0x20 /opt/cross/lib/gcc/arm-none-eabi/7.2.0/../../../../arm-none-eabi/lib/thumb/cortex-m3/libg.a(lib_a-svfiprintf.o)
 *(.rodata*)
 .rodata.str1.1
                0x0000000008006f84       0x34 CMakeFiles/blink.elf.dir/Src/main.c.obj
 .rodata.AHBPrescTable
                0x0000000008006fb8       0x10 CMakeFiles/blink.elf.dir/Src/system_stm32f1xx.c.obj
                0x0000000008006fb8                AHBPrescTable
 .rodata.APBPrescTable
                0x0000000008006fc8        0x8 CMakeFiles/blink.elf.dir/Src/system_stm32f1xx.c.obj
                0x0000000008006fc8                APBPrescTable
 .rodata.CSWTCH.17
                0x0000000008006fd0        0x4 CMakeFiles/blink.elf.dir/Src/usbd_conf.c.obj
 .rodata.USBD_LL_Init.str1.1
                0x0000000008006fd4       0x39 CMakeFiles/blink.elf.dir/Src/usbd_conf.c.obj
 .rodata.USBD_FS_ConfigStrDescriptor.str1.1
                0x000000000800700d        0xb CMakeFiles/blink.elf.dir/Src/usbd_desc.c.obj
 .rodata.USBD_FS_InterfaceStrDescriptor.str1.1
                0x0000000008007018        0xe CMakeFiles/blink.elf.dir/Src/usbd_desc.c.obj
 .rodata.USBD_FS_ManufacturerStrDescriptor.str1.1
                0x0000000008007026       0x13 CMakeFiles/blink.elf.dir/Src/usbd_desc.c.obj
 .rodata.USBD_FS_ProductStrDescriptor.str1.1
                0x0000000008007039       0x16 CMakeFiles/blink.elf.dir/Src/usbd_desc.c.obj
 .rodata.USBD_FS_SerialStrDescriptor.str1.1
                0x000000000800704f        0xd CMakeFiles/blink.elf.dir/Src/usbd_desc.c.obj
 .rodata.DisplayOutputTask.str1.1
                0x000000000800705c       0x1f CMakeFiles/blink.elf.dir/UserSrc/Src/lesson5.c.obj
 .rodata.SendTelemetryToUsb.str1.1
                0x000000000800707b       0x15 CMakeFiles/blink.elf.dir/UserSrc/Src/lesson5.c.obj
 .rodata.error.str1.1
                0x0000000008007090        0xb CMakeFiles/blink.elf.dir/UserSrc/Src/lesson5.c.obj
 *fill*         0x000000000800709b        0x1 
 .rodata.Font11x18
                0x000000000800709c      0xd5c CMakeFiles/blink.elf.dir/UserSrc/Lib/ssd1306/Src/fonts.c.obj
 .rodata.Font7x10
                0x0000000008007df8      0x76c CMakeFiles/blink.elf.dir/UserSrc/Lib/ssd1306/Src/fonts.c.obj
 .rodata.vTaskStartScheduler.str1.1
                0x0000000008008564        0x5 libFREERTOS.a(tasks.c.obj)
 *fill*         0x0000000008008569        0x3 
 .rodata.str1.4
                0x000000000800856c       0x30 /opt/cross/lib/gcc/arm-none-eabi/7.2.0/../../../../arm-none-eabi/lib/thumb/cortex-m3/libg.a(lib_a-svfprintf.o)
                                         0x2f (size before relaxing)
 .rodata.str1.4
                0x000000000800859c       0x2f /opt/cross/lib/gcc/arm-none-eabi/7.2.0/../../../../arm-none-eabi/lib/thumb/cortex-m3/libg.a(lib_a-svfiprintf.o)
                0x00000000080085cc                . = ALIGN (0x4)

.rel.dyn        0x000000000800859c        0x0
 .rel.iplt      0x000000000800859c        0x0 /opt/cross/lib/gcc/arm-none-eabi/7.2.0/thumb/cortex-m3/crtbegin.o

.ARM.extab
 *(.ARM.extab* .gnu.linkonce.armextab.*)

.ARM            0x000000000800859c        0x0
                0x000000000800859c                __exidx_start = .
 *(.ARM.exidx*)
                0x000000000800859c                __exidx_end = .

.preinit_array  0x000000000800859c        0x0
                0x000000000800859c                PROVIDE (__preinit_array_start, .)
 *(.preinit_array*)
                0x000000000800859c                PROVIDE (__preinit_array_end, .)

.init_array     0x000000000800859c        0x4
                0x000000000800859c                PROVIDE (__init_array_start, .)
 *(SORT(.init_array.*))
 *(.init_array*)
 .init_array    0x000000000800859c        0x4 /opt/cross/lib/gcc/arm-none-eabi/7.2.0/thumb/cortex-m3/crtbegin.o
                0x00000000080085a0                PROVIDE (__init_array_end, .)

.fini_array     0x00000000080085a0        0x4
                0x00000000080085a0                PROVIDE (__fini_array_start, .)
 *(SORT(.fini_array.*))
 *(.fini_array*)
 .fini_array    0x00000000080085a0        0x4 /opt/cross/lib/gcc/arm-none-eabi/7.2.0/thumb/cortex-m3/crtbegin.o
                0x00000000080085a4                PROVIDE (__fini_array_end, .)
                0x00000000080085a4                _sidata = LOADADDR (.data)

.data           0x0000000020000000      0x9b4 load address 0x00000000080085a4
                0x0000000020000000                . = ALIGN (0x4)
                0x0000000020000000                _sdata = .
 *(.data)
 .data          0x0000000020000000      0x430 /opt/cross/lib/gcc/arm-none-eabi/7.2.0/../../../../arm-none-eabi/lib/thumb/cortex-m3/libg.a(lib_a-impure.o)
                0x0000000020000000                _impure_ptr
 .data          0x0000000020000430      0x410 /opt/cross/lib/gcc/arm-none-eabi/7.2.0/../../../../arm-none-eabi/lib/thumb/cortex-m3/libg.a(lib_a-mallocr.o)
                0x0000000020000430                __malloc_av_
                0x0000000020000838                __malloc_sbrk_base
                0x000000002000083c                __malloc_trim_threshold
 *(.data*)
 .data.SystemCoreClock
                0x0000000020000840        0x4 CMakeFiles/blink.elf.dir/Src/system_stm32f1xx.c.obj
                0x0000000020000840                SystemCoreClock
 .data.LineCoding
                0x0000000020000844        0x8 CMakeFiles/blink.elf.dir/Src/usbd_cdc_if.c.obj
                0x0000000020000844                LineCoding
 .data.USBD_Interface_fops_FS
                0x000000002000084c       0x10 CMakeFiles/blink.elf.dir/Src/usbd_cdc_if.c.obj
                0x000000002000084c                USBD_Interface_fops_FS
 .data.FS_Desc  0x000000002000085c       0x1c CMakeFiles/blink.elf.dir/Src/usbd_desc.c.obj
                0x000000002000085c                FS_Desc
 .data.USBD_FS_DeviceDesc
                0x0000000020000878       0x12 CMakeFiles/blink.elf.dir/Src/usbd_desc.c.obj
                0x0000000020000878                USBD_FS_DeviceDesc
 *fill*         0x000000002000088a        0x2 
 .data.USBD_LangIDDesc
                0x000000002000088c        0x4 CMakeFiles/blink.elf.dir/Src/usbd_desc.c.obj
                0x000000002000088c                USBD_LangIDDesc
 .data.Font_11x18
                0x0000000020000890        0x8 CMakeFiles/blink.elf.dir/UserSrc/Lib/ssd1306/Src/fonts.c.obj
                0x0000000020000890                Font_11x18
 .data.Font_7x10
                0x0000000020000898        0x8 CMakeFiles/blink.elf.dir/UserSrc/Lib/ssd1306/Src/fonts.c.obj
                0x0000000020000898                Font_7x10
 .data.uxCriticalNesting
                0x00000000200008a0        0x4 libFREERTOS.a(port.c.obj)
 .data.USBD_CDC
                0x00000000200008a4       0x38 libUSB.a(usbd_cdc.c.obj)
                0x00000000200008a4                USBD_CDC
 .data.USBD_CDC_CfgFSDesc
                0x00000000200008dc       0x43 libUSB.a(usbd_cdc.c.obj)
                0x00000000200008dc                USBD_CDC_CfgFSDesc
 *fill*         0x000000002000091f        0x1 
 .data.USBD_CDC_CfgHSDesc
                0x0000000020000920       0x43 libUSB.a(usbd_cdc.c.obj)
                0x0000000020000920                USBD_CDC_CfgHSDesc
 *fill*         0x0000000020000963        0x1 
 .data.USBD_CDC_DeviceQualifierDesc
                0x0000000020000964        0xa libUSB.a(usbd_cdc.c.obj)
 *fill*         0x000000002000096e        0x2 
 .data.USBD_CDC_OtherSpeedCfgDesc
                0x0000000020000970       0x43 libUSB.a(usbd_cdc.c.obj)
                0x0000000020000970                USBD_CDC_OtherSpeedCfgDesc
                0x00000000200009b4                . = ALIGN (0x4)
 *fill*         0x00000000200009b3        0x1 
                0x00000000200009b4                _edata = .

.tm_clone_table
                0x00000000200009b4        0x0 load address 0x0000000008008f58
 .tm_clone_table
                0x00000000200009b4        0x0 /opt/cross/lib/gcc/arm-none-eabi/7.2.0/thumb/cortex-m3/crtbegin.o
 .tm_clone_table
                0x00000000200009b4        0x0 /opt/cross/lib/gcc/arm-none-eabi/7.2.0/thumb/cortex-m3/crtend.o

.igot.plt       0x00000000200009b4        0x0 load address 0x0000000008008f58
 .igot.plt      0x00000000200009b4        0x0 /opt/cross/lib/gcc/arm-none-eabi/7.2.0/thumb/cortex-m3/crtbegin.o
                0x00000000200009b4                . = ALIGN (0x4)

.bss            0x00000000200009b4     0x3970 load address 0x0000000008008f58
                0x00000000200009b4                _sbss = .
                0x00000000200009b4                __bss_start__ = _sbss
 *(.bss)
 .bss           0x00000000200009b4       0x1c /opt/cross/lib/gcc/arm-none-eabi/7.2.0/thumb/cortex-m3/crtbegin.o
 .bss           0x00000000200009d0       0x34 /opt/cross/lib/gcc/arm-none-eabi/7.2.0/../../../../arm-none-eabi/lib/thumb/cortex-m3/libg.a(lib_a-mallocr.o)
                0x00000000200009d0                __malloc_top_pad
                0x00000000200009d4                __malloc_current_mallinfo
                0x00000000200009fc                __malloc_max_sbrked_mem
                0x0000000020000a00                __malloc_max_total_mem
 *(.bss*)
 .bss.displayOutputTask
                0x0000000020000a04        0x4 CMakeFiles/blink.elf.dir/Src/main.c.obj
                0x0000000020000a04                displayOutputTask
 .bss.hi2c1     0x0000000020000a08       0x54 CMakeFiles/blink.elf.dir/Src/main.c.obj
                0x0000000020000a08                hi2c1
 .bss.htim3     0x0000000020000a5c       0x40 CMakeFiles/blink.elf.dir/Src/main.c.obj
                0x0000000020000a5c                htim3
 .bss.sendTelemetryToUsb
                0x0000000020000a9c        0x4 CMakeFiles/blink.elf.dir/Src/main.c.obj
                0x0000000020000a9c                sendTelemetryToUsb
 .bss.sendTelemetryToUsbSemaphoreHandle
                0x0000000020000aa0        0x4 CMakeFiles/blink.elf.dir/Src/main.c.obj
                0x0000000020000aa0                sendTelemetryToUsbSemaphoreHandle
 .bss.tempratureTask
                0x0000000020000aa4        0x4 CMakeFiles/blink.elf.dir/Src/main.c.obj
                0x0000000020000aa4                tempratureTask
 .bss.htim4     0x0000000020000aa8       0x40 CMakeFiles/blink.elf.dir/Src/stm32f1xx_hal_timebase_TIM.c.obj
                0x0000000020000aa8                htim4
 .bss.hUsbDeviceFS
                0x0000000020000ae8      0x224 CMakeFiles/blink.elf.dir/Src/usb_device.c.obj
                0x0000000020000ae8                hUsbDeviceFS
 .bss.UserRxBufferFS
                0x0000000020000d0c      0x800 CMakeFiles/blink.elf.dir/Src/usbd_cdc_if.c.obj
                0x0000000020000d0c                UserRxBufferFS
 .bss.UserTxBufferFS
                0x000000002000150c      0x800 CMakeFiles/blink.elf.dir/Src/usbd_cdc_if.c.obj
                0x000000002000150c                UserTxBufferFS
 .bss.hpcd_USB_FS
                0x0000000020001d0c      0x460 CMakeFiles/blink.elf.dir/Src/usbd_conf.c.obj
                0x0000000020001d0c                hpcd_USB_FS
 .bss.mem.8295  0x000000002000216c      0x220 CMakeFiles/blink.elf.dir/Src/usbd_conf.c.obj
 .bss.USBD_StrDesc
                0x000000002000238c      0x200 CMakeFiles/blink.elf.dir/Src/usbd_desc.c.obj
                0x000000002000238c                USBD_StrDesc
 .bss.uwTick    0x000000002000258c        0x4 CMakeFiles/blink.elf.dir/Drivers/STM32F1xx_HAL_Driver/Src/stm32f1xx_hal.c.obj
                0x000000002000258c                uwTick
 .bss.dht       0x0000000020002590       0x28 CMakeFiles/blink.elf.dir/UserSrc/Src/lesson5.c.obj
                0x0000000020002590                dht
 .bss.messageFromUsbComPort
                0x00000000200025b8        0xb CMakeFiles/blink.elf.dir/UserSrc/Src/lesson5.c.obj
                0x00000000200025b8                messageFromUsbComPort
 *fill*         0x00000000200025c3        0x1 
 .bss.SSD1306   0x00000000200025c4        0x6 CMakeFiles/blink.elf.dir/UserSrc/Lib/ssd1306/Src/ssd1306.c.obj
 .bss.SSD1306_Buffer
                0x00000000200025ca      0x400 CMakeFiles/blink.elf.dir/UserSrc/Lib/ssd1306/Src/ssd1306.c.obj
 *fill*         0x00000000200029ca        0x2 
 .bss.heap.5237
                0x00000000200029cc        0x4 CMakeFiles/blink.elf.dir/UserSrc/Lib/syscall/Src/syscalls.c.obj
 .bss.ucMaxSysCallPriority
                0x00000000200029d0        0x1 libFREERTOS.a(port.c.obj)
 *fill*         0x00000000200029d1        0x3 
 .bss.ulMaxPRIGROUPValue
                0x00000000200029d4        0x4 libFREERTOS.a(port.c.obj)
 .bss.pxEnd     0x00000000200029d8        0x4 libFREERTOS.a(heap_4.c.obj)
 .bss.ucHeap    0x00000000200029dc     0x1800 libFREERTOS.a(heap_4.c.obj)
 .bss.xBlockAllocatedBit
                0x00000000200041dc        0x4 libFREERTOS.a(heap_4.c.obj)
 .bss.xFreeBytesRemaining
                0x00000000200041e0        0x4 libFREERTOS.a(heap_4.c.obj)
 .bss.xMinimumEverFreeBytesRemaining
                0x00000000200041e4        0x4 libFREERTOS.a(heap_4.c.obj)
 .bss.xStart    0x00000000200041e8        0x8 libFREERTOS.a(heap_4.c.obj)
 .bss.pxCurrentTCB
                0x00000000200041f0        0x4 libFREERTOS.a(tasks.c.obj)
                0x00000000200041f0                pxCurrentTCB
 .bss.pxDelayedTaskList
                0x00000000200041f4        0x4 libFREERTOS.a(tasks.c.obj)
 .bss.pxOverflowDelayedTaskList
                0x00000000200041f8        0x4 libFREERTOS.a(tasks.c.obj)
 .bss.pxReadyTasksLists
                0x00000000200041fc       0x8c libFREERTOS.a(tasks.c.obj)
 .bss.uxCurrentNumberOfTasks
                0x0000000020004288        0x4 libFREERTOS.a(tasks.c.obj)
 .bss.uxDeletedTasksWaitingCleanUp
                0x000000002000428c        0x4 libFREERTOS.a(tasks.c.obj)
 .bss.uxPendedTicks
                0x0000000020004290        0x4 libFREERTOS.a(tasks.c.obj)
 .bss.uxSchedulerSuspended
                0x0000000020004294        0x4 libFREERTOS.a(tasks.c.obj)
 .bss.uxTaskNumber
                0x0000000020004298        0x4 libFREERTOS.a(tasks.c.obj)
 .bss.uxTopReadyPriority
                0x000000002000429c        0x4 libFREERTOS.a(tasks.c.obj)
 .bss.xDelayedTaskList1
                0x00000000200042a0       0x14 libFREERTOS.a(tasks.c.obj)
 .bss.xDelayedTaskList2
                0x00000000200042b4       0x14 libFREERTOS.a(tasks.c.obj)
 .bss.xIdleTaskHandle
                0x00000000200042c8        0x4 libFREERTOS.a(tasks.c.obj)
 .bss.xNextTaskUnblockTime
                0x00000000200042cc        0x4 libFREERTOS.a(tasks.c.obj)
 .bss.xNumOfOverflows
                0x00000000200042d0        0x4 libFREERTOS.a(tasks.c.obj)
 .bss.xPendingReadyList
                0x00000000200042d4       0x14 libFREERTOS.a(tasks.c.obj)
 .bss.xSchedulerRunning
                0x00000000200042e8        0x4 libFREERTOS.a(tasks.c.obj)
 .bss.xSuspendedTaskList
                0x00000000200042ec       0x14 libFREERTOS.a(tasks.c.obj)
 .bss.xTasksWaitingTermination
                0x0000000020004300       0x14 libFREERTOS.a(tasks.c.obj)
 .bss.xTickCount
                0x0000000020004314        0x4 libFREERTOS.a(tasks.c.obj)
 .bss.xYieldPending
                0x0000000020004318        0x4 libFREERTOS.a(tasks.c.obj)
 .bss.ifalt.8136
                0x000000002000431c        0x1 libUSB.a(usbd_cdc.c.obj)
 .bss.cfgidx.8141
                0x000000002000431d        0x1 libUSB.a(usbd_ctlreq.c.obj)
 *(COMMON)
 *fill*         0x000000002000431e        0x2 
 COMMON         0x0000000020004320        0x4 /opt/cross/lib/gcc/arm-none-eabi/7.2.0/../../../../arm-none-eabi/lib/thumb/cortex-m3/libg.a(lib_a-reent.o)
                0x0000000020004320                errno
                0x0000000020004324                . = ALIGN (0x4)
                0x0000000020004324                _ebss = .
                0x0000000020004324                __bss_end__ = _ebss

._user_heap_stack
                0x0000000020004324      0x604 load address 0x0000000008008f58
                0x0000000020004328                . = ALIGN (0x8)
 *fill*         0x0000000020004324        0x4 
                [!provide]                        PROVIDE (end, .)
                0x0000000020004328                PROVIDE (_end, .)
                0x0000000020004528                . = (. + _Min_Heap_Size)
 *fill*         0x0000000020004328      0x200 
                0x0000000020004928                . = (. + _Min_Stack_Size)
 *fill*         0x0000000020004528      0x400 
                0x0000000020004928                . = ALIGN (0x8)

/DISCARD/
 libc.a(*)
 libm.a(*)
 libgcc.a(*)

.ARM.attributes
                0x0000000000000000       0x2f
 *(.ARM.attributes)
 .ARM.attributes
                0x0000000000000000       0x23 /opt/cross/lib/gcc/arm-none-eabi/7.2.0/thumb/cortex-m3/crti.o
 .ARM.attributes
                0x0000000000000023       0x33 /opt/cross/lib/gcc/arm-none-eabi/7.2.0/thumb/cortex-m3/crtbegin.o
 .ARM.attributes
                0x0000000000000056       0x33 CMakeFiles/blink.elf.dir/Src/main.c.obj
 .ARM.attributes
                0x0000000000000089       0x33 CMakeFiles/blink.elf.dir/Src/stm32f1xx_hal_msp.c.obj
 .ARM.attributes
                0x00000000000000bc       0x33 CMakeFiles/blink.elf.dir/Src/stm32f1xx_hal_timebase_TIM.c.obj
 .ARM.attributes
                0x00000000000000ef       0x33 CMakeFiles/blink.elf.dir/Src/stm32f1xx_it.c.obj
 .ARM.attributes
                0x0000000000000122       0x33 CMakeFiles/blink.elf.dir/Src/system_stm32f1xx.c.obj
 .ARM.attributes
                0x0000000000000155       0x33 CMakeFiles/blink.elf.dir/Src/usb_device.c.obj
 .ARM.attributes
                0x0000000000000188       0x33 CMakeFiles/blink.elf.dir/Src/usbd_cdc_if.c.obj
 .ARM.attributes
                0x00000000000001bb       0x33 CMakeFiles/blink.elf.dir/Src/usbd_conf.c.obj
 .ARM.attributes
                0x00000000000001ee       0x33 CMakeFiles/blink.elf.dir/Src/usbd_desc.c.obj
 .ARM.attributes
                0x0000000000000221       0x33 CMakeFiles/blink.elf.dir/Drivers/STM32F1xx_HAL_Driver/Src/stm32f1xx_hal.c.obj
 .ARM.attributes
                0x0000000000000254       0x33 CMakeFiles/blink.elf.dir/Drivers/STM32F1xx_HAL_Driver/Src/stm32f1xx_hal_cortex.c.obj
 .ARM.attributes
                0x0000000000000287       0x33 CMakeFiles/blink.elf.dir/Drivers/STM32F1xx_HAL_Driver/Src/stm32f1xx_hal_gpio.c.obj
 .ARM.attributes
                0x00000000000002ba       0x33 CMakeFiles/blink.elf.dir/Drivers/STM32F1xx_HAL_Driver/Src/stm32f1xx_hal_i2c.c.obj
 .ARM.attributes
                0x00000000000002ed       0x33 CMakeFiles/blink.elf.dir/Drivers/STM32F1xx_HAL_Driver/Src/stm32f1xx_hal_pcd.c.obj
 .ARM.attributes
                0x0000000000000320       0x33 CMakeFiles/blink.elf.dir/Drivers/STM32F1xx_HAL_Driver/Src/stm32f1xx_hal_pcd_ex.c.obj
 .ARM.attributes
                0x0000000000000353       0x33 CMakeFiles/blink.elf.dir/Drivers/STM32F1xx_HAL_Driver/Src/stm32f1xx_hal_rcc.c.obj
 .ARM.attributes
                0x0000000000000386       0x33 CMakeFiles/blink.elf.dir/Drivers/STM32F1xx_HAL_Driver/Src/stm32f1xx_hal_rcc_ex.c.obj
 .ARM.attributes
                0x00000000000003b9       0x33 CMakeFiles/blink.elf.dir/Drivers/STM32F1xx_HAL_Driver/Src/stm32f1xx_hal_tim.c.obj
 .ARM.attributes
                0x00000000000003ec       0x33 CMakeFiles/blink.elf.dir/Drivers/STM32F1xx_HAL_Driver/Src/stm32f1xx_hal_tim_ex.c.obj
 .ARM.attributes
                0x000000000000041f       0x33 CMakeFiles/blink.elf.dir/Drivers/STM32F1xx_HAL_Driver/Src/stm32f1xx_ll_usb.c.obj
 .ARM.attributes
                0x0000000000000452       0x33 CMakeFiles/blink.elf.dir/UserSrc/Src/lesson5.c.obj
 .ARM.attributes
                0x0000000000000485       0x33 CMakeFiles/blink.elf.dir/UserSrc/Lib/dh11/Src/dht11.c.obj
 .ARM.attributes
                0x00000000000004b8       0x33 CMakeFiles/blink.elf.dir/UserSrc/Lib/ssd1306/Src/fonts.c.obj
 .ARM.attributes
                0x00000000000004eb       0x33 CMakeFiles/blink.elf.dir/UserSrc/Lib/ssd1306/Src/ssd1306.c.obj
 .ARM.attributes
                0x000000000000051e       0x33 CMakeFiles/blink.elf.dir/UserSrc/Lib/syscall/Src/syscalls.c.obj
 .ARM.attributes
                0x0000000000000551       0x21 libCMSIS.a(startup_stm32f103xb.s.obj)
 .ARM.attributes
                0x0000000000000572       0x33 libFREERTOS.a(cmsis_os.c.obj)
 .ARM.attributes
                0x00000000000005a5       0x33 libFREERTOS.a(port.c.obj)
 .ARM.attributes
                0x00000000000005d8       0x33 libFREERTOS.a(heap_4.c.obj)
 .ARM.attributes
                0x000000000000060b       0x33 libFREERTOS.a(queue.c.obj)
 .ARM.attributes
                0x000000000000063e       0x33 libFREERTOS.a(tasks.c.obj)
 .ARM.attributes
                0x0000000000000671       0x33 libFREERTOS.a(list.c.obj)
 .ARM.attributes
                0x00000000000006a4       0x33 libUSB.a(usbd_cdc.c.obj)
 .ARM.attributes
                0x00000000000006d7       0x33 libUSB.a(usbd_core.c.obj)
 .ARM.attributes
                0x000000000000070a       0x33 libUSB.a(usbd_ctlreq.c.obj)
 .ARM.attributes
                0x000000000000073d       0x33 libUSB.a(usbd_ioreq.c.obj)
 .ARM.attributes
                0x0000000000000770       0x33 /opt/cross/lib/gcc/arm-none-eabi/7.2.0/../../../../arm-none-eabi/lib/thumb/cortex-m3/libg.a(lib_a-impure.o)
 .ARM.attributes
                0x00000000000007a3       0x33 /opt/cross/lib/gcc/arm-none-eabi/7.2.0/../../../../arm-none-eabi/lib/thumb/cortex-m3/libg.a(lib_a-init.o)
 .ARM.attributes
                0x00000000000007d6       0x21 /opt/cross/lib/gcc/arm-none-eabi/7.2.0/../../../../arm-none-eabi/lib/thumb/cortex-m3/libg.a(lib_a-memcpy.o)
 .ARM.attributes
                0x00000000000007f7       0x33 /opt/cross/lib/gcc/arm-none-eabi/7.2.0/../../../../arm-none-eabi/lib/thumb/cortex-m3/libg.a(lib_a-snprintf.o)
 .ARM.attributes
                0x000000000000082a       0x33 /opt/cross/lib/gcc/arm-none-eabi/7.2.0/../../../../arm-none-eabi/lib/thumb/cortex-m3/libg.a(lib_a-sprintf.o)
 .ARM.attributes
                0x000000000000085d       0x33 /opt/cross/lib/gcc/arm-none-eabi/7.2.0/../../../../arm-none-eabi/lib/thumb/cortex-m3/libg.a(lib_a-strncpy.o)
 .ARM.attributes
                0x0000000000000890       0x33 /opt/cross/lib/gcc/arm-none-eabi/7.2.0/../../../../arm-none-eabi/lib/thumb/cortex-m3/libg.a(lib_a-svfprintf.o)
 .ARM.attributes
                0x00000000000008c3       0x33 /opt/cross/lib/gcc/arm-none-eabi/7.2.0/../../../../arm-none-eabi/lib/thumb/cortex-m3/libg.a(lib_a-mallocr.o)
 .ARM.attributes
                0x00000000000008f6       0x33 /opt/cross/lib/gcc/arm-none-eabi/7.2.0/../../../../arm-none-eabi/lib/thumb/cortex-m3/libg.a(lib_a-memchr-stub.o)
 .ARM.attributes
                0x0000000000000929       0x33 /opt/cross/lib/gcc/arm-none-eabi/7.2.0/../../../../arm-none-eabi/lib/thumb/cortex-m3/libg.a(lib_a-mlock.o)
 .ARM.attributes
                0x000000000000095c       0x33 /opt/cross/lib/gcc/arm-none-eabi/7.2.0/../../../../arm-none-eabi/lib/thumb/cortex-m3/libg.a(lib_a-sbrkr.o)
 .ARM.attributes
                0x000000000000098f       0x33 /opt/cross/lib/gcc/arm-none-eabi/7.2.0/../../../../arm-none-eabi/lib/thumb/cortex-m3/libg.a(lib_a-strlen-stub.o)
 .ARM.attributes
                0x00000000000009c2       0x33 /opt/cross/lib/gcc/arm-none-eabi/7.2.0/../../../../arm-none-eabi/lib/thumb/cortex-m3/libg.a(lib_a-svfiprintf.o)
 .ARM.attributes
                0x00000000000009f5       0x33 /opt/cross/lib/gcc/arm-none-eabi/7.2.0/../../../../arm-none-eabi/lib/thumb/cortex-m3/libg.a(lib_a-freer.o)
 .ARM.attributes
                0x0000000000000a28       0x33 /opt/cross/lib/gcc/arm-none-eabi/7.2.0/../../../../arm-none-eabi/lib/thumb/cortex-m3/libg.a(lib_a-memmove.o)
 .ARM.attributes
                0x0000000000000a5b       0x33 /opt/cross/lib/gcc/arm-none-eabi/7.2.0/../../../../arm-none-eabi/lib/thumb/cortex-m3/libg.a(lib_a-reallocr.o)
 .ARM.attributes
                0x0000000000000a8e       0x33 /opt/cross/lib/gcc/arm-none-eabi/7.2.0/../../../../arm-none-eabi/lib/thumb/cortex-m3/libg.a(lib_a-reent.o)
 .ARM.attributes
                0x0000000000000ac1       0x33 /opt/cross/lib/gcc/arm-none-eabi/7.2.0/thumb/cortex-m3/crtend.o
 .ARM.attributes
                0x0000000000000af4       0x23 /opt/cross/lib/gcc/arm-none-eabi/7.2.0/thumb/cortex-m3/crtn.o
OUTPUT(blink.elf elf32-littlearm)

.comment        0x0000000000000000       0x11
 .comment       0x0000000000000000       0x11 /opt/cross/lib/gcc/arm-none-eabi/7.2.0/thumb/cortex-m3/crtbegin.o
                                         0x12 (size before relaxing)
 .comment       0x0000000000000011       0x12 CMakeFiles/blink.elf.dir/Src/main.c.obj
 .comment       0x0000000000000011       0x12 CMakeFiles/blink.elf.dir/Src/stm32f1xx_hal_msp.c.obj
 .comment       0x0000000000000011       0x12 CMakeFiles/blink.elf.dir/Src/stm32f1xx_hal_timebase_TIM.c.obj
 .comment       0x0000000000000011       0x12 CMakeFiles/blink.elf.dir/Src/stm32f1xx_it.c.obj
 .comment       0x0000000000000011       0x12 CMakeFiles/blink.elf.dir/Src/system_stm32f1xx.c.obj
 .comment       0x0000000000000011       0x12 CMakeFiles/blink.elf.dir/Src/usb_device.c.obj
 .comment       0x0000000000000011       0x12 CMakeFiles/blink.elf.dir/Src/usbd_cdc_if.c.obj
 .comment       0x0000000000000011       0x12 CMakeFiles/blink.elf.dir/Src/usbd_conf.c.obj
 .comment       0x0000000000000011       0x12 CMakeFiles/blink.elf.dir/Src/usbd_desc.c.obj
 .comment       0x0000000000000011       0x12 CMakeFiles/blink.elf.dir/Drivers/STM32F1xx_HAL_Driver/Src/stm32f1xx_hal.c.obj
 .comment       0x0000000000000011       0x12 CMakeFiles/blink.elf.dir/Drivers/STM32F1xx_HAL_Driver/Src/stm32f1xx_hal_cortex.c.obj
 .comment       0x0000000000000011       0x12 CMakeFiles/blink.elf.dir/Drivers/STM32F1xx_HAL_Driver/Src/stm32f1xx_hal_gpio.c.obj
 .comment       0x0000000000000011       0x12 CMakeFiles/blink.elf.dir/Drivers/STM32F1xx_HAL_Driver/Src/stm32f1xx_hal_i2c.c.obj
 .comment       0x0000000000000011       0x12 CMakeFiles/blink.elf.dir/Drivers/STM32F1xx_HAL_Driver/Src/stm32f1xx_hal_pcd.c.obj
 .comment       0x0000000000000011       0x12 CMakeFiles/blink.elf.dir/Drivers/STM32F1xx_HAL_Driver/Src/stm32f1xx_hal_pcd_ex.c.obj
 .comment       0x0000000000000011       0x12 CMakeFiles/blink.elf.dir/Drivers/STM32F1xx_HAL_Driver/Src/stm32f1xx_hal_rcc.c.obj
 .comment       0x0000000000000011       0x12 CMakeFiles/blink.elf.dir/Drivers/STM32F1xx_HAL_Driver/Src/stm32f1xx_hal_rcc_ex.c.obj
 .comment       0x0000000000000011       0x12 CMakeFiles/blink.elf.dir/Drivers/STM32F1xx_HAL_Driver/Src/stm32f1xx_hal_tim.c.obj
 .comment       0x0000000000000011       0x12 CMakeFiles/blink.elf.dir/Drivers/STM32F1xx_HAL_Driver/Src/stm32f1xx_hal_tim_ex.c.obj
 .comment       0x0000000000000011       0x12 CMakeFiles/blink.elf.dir/Drivers/STM32F1xx_HAL_Driver/Src/stm32f1xx_ll_usb.c.obj
 .comment       0x0000000000000011       0x12 CMakeFiles/blink.elf.dir/UserSrc/Src/lesson5.c.obj
 .comment       0x0000000000000011       0x12 CMakeFiles/blink.elf.dir/UserSrc/Lib/dh11/Src/dht11.c.obj
 .comment       0x0000000000000011       0x12 CMakeFiles/blink.elf.dir/UserSrc/Lib/ssd1306/Src/fonts.c.obj
 .comment       0x0000000000000011       0x12 CMakeFiles/blink.elf.dir/UserSrc/Lib/ssd1306/Src/ssd1306.c.obj
 .comment       0x0000000000000011       0x12 CMakeFiles/blink.elf.dir/UserSrc/Lib/syscall/Src/syscalls.c.obj
 .comment       0x0000000000000011       0x12 libFREERTOS.a(cmsis_os.c.obj)
 .comment       0x0000000000000011       0x12 libFREERTOS.a(port.c.obj)
 .comment       0x0000000000000011       0x12 libFREERTOS.a(heap_4.c.obj)
 .comment       0x0000000000000011       0x12 libFREERTOS.a(queue.c.obj)
 .comment       0x0000000000000011       0x12 libFREERTOS.a(tasks.c.obj)
 .comment       0x0000000000000011       0x12 libFREERTOS.a(list.c.obj)
 .comment       0x0000000000000011       0x12 libUSB.a(usbd_cdc.c.obj)
 .comment       0x0000000000000011       0x12 libUSB.a(usbd_core.c.obj)
 .comment       0x0000000000000011       0x12 libUSB.a(usbd_ctlreq.c.obj)
 .comment       0x0000000000000011       0x12 libUSB.a(usbd_ioreq.c.obj)
 .comment       0x0000000000000011       0x12 /opt/cross/lib/gcc/arm-none-eabi/7.2.0/../../../../arm-none-eabi/lib/thumb/cortex-m3/libg.a(lib_a-impure.o)
 .comment       0x0000000000000011       0x12 /opt/cross/lib/gcc/arm-none-eabi/7.2.0/../../../../arm-none-eabi/lib/thumb/cortex-m3/libg.a(lib_a-init.o)
 .comment       0x0000000000000011       0x12 /opt/cross/lib/gcc/arm-none-eabi/7.2.0/../../../../arm-none-eabi/lib/thumb/cortex-m3/libg.a(lib_a-snprintf.o)
 .comment       0x0000000000000011       0x12 /opt/cross/lib/gcc/arm-none-eabi/7.2.0/../../../../arm-none-eabi/lib/thumb/cortex-m3/libg.a(lib_a-sprintf.o)
 .comment       0x0000000000000011       0x12 /opt/cross/lib/gcc/arm-none-eabi/7.2.0/../../../../arm-none-eabi/lib/thumb/cortex-m3/libg.a(lib_a-strncpy.o)
 .comment       0x0000000000000011       0x12 /opt/cross/lib/gcc/arm-none-eabi/7.2.0/../../../../arm-none-eabi/lib/thumb/cortex-m3/libg.a(lib_a-svfprintf.o)
 .comment       0x0000000000000011       0x12 /opt/cross/lib/gcc/arm-none-eabi/7.2.0/../../../../arm-none-eabi/lib/thumb/cortex-m3/libg.a(lib_a-mallocr.o)
 .comment       0x0000000000000011       0x12 /opt/cross/lib/gcc/arm-none-eabi/7.2.0/../../../../arm-none-eabi/lib/thumb/cortex-m3/libg.a(lib_a-memchr-stub.o)
 .comment       0x0000000000000011       0x12 /opt/cross/lib/gcc/arm-none-eabi/7.2.0/../../../../arm-none-eabi/lib/thumb/cortex-m3/libg.a(lib_a-mlock.o)
 .comment       0x0000000000000011       0x12 /opt/cross/lib/gcc/arm-none-eabi/7.2.0/../../../../arm-none-eabi/lib/thumb/cortex-m3/libg.a(lib_a-sbrkr.o)
 .comment       0x0000000000000011       0x12 /opt/cross/lib/gcc/arm-none-eabi/7.2.0/../../../../arm-none-eabi/lib/thumb/cortex-m3/libg.a(lib_a-strlen-stub.o)
 .comment       0x0000000000000011       0x12 /opt/cross/lib/gcc/arm-none-eabi/7.2.0/../../../../arm-none-eabi/lib/thumb/cortex-m3/libg.a(lib_a-svfiprintf.o)
 .comment       0x0000000000000011       0x12 /opt/cross/lib/gcc/arm-none-eabi/7.2.0/../../../../arm-none-eabi/lib/thumb/cortex-m3/libg.a(lib_a-freer.o)
 .comment       0x0000000000000011       0x12 /opt/cross/lib/gcc/arm-none-eabi/7.2.0/../../../../arm-none-eabi/lib/thumb/cortex-m3/libg.a(lib_a-memmove.o)
 .comment       0x0000000000000011       0x12 /opt/cross/lib/gcc/arm-none-eabi/7.2.0/../../../../arm-none-eabi/lib/thumb/cortex-m3/libg.a(lib_a-reallocr.o)
 .comment       0x0000000000000011       0x12 /opt/cross/lib/gcc/arm-none-eabi/7.2.0/../../../../arm-none-eabi/lib/thumb/cortex-m3/libg.a(lib_a-reent.o)
 .comment       0x0000000000000011       0x12 /opt/cross/lib/gcc/arm-none-eabi/7.2.0/thumb/cortex-m3/crtend.o

.debug_info     0x0000000000000000    0x3bc0e
 .debug_info    0x0000000000000000     0x1f80 CMakeFiles/blink.elf.dir/Src/main.c.obj
 .debug_info    0x0000000000001f80     0x162c CMakeFiles/blink.elf.dir/Src/stm32f1xx_hal_msp.c.obj
 .debug_info    0x00000000000035ac     0x1184 CMakeFiles/blink.elf.dir/Src/stm32f1xx_hal_timebase_TIM.c.obj
 .debug_info    0x0000000000004730     0x14bd CMakeFiles/blink.elf.dir/Src/stm32f1xx_it.c.obj
 .debug_info    0x0000000000005bed      0x3e8 CMakeFiles/blink.elf.dir/Src/system_stm32f1xx.c.obj
 .debug_info    0x0000000000005fd5      0xe78 CMakeFiles/blink.elf.dir/Src/usb_device.c.obj
 .debug_info    0x0000000000006e4d     0x120a CMakeFiles/blink.elf.dir/Src/usbd_cdc_if.c.obj
 .debug_info    0x0000000000008057     0x205b CMakeFiles/blink.elf.dir/Src/usbd_conf.c.obj
 .debug_info    0x000000000000a0b2      0xd7c CMakeFiles/blink.elf.dir/Src/usbd_desc.c.obj
 .debug_info    0x000000000000ae2e      0xec7 CMakeFiles/blink.elf.dir/Drivers/STM32F1xx_HAL_Driver/Src/stm32f1xx_hal.c.obj
 .debug_info    0x000000000000bcf5     0x1459 CMakeFiles/blink.elf.dir/Drivers/STM32F1xx_HAL_Driver/Src/stm32f1xx_hal_cortex.c.obj
 .debug_info    0x000000000000d14e      0xe76 CMakeFiles/blink.elf.dir/Drivers/STM32F1xx_HAL_Driver/Src/stm32f1xx_hal_gpio.c.obj
 .debug_info    0x000000000000dfc4     0x38f5 CMakeFiles/blink.elf.dir/Drivers/STM32F1xx_HAL_Driver/Src/stm32f1xx_hal_i2c.c.obj
 .debug_info    0x00000000000118b9     0x198a CMakeFiles/blink.elf.dir/Drivers/STM32F1xx_HAL_Driver/Src/stm32f1xx_hal_pcd.c.obj
 .debug_info    0x0000000000013243      0xdf8 CMakeFiles/blink.elf.dir/Drivers/STM32F1xx_HAL_Driver/Src/stm32f1xx_hal_pcd_ex.c.obj
 .debug_info    0x000000000001403b     0x1162 CMakeFiles/blink.elf.dir/Drivers/STM32F1xx_HAL_Driver/Src/stm32f1xx_hal_rcc.c.obj
 .debug_info    0x000000000001519d      0xc51 CMakeFiles/blink.elf.dir/Drivers/STM32F1xx_HAL_Driver/Src/stm32f1xx_hal_rcc_ex.c.obj
 .debug_info    0x0000000000015dee     0x3b43 CMakeFiles/blink.elf.dir/Drivers/STM32F1xx_HAL_Driver/Src/stm32f1xx_hal_tim.c.obj
 .debug_info    0x0000000000019931     0x193d CMakeFiles/blink.elf.dir/Drivers/STM32F1xx_HAL_Driver/Src/stm32f1xx_hal_tim_ex.c.obj
 .debug_info    0x000000000001b26e     0x16f5 CMakeFiles/blink.elf.dir/Drivers/STM32F1xx_HAL_Driver/Src/stm32f1xx_ll_usb.c.obj
 .debug_info    0x000000000001c963     0x1cbb CMakeFiles/blink.elf.dir/UserSrc/Src/lesson5.c.obj
 .debug_info    0x000000000001e61e     0x14b2 CMakeFiles/blink.elf.dir/UserSrc/Lib/dh11/Src/dht11.c.obj
 .debug_info    0x000000000001fad0      0xa37 CMakeFiles/blink.elf.dir/UserSrc/Lib/ssd1306/Src/fonts.c.obj
 .debug_info    0x0000000000020507     0x14aa CMakeFiles/blink.elf.dir/UserSrc/Lib/ssd1306/Src/ssd1306.c.obj
 .debug_info    0x00000000000219b1      0xc7a CMakeFiles/blink.elf.dir/UserSrc/Lib/syscall/Src/syscalls.c.obj
 .debug_info    0x000000000002262b     0x24cf libFREERTOS.a(cmsis_os.c.obj)
 .debug_info    0x0000000000024afa      0x4bc libFREERTOS.a(port.c.obj)
 .debug_info    0x0000000000024fb6      0xc9c libFREERTOS.a(heap_4.c.obj)
 .debug_info    0x0000000000025c52     0x2046 libFREERTOS.a(queue.c.obj)
 .debug_info    0x0000000000027c98     0x2990 libFREERTOS.a(tasks.c.obj)
 .debug_info    0x000000000002a628      0xab7 libFREERTOS.a(list.c.obj)
 .debug_info    0x000000000002b0df     0x14f5 libUSB.a(usbd_cdc.c.obj)
 .debug_info    0x000000000002c5d4     0x145e libUSB.a(usbd_core.c.obj)
 .debug_info    0x000000000002da32     0x1485 libUSB.a(usbd_ctlreq.c.obj)
 .debug_info    0x000000000002eeb7      0xfbe libUSB.a(usbd_ioreq.c.obj)
 .debug_info    0x000000000002fe75      0x8a9 /opt/cross/lib/gcc/arm-none-eabi/7.2.0/../../../../arm-none-eabi/lib/thumb/cortex-m3/libg.a(lib_a-impure.o)
 .debug_info    0x000000000003071e      0x109 /opt/cross/lib/gcc/arm-none-eabi/7.2.0/../../../../arm-none-eabi/lib/thumb/cortex-m3/libg.a(lib_a-init.o)
 .debug_info    0x0000000000030827       0x26 /opt/cross/lib/gcc/arm-none-eabi/7.2.0/../../../../arm-none-eabi/lib/thumb/cortex-m3/libg.a(lib_a-memcpy.o)
 .debug_info    0x000000000003084d      0xc83 /opt/cross/lib/gcc/arm-none-eabi/7.2.0/../../../../arm-none-eabi/lib/thumb/cortex-m3/libg.a(lib_a-snprintf.o)
 .debug_info    0x00000000000314d0      0xbd7 /opt/cross/lib/gcc/arm-none-eabi/7.2.0/../../../../arm-none-eabi/lib/thumb/cortex-m3/libg.a(lib_a-sprintf.o)
 .debug_info    0x00000000000320a7      0x92d /opt/cross/lib/gcc/arm-none-eabi/7.2.0/../../../../arm-none-eabi/lib/thumb/cortex-m3/libg.a(lib_a-strncpy.o)
 .debug_info    0x00000000000329d4     0x1534 /opt/cross/lib/gcc/arm-none-eabi/7.2.0/../../../../arm-none-eabi/lib/thumb/cortex-m3/libg.a(lib_a-svfprintf.o)
 .debug_info    0x0000000000033f08      0xde1 /opt/cross/lib/gcc/arm-none-eabi/7.2.0/../../../../arm-none-eabi/lib/thumb/cortex-m3/libg.a(lib_a-mallocr.o)
 .debug_info    0x0000000000034ce9      0x939 /opt/cross/lib/gcc/arm-none-eabi/7.2.0/../../../../arm-none-eabi/lib/thumb/cortex-m3/libg.a(lib_a-memchr-stub.o)
 .debug_info    0x0000000000035622      0x8dc /opt/cross/lib/gcc/arm-none-eabi/7.2.0/../../../../arm-none-eabi/lib/thumb/cortex-m3/libg.a(lib_a-mlock.o)
 .debug_info    0x0000000000035efe      0x95e /opt/cross/lib/gcc/arm-none-eabi/7.2.0/../../../../arm-none-eabi/lib/thumb/cortex-m3/libg.a(lib_a-sbrkr.o)
 .debug_info    0x000000000003685c      0x8ba /opt/cross/lib/gcc/arm-none-eabi/7.2.0/../../../../arm-none-eabi/lib/thumb/cortex-m3/libg.a(lib_a-strlen-stub.o)
 .debug_info    0x0000000000037116     0x1801 /opt/cross/lib/gcc/arm-none-eabi/7.2.0/../../../../arm-none-eabi/lib/thumb/cortex-m3/libg.a(lib_a-svfiprintf.o)
 .debug_info    0x0000000000038917      0xcc2 /opt/cross/lib/gcc/arm-none-eabi/7.2.0/../../../../arm-none-eabi/lib/thumb/cortex-m3/libg.a(lib_a-freer.o)
 .debug_info    0x00000000000395d9      0xe31 /opt/cross/lib/gcc/arm-none-eabi/7.2.0/../../../../arm-none-eabi/lib/thumb/cortex-m3/libg.a(lib_a-memmove.o)
 .debug_info    0x000000000003a40a      0xdd7 /opt/cross/lib/gcc/arm-none-eabi/7.2.0/../../../../arm-none-eabi/lib/thumb/cortex-m3/libg.a(lib_a-reallocr.o)
 .debug_info    0x000000000003b1e1      0xa2d /opt/cross/lib/gcc/arm-none-eabi/7.2.0/../../../../arm-none-eabi/lib/thumb/cortex-m3/libg.a(lib_a-reent.o)

.debug_abbrev   0x0000000000000000     0x8cf8
 .debug_abbrev  0x0000000000000000      0x389 CMakeFiles/blink.elf.dir/Src/main.c.obj
 .debug_abbrev  0x0000000000000389      0x279 CMakeFiles/blink.elf.dir/Src/stm32f1xx_hal_msp.c.obj
 .debug_abbrev  0x0000000000000602      0x294 CMakeFiles/blink.elf.dir/Src/stm32f1xx_hal_timebase_TIM.c.obj