Archive member included to satisfy reference by file (symbol)

libCMSIS.a(startup_stm32f103xb.s.obj)
                              (Reset_Handler)
/opt/cross/lib/gcc/arm-none-eabi/7.2.0/thumb/cortex-m3/libgcc.a(_arm_addsubdf3.o)
                              CMakeFiles/blink.elf.dir/UserSrc/Src/lesson5.c.obj (__aeabi_f2d)
/opt/cross/lib/gcc/arm-none-eabi/7.2.0/thumb/cortex-m3/libgcc.a(_arm_addsubsf3.o)
                              CMakeFiles/blink.elf.dir/UserSrc/Lib/dh11/Src/dht11.c.obj (__aeabi_i2f)
/opt/cross/lib/gcc/arm-none-eabi/7.2.0/thumb/cortex-m3/libgcc.a(_arm_muldivsf3.o)
                              CMakeFiles/blink.elf.dir/UserSrc/Lib/dh11/Src/dht11.c.obj (__aeabi_fmul)
/opt/cross/lib/gcc/arm-none-eabi/7.2.0/../../../../arm-none-eabi/lib/thumb/cortex-m3/libg.a(lib_a-atexit.o)
                              /opt/cross/lib/gcc/arm-none-eabi/7.2.0/../../../../arm-none-eabi/lib/thumb/cortex-m3/crt0.o (atexit)
/opt/cross/lib/gcc/arm-none-eabi/7.2.0/../../../../arm-none-eabi/lib/thumb/cortex-m3/libg.a(lib_a-exit.o)
                              /opt/cross/lib/gcc/arm-none-eabi/7.2.0/../../../../arm-none-eabi/lib/thumb/cortex-m3/crt0.o (exit)
/opt/cross/lib/gcc/arm-none-eabi/7.2.0/../../../../arm-none-eabi/lib/thumb/cortex-m3/libg.a(lib_a-fini.o)
                              /opt/cross/lib/gcc/arm-none-eabi/7.2.0/../../../../arm-none-eabi/lib/thumb/cortex-m3/crt0.o (__libc_fini_array)
/opt/cross/lib/gcc/arm-none-eabi/7.2.0/../../../../arm-none-eabi/lib/thumb/cortex-m3/libg.a(lib_a-impure.o)
                              /opt/cross/lib/gcc/arm-none-eabi/7.2.0/../../../../arm-none-eabi/lib/thumb/cortex-m3/libg.a(lib_a-exit.o) (_global_impure_ptr)
/opt/cross/lib/gcc/arm-none-eabi/7.2.0/../../../../arm-none-eabi/lib/thumb/cortex-m3/libg.a(lib_a-init.o)
                              /opt/cross/lib/gcc/arm-none-eabi/7.2.0/../../../../arm-none-eabi/lib/thumb/cortex-m3/crt0.o (__libc_init_array)
/opt/cross/lib/gcc/arm-none-eabi/7.2.0/../../../../arm-none-eabi/lib/thumb/cortex-m3/libg.a(lib_a-memset.o)
                              /opt/cross/lib/gcc/arm-none-eabi/7.2.0/../../../../arm-none-eabi/lib/thumb/cortex-m3/crt0.o (memset)
/opt/cross/lib/gcc/arm-none-eabi/7.2.0/../../../../arm-none-eabi/lib/thumb/cortex-m3/libg.a(lib_a-sprintf.o)
                              CMakeFiles/blink.elf.dir/UserSrc/Src/lesson5.c.obj (sprintf)
/opt/cross/lib/gcc/arm-none-eabi/7.2.0/../../../../arm-none-eabi/lib/thumb/cortex-m3/libg.a(lib_a-svfprintf.o)
                              /opt/cross/lib/gcc/arm-none-eabi/7.2.0/../../../../arm-none-eabi/lib/thumb/cortex-m3/libg.a(lib_a-sprintf.o) (_svfprintf_r)
/opt/cross/lib/gcc/arm-none-eabi/7.2.0/../../../../arm-none-eabi/lib/thumb/cortex-m3/libg.a(lib_a-__atexit.o)
                              /opt/cross/lib/gcc/arm-none-eabi/7.2.0/../../../../arm-none-eabi/lib/thumb/cortex-m3/libg.a(lib_a-atexit.o) (__register_exitproc)
/opt/cross/lib/gcc/arm-none-eabi/7.2.0/../../../../arm-none-eabi/lib/thumb/cortex-m3/libg.a(lib_a-__call_atexit.o)
                              /opt/cross/lib/gcc/arm-none-eabi/7.2.0/../../../../arm-none-eabi/lib/thumb/cortex-m3/libg.a(lib_a-exit.o) (__call_exitprocs)
/opt/cross/lib/gcc/arm-none-eabi/7.2.0/../../../../arm-none-eabi/lib/thumb/cortex-m3/libg.a(lib_a-mallocr.o)
                              /opt/cross/lib/gcc/arm-none-eabi/7.2.0/../../../../arm-none-eabi/lib/thumb/cortex-m3/libg.a(lib_a-svfprintf.o) (_malloc_r)
/opt/cross/lib/gcc/arm-none-eabi/7.2.0/../../../../arm-none-eabi/lib/thumb/cortex-m3/libg.a(lib_a-memchr-stub.o)
                              /opt/cross/lib/gcc/arm-none-eabi/7.2.0/../../../../arm-none-eabi/lib/thumb/cortex-m3/libg.a(lib_a-svfprintf.o) (memchr)
/opt/cross/lib/gcc/arm-none-eabi/7.2.0/../../../../arm-none-eabi/lib/thumb/cortex-m3/libg.a(lib_a-mlock.o)
                              /opt/cross/lib/gcc/arm-none-eabi/7.2.0/../../../../arm-none-eabi/lib/thumb/cortex-m3/libg.a(lib_a-mallocr.o) (__malloc_lock)
/opt/cross/lib/gcc/arm-none-eabi/7.2.0/../../../../arm-none-eabi/lib/thumb/cortex-m3/libg.a(lib_a-sbrkr.o)
                              /opt/cross/lib/gcc/arm-none-eabi/7.2.0/../../../../arm-none-eabi/lib/thumb/cortex-m3/libg.a(lib_a-mallocr.o) (_sbrk_r)
/opt/cross/lib/gcc/arm-none-eabi/7.2.0/../../../../arm-none-eabi/lib/thumb/cortex-m3/libg.a(lib_a-strlen-stub.o)
                              /opt/cross/lib/gcc/arm-none-eabi/7.2.0/../../../../arm-none-eabi/lib/thumb/cortex-m3/libg.a(lib_a-svfprintf.o) (strlen)
/opt/cross/lib/gcc/arm-none-eabi/7.2.0/../../../../arm-none-eabi/lib/thumb/cortex-m3/libg.a(lib_a-svfiprintf.o)
                              /opt/cross/lib/gcc/arm-none-eabi/7.2.0/../../../../arm-none-eabi/lib/thumb/cortex-m3/libg.a(lib_a-svfprintf.o) (__ssputs_r)
/opt/cross/lib/gcc/arm-none-eabi/7.2.0/../../../../arm-none-eabi/lib/thumb/cortex-m3/libg.a(lib_a-freer.o)
                              /opt/cross/lib/gcc/arm-none-eabi/7.2.0/../../../../arm-none-eabi/lib/thumb/cortex-m3/libg.a(lib_a-mallocr.o) (_free_r)
[...]
Memory Configuration

Name             Origin             Length             Attributes
RAM              0x0000000020000000 0x0000000000005000 xrw
FLASH            0x0000000008000000 0x0000000000010000 xr
*default*        0x0000000000000000 0xffffffffffffffff

Linker script and memory map

LOAD /opt/cross/lib/gcc/arm-none-eabi/7.2.0/thumb/cortex-m3/crti.o
LOAD /opt/cross/lib/gcc/arm-none-eabi/7.2.0/thumb/cortex-m3/crtbegin.o
LOAD /opt/cross/lib/gcc/arm-none-eabi/7.2.0/../../../../arm-none-eabi/lib/thumb/cortex-m3/crt0.o
LOAD CMakeFiles/blink.elf.dir/Src/main.c.obj
LOAD CMakeFiles/blink.elf.dir/Src/stm32f1xx_hal_msp.c.obj
LOAD CMakeFiles/blink.elf.dir/Src/stm32f1xx_it.c.obj
LOAD CMakeFiles/blink.elf.dir/Src/system_stm32f1xx.c.obj
LOAD CMakeFiles/blink.elf.dir/Drivers/STM32F1xx_HAL_Driver/Src/stm32f1xx_hal.c.obj
LOAD CMakeFiles/blink.elf.dir/Drivers/STM32F1xx_HAL_Driver/Src/stm32f1xx_hal_cortex.c.obj
LOAD CMakeFiles/blink.elf.dir/Drivers/STM32F1xx_HAL_Driver/Src/stm32f1xx_hal_dma.c.obj
LOAD CMakeFiles/blink.elf.dir/Drivers/STM32F1xx_HAL_Driver/Src/stm32f1xx_hal_flash.c.obj
LOAD CMakeFiles/blink.elf.dir/Drivers/STM32F1xx_HAL_Driver/Src/stm32f1xx_hal_flash_ex.c.obj
LOAD CMakeFiles/blink.elf.dir/Drivers/STM32F1xx_HAL_Driver/Src/stm32f1xx_hal_gpio.c.obj
LOAD CMakeFiles/blink.elf.dir/Drivers/STM32F1xx_HAL_Driver/Src/stm32f1xx_hal_gpio_ex.c.obj
LOAD CMakeFiles/blink.elf.dir/Drivers/STM32F1xx_HAL_Driver/Src/stm32f1xx_hal_i2c.c.obj
LOAD CMakeFiles/blink.elf.dir/Drivers/STM32F1xx_HAL_Driver/Src/stm32f1xx_hal_pwr.c.obj
LOAD CMakeFiles/blink.elf.dir/Drivers/STM32F1xx_HAL_Driver/Src/stm32f1xx_hal_rcc.c.obj
LOAD CMakeFiles/blink.elf.dir/Drivers/STM32F1xx_HAL_Driver/Src/stm32f1xx_hal_rcc_ex.c.obj
LOAD CMakeFiles/blink.elf.dir/Drivers/STM32F1xx_HAL_Driver/Src/stm32f1xx_hal_tim.c.obj
LOAD CMakeFiles/blink.elf.dir/Drivers/STM32F1xx_HAL_Driver/Src/stm32f1xx_hal_tim_ex.c.obj
LOAD CMakeFiles/blink.elf.dir/UserSrc/Src/lesson3.c.obj
LOAD CMakeFiles/blink.elf.dir/UserSrc/Src/lesson4.c.obj
LOAD CMakeFiles/blink.elf.dir/UserSrc/Src/lesson5.c.obj
LOAD CMakeFiles/blink.elf.dir/UserSrc/Lib/dh11/Src/dht11.c.obj
LOAD CMakeFiles/blink.elf.dir/UserSrc/Lib/ssd1306/Src/fonts.c.obj
LOAD CMakeFiles/blink.elf.dir/UserSrc/Lib/ssd1306/Src/ssd1306.c.obj
LOAD CMakeFiles/blink.elf.dir/UserSrc/Lib/syscall/Src/syscalls.c.obj
LOAD libHAL.a
LOAD libCMSIS.a
LOAD libUSERSRC.a
LOAD libLIBS.a
START GROUP
LOAD /opt/cross/lib/gcc/arm-none-eabi/7.2.0/thumb/cortex-m3/libgcc.a
LOAD /opt/cross/lib/gcc/arm-none-eabi/7.2.0/../../../../arm-none-eabi/lib/thumb/cortex-m3/libg.a
LOAD /opt/cross/lib/gcc/arm-none-eabi/7.2.0/../../../../arm-none-eabi/lib/thumb/cortex-m3/libc.a
END GROUP
LOAD /opt/cross/lib/gcc/arm-none-eabi/7.2.0/thumb/cortex-m3/crtend.o
LOAD /opt/cross/lib/gcc/arm-none-eabi/7.2.0/thumb/cortex-m3/crtn.o
                0x0000000020005000                _estack = 0x20005000
                0x0000000000000200                _Min_Heap_Size = 0x200
                0x0000000000000400                _Min_Stack_Size = 0x400

.isr_vector     0x0000000008000000      0x10c
                0x0000000008000000                . = ALIGN (0x4)
 *(.isr_vector)
 .isr_vector    0x0000000008000000      0x10c libCMSIS.a(startup_stm32f103xb.s.obj)
                0x0000000008000000                g_pfnVectors
                0x000000000800010c                . = ALIGN (0x4)

.text           0x000000000800010c     0x589c
                0x000000000800010c                . = ALIGN (0x4)
 *(.text)
 .text          0x000000000800010c       0x88 /opt/cross/lib/gcc/arm-none-eabi/7.2.0/thumb/cortex-m3/crtbegin.o
 .text          0x0000000008000194      0x378 /opt/cross/lib/gcc/arm-none-eabi/7.2.0/thumb/cortex-m3/libgcc.a(_arm_addsubdf3.o)
                0x0000000008000194                __aeabi_drsub
                0x000000000800019c                __aeabi_dsub
                0x000000000800019c                __subdf3
                0x00000000080001a0                __adddf3
                0x00000000080001a0                __aeabi_dadd
                0x0000000008000418                __aeabi_ui2d
                0x0000000008000418                __floatunsidf
                0x0000000008000438                __floatsidf
                0x0000000008000438                __aeabi_i2d
                0x000000000800045c                __extendsfdf2
                0x000000000800045c                __aeabi_f2d
                0x00000000080004a0                __aeabi_ul2d
                0x00000000080004a0                __floatundidf
                0x00000000080004b0                __floatdidf
                0x00000000080004b0                __aeabi_l2d
 .text          0x000000000800050c      0x21c /opt/cross/lib/gcc/arm-none-eabi/7.2.0/thumb/cortex-m3/libgcc.a(_arm_addsubsf3.o)
                0x000000000800050c                __aeabi_frsub
                0x0000000008000514                __subsf3
                0x0000000008000514                __aeabi_fsub
                0x0000000008000518                __aeabi_fadd
                0x0000000008000518                __addsf3
                0x0000000008000678                __aeabi_ui2f
                0x0000000008000678                __floatunsisf
                0x0000000008000680                __aeabi_i2f
                0x0000000008000680                __floatsisf
                0x000000000800069c                __floatundisf
                0x000000000800069c                __aeabi_ul2f
                0x00000000080006ac                __floatdisf
                0x00000000080006ac                __aeabi_l2f
 .text          0x0000000008000728      0x2a0 /opt/cross/lib/gcc/arm-none-eabi/7.2.0/thumb/cortex-m3/libgcc.a(_arm_muldivsf3.o)
                0x0000000008000728                __mulsf3
                0x0000000008000728                __aeabi_fmul
                0x0000000008000890                __divsf3
                0x0000000008000890                __aeabi_fdiv
 .text          0x00000000080009c8       0x48 /opt/cross/lib/gcc/arm-none-eabi/7.2.0/../../../../arm-none-eabi/lib/thumb/cortex-m3/libg.a(lib_a-init.o)
                0x00000000080009c8                __libc_init_array
 .text          0x0000000008000a10       0x80 /opt/cross/lib/gcc/arm-none-eabi/7.2.0/../../../../arm-none-eabi/lib/thumb/cortex-m3/libg.a(lib_a-sprintf.o)
                0x0000000008000a10                _sprintf_r
                0x0000000008000a4c                sprintf
 .text          0x0000000008000a90      0x6d4 /opt/cross/lib/gcc/arm-none-eabi/7.2.0/../../../../arm-none-eabi/lib/thumb/cortex-m3/libg.a(lib_a-svfprintf.o)
                0x0000000008000a90                _svfprintf_r
 .text          0x0000000008001164      0x518 /opt/cross/lib/gcc/arm-none-eabi/7.2.0/../../../../arm-none-eabi/lib/thumb/cortex-m3/libg.a(lib_a-mallocr.o)
                0x0000000008001164                _malloc_r
 .text          0x000000000800167c       0x8c /opt/cross/lib/gcc/arm-none-eabi/7.2.0/../../../../arm-none-eabi/lib/thumb/cortex-m3/libg.a(lib_a-memchr-stub.o)
                0x000000000800167c                memchr
 .text          0x0000000008001708        0x8 /opt/cross/lib/gcc/arm-none-eabi/7.2.0/../../../../arm-none-eabi/lib/thumb/cortex-m3/libg.a(lib_a-mlock.o)
                0x0000000008001708                __malloc_lock
                0x000000000800170c                __malloc_unlock
 .text          0x0000000008001710       0x24 /opt/cross/lib/gcc/arm-none-eabi/7.2.0/../../../../arm-none-eabi/lib/thumb/cortex-m3/libg.a(lib_a-sbrkr.o)
                0x0000000008001710                _sbrk_r
 .text          0x0000000008001734       0x5c /opt/cross/lib/gcc/arm-none-eabi/7.2.0/../../../../arm-none-eabi/lib/thumb/cortex-m3/libg.a(lib_a-strlen-stub.o)
                0x0000000008001734                strlen
 .text          0x0000000008001790      0x880 /opt/cross/lib/gcc/arm-none-eabi/7.2.0/../../../../arm-none-eabi/lib/thumb/cortex-m3/libg.a(lib_a-svfiprintf.o)
                0x0000000008001790                __ssputs_r
                0x0000000008001854                __ssprint_r
                0x0000000008001948                _svfiprintf_r
 .text          0x0000000008002010      0x288 /opt/cross/lib/gcc/arm-none-eabi/7.2.0/../../../../arm-none-eabi/lib/thumb/cortex-m3/libg.a(lib_a-freer.o)
                0x0000000008002010                _malloc_trim_r
                0x00000000080020b0                _free_r
 .text          0x0000000008002298       0xec /opt/cross/lib/gcc/arm-none-eabi/7.2.0/../../../../arm-none-eabi/lib/thumb/cortex-m3/libg.a(lib_a-memcpy.o)
                0x0000000008002298                memcpy
 .text          0x0000000008002384       0xc4 /opt/cross/lib/gcc/arm-none-eabi/7.2.0/../../../../arm-none-eabi/lib/thumb/cortex-m3/libg.a(lib_a-memmove.o)
                0x0000000008002384                memmove
 .text          0x0000000008002448      0x374 /opt/cross/lib/gcc/arm-none-eabi/7.2.0/../../../../arm-none-eabi/lib/thumb/cortex-m3/libg.a(lib_a-reallocr.o)
                0x0000000008002448                _realloc_r
 *(.text*)
 .text.main     0x00000000080027bc       0x28 CMakeFiles/blink.elf.dir/Src/main.c.obj
                0x00000000080027bc                main
 .text.SystemClock_Config
                0x00000000080027e4       0xa4 CMakeFiles/blink.elf.dir/Src/main.c.obj
                0x00000000080027e4                SystemClock_Config
 .text.MX_I2C1_Init
                0x0000000008002888       0x64 CMakeFiles/blink.elf.dir/Src/main.c.obj
 .text.MX_TIM2_Init
                0x00000000080028ec       0xd4 CMakeFiles/blink.elf.dir/Src/main.c.obj
 .text.MX_GPIO_Init
                0x00000000080029c0       0x9c CMakeFiles/blink.elf.dir/Src/main.c.obj
 .text._Error_Handler
                0x0000000008002a5c        0xc CMakeFiles/blink.elf.dir/Src/main.c.obj
                0x0000000008002a5c                _Error_Handler
 .text.HAL_MspInit
                0x0000000008002a68       0xa0 CMakeFiles/blink.elf.dir/Src/stm32f1xx_hal_msp.c.obj
                0x0000000008002a68                HAL_MspInit
 .text.HAL_I2C_MspInit
                0x0000000008002b08       0x58 CMakeFiles/blink.elf.dir/Src/stm32f1xx_hal_msp.c.obj
                0x0000000008002b08                HAL_I2C_MspInit
 .text.HAL_TIM_Base_MspInit
                0x0000000008002b60       0x64 CMakeFiles/blink.elf.dir/Src/stm32f1xx_hal_msp.c.obj
                0x0000000008002b60                HAL_TIM_Base_MspInit
 .text.NMI_Handler
                0x0000000008002bc4        0xc CMakeFiles/blink.elf.dir/Src/stm32f1xx_it.c.obj
                0x0000000008002bc4                NMI_Handler
 .text.HardFault_Handler
                0x0000000008002bd0        0x6 CMakeFiles/blink.elf.dir/Src/stm32f1xx_it.c.obj
                0x0000000008002bd0                HardFault_Handler
 .text.MemManage_Handler
                0x0000000008002bd6        0x6 CMakeFiles/blink.elf.dir/Src/stm32f1xx_it.c.obj
                0x0000000008002bd6                MemManage_Handler
 .text.BusFault_Handler
                0x0000000008002bdc        0x6 CMakeFiles/blink.elf.dir/Src/stm32f1xx_it.c.obj
                0x0000000008002bdc                BusFault_Handler
 .text.UsageFault_Handler
                0x0000000008002be2        0x6 CMakeFiles/blink.elf.dir/Src/stm32f1xx_it.c.obj
                0x0000000008002be2                UsageFault_Handler
 .text.SVC_Handler
                0x0000000008002be8        0xc CMakeFiles/blink.elf.dir/Src/stm32f1xx_it.c.obj
                0x0000000008002be8                SVC_Handler
 .text.DebugMon_Handler
                0x0000000008002bf4        0xc CMakeFiles/blink.elf.dir/Src/stm32f1xx_it.c.obj
                0x0000000008002bf4                DebugMon_Handler
 .text.PendSV_Handler
                0x0000000008002c00        0xc CMakeFiles/blink.elf.dir/Src/stm32f1xx_it.c.obj
                0x0000000008002c00                PendSV_Handler
 .text.SysTick_Handler
                0x0000000008002c0c       0x10 CMakeFiles/blink.elf.dir/Src/stm32f1xx_it.c.obj
                0x0000000008002c0c                SysTick_Handler
 .text.TIM2_IRQHandler
                0x0000000008002c1c       0x1c CMakeFiles/blink.elf.dir/Src/stm32f1xx_it.c.obj
                0x0000000008002c1c                TIM2_IRQHandler
 .text.SystemInit
                0x0000000008002c38       0x68 CMakeFiles/blink.elf.dir/Src/system_stm32f1xx.c.obj
                0x0000000008002c38                SystemInit
 .text.HAL_Init
                0x0000000008002ca0       0x2c CMakeFiles/blink.elf.dir/Drivers/STM32F1xx_HAL_Driver/Src/stm32f1xx_hal.c.obj
                0x0000000008002ca0                HAL_Init
 .text.HAL_InitTick
                0x0000000008002ccc       0x38 CMakeFiles/blink.elf.dir/Drivers/STM32F1xx_HAL_Driver/Src/stm32f1xx_hal.c.obj
                0x0000000008002ccc                HAL_InitTick
 .text.HAL_IncTick
                0x0000000008002d04       0x1c CMakeFiles/blink.elf.dir/Drivers/STM32F1xx_HAL_Driver/Src/stm32f1xx_hal.c.obj
                0x0000000008002d04                HAL_IncTick
 .text.HAL_GetTick
                0x0000000008002d20       0x14 CMakeFiles/blink.elf.dir/Drivers/STM32F1xx_HAL_Driver/Src/stm32f1xx_hal.c.obj
                0x0000000008002d20                HAL_GetTick
 .text.HAL_Delay
                0x0000000008002d34       0x3a CMakeFiles/blink.elf.dir/Drivers/STM32F1xx_HAL_Driver/Src/stm32f1xx_hal.c.obj
                0x0000000008002d34                HAL_Delay
 *fill*         0x0000000008002d6e        0x2 
 .text.NVIC_SetPriorityGrouping
                0x0000000008002d70       0x48 CMakeFiles/blink.elf.dir/Drivers/STM32F1xx_HAL_Driver/Src/stm32f1xx_hal_cortex.c.obj
 .text.NVIC_GetPriorityGrouping
                0x0000000008002db8       0x1c CMakeFiles/blink.elf.dir/Drivers/STM32F1xx_HAL_Driver/Src/stm32f1xx_hal_cortex.c.obj
 .text.NVIC_EnableIRQ
                0x0000000008002dd4       0x30 CMakeFiles/blink.elf.dir/Drivers/STM32F1xx_HAL_Driver/Src/stm32f1xx_hal_cortex.c.obj
 .text.NVIC_SetPriority
                0x0000000008002e04       0x54 CMakeFiles/blink.elf.dir/Drivers/STM32F1xx_HAL_Driver/Src/stm32f1xx_hal_cortex.c.obj
 .text.NVIC_EncodePriority
                0x0000000008002e58       0x64 CMakeFiles/blink.elf.dir/Drivers/STM32F1xx_HAL_Driver/Src/stm32f1xx_hal_cortex.c.obj
 .text.SysTick_Config
                0x0000000008002ebc       0x44 CMakeFiles/blink.elf.dir/Drivers/STM32F1xx_HAL_Driver/Src/stm32f1xx_hal_cortex.c.obj
 .text.HAL_NVIC_SetPriorityGrouping
                0x0000000008002f00       0x16 CMakeFiles/blink.elf.dir/Drivers/STM32F1xx_HAL_Driver/Src/stm32f1xx_hal_cortex.c.obj
                0x0000000008002f00                HAL_NVIC_SetPriorityGrouping
 .text.HAL_NVIC_SetPriority
                0x0000000008002f16       0x38 CMakeFiles/blink.elf.dir/Drivers/STM32F1xx_HAL_Driver/Src/stm32f1xx_hal_cortex.c.obj
                0x0000000008002f16                HAL_NVIC_SetPriority
 .text.HAL_NVIC_EnableIRQ
                0x0000000008002f4e       0x1c CMakeFiles/blink.elf.dir/Drivers/STM32F1xx_HAL_Driver/Src/stm32f1xx_hal_cortex.c.obj
                0x0000000008002f4e                HAL_NVIC_EnableIRQ
 .text.HAL_SYSTICK_Config
                0x0000000008002f6a       0x18 CMakeFiles/blink.elf.dir/Drivers/STM32F1xx_HAL_Driver/Src/stm32f1xx_hal_cortex.c.obj
                0x0000000008002f6a                HAL_SYSTICK_Config
 *fill*         0x0000000008002f82        0x2 
 .text.HAL_SYSTICK_CLKSourceConfig
                0x0000000008002f84       0x38 CMakeFiles/blink.elf.dir/Drivers/STM32F1xx_HAL_Driver/Src/stm32f1xx_hal_cortex.c.obj
                0x0000000008002f84                HAL_SYSTICK_CLKSourceConfig
 .text.HAL_SYSTICK_IRQHandler
                0x0000000008002fbc        0xc CMakeFiles/blink.elf.dir/Drivers/STM32F1xx_HAL_Driver/Src/stm32f1xx_hal_cortex.c.obj
                0x0000000008002fbc                HAL_SYSTICK_IRQHandler
 .text.HAL_SYSTICK_Callback
                0x0000000008002fc8        0xc CMakeFiles/blink.elf.dir/Drivers/STM32F1xx_HAL_Driver/Src/stm32f1xx_hal_cortex.c.obj
                0x0000000008002fc8                HAL_SYSTICK_Callback
 .text.HAL_GPIO_Init
                0x0000000008002fd4      0x2bc CMakeFiles/blink.elf.dir/Drivers/STM32F1xx_HAL_Driver/Src/stm32f1xx_hal_gpio.c.obj
                0x0000000008002fd4                HAL_GPIO_Init
 .text.HAL_GPIO_WritePin
                0x0000000008003290       0x30 CMakeFiles/blink.elf.dir/Drivers/STM32F1xx_HAL_Driver/Src/stm32f1xx_hal_gpio.c.obj
                0x0000000008003290                HAL_GPIO_WritePin
 .text.HAL_I2C_Init
                0x00000000080032c0      0x1c0 CMakeFiles/blink.elf.dir/Drivers/STM32F1xx_HAL_Driver/Src/stm32f1xx_hal_i2c.c.obj
                0x00000000080032c0                HAL_I2C_Init
 .text.HAL_I2C_Mem_Write
                0x0000000008003480      0x214 CMakeFiles/blink.elf.dir/Drivers/STM32F1xx_HAL_Driver/Src/stm32f1xx_hal_i2c.c.obj
                0x0000000008003480                HAL_I2C_Mem_Write
 .text.I2C_RequestMemoryWrite
                0x0000000008003694      0x128 CMakeFiles/blink.elf.dir/Drivers/STM32F1xx_HAL_Driver/Src/stm32f1xx_hal_i2c.c.obj
 .text.I2C_WaitOnFlagUntilTimeout
                0x00000000080037bc       0xa2 CMakeFiles/blink.elf.dir/Drivers/STM32F1xx_HAL_Driver/Src/stm32f1xx_hal_i2c.c.obj
 .text.I2C_WaitOnMasterAddressFlagUntilTimeout
                0x000000000800385e       0xdc CMakeFiles/blink.elf.dir/Drivers/STM32F1xx_HAL_Driver/Src/stm32f1xx_hal_i2c.c.obj
 .text.I2C_WaitOnTXEFlagUntilTimeout
                0x000000000800393a       0x7a CMakeFiles/blink.elf.dir/Drivers/STM32F1xx_HAL_Driver/Src/stm32f1xx_hal_i2c.c.obj
 .text.I2C_WaitOnBTFFlagUntilTimeout
                0x00000000080039b4       0x7a CMakeFiles/blink.elf.dir/Drivers/STM32F1xx_HAL_Driver/Src/stm32f1xx_hal_i2c.c.obj
 .text.I2C_IsAcknowledgeFailed
                0x0000000008003a2e       0x4e CMakeFiles/blink.elf.dir/Drivers/STM32F1xx_HAL_Driver/Src/stm32f1xx_hal_i2c.c.obj
 .text.HAL_RCC_OscConfig
                0x0000000008003a7c      0x4c8 CMakeFiles/blink.elf.dir/Drivers/STM32F1xx_HAL_Driver/Src/stm32f1xx_hal_rcc.c.obj
                0x0000000008003a7c                HAL_RCC_OscConfig
 .text.HAL_RCC_ClockConfig
                0x0000000008003f44      0x1e8 CMakeFiles/blink.elf.dir/Drivers/STM32F1xx_HAL_Driver/Src/stm32f1xx_hal_rcc.c.obj
                0x0000000008003f44                HAL_RCC_ClockConfig
 .text.HAL_RCC_GetSysClockFreq
                0x000000000800412c       0xc4 CMakeFiles/blink.elf.dir/Drivers/STM32F1xx_HAL_Driver/Src/stm32f1xx_hal_rcc.c.obj
                0x000000000800412c                HAL_RCC_GetSysClockFreq
 .text.HAL_RCC_GetHCLKFreq
                0x00000000080041f0       0x14 CMakeFiles/blink.elf.dir/Drivers/STM32F1xx_HAL_Driver/Src/stm32f1xx_hal_rcc.c.obj
                0x00000000080041f0                HAL_RCC_GetHCLKFreq
 .text.HAL_RCC_GetPCLK1Freq
                0x0000000008004204       0x28 CMakeFiles/blink.elf.dir/Drivers/STM32F1xx_HAL_Driver/Src/stm32f1xx_hal_rcc.c.obj
                0x0000000008004204                HAL_RCC_GetPCLK1Freq
 .text.RCC_Delay
                0x000000000800422c       0x3c CMakeFiles/blink.elf.dir/Drivers/STM32F1xx_HAL_Driver/Src/stm32f1xx_hal_rcc.c.obj
 .text.HAL_TIM_Base_Init
                0x0000000008004268       0x56 CMakeFiles/blink.elf.dir/Drivers/STM32F1xx_HAL_Driver/Src/stm32f1xx_hal_tim.c.obj
                0x0000000008004268                HAL_TIM_Base_Init
 .text.HAL_TIM_Base_Start
                0x00000000080042be       0x34 CMakeFiles/blink.elf.dir/Drivers/STM32F1xx_HAL_Driver/Src/stm32f1xx_hal_tim.c.obj
                0x00000000080042be                HAL_TIM_Base_Start
 .text.HAL_TIM_IC_Init
                0x00000000080042f2       0x56 CMakeFiles/blink.elf.dir/Drivers/STM32F1xx_HAL_Driver/Src/stm32f1xx_hal_tim.c.obj
                0x00000000080042f2                HAL_TIM_IC_Init
 .text.HAL_TIM_IC_MspInit
                0x0000000008004348       0x12 CMakeFiles/blink.elf.dir/Drivers/STM32F1xx_HAL_Driver/Src/stm32f1xx_hal_tim.c.obj
                0x0000000008004348                HAL_TIM_IC_MspInit
 *fill*         0x000000000800435a        0x2 
 .text.HAL_TIM_IC_Start_IT
                0x000000000800435c       0xc0 CMakeFiles/blink.elf.dir/Drivers/STM32F1xx_HAL_Driver/Src/stm32f1xx_hal_tim.c.obj
                0x000000000800435c                HAL_TIM_IC_Start_IT
 .text.HAL_TIM_IC_Stop_IT
                0x000000000800441c       0xe0 CMakeFiles/blink.elf.dir/Drivers/STM32F1xx_HAL_Driver/Src/stm32f1xx_hal_tim.c.obj
                0x000000000800441c                HAL_TIM_IC_Stop_IT
 .text.HAL_TIM_IRQHandler
                0x00000000080044fc      0x210 CMakeFiles/blink.elf.dir/Drivers/STM32F1xx_HAL_Driver/Src/stm32f1xx_hal_tim.c.obj
                0x00000000080044fc                HAL_TIM_IRQHandler
 .text.HAL_TIM_IC_ConfigChannel
                0x000000000800470c      0x138 CMakeFiles/blink.elf.dir/Drivers/STM32F1xx_HAL_Driver/Src/stm32f1xx_hal_tim.c.obj
                0x000000000800470c                HAL_TIM_IC_ConfigChannel
 .text.HAL_TIM_ConfigClockSource
                0x0000000008004844      0x1b6 CMakeFiles/blink.elf.dir/Drivers/STM32F1xx_HAL_Driver/Src/stm32f1xx_hal_tim.c.obj
                0x0000000008004844                HAL_TIM_ConfigClockSource
 *fill*         0x00000000080049fa        0x2 
 .text.HAL_TIM_ReadCapturedValue
                0x00000000080049fc       0xa4 CMakeFiles/blink.elf.dir/Drivers/STM32F1xx_HAL_Driver/Src/stm32f1xx_hal_tim.c.obj
                0x00000000080049fc                HAL_TIM_ReadCapturedValue
 .text.HAL_TIM_PeriodElapsedCallback
                0x0000000008004aa0       0x12 CMakeFiles/blink.elf.dir/Drivers/STM32F1xx_HAL_Driver/Src/stm32f1xx_hal_tim.c.obj
                0x0000000008004aa0                HAL_TIM_PeriodElapsedCallback
 .text.HAL_TIM_OC_DelayElapsedCallback
                0x0000000008004ab2       0x12 CMakeFiles/blink.elf.dir/Drivers/STM32F1xx_HAL_Driver/Src/stm32f1xx_hal_tim.c.obj
                0x0000000008004ab2                HAL_TIM_OC_DelayElapsedCallback
 .text.HAL_TIM_IC_CaptureCallback
                0x0000000008004ac4       0x12 CMakeFiles/blink.elf.dir/Drivers/STM32F1xx_HAL_Driver/Src/stm32f1xx_hal_tim.c.obj
                0x0000000008004ac4                HAL_TIM_IC_CaptureCallback
 .text.HAL_TIM_PWM_PulseFinishedCallback
                0x0000000008004ad6       0x12 CMakeFiles/blink.elf.dir/Drivers/STM32F1xx_HAL_Driver/Src/stm32f1xx_hal_tim.c.obj
                0x0000000008004ad6                HAL_TIM_PWM_PulseFinishedCallback
 .text.HAL_TIM_TriggerCallback
                0x0000000008004ae8       0x12 CMakeFiles/blink.elf.dir/Drivers/STM32F1xx_HAL_Driver/Src/stm32f1xx_hal_tim.c.obj
                0x0000000008004ae8                HAL_TIM_TriggerCallback
 *fill*         0x0000000008004afa        0x2 
 .text.TIM_Base_SetConfig
                0x0000000008004afc       0xcc CMakeFiles/blink.elf.dir/Drivers/STM32F1xx_HAL_Driver/Src/stm32f1xx_hal_tim.c.obj
                0x0000000008004afc                TIM_Base_SetConfig
 .text.TIM_TI1_SetConfig
                0x0000000008004bc8       0xbc CMakeFiles/blink.elf.dir/Drivers/STM32F1xx_HAL_Driver/Src/stm32f1xx_hal_tim.c.obj
                0x0000000008004bc8                TIM_TI1_SetConfig
 .text.TIM_TI1_ConfigInputStage
                0x0000000008004c84       0x64 CMakeFiles/blink.elf.dir/Drivers/STM32F1xx_HAL_Driver/Src/stm32f1xx_hal_tim.c.obj
 .text.TIM_TI2_SetConfig
                0x0000000008004ce8       0x80 CMakeFiles/blink.elf.dir/Drivers/STM32F1xx_HAL_Driver/Src/stm32f1xx_hal_tim.c.obj
 .text.TIM_TI2_ConfigInputStage
                0x0000000008004d68       0x66 CMakeFiles/blink.elf.dir/Drivers/STM32F1xx_HAL_Driver/Src/stm32f1xx_hal_tim.c.obj
 .text.TIM_TI3_SetConfig
                0x0000000008004dce       0x7e CMakeFiles/blink.elf.dir/Drivers/STM32F1xx_HAL_Driver/Src/stm32f1xx_hal_tim.c.obj
 .text.TIM_TI4_SetConfig
                0x0000000008004e4c       0x80 CMakeFiles/blink.elf.dir/Drivers/STM32F1xx_HAL_Driver/Src/stm32f1xx_hal_tim.c.obj
 .text.TIM_ITRx_SetConfig
                0x0000000008004ecc       0x3e CMakeFiles/blink.elf.dir/Drivers/STM32F1xx_HAL_Driver/Src/stm32f1xx_hal_tim.c.obj
 .text.TIM_ETR_SetConfig
                0x0000000008004f0a       0x42 CMakeFiles/blink.elf.dir/Drivers/STM32F1xx_HAL_Driver/Src/stm32f1xx_hal_tim.c.obj
 .text.TIM_CCxChannelCmd
                0x0000000008004f4c       0x44 CMakeFiles/blink.elf.dir/Drivers/STM32F1xx_HAL_Driver/Src/stm32f1xx_hal_tim.c.obj
                0x0000000008004f4c                TIM_CCxChannelCmd
 .text.HAL_TIMEx_MasterConfigSynchronization
                0x0000000008004f90       0x88 CMakeFiles/blink.elf.dir/Drivers/STM32F1xx_HAL_Driver/Src/stm32f1xx_hal_tim_ex.c.obj
                0x0000000008004f90                HAL_TIMEx_MasterConfigSynchronization
 .text.HAL_TIMEx_CommutationCallback
                0x0000000008005018       0x12 CMakeFiles/blink.elf.dir/Drivers/STM32F1xx_HAL_Driver/Src/stm32f1xx_hal_tim_ex.c.obj
                0x0000000008005018                HAL_TIMEx_CommutationCallback
 .text.HAL_TIMEx_BreakCallback
                0x000000000800502a       0x12 CMakeFiles/blink.elf.dir/Drivers/STM32F1xx_HAL_Driver/Src/stm32f1xx_hal_tim_ex.c.obj
                0x000000000800502a                HAL_TIMEx_BreakCallback
 .text.error    0x000000000800503c       0x28 CMakeFiles/blink.elf.dir/UserSrc/Src/lesson5.c.obj
 .text.lesson5  0x0000000008005064       0xb4 CMakeFiles/blink.elf.dir/UserSrc/Src/lesson5.c.obj
                0x0000000008005064                lesson5
 .text.set_pin_out
                0x0000000008005118       0x32 CMakeFiles/blink.elf.dir/UserSrc/Lib/dh11/Src/dht11.c.obj
 .text.set_pin_in
                0x000000000800514a       0x32 CMakeFiles/blink.elf.dir/UserSrc/Lib/dh11/Src/dht11.c.obj
 .text.dht11_read_data
                0x000000000800517c      0x12e CMakeFiles/blink.elf.dir/UserSrc/Lib/dh11/Src/dht11.c.obj
                0x000000000800517c                dht11_read_data
 .text.dht11_init
                0x00000000080052aa       0x26 CMakeFiles/blink.elf.dir/UserSrc/Lib/dh11/Src/dht11.c.obj
                0x00000000080052aa                dht11_init
 .text.write_bit
                0x00000000080052d0       0x8e CMakeFiles/blink.elf.dir/UserSrc/Lib/dh11/Src/dht11.c.obj
 *fill*         0x000000000800535e        0x2 
 .text.get_float
                0x0000000008005360       0x68 CMakeFiles/blink.elf.dir/UserSrc/Lib/dh11/Src/dht11.c.obj
 .text.finish_rx
                0x00000000080053c8       0x6e CMakeFiles/blink.elf.dir/UserSrc/Lib/dh11/Src/dht11.c.obj
 .text.dht11_interrupt_handler
                0x0000000008005436       0xe8 CMakeFiles/blink.elf.dir/UserSrc/Lib/dh11/Src/dht11.c.obj
                0x0000000008005436                dht11_interrupt_handler
 *fill*         0x000000000800551e        0x2 
 .text.ssd1306_WriteCommand
                0x0000000008005520       0x30 CMakeFiles/blink.elf.dir/UserSrc/Lib/ssd1306/Src/ssd1306.c.obj
 .text.ssd1306_Init
                0x0000000008005550       0xd8 CMakeFiles/blink.elf.dir/UserSrc/Lib/ssd1306/Src/ssd1306.c.obj
                0x0000000008005550                ssd1306_Init
 .text.ssd1306_Fill
                0x0000000008005628       0x44 CMakeFiles/blink.elf.dir/UserSrc/Lib/ssd1306/Src/ssd1306.c.obj
                0x0000000008005628                ssd1306_Fill
 .text.ssd1306_UpdateScreen
                0x000000000800566c       0x60 CMakeFiles/blink.elf.dir/UserSrc/Lib/ssd1306/Src/ssd1306.c.obj
                0x000000000800566c                ssd1306_UpdateScreen
 .text.ssd1306_DrawPixel
                0x00000000080056cc       0xc0 CMakeFiles/blink.elf.dir/UserSrc/Lib/ssd1306/Src/ssd1306.c.obj
                0x00000000080056cc                ssd1306_DrawPixel
 .text.ssd1306_WriteChar
                0x000000000800578c      0x100 CMakeFiles/blink.elf.dir/UserSrc/Lib/ssd1306/Src/ssd1306.c.obj
                0x000000000800578c                ssd1306_WriteChar
 .text.ssd1306_WriteString
                0x000000000800588c       0x4c CMakeFiles/blink.elf.dir/UserSrc/Lib/ssd1306/Src/ssd1306.c.obj
                0x000000000800588c                ssd1306_WriteString
 .text.ssd1306_SetCursor
                0x00000000080058d8       0x30 CMakeFiles/blink.elf.dir/UserSrc/Lib/ssd1306/Src/ssd1306.c.obj
                0x00000000080058d8                ssd1306_SetCursor
 .text._sbrk    0x0000000008005908       0x3c CMakeFiles/blink.elf.dir/UserSrc/Lib/syscall/Src/syscalls.c.obj
                0x0000000008005908                _sbrk
 .text.Reset_Handler
                0x0000000008005944       0x48 libCMSIS.a(startup_stm32f103xb.s.obj)
                0x0000000008005944                Reset_Handler
 .text.Default_Handler
                0x000000000800598c        0x2 libCMSIS.a(startup_stm32f103xb.s.obj)
                0x000000000800598c                RTC_Alarm_IRQHandler
                0x000000000800598c                EXTI2_IRQHandler
                0x000000000800598c                TIM1_CC_IRQHandler
                0x000000000800598c                PVD_IRQHandler
                0x000000000800598c                EXTI3_IRQHandler
                0x000000000800598c                EXTI0_IRQHandler
                0x000000000800598c                I2C2_EV_IRQHandler
                0x000000000800598c                ADC1_2_IRQHandler
                0x000000000800598c                SPI1_IRQHandler
                0x000000000800598c                TAMPER_IRQHandler
                0x000000000800598c                DMA1_Channel4_IRQHandler
                0x000000000800598c                USART3_IRQHandler
                0x000000000800598c                RTC_IRQHandler
                0x000000000800598c                DMA1_Channel7_IRQHandler
                0x000000000800598c                CAN1_RX1_IRQHandler
                0x000000000800598c                TIM4_IRQHandler
                0x000000000800598c                I2C1_EV_IRQHandler
                0x000000000800598c                DMA1_Channel6_IRQHandler
                0x000000000800598c                TIM3_IRQHandler
                0x000000000800598c                RCC_IRQHandler
                0x000000000800598c                TIM1_TRG_COM_IRQHandler
                0x000000000800598c                DMA1_Channel1_IRQHandler
                0x000000000800598c                Default_Handler
                0x000000000800598c                EXTI15_10_IRQHandler
                0x000000000800598c                EXTI9_5_IRQHandler
                0x000000000800598c                SPI2_IRQHandler
                0x000000000800598c                DMA1_Channel5_IRQHandler
                0x000000000800598c                EXTI4_IRQHandler
                0x000000000800598c                USB_LP_CAN1_RX0_IRQHandler
                0x000000000800598c                USB_HP_CAN1_TX_IRQHandler
                0x000000000800598c                DMA1_Channel3_IRQHandler
                0x000000000800598c                TIM1_UP_IRQHandler
                0x000000000800598c                WWDG_IRQHandler
                0x000000000800598c                TIM1_BRK_IRQHandler
                0x000000000800598c                EXTI1_IRQHandler
                0x000000000800598c                USART2_IRQHandler
                0x000000000800598c                I2C2_ER_IRQHandler
                0x000000000800598c                DMA1_Channel2_IRQHandler
                0x000000000800598c                CAN1_SCE_IRQHandler
                0x000000000800598c                FLASH_IRQHandler
                0x000000000800598c                USART1_IRQHandler
                0x000000000800598c                I2C1_ER_IRQHandler
                0x000000000800598c                USBWakeUp_IRQHandler
 *(.glue_7)
 .glue_7        0x000000000800598e        0x0 linker stubs
 *(.glue_7t)
 .glue_7t       0x000000000800598e        0x0 linker stubs
 *(.eh_frame)
 *fill*         0x000000000800598e        0x2 
 .eh_frame      0x0000000008005990        0x0 /opt/cross/lib/gcc/arm-none-eabi/7.2.0/thumb/cortex-m3/crtbegin.o
 *(.init)
 .init          0x0000000008005990        0x4 /opt/cross/lib/gcc/arm-none-eabi/7.2.0/thumb/cortex-m3/crti.o
                0x0000000008005990                _init
 .init          0x0000000008005994        0x8 /opt/cross/lib/gcc/arm-none-eabi/7.2.0/thumb/cortex-m3/crtn.o
 *(.fini)
 .fini          0x000000000800599c        0x4 /opt/cross/lib/gcc/arm-none-eabi/7.2.0/thumb/cortex-m3/crti.o
                0x000000000800599c                _fini
 .fini          0x00000000080059a0        0x8 /opt/cross/lib/gcc/arm-none-eabi/7.2.0/thumb/cortex-m3/crtn.o
                0x00000000080059a8                . = ALIGN (0x4)
                0x00000000080059a8                _etext = .

.vfp11_veneer   0x00000000080059a8        0x0
 .vfp11_veneer  0x00000000080059a8        0x0 linker stubs

.v4_bx          0x00000000080059a8        0x0
 .v4_bx         0x00000000080059a8        0x0 linker stubs

.iplt           0x00000000080059a8        0x0
 .iplt          0x00000000080059a8        0x0 /opt/cross/lib/gcc/arm-none-eabi/7.2.0/thumb/cortex-m3/crtbegin.o

.rodata         0x00000000080059a8      0xe3c
                0x00000000080059a8                . = ALIGN (0x4)
 *(.rodata)
 .rodata        0x00000000080059a8       0x34 CMakeFiles/blink.elf.dir/Src/main.c.obj
 .rodata        0x00000000080059dc       0x12 CMakeFiles/blink.elf.dir/Drivers/STM32F1xx_HAL_Driver/Src/stm32f1xx_hal_rcc.c.obj
 *fill*         0x00000000080059ee        0x2 
 .rodata        0x00000000080059f0        0xd CMakeFiles/blink.elf.dir/UserSrc/Src/lesson5.c.obj
 *fill*         0x00000000080059fd        0x3 
 .rodata        0x0000000008005a00       0x20 /opt/cross/lib/gcc/arm-none-eabi/7.2.0/../../../../arm-none-eabi/lib/thumb/cortex-m3/libg.a(lib_a-svfprintf.o)
 .rodata        0x0000000008005a20       0x20 /opt/cross/lib/gcc/arm-none-eabi/7.2.0/../../../../arm-none-eabi/lib/thumb/cortex-m3/libg.a(lib_a-svfiprintf.o)
 *(.rodata*)
 .rodata.AHBPrescTable
                0x0000000008005a40       0x10 CMakeFiles/blink.elf.dir/Src/system_stm32f1xx.c.obj
                0x0000000008005a40                AHBPrescTable
 .rodata.APBPrescTable
                0x0000000008005a50        0x8 CMakeFiles/blink.elf.dir/Src/system_stm32f1xx.c.obj
                0x0000000008005a50                APBPrescTable
 .rodata.Font11x18
                0x0000000008005a58      0xd5c CMakeFiles/blink.elf.dir/UserSrc/Lib/ssd1306/Src/fonts.c.obj
 .rodata.str1.4
                0x00000000080067b4       0x30 /opt/cross/lib/gcc/arm-none-eabi/7.2.0/../../../../arm-none-eabi/lib/thumb/cortex-m3/libg.a(lib_a-svfprintf.o)
                                         0x2f (size before relaxing)
 .rodata.str1.4
                0x00000000080067e4       0x2f /opt/cross/lib/gcc/arm-none-eabi/7.2.0/../../../../arm-none-eabi/lib/thumb/cortex-m3/libg.a(lib_a-svfiprintf.o)
                0x0000000008006814                . = ALIGN (0x4)

.rel.dyn        0x00000000080067e4        0x0
 .rel.iplt      0x00000000080067e4        0x0 /opt/cross/lib/gcc/arm-none-eabi/7.2.0/thumb/cortex-m3/crtbegin.o

.ARM.extab
 *(.ARM.extab* .gnu.linkonce.armextab.*)

.ARM            0x00000000080067e4        0x0
                0x00000000080067e4                __exidx_start = .
 *(.ARM.exidx*)
                0x00000000080067e4                __exidx_end = .

.preinit_array  0x00000000080067e4        0x0
                0x00000000080067e4                PROVIDE (__preinit_array_start, .)
 *(.preinit_array*)
                0x00000000080067e4                PROVIDE (__preinit_array_end, .)

.init_array     0x00000000080067e4        0x4
                0x00000000080067e4                PROVIDE (__init_array_start, .)
 *(SORT(.init_array.*))
 *(.init_array*)
 .init_array    0x00000000080067e4        0x4 /opt/cross/lib/gcc/arm-none-eabi/7.2.0/thumb/cortex-m3/crtbegin.o
                0x00000000080067e8                PROVIDE (__init_array_end, .)

.fini_array     0x00000000080067e8        0x4
                0x00000000080067e8                PROVIDE (__fini_array_start, .)
 *(SORT(.fini_array.*))
 *(.fini_array*)
 .fini_array    0x00000000080067e8        0x4 /opt/cross/lib/gcc/arm-none-eabi/7.2.0/thumb/cortex-m3/crtbegin.o
                0x00000000080067ec                PROVIDE (__fini_array_end, .)
                0x00000000080067ec                _sidata = LOADADDR (.data)

.data           0x0000000020000000      0x84c load address 0x00000000080067ec
                0x0000000020000000                . = ALIGN (0x4)
                0x0000000020000000                _sdata = .
 *(.data)
 .data          0x0000000020000000      0x430 /opt/cross/lib/gcc/arm-none-eabi/7.2.0/../../../../arm-none-eabi/lib/thumb/cortex-m3/libg.a(lib_a-impure.o)
                0x0000000020000000                _impure_ptr
 .data          0x0000000020000430      0x410 /opt/cross/lib/gcc/arm-none-eabi/7.2.0/../../../../arm-none-eabi/lib/thumb/cortex-m3/libg.a(lib_a-mallocr.o)
                0x0000000020000430                __malloc_av_
                0x0000000020000838                __malloc_sbrk_base
                0x000000002000083c                __malloc_trim_threshold
 *(.data*)
 .data.SystemCoreClock
                0x0000000020000840        0x4 CMakeFiles/blink.elf.dir/Src/system_stm32f1xx.c.obj
                0x0000000020000840                SystemCoreClock
 .data.Font_11x18
                0x0000000020000844        0x8 CMakeFiles/blink.elf.dir/UserSrc/Lib/ssd1306/Src/fonts.c.obj
                0x0000000020000844                Font_11x18
                0x000000002000084c                . = ALIGN (0x4)
                0x000000002000084c                _edata = .

.tm_clone_table
                0x000000002000084c        0x0 load address 0x0000000008007038
 .tm_clone_table
                0x000000002000084c        0x0 /opt/cross/lib/gcc/arm-none-eabi/7.2.0/thumb/cortex-m3/crtbegin.o
 .tm_clone_table
                0x000000002000084c        0x0 /opt/cross/lib/gcc/arm-none-eabi/7.2.0/thumb/cortex-m3/crtend.o

.igot.plt       0x000000002000084c        0x0 load address 0x0000000008007038
 .igot.plt      0x000000002000084c        0x0 /opt/cross/lib/gcc/arm-none-eabi/7.2.0/thumb/cortex-m3/crtbegin.o
                0x000000002000084c                . = ALIGN (0x4)

.bss            0x000000002000084c      0x51c load address 0x0000000008007038
                0x000000002000084c                _sbss = .
                0x000000002000084c                __bss_start__ = _sbss
 *(.bss)
 .bss           0x000000002000084c       0x1c /opt/cross/lib/gcc/arm-none-eabi/7.2.0/thumb/cortex-m3/crtbegin.o
 .bss           0x0000000020000868       0x34 /opt/cross/lib/gcc/arm-none-eabi/7.2.0/../../../../arm-none-eabi/lib/thumb/cortex-m3/libg.a(lib_a-mallocr.o)
                0x0000000020000868                __malloc_top_pad
                0x000000002000086c                __malloc_current_mallinfo
                0x0000000020000894                __malloc_max_sbrked_mem
                0x0000000020000898                __malloc_max_total_mem
 *(.bss*)
 .bss.hi2c1     0x000000002000089c       0x54 CMakeFiles/blink.elf.dir/Src/main.c.obj
                0x000000002000089c                hi2c1
 .bss.htim2     0x00000000200008f0       0x40 CMakeFiles/blink.elf.dir/Src/main.c.obj
                0x00000000200008f0                htim2
 .bss.uwTick    0x0000000020000930        0x4 CMakeFiles/blink.elf.dir/Drivers/STM32F1xx_HAL_Driver/Src/stm32f1xx_hal.c.obj
                0x0000000020000930                uwTick
 .bss.dht       0x0000000020000934       0x24 CMakeFiles/blink.elf.dir/UserSrc/Src/lesson5.c.obj
                0x0000000020000934                dht
 .bss.SSD1306_Buffer
                0x0000000020000958      0x400 CMakeFiles/blink.elf.dir/UserSrc/Lib/ssd1306/Src/ssd1306.c.obj
 .bss.SSD1306   0x0000000020000d58        0x6 CMakeFiles/blink.elf.dir/UserSrc/Lib/ssd1306/Src/ssd1306.c.obj
 *fill*         0x0000000020000d5e        0x2 
 .bss.heap.5237
                0x0000000020000d60        0x4 CMakeFiles/blink.elf.dir/UserSrc/Lib/syscall/Src/syscalls.c.obj
 *(COMMON)
 COMMON         0x0000000020000d64        0x4 /opt/cross/lib/gcc/arm-none-eabi/7.2.0/../../../../arm-none-eabi/lib/thumb/cortex-m3/libg.a(lib_a-reent.o)
                0x0000000020000d64                errno
                0x0000000020000d68                . = ALIGN (0x4)
                0x0000000020000d68                _ebss = .
                0x0000000020000d68                __bss_end__ = _ebss

._user_heap_stack
                0x0000000020000d68      0x600 load address 0x0000000008007038
                0x0000000020000d68                . = ALIGN (0x8)
                [!provide]                        PROVIDE (end, .)
                0x0000000020000d68                PROVIDE (_end, .)
                0x0000000020000f68                . = (. + _Min_Heap_Size)
 *fill*         0x0000000020000d68      0x200 
                0x0000000020001368                . = (. + _Min_Stack_Size)
 *fill*         0x0000000020000f68      0x400 
                0x0000000020001368                . = ALIGN (0x8)

/DISCARD/
 libc.a(*)
 libm.a(*)
 libgcc.a(*)

.ARM.attributes
                0x0000000000000000       0x2f
 *(.ARM.attributes)
 .ARM.attributes
                0x0000000000000000       0x23 /opt/cross/lib/gcc/arm-none-eabi/7.2.0/thumb/cortex-m3/crti.o
 .ARM.attributes
                0x0000000000000023       0x33 /opt/cross/lib/gcc/arm-none-eabi/7.2.0/thumb/cortex-m3/crtbegin.o
 .ARM.attributes
                0x0000000000000056       0x33 CMakeFiles/blink.elf.dir/Src/main.c.obj
 .ARM.attributes
                0x0000000000000089       0x33 CMakeFiles/blink.elf.dir/Src/stm32f1xx_hal_msp.c.obj
 .ARM.attributes
                0x00000000000000bc       0x33 CMakeFiles/blink.elf.dir/Src/stm32f1xx_it.c.obj
 .ARM.attributes
                0x00000000000000ef       0x33 CMakeFiles/blink.elf.dir/Src/system_stm32f1xx.c.obj
 .ARM.attributes
                0x0000000000000122       0x33 CMakeFiles/blink.elf.dir/Drivers/STM32F1xx_HAL_Driver/Src/stm32f1xx_hal.c.obj
 .ARM.attributes
                0x0000000000000155       0x33 CMakeFiles/blink.elf.dir/Drivers/STM32F1xx_HAL_Driver/Src/stm32f1xx_hal_cortex.c.obj
 .ARM.attributes
                0x0000000000000188       0x33 CMakeFiles/blink.elf.dir/Drivers/STM32F1xx_HAL_Driver/Src/stm32f1xx_hal_gpio.c.obj
 .ARM.attributes
                0x00000000000001bb       0x33 CMakeFiles/blink.elf.dir/Drivers/STM32F1xx_HAL_Driver/Src/stm32f1xx_hal_i2c.c.obj
 .ARM.attributes
                0x00000000000001ee       0x33 CMakeFiles/blink.elf.dir/Drivers/STM32F1xx_HAL_Driver/Src/stm32f1xx_hal_rcc.c.obj
 .ARM.attributes
                0x0000000000000221       0x33 CMakeFiles/blink.elf.dir/Drivers/STM32F1xx_HAL_Driver/Src/stm32f1xx_hal_tim.c.obj
 .ARM.attributes
                0x0000000000000254       0x33 CMakeFiles/blink.elf.dir/Drivers/STM32F1xx_HAL_Driver/Src/stm32f1xx_hal_tim_ex.c.obj
 .ARM.attributes
                0x0000000000000287       0x33 CMakeFiles/blink.elf.dir/UserSrc/Src/lesson5.c.obj
 .ARM.attributes
                0x00000000000002ba       0x33 CMakeFiles/blink.elf.dir/UserSrc/Lib/dh11/Src/dht11.c.obj
 .ARM.attributes
                0x00000000000002ed       0x33 CMakeFiles/blink.elf.dir/UserSrc/Lib/ssd1306/Src/fonts.c.obj
 .ARM.attributes
                0x0000000000000320       0x33 CMakeFiles/blink.elf.dir/UserSrc/Lib/ssd1306/Src/ssd1306.c.obj
 .ARM.attributes
                0x0000000000000353       0x33 CMakeFiles/blink.elf.dir/UserSrc/Lib/syscall/Src/syscalls.c.obj
 .ARM.attributes
                0x0000000000000386       0x21 libCMSIS.a(startup_stm32f103xb.s.obj)
 .ARM.attributes
                0x00000000000003a7       0x23 /opt/cross/lib/gcc/arm-none-eabi/7.2.0/thumb/cortex-m3/libgcc.a(_arm_addsubdf3.o)
 .ARM.attributes
                0x00000000000003ca       0x23 /opt/cross/lib/gcc/arm-none-eabi/7.2.0/thumb/cortex-m3/libgcc.a(_arm_addsubsf3.o)
 .ARM.attributes
                0x00000000000003ed       0x23 /opt/cross/lib/gcc/arm-none-eabi/7.2.0/thumb/cortex-m3/libgcc.a(_arm_muldivsf3.o)
 .ARM.attributes
                0x0000000000000410       0x33 /opt/cross/lib/gcc/arm-none-eabi/7.2.0/../../../../arm-none-eabi/lib/thumb/cortex-m3/libg.a(lib_a-impure.o)
 .ARM.attributes
                0x0000000000000443       0x33 /opt/cross/lib/gcc/arm-none-eabi/7.2.0/../../../../arm-none-eabi/lib/thumb/cortex-m3/libg.a(lib_a-init.o)
 .ARM.attributes
                0x0000000000000476       0x33 /opt/cross/lib/gcc/arm-none-eabi/7.2.0/../../../../arm-none-eabi/lib/thumb/cortex-m3/libg.a(lib_a-sprintf.o)
 .ARM.attributes
                0x00000000000004a9       0x33 /opt/cross/lib/gcc/arm-none-eabi/7.2.0/../../../../arm-none-eabi/lib/thumb/cortex-m3/libg.a(lib_a-svfprintf.o)
 .ARM.attributes
                0x00000000000004dc       0x33 /opt/cross/lib/gcc/arm-none-eabi/7.2.0/../../../../arm-none-eabi/lib/thumb/cortex-m3/libg.a(lib_a-mallocr.o)
 .ARM.attributes
                0x000000000000050f       0x33 /opt/cross/lib/gcc/arm-none-eabi/7.2.0/../../../../arm-none-eabi/lib/thumb/cortex-m3/libg.a(lib_a-memchr-stub.o)
 .ARM.attributes
                0x0000000000000542       0x33 /opt/cross/lib/gcc/arm-none-eabi/7.2.0/../../../../arm-none-eabi/lib/thumb/cortex-m3/libg.a(lib_a-mlock.o)
 .ARM.attributes
                0x0000000000000575       0x33 /opt/cross/lib/gcc/arm-none-eabi/7.2.0/../../../../arm-none-eabi/lib/thumb/cortex-m3/libg.a(lib_a-sbrkr.o)
 .ARM.attributes
                0x00000000000005a8       0x33 /opt/cross/lib/gcc/arm-none-eabi/7.2.0/../../../../arm-none-eabi/lib/thumb/cortex-m3/libg.a(lib_a-strlen-stub.o)
 .ARM.attributes
                0x00000000000005db       0x33 /opt/cross/lib/gcc/arm-none-eabi/7.2.0/../../../../arm-none-eabi/lib/thumb/cortex-m3/libg.a(lib_a-svfiprintf.o)
 .ARM.attributes
                0x000000000000060e       0x33 /opt/cross/lib/gcc/arm-none-eabi/7.2.0/../../../../arm-none-eabi/lib/thumb/cortex-m3/libg.a(lib_a-freer.o)
 .ARM.attributes
                0x0000000000000641       0x21 /opt/cross/lib/gcc/arm-none-eabi/7.2.0/../../../../arm-none-eabi/lib/thumb/cortex-m3/libg.a(lib_a-memcpy.o)
 .ARM.attributes
                0x0000000000000662       0x33 /opt/cross/lib/gcc/arm-none-eabi/7.2.0/../../../../arm-none-eabi/lib/thumb/cortex-m3/libg.a(lib_a-memmove.o)
 .ARM.attributes
                0x0000000000000695       0x33 /opt/cross/lib/gcc/arm-none-eabi/7.2.0/../../../../arm-none-eabi/lib/thumb/cortex-m3/libg.a(lib_a-reallocr.o)
 .ARM.attributes
                0x00000000000006c8       0x33 /opt/cross/lib/gcc/arm-none-eabi/7.2.0/../../../../arm-none-eabi/lib/thumb/cortex-m3/libg.a(lib_a-reent.o)
 .ARM.attributes
                0x00000000000006fb       0x33 /opt/cross/lib/gcc/arm-none-eabi/7.2.0/thumb/cortex-m3/crtend.o
 .ARM.attributes
                0x000000000000072e       0x23 /opt/cross/lib/gcc/arm-none-eabi/7.2.0/thumb/cortex-m3/crtn.o
OUTPUT(blink.elf elf32-littlearm)

.comment        0x0000000000000000       0x11
 .comment       0x0000000000000000       0x11 /opt/cross/lib/gcc/arm-none-eabi/7.2.0/thumb/cortex-m3/crtbegin.o
                                         0x12 (size before relaxing)
 .comment       0x0000000000000011       0x12 CMakeFiles/blink.elf.dir/Src/main.c.obj
 .comment       0x0000000000000011       0x12 CMakeFiles/blink.elf.dir/Src/stm32f1xx_hal_msp.c.obj
 .comment       0x0000000000000011       0x12 CMakeFiles/blink.elf.dir/Src/stm32f1xx_it.c.obj
 .comment       0x0000000000000011       0x12 CMakeFiles/blink.elf.dir/Src/system_stm32f1xx.c.obj
 .comment       0x0000000000000011       0x12 CMakeFiles/blink.elf.dir/Drivers/STM32F1xx_HAL_Driver/Src/stm32f1xx_hal.c.obj
 .comment       0x0000000000000011       0x12 CMakeFiles/blink.elf.dir/Drivers/STM32F1xx_HAL_Driver/Src/stm32f1xx_hal_cortex.c.obj
 .comment       0x0000000000000011       0x12 CMakeFiles/blink.elf.dir/Drivers/STM32F1xx_HAL_Driver/Src/stm32f1xx_hal_gpio.c.obj
 .comment       0x0000000000000011       0x12 CMakeFiles/blink.elf.dir/Drivers/STM32F1xx_HAL_Driver/Src/stm32f1xx_hal_i2c.c.obj
 .comment       0x0000000000000011       0x12 CMakeFiles/blink.elf.dir/Drivers/STM32F1xx_HAL_Driver/Src/stm32f1xx_hal_rcc.c.obj
 .comment       0x0000000000000011       0x12 CMakeFiles/blink.elf.dir/Drivers/STM32F1xx_HAL_Driver/Src/stm32f1xx_hal_tim.c.obj
 .comment       0x0000000000000011       0x12 CMakeFiles/blink.elf.dir/Drivers/STM32F1xx_HAL_Driver/Src/stm32f1xx_hal_tim_ex.c.obj
 .comment       0x0000000000000011       0x12 CMakeFiles/blink.elf.dir/UserSrc/Src/lesson5.c.obj
 .comment       0x0000000000000011       0x12 CMakeFiles/blink.elf.dir/UserSrc/Lib/dh11/Src/dht11.c.obj
 .comment       0x0000000000000011       0x12 CMakeFiles/blink.elf.dir/UserSrc/Lib/ssd1306/Src/fonts.c.obj
 .comment       0x0000000000000011       0x12 CMakeFiles/blink.elf.dir/UserSrc/Lib/ssd1306/Src/ssd1306.c.obj
 .comment       0x0000000000000011       0x12 CMakeFiles/blink.elf.dir/UserSrc/Lib/syscall/Src/syscalls.c.obj
 .comment       0x0000000000000011       0x12 /opt/cross/lib/gcc/arm-none-eabi/7.2.0/../../../../arm-none-eabi/lib/thumb/cortex-m3/libg.a(lib_a-impure.o)
 .comment       0x0000000000000011       0x12 /opt/cross/lib/gcc/arm-none-eabi/7.2.0/../../../../arm-none-eabi/lib/thumb/cortex-m3/libg.a(lib_a-init.o)
 .comment       0x0000000000000011       0x12 /opt/cross/lib/gcc/arm-none-eabi/7.2.0/../../../../arm-none-eabi/lib/thumb/cortex-m3/libg.a(lib_a-sprintf.o)
 .comment       0x0000000000000011       0x12 /opt/cross/lib/gcc/arm-none-eabi/7.2.0/../../../../arm-none-eabi/lib/thumb/cortex-m3/libg.a(lib_a-svfprintf.o)
 .comment       0x0000000000000011       0x12 /opt/cross/lib/gcc/arm-none-eabi/7.2.0/../../../../arm-none-eabi/lib/thumb/cortex-m3/libg.a(lib_a-mallocr.o)
 .comment       0x0000000000000011       0x12 /opt/cross/lib/gcc/arm-none-eabi/7.2.0/../../../../arm-none-eabi/lib/thumb/cortex-m3/libg.a(lib_a-memchr-stub.o)
 .comment       0x0000000000000011       0x12 /opt/cross/lib/gcc/arm-none-eabi/7.2.0/../../../../arm-none-eabi/lib/thumb/cortex-m3/libg.a(lib_a-mlock.o)
 .comment       0x0000000000000011       0x12 /opt/cross/lib/gcc/arm-none-eabi/7.2.0/../../../../arm-none-eabi/lib/thumb/cortex-m3/libg.a(lib_a-sbrkr.o)
 .comment       0x0000000000000011       0x12 /opt/cross/lib/gcc/arm-none-eabi/7.2.0/../../../../arm-none-eabi/lib/thumb/cortex-m3/libg.a(lib_a-strlen-stub.o)
 .comment       0x0000000000000011       0x12 /opt/cross/lib/gcc/arm-none-eabi/7.2.0/../../../../arm-none-eabi/lib/thumb/cortex-m3/libg.a(lib_a-svfiprintf.o)
 .comment       0x0000000000000011       0x12 /opt/cross/lib/gcc/arm-none-eabi/7.2.0/../../../../arm-none-eabi/lib/thumb/cortex-m3/libg.a(lib_a-freer.o)
 .comment       0x0000000000000011       0x12 /opt/cross/lib/gcc/arm-none-eabi/7.2.0/../../../../arm-none-eabi/lib/thumb/cortex-m3/libg.a(lib_a-memmove.o)
 .comment       0x0000000000000011       0x12 /opt/cross/lib/gcc/arm-none-eabi/7.2.0/../../../../arm-none-eabi/lib/thumb/cortex-m3/libg.a(lib_a-reallocr.o)
 .comment       0x0000000000000011       0x12 /opt/cross/lib/gcc/arm-none-eabi/7.2.0/../../../../arm-none-eabi/lib/thumb/cortex-m3/libg.a(lib_a-reent.o)
 .comment       0x0000000000000011       0x12 /opt/cross/lib/gcc/arm-none-eabi/7.2.0/thumb/cortex-m3/crtend.o

.debug_info     0x0000000000000000    0x1ddc0
 .debug_info    0x0000000000000000     0x164b CMakeFiles/blink.elf.dir/Src/main.c.obj
 .debug_info    0x000000000000164b     0x1451 CMakeFiles/blink.elf.dir/Src/stm32f1xx_hal_msp.c.obj
 .debug_info    0x0000000000002a9c     0x1037 CMakeFiles/blink.elf.dir/Src/stm32f1xx_it.c.obj
 .debug_info    0x0000000000003ad3      0x3e5 CMakeFiles/blink.elf.dir/Src/system_stm32f1xx.c.obj
 .debug_info    0x0000000000003eb8      0xe2e CMakeFiles/blink.elf.dir/Drivers/STM32F1xx_HAL_Driver/Src/stm32f1xx_hal.c.obj
 .debug_info    0x0000000000004ce6     0x12fb CMakeFiles/blink.elf.dir/Drivers/STM32F1xx_HAL_Driver/Src/stm32f1xx_hal_cortex.c.obj
 .debug_info    0x0000000000005fe1      0xe60 CMakeFiles/blink.elf.dir/Drivers/STM32F1xx_HAL_Driver/Src/stm32f1xx_hal_gpio.c.obj
 .debug_info    0x0000000000006e41     0x2972 CMakeFiles/blink.elf.dir/Drivers/STM32F1xx_HAL_Driver/Src/stm32f1xx_hal_i2c.c.obj
 .debug_info    0x00000000000097b3      0xfc6 CMakeFiles/blink.elf.dir/Drivers/STM32F1xx_HAL_Driver/Src/stm32f1xx_hal_rcc.c.obj
 .debug_info    0x000000000000a779     0x29c9 CMakeFiles/blink.elf.dir/Drivers/STM32F1xx_HAL_Driver/Src/stm32f1xx_hal_tim.c.obj
 .debug_info    0x000000000000d142     0x1778 CMakeFiles/blink.elf.dir/Drivers/STM32F1xx_HAL_Driver/Src/stm32f1xx_hal_tim_ex.c.obj
 .debug_info    0x000000000000e8ba     0x1324 CMakeFiles/blink.elf.dir/UserSrc/Src/lesson5.c.obj
 .debug_info    0x000000000000fbde     0x125f CMakeFiles/blink.elf.dir/UserSrc/Lib/dh11/Src/dht11.c.obj
 .debug_info    0x0000000000010e3d      0xa37 CMakeFiles/blink.elf.dir/UserSrc/Lib/ssd1306/Src/fonts.c.obj
 .debug_info    0x0000000000011874     0x1076 CMakeFiles/blink.elf.dir/UserSrc/Lib/ssd1306/Src/ssd1306.c.obj
 .debug_info    0x00000000000128ea      0xc7b CMakeFiles/blink.elf.dir/UserSrc/Lib/syscall/Src/syscalls.c.obj
 .debug_info    0x0000000000013565       0x26 /opt/cross/lib/gcc/arm-none-eabi/7.2.0/thumb/cortex-m3/libgcc.a(_arm_addsubdf3.o)
 .debug_info    0x000000000001358b       0x26 /opt/cross/lib/gcc/arm-none-eabi/7.2.0/thumb/cortex-m3/libgcc.a(_arm_addsubsf3.o)
 .debug_info    0x00000000000135b1       0x26 /opt/cross/lib/gcc/arm-none-eabi/7.2.0/thumb/cortex-m3/libgcc.a(_arm_muldivsf3.o)
 .debug_info    0x00000000000135d7      0x8a9 /opt/cross/lib/gcc/arm-none-eabi/7.2.0/../../../../arm-none-eabi/lib/thumb/cortex-m3/libg.a(lib_a-impure.o)
 .debug_info    0x0000000000013e80      0x109 /opt/cross/lib/gcc/arm-none-eabi/7.2.0/../../../../arm-none-eabi/lib/thumb/cortex-m3/libg.a(lib_a-init.o)
 .debug_info    0x0000000000013f89      0xbd7 /opt/cross/lib/gcc/arm-none-eabi/7.2.0/../../../../arm-none-eabi/lib/thumb/cortex-m3/libg.a(lib_a-sprintf.o)
 .debug_info    0x0000000000014b60     0x1534 /opt/cross/lib/gcc/arm-none-eabi/7.2.0/../../../../arm-none-eabi/lib/thumb/cortex-m3/libg.a(lib_a-svfprintf.o)
 .debug_info    0x0000000000016094      0xde1 /opt/cross/lib/gcc/arm-none-eabi/7.2.0/../../../../arm-none-eabi/lib/thumb/cortex-m3/libg.a(lib_a-mallocr.o)
 .debug_info    0x0000000000016e75      0x939 /opt/cross/lib/gcc/arm-none-eabi/7.2.0/../../../../arm-none-eabi/lib/thumb/cortex-m3/libg.a(lib_a-memchr-stub.o)
 .debug_info    0x00000000000177ae      0x8dc /opt/cross/lib/gcc/arm-none-eabi/7.2.0/../../../../arm-none-eabi/lib/thumb/cortex-m3/libg.a(lib_a-mlock.o)
 .debug_info    0x000000000001808a      0x95e /opt/cross/lib/gcc/arm-none-eabi/7.2.0/../../../../arm-none-eabi/lib/thumb/cortex-m3/libg.a(lib_a-sbrkr.o)
 .debug_info    0x00000000000189e8      0x8ba /opt/cross/lib/gcc/arm-none-eabi/7.2.0/../../../../arm-none-eabi/lib/thumb/cortex-m3/libg.a(lib_a-strlen-stub.o)
 .debug_info    0x00000000000192a2     0x1801 /opt/cross/lib/gcc/arm-none-eabi/7.2.0/../../../../arm-none-eabi/lib/thumb/cortex-m3/libg.a(lib_a-svfiprintf.o)
 .debug_info    0x000000000001aaa3      0xcc2 /opt/cross/lib/gcc/arm-none-eabi/7.2.0/../../../../arm-none-eabi/lib/thumb/cortex-m3/libg.a(lib_a-freer.o)
 .debug_info    0x000000000001b765       0x26 /opt/cross/lib/gcc/arm-none-eabi/7.2.0/../../../../arm-none-eabi/lib/thumb/cortex-m3/libg.a(lib_a-memcpy.o)
 .debug_info    0x000000000001b78b      0xe31 /opt/cross/lib/gcc/arm-none-eabi/7.2.0/../../../../arm-none-eabi/lib/thumb/cortex-m3/libg.a(lib_a-memmove.o)
 .debug_info    0x000000000001c5bc      0xdd7 /opt/cross/lib/gcc/arm-none-eabi/7.2.0/../../../../arm-none-eabi/lib/thumb/cortex-m3/libg.a(lib_a-reallocr.o)
 .debug_info    0x000000000001d393      0xa2d /opt/cross/lib/gcc/arm-none-eabi/7.2.0/../../../../arm-none-eabi/lib/thumb/cortex-m3/libg.a(lib_a-reent.o)

.debug_abbrev   0x0000000000000000     0x4689
 .debug_abbrev  0x0000000000000000      0x298 CMakeFiles/blink.elf.dir/Src/main.c.obj
 .debug_abbrev  0x0000000000000298      0x232 CMakeFiles/blink.elf.dir/Src/stm32f1xx_hal_msp.c.obj
 .debug_abbrev  0x00000000000004ca      0x226 CMakeFiles/blink.elf.dir/Src/stm32f1xx_it.c.obj
 .debug_abbrev  0x00000000000006f0      0x131 CMakeFiles/blink.elf.dir/Src/system_stm32f1xx.c.obj
 .debug_abbrev  0x0000000000000821      0x2c9 CMakeFiles/blink.elf.dir/Drivers/STM32F1xx_HAL_Driver/Src/stm32f1xx_hal.c.obj
 .debug_abbrev  0x0000000000000aea      0x393 CMakeFiles/blink.elf.dir/Drivers/STM32F1xx_HAL_Driver/Src/stm32f1xx_hal_cortex.c.obj
 .debug_abbrev  0x0000000000000e7d      0x286 CMakeFiles/blink.elf.dir/Drivers/STM32F1xx_HAL_Driver/Src/stm32f1xx_hal_gpio.c.obj
 .debug_abbrev  0x0000000000001103      0x2df CMakeFiles/blink.elf.dir/Drivers/STM32F1xx_HAL_Driver/Src/stm32f1xx_hal_i2c.c.obj
 .debug_abbrev  0x00000000000013e2      0x30d CMakeFiles/blink.elf.dir/Drivers/STM32F1xx_HAL_Driver/Src/stm32f1xx_hal_rcc.c.obj
 .debug_abbrev  0x00000000000016ef      0x2e7 CMakeFiles/blink.elf.dir/Drivers/STM32F1xx_HAL_Driver/Src/stm32f1xx_hal_tim.c.obj
 .debug_abbrev  0x00000000000019d6      0x2c4 CMakeFiles/blink.elf.dir/Drivers/STM32F1xx_HAL_Driver/Src/stm32f1xx_hal_tim_ex.c.obj
 .debug_abbrev  0x0000000000001c9a      0x24b CMakeFiles/blink.elf.dir/UserSrc/Src/lesson5.c.obj
 .debug_abbrev  0x0000000000001ee5      0x2dc CMakeFiles/blink.elf.dir/UserSrc/Lib/dh11/Src/dht11.c.obj
 .debug_abbrev  0x00000000000021c1      0x1b7 CMakeFiles/blink.elf.dir/UserSrc/Lib/ssd1306/Src/fonts.c.obj
 .debug_abbrev  0x0000000000002378      0x284 CMakeFiles/blink.elf.dir/UserSrc/Lib/ssd1306/Src/ssd1306.c.obj
 .debug_abbrev  0x00000000000025fc      0x20d CMakeFiles/blink.elf.dir/UserSrc/Lib/syscall/Src/syscalls.c.obj
 .debug_abbrev  0x0000000000002809       0x14 /opt/cross/lib/gcc/arm-none-eabi/7.2.0/thumb/cortex-m3/libgcc.a(_arm_addsubdf3.o)
 .debug_abbrev  0x000000000000281d       0x14 /opt/cross/lib/gcc/arm-none-eabi/7.2.0/thumb/cortex-m3/libgcc.a(_arm_addsubsf3.o)
 .debug_abbrev  0x0000000000002831       0x14 /opt/cross/lib/gcc/arm-none-eabi/7.2.0/thumb/cortex-m3/libgcc.a(_arm_muldivsf3.o)
 .debug_abbrev  0x0000000000002845      0x192 /opt/cross/lib/gcc/arm-none-eabi/7.2.0/../../../../arm-none-eabi/lib/thumb/cortex-m3/libg.a(lib_a-impure.o)
 .debug_abbrev  0x00000000000029d7       0xba /opt/cross/lib/gcc/arm-none-eabi/7.2.0/../../../../arm-none-eabi/lib/thumb/cortex-m3/libg.a(lib_a-init.o)
 .debug_abbrev  0x0000000000002a91      0x258 /opt/cross/lib/gcc/arm-none-eabi/7.2.0/../../../../arm-none-eabi/lib/thumb/cortex-m3/libg.a(lib_a-sprintf.o)
 .debug_abbrev  0x0000000000002ce9      0x2d0 /opt/cross/lib/gcc/arm-none-eabi/7.2.0/../../../../arm-none-eabi/lib/thumb/cortex-m3/libg.a(lib_a-svfprintf.o)
 .debug_abbrev  0x0000000000002fb9      0x2cd /opt/cross/lib/gcc/arm-none-eabi/7.2.0/../../../../arm-none-eabi/lib/thumb/cortex-m3/libg.a(lib_a-mallocr.o)
 .debug_abbrev  0x0000000000003286      0x1db /opt/cross/lib/gcc/arm-none-eabi/7.2.0/../../../../arm-none-eabi/lib/thumb/cortex-m3/libg.a(lib_a-memchr-stub.o)
 .debug_abbrev  0x0000000000003461      0x1d3 /opt/cross/lib/gcc/arm-none-eabi/7.2.0/../../../../arm-none-eabi/lib/thumb/cortex-m3/libg.a(lib_a-mlock.o)
 .debug_abbrev  0x0000000000003634      0x215 /opt/cross/lib/gcc/arm-none-eabi/7.2.0/../../../../arm-none-eabi/lib/thumb/cortex-m3/libg.a(lib_a-sbrkr.o)
 .debug_abbrev  0x0000000000003849      0x1a7 /opt/cross/lib/gcc/arm-none-eabi/7.2.0/../../../../arm-none-eabi/lib/thumb/cortex-m3/libg.a(lib_a-strlen-stub.o)
 .debug_abbrev  0x00000000000039f0      0x31e /opt/cross/lib/gcc/arm-none-eabi/7.2.0/../../../../arm-none-eabi/lib/thumb/cortex-m3/libg.a(lib_a-svfiprintf.o)
 .debug_abbrev  0x0000000000003d0e      0x291 /opt/cross/lib/gcc/arm-none-eabi/7.2.0/../../../../arm-none-eabi/lib/thumb/cortex-m3/libg.a(lib_a-freer.o)
 .debug_abbrev  0x0000000000003f9f       0x14 /opt/cross/lib/gcc/arm-none-eabi/7.2.0/../../../../arm-none-eabi/lib/thumb/cortex-m3/libg.a(lib_a-memcpy.o)
 .debug_abbrev  0x0000000000003fb3      0x1e3 /opt/cross/lib/gcc/arm-none-eabi/7.2.0/../../../../arm-none-eabi/lib/thumb/cortex-m3/libg.a(lib_a-memmove.o)
 .debug_abbrev  0x0000000000004196      0x262 /opt/cross/lib/gcc/arm-none-eabi/7.2.0/../../../../arm-none-eabi/lib/thumb/cortex-m3/libg.a(lib_a-reallocr.o)
 .debug_abbrev  0x00000000000043f8      0x291 /opt/cross/lib/gcc/arm-none-eabi/7.2.0/../../../../arm-none-eabi/lib/thumb/cortex-m3/libg.a(lib_a-reent.o)

.debug_aranges  0x0000000000000000      0xe50
 .debug_aranges
                0x0000000000000000       0x48 CMakeFiles/blink.elf.dir/Src/main.c.obj
 .debug_aranges
                0x0000000000000048       0x40 CMakeFiles/blink.elf.dir/Src/stm32f1xx_hal_msp.c.obj
 .debug_aranges
                0x0000000000000088       0x68 CMakeFiles/blink.elf.dir/Src/stm32f1xx_it.c.obj
 .debug_aranges
                0x00000000000000f0       0x28 CMakeFiles/blink.elf.dir/Src/system_stm32f1xx.c.obj
 .debug_aranges
                0x0000000000000118       0xb8 CMakeFiles/blink.elf.dir/Drivers/STM32F1xx_HAL_Driver/Src/stm32f1xx_hal.c.obj
 .debug_aranges
                0x00000000000001d0      0x100 CMakeFiles/blink.elf.dir/Drivers/STM32F1xx_HAL_Driver/Src/stm32f1xx_hal_cortex.c.obj
 .debug_aranges
                0x00000000000002d0       0x58 CMakeFiles/blink.elf.dir/Drivers/STM32F1xx_HAL_Driver/Src/stm32f1xx_hal_gpio.c.obj
 .debug_aranges
                0x0000000000000328      0x268 CMakeFiles/blink.elf.dir/Drivers/STM32F1xx_HAL_Driver/Src/stm32f1xx_hal_i2c.c.obj
 .debug_aranges
                0x0000000000000590       0x90 CMakeFiles/blink.elf.dir/Drivers/STM32F1xx_HAL_Driver/Src/stm32f1xx_hal_rcc.c.obj
 .debug_aranges
                0x0000000000000620      0x368 CMakeFiles/blink.elf.dir/Drivers/STM32F1xx_HAL_Driver/Src/stm32f1xx_hal_tim.c.obj
 .debug_aranges
                0x0000000000000988      0x138 CMakeFiles/blink.elf.dir/Drivers/STM32F1xx_HAL_Driver/Src/stm32f1xx_hal_tim_ex.c.obj
 .debug_aranges
                0x0000000000000ac0       0x28 CMakeFiles/blink.elf.dir/UserSrc/Src/lesson5.c.obj
 .debug_aranges
                0x0000000000000ae8       0x60 CMakeFiles/blink.elf.dir/UserSrc/Lib/dh11/Src/dht11.c.obj
 .debug_aranges
                0x0000000000000b48       0x18 CMakeFiles/blink.elf.dir/UserSrc/Lib/ssd1306/Src/fonts.c.obj
 .debug_aranges
                0x0000000000000b60       0x58 CMakeFiles/blink.elf.dir/UserSrc/Lib/ssd1306/Src/ssd1306.c.obj
 .debug_aranges
                0x0000000000000bb8       0x60 CMakeFiles/blink.elf.dir/UserSrc/Lib/syscall/Src/syscalls.c.obj
 .debug_aranges
                0x0000000000000c18       0x20 /opt/cross/lib/gcc/arm-none-eabi/7.2.0/thumb/cortex-m3/libgcc.a(_arm_addsubdf3.o)
 .debug_aranges
                0x0000000000000c38       0x20 /opt/cross/lib/gcc/arm-none-eabi/7.2.0/thumb/cortex-m3/libgcc.a(_arm_addsubsf3.o)
 .debug_aranges
                0x0000000000000c58       0x20 /opt/cross/lib/gcc/arm-none-eabi/7.2.0/thumb/cortex-m3/libgcc.a(_arm_muldivsf3.o)
 .debug_aranges
                0x0000000000000c78       0x18 /opt/cross/lib/gcc/arm-none-eabi/7.2.0/../../../../arm-none-eabi/lib/thumb/cortex-m3/libg.a(lib_a-impure.o)
 .debug_aranges
                0x0000000000000c90       0x20 /opt/cross/lib/gcc/arm-none-eabi/7.2.0/../../../../arm-none-eabi/lib/thumb/cortex-m3/libg.a(lib_a-init.o)
 .debug_aranges
                0x0000000000000cb0       0x20 /opt/cross/lib/gcc/arm-none-eabi/7.2.0/../../../../arm-none-eabi/lib/thumb/cortex-m3/libg.a(lib_a-sprintf.o)
 .debug_aranges
                0x0000000000000cd0       0x20 /opt/cross/lib/gcc/arm-none-eabi/7.2.0/../../../../arm-none-eabi/lib/thumb/cortex-m3/libg.a(lib_a-svfprintf.o)
 .debug_aranges
                0x0000000000000cf0       0x20 /opt/cross/lib/gcc/arm-none-eabi/7.2.0/../../../../arm-none-eabi/lib/thumb/cortex-m3/libg.a(lib_a-mallocr.o)
 .debug_aranges
                0x0000000000000d10       0x20 /opt/cross/lib/gcc/arm-none-eabi/7.2.0/../../../../arm-none-eabi/lib/thumb/cortex-m3/libg.a(lib_a-memchr-stub.o)
 .debug_aranges
                0x0000000000000d30       0x20 /opt/cross/lib/gcc/arm-none-eabi/7.2.0/../../../../arm-none-eabi/lib/thumb/cortex-m3/libg.a(lib_a-mlock.o)
 .debug_aranges
                0x0000000000000d50       0x20 /opt/cross/lib/gcc/arm-none-eabi/7.2.0/../../../../arm-none-eabi/lib/thumb/cortex-m3/libg.a(lib_a-sbrkr.o)
 .debug_aranges
                0x0000000000000d70       0x20 /opt/cross/lib/gcc/arm-none-eabi/7.2.0/../../../../arm-none-eabi/lib/thumb/cortex-m3/libg.a(lib_a-strlen-stub.o)
 .debug_aranges
                0x0000000000000d90       0x20 /opt/cross/lib/gcc/arm-none-eabi/7.2.0/../../../../arm-none-eabi/lib/thumb/cortex-m3/libg.a(lib_a-svfiprintf.o)
 .debug_aranges
                0x0000000000000db0       0x20 /opt/cross/lib/gcc/arm-none-eabi/7.2.0/../../../../arm-none-eabi/lib/thumb/cortex-m3/libg.a(lib_a-freer.o)
 .debug_aranges
                0x0000000000000dd0       0x20 /opt/cross/lib/gcc/arm-none-eabi/7.2.0/../../../../arm-none-eabi/lib/thumb/cortex-m3/libg.a(lib_a-memcpy.o)
 .debug_aranges
                0x0000000000000df0       0x20 /opt/cross/lib/gcc/arm-none-eabi/7.2.0/../../../../arm-none-eabi/lib/thumb/cortex-m3/libg.a(lib_a-memmove.o)
 .debug_aranges
                0x0000000000000e10       0x20 /opt/cross/lib/gcc/arm-none-eabi/7.2.0/../../../../arm-none-eabi/lib/thumb/cortex-m3/libg.a(lib_a-reallocr.o)
 .debug_aranges
                0x0000000000000e30       0x20 /opt/cross/lib/gcc/arm-none-eabi/7.2.0/../../../../arm-none-eabi/lib/thumb/cortex-m3/libg.a(lib_a-reent.o)

.debug_ranges   0x0000000000000000      0xd28
 .debug_ranges  0x0000000000000000       0x38 CMakeFiles/blink.elf.dir/Src/main.c.obj
 .debug_ranges  0x0000000000000038       0x30 CMakeFiles/blink.elf.dir/Src/stm32f1xx_hal_msp.c.obj
 .debug_ranges  0x0000000000000068       0x58 CMakeFiles/blink.elf.dir/Src/stm32f1xx_it.c.obj
 .debug_ranges  0x00000000000000c0       0x18 CMakeFiles/blink.elf.dir/Src/system_stm32f1xx.c.obj
 .debug_ranges  0x00000000000000d8       0xa8 CMakeFiles/blink.elf.dir/Drivers/STM32F1xx_HAL_Driver/Src/stm32f1xx_hal.c.obj
 .debug_ranges  0x0000000000000180       0xf0 CMakeFiles/blink.elf.dir/Drivers/STM32F1xx_HAL_Driver/Src/stm32f1xx_hal_cortex.c.obj
 .debug_ranges  0x0000000000000270       0x48 CMakeFiles/blink.elf.dir/Drivers/STM32F1xx_HAL_Driver/Src/stm32f1xx_hal_gpio.c.obj
 .debug_ranges  0x00000000000002b8      0x258 CMakeFiles/blink.elf.dir/Drivers/STM32F1xx_HAL_Driver/Src/stm32f1xx_hal_i2c.c.obj
 .debug_ranges  0x0000000000000510       0x80 CMakeFiles/blink.elf.dir/Drivers/STM32F1xx_HAL_Driver/Src/stm32f1xx_hal_rcc.c.obj
 .debug_ranges  0x0000000000000590      0x358 CMakeFiles/blink.elf.dir/Drivers/STM32F1xx_HAL_Driver/Src/stm32f1xx_hal_tim.c.obj
 .debug_ranges  0x00000000000008e8      0x128 CMakeFiles/blink.elf.dir/Drivers/STM32F1xx_HAL_Driver/Src/stm32f1xx_hal_tim_ex.c.obj
 .debug_ranges  0x0000000000000a10       0x18 CMakeFiles/blink.elf.dir/UserSrc/Src/lesson5.c.obj
 .debug_ranges  0x0000000000000a28       0x50 CMakeFiles/blink.elf.dir/UserSrc/Lib/dh11/Src/dht11.c.obj
 .debug_ranges  0x0000000000000a78       0x48 CMakeFiles/blink.elf.dir/UserSrc/Lib/ssd1306/Src/ssd1306.c.obj
 .debug_ranges  0x0000000000000ac0       0x50 CMakeFiles/blink.elf.dir/UserSrc/Lib/syscall/Src/syscalls.c.obj
 .debug_ranges  0x0000000000000b10       0x28 /opt/cross/lib/gcc/arm-none-eabi/7.2.0/../../../../arm-none-eabi/lib/thumb/cortex-m3/libg.a(lib_a-svfprintf.o)
 .debug_ranges  0x0000000000000b38       0x40 /opt/cross/lib/gcc/arm-none-eabi/7.2.0/../../../../arm-none-eabi/lib/thumb/cortex-m3/libg.a(lib_a-mallocr.o)
 .debug_ranges  0x0000000000000b78       0x10 /opt/cross/lib/gcc/arm-none-eabi/7.2.0/../../../../arm-none-eabi/lib/thumb/cortex-m3/libg.a(lib_a-strlen-stub.o)
 .debug_ranges  0x0000000000000b88       0x70 /opt/cross/lib/gcc/arm-none-eabi/7.2.0/../../../../arm-none-eabi/lib/thumb/cortex-m3/libg.a(lib_a-svfiprintf.o)
 .debug_ranges  0x0000000000000bf8      0x130 /opt/cross/lib/gcc/arm-none-eabi/7.2.0/../../../../arm-none-eabi/lib/thumb/cortex-m3/libg.a(lib_a-reallocr.o)

.debug_line     0x0000000000000000     0x80be
 .debug_line    0x0000000000000000      0x3a5 CMakeFiles/blink.elf.dir/Src/main.c.obj
 .debug_line    0x00000000000003a5      0x326 CMakeFiles/blink.elf.dir/Src/stm32f1xx_hal_msp.c.obj
 .debug_line    0x00000000000006cb      0x383 CMakeFiles/blink.elf.dir/Src/stm32f1xx_it.c.obj
 .debug_line    0x0000000000000a4e      0x1f4 CMakeFiles/blink.elf.dir/Src/system_stm32f1xx.c.obj
 .debug_line    0x0000000000000c42      0x3ed CMakeFiles/blink.elf.dir/Drivers/STM32F1xx_HAL_Driver/Src/stm32f1xx_hal.c.obj
 .debug_line    0x000000000000102f      0x4c8 CMakeFiles/blink.elf.dir/Drivers/STM32F1xx_HAL_Driver/Src/stm32f1xx_hal_cortex.c.obj
 .debug_line    0x00000000000014f7      0x48b CMakeFiles/blink.elf.dir/Drivers/STM32F1xx_HAL_Driver/Src/stm32f1xx_hal_gpio.c.obj
 .debug_line    0x0000000000001982     0x1368 CMakeFiles/blink.elf.dir/Drivers/STM32F1xx_HAL_Driver/Src/stm32f1xx_hal_i2c.c.obj
 .debug_line    0x0000000000002cea      0x555 CMakeFiles/blink.elf.dir/Drivers/STM32F1xx_HAL_Driver/Src/stm32f1xx_hal_rcc.c.obj
 .debug_line    0x000000000000323f     0x1233 CMakeFiles/blink.elf.dir/Drivers/STM32F1xx_HAL_Driver/Src/stm32f1xx_hal_tim.c.obj
 .debug_line    0x0000000000004472      0x83e CMakeFiles/blink.elf.dir/Drivers/STM32F1xx_HAL_Driver/Src/stm32f1xx_hal_tim_ex.c.obj
 .debug_line    0x0000000000004cb0      0x37d CMakeFiles/blink.elf.dir/UserSrc/Src/lesson5.c.obj
 .debug_line    0x000000000000502d      0x41c CMakeFiles/blink.elf.dir/UserSrc/Lib/dh11/Src/dht11.c.obj
 .debug_line    0x0000000000005449      0x236 CMakeFiles/blink.elf.dir/UserSrc/Lib/ssd1306/Src/fonts.c.obj
 .debug_line    0x000000000000567f      0x423 CMakeFiles/blink.elf.dir/UserSrc/Lib/ssd1306/Src/ssd1306.c.obj
 .debug_line    0x0000000000005aa2      0x21a CMakeFiles/blink.elf.dir/UserSrc/Lib/syscall/Src/syscalls.c.obj
 .debug_line    0x0000000000005cbc      0x182 /opt/cross/lib/gcc/arm-none-eabi/7.2.0/thumb/cortex-m3/libgcc.a(_arm_addsubdf3.o)
 .debug_line    0x0000000000005e3e      0x116 /opt/cross/lib/gcc/arm-none-eabi/7.2.0/thumb/cortex-m3/libgcc.a(_arm_addsubsf3.o)
 .debug_line    0x0000000000005f54      0x139 /opt/cross/lib/gcc/arm-none-eabi/7.2.0/thumb/cortex-m3/libgcc.a(_arm_muldivsf3.o)
 .debug_line    0x000000000000608d       0xec /opt/cross/lib/gcc/arm-none-eabi/7.2.0/../../../../arm-none-eabi/lib/thumb/cortex-m3/libg.a(lib_a-impure.o)
 .debug_line    0x0000000000006179       0xbf /opt/cross/lib/gcc/arm-none-eabi/7.2.0/../../../../arm-none-eabi/lib/thumb/cortex-m3/libg.a(lib_a-init.o)
 .debug_line    0x0000000000006238      0x1a6 /opt/cross/lib/gcc/arm-none-eabi/7.2.0/../../../../arm-none-eabi/lib/thumb/cortex-m3/libg.a(lib_a-sprintf.o)
 .debug_line    0x00000000000063de      0x521 /opt/cross/lib/gcc/arm-none-eabi/7.2.0/../../../../arm-none-eabi/lib/thumb/cortex-m3/libg.a(lib_a-svfprintf.o)
 .debug_line    0x00000000000068ff      0x395 /opt/cross/lib/gcc/arm-none-eabi/7.2.0/../../../../arm-none-eabi/lib/thumb/cortex-m3/libg.a(lib_a-mallocr.o)
 .debug_line    0x0000000000006c94      0x189 /opt/cross/lib/gcc/arm-none-eabi/7.2.0/../../../../arm-none-eabi/lib/thumb/cortex-m3/libg.a(lib_a-memchr-stub.o)
 .debug_line    0x0000000000006e1d       0xfc /opt/cross/lib/gcc/arm-none-eabi/7.2.0/../../../../arm-none-eabi/lib/thumb/cortex-m3/libg.a(lib_a-mlock.o)
 .debug_line    0x0000000000006f19      0x15b /opt/cross/lib/gcc/arm-none-eabi/7.2.0/../../../../arm-none-eabi/lib/thumb/cortex-m3/libg.a(lib_a-sbrkr.o)
 .debug_line    0x0000000000007074      0x153 /opt/cross/lib/gcc/arm-none-eabi/7.2.0/../../../../arm-none-eabi/lib/thumb/cortex-m3/libg.a(lib_a-strlen-stub.o)
 .debug_line    0x00000000000071c7      0x5c8 /opt/cross/lib/gcc/arm-none-eabi/7.2.0/../../../../arm-none-eabi/lib/thumb/cortex-m3/libg.a(lib_a-svfiprintf.o)
 .debug_line    0x000000000000778f      0x28a /opt/cross/lib/gcc/arm-none-eabi/7.2.0/../../../../arm-none-eabi/lib/thumb/cortex-m3/libg.a(lib_a-freer.o)
 .debug_line    0x0000000000007a19       0xbd /opt/cross/lib/gcc/arm-none-eabi/7.2.0/../../../../arm-none-eabi/lib/thumb/cortex-m3/libg.a(lib_a-memcpy.o)
 .debug_line    0x0000000000007ad6      0x1f1 /opt/cross/lib/gcc/arm-none-eabi/7.2.0/../../../../arm-none-eabi/lib/thumb/cortex-m3/libg.a(lib_a-memmove.o)
 .debug_line    0x0000000000007cc7      0x279 /opt/cross/lib/gcc/arm-none-eabi/7.2.0/../../../../arm-none-eabi/lib/thumb/cortex-m3/libg.a(lib_a-reallocr.o)
 .debug_line    0x0000000000007f40      0x17e /opt/cross/lib/gcc/arm-none-eabi/7.2.0/../../../../arm-none-eabi/lib/thumb/cortex-m3/libg.a(lib_a-reent.o)

.debug_str      0x0000000000000000     0x4a78
 .debug_str     0x0000000000000000     0x10d9 CMakeFiles/blink.elf.dir/Src/main.c.obj
                                       0x1221 (size before relaxing)
 .debug_str     0x00000000000010d9       0xd8 CMakeFiles/blink.elf.dir/Src/stm32f1xx_hal_msp.c.obj
                                       0x101d (size before relaxing)
 .debug_str     0x00000000000011b1      0x191 CMakeFiles/blink.elf.dir/Src/stm32f1xx_it.c.obj
                                        0xb30 (size before relaxing)
 .debug_str     0x0000000000001342       0xc7 CMakeFiles/blink.elf.dir/Src/system_stm32f1xx.c.obj
                                        0x2d4 (size before relaxing)
 .debug_str     0x0000000000001409      0x246 CMakeFiles/blink.elf.dir/Drivers/STM32F1xx_HAL_Driver/Src/stm32f1xx_hal.c.obj
                                        0xb39 (size before relaxing)
 .debug_str     0x000000000000164f      0x2ee CMakeFiles/blink.elf.dir/Drivers/STM32F1xx_HAL_Driver/Src/stm32f1xx_hal_cortex.c.obj
                                        0xce2 (size before relaxing)
 .debug_str     0x000000000000193d      0x16b CMakeFiles/blink.elf.dir/Drivers/STM32F1xx_HAL_Driver/Src/stm32f1xx_hal_gpio.c.obj
                                        0x84f (size before relaxing)
 .debug_str     0x0000000000001aa8      0x7fa CMakeFiles/blink.elf.dir/Drivers/STM32F1xx_HAL_Driver/Src/stm32f1xx_hal_i2c.c.obj
                                       0x12a2 (size before relaxing)
 .debug_str     0x00000000000022a2      0x22a CMakeFiles/blink.elf.dir/Drivers/STM32F1xx_HAL_Driver/Src/stm32f1xx_hal_rcc.c.obj
                                        0x9ff (size before relaxing)
 .debug_str     0x00000000000024cc      0xc9b CMakeFiles/blink.elf.dir/Drivers/STM32F1xx_HAL_Driver/Src/stm32f1xx_hal_tim.c.obj
                                       0x1729 (size before relaxing)
 .debug_str     0x0000000000003167      0x503 CMakeFiles/blink.elf.dir/Drivers/STM32F1xx_HAL_Driver/Src/stm32f1xx_hal_tim_ex.c.obj
                                        0xfc6 (size before relaxing)
 .debug_str     0x000000000000366a       0xde CMakeFiles/blink.elf.dir/UserSrc/Src/lesson5.c.obj
                                        0xdbc (size before relaxing)
 .debug_str     0x0000000000003748       0xe7 CMakeFiles/blink.elf.dir/UserSrc/Lib/dh11/Src/dht11.c.obj
                                        0xbed (size before relaxing)
 .debug_str     0x000000000000382f       0x66 CMakeFiles/blink.elf.dir/UserSrc/Lib/ssd1306/Src/fonts.c.obj
                                        0x65e (size before relaxing)
 .debug_str     0x0000000000003895      0x142 CMakeFiles/blink.elf.dir/UserSrc/Lib/ssd1306/Src/ssd1306.c.obj
                                        0xba2 (size before relaxing)
 .debug_str     0x00000000000039d7      0x18f CMakeFiles/blink.elf.dir/UserSrc/Lib/syscall/Src/syscalls.c.obj
                                        0x72a (size before relaxing)
 .debug_str     0x0000000000003b66       0x8b /opt/cross/lib/gcc/arm-none-eabi/7.2.0/thumb/cortex-m3/libgcc.a(_arm_addsubdf3.o)
 .debug_str     0x0000000000003bf1       0x2e /opt/cross/lib/gcc/arm-none-eabi/7.2.0/thumb/cortex-m3/libgcc.a(_arm_addsubsf3.o)
                                         0x8b (size before relaxing)
 .debug_str     0x0000000000003c1f       0x8b /opt/cross/lib/gcc/arm-none-eabi/7.2.0/thumb/cortex-m3/libgcc.a(_arm_muldivsf3.o)
 .debug_str     0x0000000000003c1f      0x103 /opt/cross/lib/gcc/arm-none-eabi/7.2.0/../../../../arm-none-eabi/lib/thumb/cortex-m3/libg.a(lib_a-impure.o)
                                        0x56b (size before relaxing)
 .debug_str     0x0000000000003d22       0xe4 /opt/cross/lib/gcc/arm-none-eabi/7.2.0/../../../../arm-none-eabi/lib/thumb/cortex-m3/libg.a(lib_a-init.o)
                                        0x1ef (size before relaxing)
 .debug_str     0x0000000000003e06      0x1f1 /opt/cross/lib/gcc/arm-none-eabi/7.2.0/../../../../arm-none-eabi/lib/thumb/cortex-m3/libg.a(lib_a-sprintf.o)
                                        0x6e6 (size before relaxing)
 .debug_str     0x0000000000003ff7      0x44b /opt/cross/lib/gcc/arm-none-eabi/7.2.0/../../../../arm-none-eabi/lib/thumb/cortex-m3/libg.a(lib_a-svfprintf.o)
                                        0xb6e (size before relaxing)
 .debug_str     0x0000000000004442      0x281 /opt/cross/lib/gcc/arm-none-eabi/7.2.0/../../../../arm-none-eabi/lib/thumb/cortex-m3/libg.a(lib_a-mallocr.o)
                                        0x7d3 (size before relaxing)
 .debug_str     0x00000000000046c3       0xb6 /opt/cross/lib/gcc/arm-none-eabi/7.2.0/../../../../arm-none-eabi/lib/thumb/cortex-m3/libg.a(lib_a-memchr-stub.o)
                                        0x59b (size before relaxing)
 .debug_str     0x0000000000004779       0x44 /opt/cross/lib/gcc/arm-none-eabi/7.2.0/../../../../arm-none-eabi/lib/thumb/cortex-m3/libg.a(lib_a-mlock.o)
                                        0x593 (size before relaxing)
 .debug_str     0x00000000000047bd       0x38 /opt/cross/lib/gcc/arm-none-eabi/7.2.0/../../../../arm-none-eabi/lib/thumb/cortex-m3/libg.a(lib_a-sbrkr.o)
                                        0x5ae (size before relaxing)
 .debug_str     0x00000000000047f5       0x3d /opt/cross/lib/gcc/arm-none-eabi/7.2.0/../../../../arm-none-eabi/lib/thumb/cortex-m3/libg.a(lib_a-strlen-stub.o)
                                        0x581 (size before relaxing)
 .debug_str     0x0000000000004832       0x7f /opt/cross/lib/gcc/arm-none-eabi/7.2.0/../../../../arm-none-eabi/lib/thumb/cortex-m3/libg.a(lib_a-svfiprintf.o)
                                        0xbe8 (size before relaxing)
 .debug_str     0x00000000000048b1       0x34 /opt/cross/lib/gcc/arm-none-eabi/7.2.0/../../../../arm-none-eabi/lib/thumb/cortex-m3/libg.a(lib_a-freer.o)
                                        0x74c (size before relaxing)
 .debug_str     0x00000000000048e5       0x3f /opt/cross/lib/gcc/arm-none-eabi/7.2.0/../../../../arm-none-eabi/lib/thumb/cortex-m3/libg.a(lib_a-memcpy.o)
                                         0xac (size before relaxing)
 .debug_str     0x0000000000004924       0xac /opt/cross/lib/gcc/arm-none-eabi/7.2.0/../../../../arm-none-eabi/lib/thumb/cortex-m3/libg.a(lib_a-memmove.o)
                                        0x8b7 (size before relaxing)
 .debug_str     0x00000000000049d0       0x4e /opt/cross/lib/gcc/arm-none-eabi/7.2.0/../../../../arm-none-eabi/lib/thumb/cortex-m3/libg.a(lib_a-reallocr.o)
                                        0x78a (size before relaxing)
 .debug_str     0x0000000000004a1e       0x5a /opt/cross/lib/gcc/arm-none-eabi/7.2.0/../../../../arm-none-eabi/lib/thumb/cortex-m3/libg.a(lib_a-reent.o)
                                        0x5a7 (size before relaxing)

.debug_frame    0x0000000000000000     0x36e4
 .debug_frame   0x0000000000000000       0xd0 CMakeFiles/blink.elf.dir/Src/main.c.obj
 .debug_frame   0x00000000000000d0       0xc4 CMakeFiles/blink.elf.dir/Src/stm32f1xx_hal_msp.c.obj
 .debug_frame   0x0000000000000194      0x128 CMakeFiles/blink.elf.dir/Src/stm32f1xx_it.c.obj
 .debug_frame   0x00000000000002bc       0x58 CMakeFiles/blink.elf.dir/Src/system_stm32f1xx.c.obj
 .debug_frame   0x0000000000000314      0x298 CMakeFiles/blink.elf.dir/Drivers/STM32F1xx_HAL_Driver/Src/stm32f1xx_hal.c.obj
 .debug_frame   0x00000000000005ac      0x428 CMakeFiles/blink.elf.dir/Drivers/STM32F1xx_HAL_Driver/Src/stm32f1xx_hal_cortex.c.obj
 .debug_frame   0x00000000000009d4      0x14c CMakeFiles/blink.elf.dir/Drivers/STM32F1xx_HAL_Driver/Src/stm32f1xx_hal_gpio.c.obj
 .debug_frame   0x0000000000000b20      0xb30 CMakeFiles/blink.elf.dir/Drivers/STM32F1xx_HAL_Driver/Src/stm32f1xx_hal_i2c.c.obj
 .debug_frame   0x0000000000001650      0x218 CMakeFiles/blink.elf.dir/Drivers/STM32F1xx_HAL_Driver/Src/stm32f1xx_hal_rcc.c.obj
 .debug_frame   0x0000000000001868      0xfb4 CMakeFiles/blink.elf.dir/Drivers/STM32F1xx_HAL_Driver/Src/stm32f1xx_hal_tim.c.obj
 .debug_frame   0x000000000000281c      0x54c CMakeFiles/blink.elf.dir/Drivers/STM32F1xx_HAL_Driver/Src/stm32f1xx_hal_tim_ex.c.obj
 .debug_frame   0x0000000000002d68       0x4c CMakeFiles/blink.elf.dir/UserSrc/Src/lesson5.c.obj
 .debug_frame   0x0000000000002db4      0x160 CMakeFiles/blink.elf.dir/UserSrc/Lib/dh11/Src/dht11.c.obj
 .debug_frame   0x0000000000002f14      0x138 CMakeFiles/blink.elf.dir/UserSrc/Lib/ssd1306/Src/ssd1306.c.obj
 .debug_frame   0x000000000000304c      0x168 CMakeFiles/blink.elf.dir/UserSrc/Lib/syscall/Src/syscalls.c.obj
 .debug_frame   0x00000000000031b4       0xac /opt/cross/lib/gcc/arm-none-eabi/7.2.0/thumb/cortex-m3/libgcc.a(_arm_addsubdf3.o)
 .debug_frame   0x0000000000003260       0x4c /opt/cross/lib/gcc/arm-none-eabi/7.2.0/thumb/cortex-m3/libgcc.a(_arm_addsubsf3.o)
 .debug_frame   0x00000000000032ac       0x38 /opt/cross/lib/gcc/arm-none-eabi/7.2.0/thumb/cortex-m3/libgcc.a(_arm_muldivsf3.o)
 .debug_frame   0x00000000000032e4       0x2c /opt/cross/lib/gcc/arm-none-eabi/7.2.0/../../../../arm-none-eabi/lib/thumb/cortex-m3/libg.a(lib_a-init.o)
 .debug_frame   0x0000000000003310       0x80 /opt/cross/lib/gcc/arm-none-eabi/7.2.0/../../../../arm-none-eabi/lib/thumb/cortex-m3/libg.a(lib_a-sprintf.o)
 .debug_frame   0x0000000000003390       0x40 /opt/cross/lib/gcc/arm-none-eabi/7.2.0/../../../../arm-none-eabi/lib/thumb/cortex-m3/libg.a(lib_a-svfprintf.o)
 .debug_frame   0x00000000000033d0       0x4c /opt/cross/lib/gcc/arm-none-eabi/7.2.0/../../../../arm-none-eabi/lib/thumb/cortex-m3/libg.a(lib_a-mallocr.o)
 .debug_frame   0x000000000000341c       0x34 /opt/cross/lib/gcc/arm-none-eabi/7.2.0/../../../../arm-none-eabi/lib/thumb/cortex-m3/libg.a(lib_a-memchr-stub.o)
 .debug_frame   0x0000000000003450       0x30 /opt/cross/lib/gcc/arm-none-eabi/7.2.0/../../../../arm-none-eabi/lib/thumb/cortex-m3/libg.a(lib_a-mlock.o)
 .debug_frame   0x0000000000003480       0x2c /opt/cross/lib/gcc/arm-none-eabi/7.2.0/../../../../arm-none-eabi/lib/thumb/cortex-m3/libg.a(lib_a-sbrkr.o)
 .debug_frame   0x00000000000034ac       0x20 /opt/cross/lib/gcc/arm-none-eabi/7.2.0/../../../../arm-none-eabi/lib/thumb/cortex-m3/libg.a(lib_a-strlen-stub.o)
 .debug_frame   0x00000000000034cc       0x98 /opt/cross/lib/gcc/arm-none-eabi/7.2.0/../../../../arm-none-eabi/lib/thumb/cortex-m3/libg.a(lib_a-svfiprintf.o)
 .debug_frame   0x0000000000003564       0x80 /opt/cross/lib/gcc/arm-none-eabi/7.2.0/../../../../arm-none-eabi/lib/thumb/cortex-m3/libg.a(lib_a-freer.o)
 .debug_frame   0x00000000000035e4       0x40 /opt/cross/lib/gcc/arm-none-eabi/7.2.0/../../../../arm-none-eabi/lib/thumb/cortex-m3/libg.a(lib_a-memmove.o)
 .debug_frame   0x0000000000003624       0x58 /opt/cross/lib/gcc/arm-none-eabi/7.2.0/../../../../arm-none-eabi/lib/thumb/cortex-m3/libg.a(lib_a-reallocr.o)
 .debug_frame   0x000000000000367c       0x68 /opt/cross/lib/gcc/arm-none-eabi/7.2.0/../../../../arm-none-eabi/lib/thumb/cortex-m3/libg.a(lib_a-reent.o)

.debug_loc      0x0000000000000000     0x40fa
 .debug_loc     0x0000000000000000       0xa2 /opt/cross/lib/gcc/arm-none-eabi/7.2.0/../../../../arm-none-eabi/lib/thumb/cortex-m3/libg.a(lib_a-init.o)
 .debug_loc     0x00000000000000a2       0x93 /opt/cross/lib/gcc/arm-none-eabi/7.2.0/../../../../arm-none-eabi/lib/thumb/cortex-m3/libg.a(lib_a-sprintf.o)
 .debug_loc     0x0000000000000135      0xb19 /opt/cross/lib/gcc/arm-none-eabi/7.2.0/../../../../arm-none-eabi/lib/thumb/cortex-m3/libg.a(lib_a-svfprintf.o)
 .debug_loc     0x0000000000000c4e      0xc98 /opt/cross/lib/gcc/arm-none-eabi/7.2.0/../../../../arm-none-eabi/lib/thumb/cortex-m3/libg.a(lib_a-mallocr.o)
 .debug_loc     0x00000000000018e6      0x1e0 /opt/cross/lib/gcc/arm-none-eabi/7.2.0/../../../../arm-none-eabi/lib/thumb/cortex-m3/libg.a(lib_a-memchr-stub.o)
 .debug_loc     0x0000000000001ac6       0x4d /opt/cross/lib/gcc/arm-none-eabi/7.2.0/../../../../arm-none-eabi/lib/thumb/cortex-m3/libg.a(lib_a-sbrkr.o)
 .debug_loc     0x0000000000001b13       0x21 /opt/cross/lib/gcc/arm-none-eabi/7.2.0/../../../../arm-none-eabi/lib/thumb/cortex-m3/libg.a(lib_a-strlen-stub.o)
 .debug_loc     0x0000000000001b34      0xe4e /opt/cross/lib/gcc/arm-none-eabi/7.2.0/../../../../arm-none-eabi/lib/thumb/cortex-m3/libg.a(lib_a-svfiprintf.o)
 .debug_loc     0x0000000000002982      0x5b6 /opt/cross/lib/gcc/arm-none-eabi/7.2.0/../../../../arm-none-eabi/lib/thumb/cortex-m3/libg.a(lib_a-freer.o)
 .debug_loc     0x0000000000002f38      0x247 /opt/cross/lib/gcc/arm-none-eabi/7.2.0/../../../../arm-none-eabi/lib/thumb/cortex-m3/libg.a(lib_a-memmove.o)
 .debug_loc     0x000000000000317f      0xe16 /opt/cross/lib/gcc/arm-none-eabi/7.2.0/../../../../arm-none-eabi/lib/thumb/cortex-m3/libg.a(lib_a-reallocr.o)
 .debug_loc     0x0000000000003f95      0x165 /opt/cross/lib/gcc/arm-none-eabi/7.2.0/../../../../arm-none-eabi/lib/thumb/cortex-m3/libg.a(lib_a-reent.o)
