Archive member included to satisfy reference by file (symbol)

libCMSIS.a(startup_stm32f103xb.s.obj)
                              (Reset_Handler)
libFREERTOS.a(cmsis_os.c.obj)
                              CMakeFiles/blink.elf.dir/Src/main.c.obj (osKernelStart)
libFREERTOS.a(port.c.obj)     libFREERTOS.a(cmsis_os.c.obj) (vPortEnterCritical)
libFREERTOS.a(heap_4.c.obj)   libFREERTOS.a(cmsis_os.c.obj) (pvPortMalloc)
libFREERTOS.a(queue.c.obj)    libFREERTOS.a(cmsis_os.c.obj) (xQueueGenericCreate)
libFREERTOS.a(tasks.c.obj)    libFREERTOS.a(port.c.obj) (pxCurrentTCB)
libFREERTOS.a(list.c.obj)     libFREERTOS.a(queue.c.obj) (vListInitialise)
libUSB.a(usbd_cdc.c.obj)      CMakeFiles/blink.elf.dir/Src/usb_device.c.obj (USBD_CDC)
libUSB.a(usbd_core.c.obj)     CMakeFiles/blink.elf.dir/Src/usb_device.c.obj (USBD_Init)
libUSB.a(usbd_ctlreq.c.obj)   libUSB.a(usbd_core.c.obj) (USBD_StdDevReq)
libUSB.a(usbd_ioreq.c.obj)    libUSB.a(usbd_cdc.c.obj) (USBD_CtlSendData)
/opt/cross/lib/gcc/arm-none-eabi/7.2.0/../../../../arm-none-eabi/lib/thumb/cortex-m3/libg.a(lib_a-atexit.o)
                              /opt/cross/lib/gcc/arm-none-eabi/7.2.0/../../../../arm-none-eabi/lib/thumb/cortex-m3/crt0.o (atexit)
/opt/cross/lib/gcc/arm-none-eabi/7.2.0/../../../../arm-none-eabi/lib/thumb/cortex-m3/libg.a(lib_a-exit.o)
                              /opt/cross/lib/gcc/arm-none-eabi/7.2.0/../../../../arm-none-eabi/lib/thumb/cortex-m3/crt0.o (exit)
/opt/cross/lib/gcc/arm-none-eabi/7.2.0/../../../../arm-none-eabi/lib/thumb/cortex-m3/libg.a(lib_a-fini.o)
                              /opt/cross/lib/gcc/arm-none-eabi/7.2.0/../../../../arm-none-eabi/lib/thumb/cortex-m3/crt0.o (__libc_fini_array)
/opt/cross/lib/gcc/arm-none-eabi/7.2.0/../../../../arm-none-eabi/lib/thumb/cortex-m3/libg.a(lib_a-impure.o)
                              /opt/cross/lib/gcc/arm-none-eabi/7.2.0/../../../../arm-none-eabi/lib/thumb/cortex-m3/libg.a(lib_a-exit.o) (_global_impure_ptr)
/opt/cross/lib/gcc/arm-none-eabi/7.2.0/../../../../arm-none-eabi/lib/thumb/cortex-m3/libg.a(lib_a-init.o)
                              /opt/cross/lib/gcc/arm-none-eabi/7.2.0/../../../../arm-none-eabi/lib/thumb/cortex-m3/crt0.o (__libc_init_array)
/opt/cross/lib/gcc/arm-none-eabi/7.2.0/../../../../arm-none-eabi/lib/thumb/cortex-m3/libg.a(lib_a-memcpy.o)
                              libFREERTOS.a(queue.c.obj) (memcpy)
/opt/cross/lib/gcc/arm-none-eabi/7.2.0/../../../../arm-none-eabi/lib/thumb/cortex-m3/libg.a(lib_a-memset.o)
                              /opt/cross/lib/gcc/arm-none-eabi/7.2.0/../../../../arm-none-eabi/lib/thumb/cortex-m3/crt0.o (memset)
/opt/cross/lib/gcc/arm-none-eabi/7.2.0/../../../../arm-none-eabi/lib/thumb/cortex-m3/libg.a(lib_a-snprintf.o)
                              CMakeFiles/blink.elf.dir/UserSrc/Src/lesson5.c.obj (snprintf)
/opt/cross/lib/gcc/arm-none-eabi/7.2.0/../../../../arm-none-eabi/lib/thumb/cortex-m3/libg.a(lib_a-sprintf.o)
                              CMakeFiles/blink.elf.dir/UserSrc/Src/lesson5.c.obj (sprintf)
/opt/cross/lib/gcc/arm-none-eabi/7.2.0/../../../../arm-none-eabi/lib/thumb/cortex-m3/libg.a(lib_a-strncpy.o)
                              CMakeFiles/blink.elf.dir/Src/usbd_cdc_if.c.obj (strncpy)
/opt/cross/lib/gcc/arm-none-eabi/7.2.0/../../../../arm-none-eabi/lib/thumb/cortex-m3/libg.a(lib_a-svfprintf.o)
                              /opt/cross/lib/gcc/arm-none-eabi/7.2.0/../../../../arm-none-eabi/lib/thumb/cortex-m3/libg.a(lib_a-snprintf.o) (_svfprintf_r)
/opt/cross/lib/gcc/arm-none-eabi/7.2.0/../../../../arm-none-eabi/lib/thumb/cortex-m3/libg.a(lib_a-__atexit.o)
                              /opt/cross/lib/gcc/arm-none-eabi/7.2.0/../../../../arm-none-eabi/lib/thumb/cortex-m3/libg.a(lib_a-atexit.o) (__register_exitproc)
/opt/cross/lib/gcc/arm-none-eabi/7.2.0/../../../../arm-none-eabi/lib/thumb/cortex-m3/libg.a(lib_a-__call_atexit.o)
                              /opt/cross/lib/gcc/arm-none-eabi/7.2.0/../../../../arm-none-eabi/lib/thumb/cortex-m3/libg.a(lib_a-exit.o) (__call_exitprocs)
/opt/cross/lib/gcc/arm-none-eabi/7.2.0/../../../../arm-none-eabi/lib/thumb/cortex-m3/libg.a(lib_a-mallocr.o)
                              /opt/cross/lib/gcc/arm-none-eabi/7.2.0/../../../../arm-none-eabi/lib/thumb/cortex-m3/libg.a(lib_a-svfprintf.o) (_malloc_r)
/opt/cross/lib/gcc/arm-none-eabi/7.2.0/../../../../arm-none-eabi/lib/thumb/cortex-m3/libg.a(lib_a-memchr-stub.o)
                              /opt/cross/lib/gcc/arm-none-eabi/7.2.0/../../../../arm-none-eabi/lib/thumb/cortex-m3/libg.a(lib_a-svfprintf.o) (memchr)
/opt/cross/lib/gcc/arm-none-eabi/7.2.0/../../../../arm-none-eabi/lib/thumb/cortex-m3/libg.a(lib_a-mlock.o)
                              /opt/cross/lib/gcc/arm-none-eabi/7.2.0/../../../../arm-none-eabi/lib/thumb/cortex-m3/libg.a(lib_a-mallocr.o) (__malloc_lock)
/opt/cross/lib/gcc/arm-none-eabi/7.2.0/../../../../arm-none-eabi/lib/thumb/cortex-m3/libg.a(lib_a-sbrkr.o)
[...]
Memory Configuration

Name             Origin             Length             Attributes
RAM              0x0000000020000000 0x0000000000005000 xrw
FLASH            0x0000000008000000 0x0000000000010000 xr
*default*        0x0000000000000000 0xffffffffffffffff

Linker script and memory map

LOAD /opt/cross/lib/gcc/arm-none-eabi/7.2.0/thumb/cortex-m3/crti.o
LOAD /opt/cross/lib/gcc/arm-none-eabi/7.2.0/thumb/cortex-m3/crtbegin.o
LOAD /opt/cross/lib/gcc/arm-none-eabi/7.2.0/../../../../arm-none-eabi/lib/thumb/cortex-m3/crt0.o
LOAD CMakeFiles/blink.elf.dir/Src/freertos.c.obj
LOAD CMakeFiles/blink.elf.dir/Src/main.c.obj
LOAD CMakeFiles/blink.elf.dir/Src/stm32f1xx_hal_msp.c.obj
LOAD CMakeFiles/blink.elf.dir/Src/stm32f1xx_hal_timebase_TIM.c.obj
LOAD CMakeFiles/blink.elf.dir/Src/stm32f1xx_it.c.obj
LOAD CMakeFiles/blink.elf.dir/Src/system_stm32f1xx.c.obj
LOAD CMakeFiles/blink.elf.dir/Src/usb_device.c.obj
LOAD CMakeFiles/blink.elf.dir/Src/usbd_cdc_if.c.obj
LOAD CMakeFiles/blink.elf.dir/Src/usbd_conf.c.obj
LOAD CMakeFiles/blink.elf.dir/Src/usbd_desc.c.obj
LOAD CMakeFiles/blink.elf.dir/Drivers/STM32F1xx_HAL_Driver/Src/stm32f1xx_hal.c.obj
LOAD CMakeFiles/blink.elf.dir/Drivers/STM32F1xx_HAL_Driver/Src/stm32f1xx_hal_cortex.c.obj
LOAD CMakeFiles/blink.elf.dir/Drivers/STM32F1xx_HAL_Driver/Src/stm32f1xx_hal_dma.c.obj
LOAD CMakeFiles/blink.elf.dir/Drivers/STM32F1xx_HAL_Driver/Src/stm32f1xx_hal_flash.c.obj
LOAD CMakeFiles/blink.elf.dir/Drivers/STM32F1xx_HAL_Driver/Src/stm32f1xx_hal_flash_ex.c.obj
LOAD CMakeFiles/blink.elf.dir/Drivers/STM32F1xx_HAL_Driver/Src/stm32f1xx_hal_gpio.c.obj
LOAD CMakeFiles/blink.elf.dir/Drivers/STM32F1xx_HAL_Driver/Src/stm32f1xx_hal_gpio_ex.c.obj
LOAD CMakeFiles/blink.elf.dir/Drivers/STM32F1xx_HAL_Driver/Src/stm32f1xx_hal_i2c.c.obj
LOAD CMakeFiles/blink.elf.dir/Drivers/STM32F1xx_HAL_Driver/Src/stm32f1xx_hal_pcd.c.obj
LOAD CMakeFiles/blink.elf.dir/Drivers/STM32F1xx_HAL_Driver/Src/stm32f1xx_hal_pcd_ex.c.obj
LOAD CMakeFiles/blink.elf.dir/Drivers/STM32F1xx_HAL_Driver/Src/stm32f1xx_hal_pwr.c.obj
LOAD CMakeFiles/blink.elf.dir/Drivers/STM32F1xx_HAL_Driver/Src/stm32f1xx_hal_rcc.c.obj
LOAD CMakeFiles/blink.elf.dir/Drivers/STM32F1xx_HAL_Driver/Src/stm32f1xx_hal_rcc_ex.c.obj
LOAD CMakeFiles/blink.elf.dir/Drivers/STM32F1xx_HAL_Driver/Src/stm32f1xx_hal_tim.c.obj
LOAD CMakeFiles/blink.elf.dir/Drivers/STM32F1xx_HAL_Driver/Src/stm32f1xx_hal_tim_ex.c.obj
LOAD CMakeFiles/blink.elf.dir/Drivers/STM32F1xx_HAL_Driver/Src/stm32f1xx_ll_usb.c.obj
LOAD CMakeFiles/blink.elf.dir/UserSrc/Src/lesson3.c.obj
LOAD CMakeFiles/blink.elf.dir/UserSrc/Src/lesson4.c.obj
LOAD CMakeFiles/blink.elf.dir/UserSrc/Src/lesson5.c.obj
LOAD CMakeFiles/blink.elf.dir/UserSrc/Lib/dh11/Src/dht11.c.obj
LOAD CMakeFiles/blink.elf.dir/UserSrc/Lib/ssd1306/Src/fonts.c.obj
LOAD CMakeFiles/blink.elf.dir/UserSrc/Lib/ssd1306/Src/ssd1306.c.obj
LOAD CMakeFiles/blink.elf.dir/UserSrc/Lib/syscall/Src/syscalls.c.obj
LOAD libHAL.a
LOAD libCMSIS.a
LOAD libUSERSRC.a
LOAD libLIBS.a
LOAD libFREERTOS.a
LOAD libUSB.a
START GROUP
LOAD /opt/cross/lib/gcc/arm-none-eabi/7.2.0/thumb/cortex-m3/libgcc.a
LOAD /opt/cross/lib/gcc/arm-none-eabi/7.2.0/../../../../arm-none-eabi/lib/thumb/cortex-m3/libg.a
LOAD /opt/cross/lib/gcc/arm-none-eabi/7.2.0/../../../../arm-none-eabi/lib/thumb/cortex-m3/libc.a
END GROUP
LOAD /opt/cross/lib/gcc/arm-none-eabi/7.2.0/thumb/cortex-m3/crtend.o
LOAD /opt/cross/lib/gcc/arm-none-eabi/7.2.0/thumb/cortex-m3/crtn.o
                0x0000000020005000                _estack = 0x20005000
                0x0000000000000200                _Min_Heap_Size = 0x200
                0x0000000000000400                _Min_Stack_Size = 0x400

.isr_vector     0x0000000008000000      0x10c
                0x0000000008000000                . = ALIGN (0x4)
 *(.isr_vector)
 .isr_vector    0x0000000008000000      0x10c libCMSIS.a(startup_stm32f103xb.s.obj)
                0x0000000008000000                g_pfnVectors
                0x000000000800010c                . = ALIGN (0x4)

.text           0x0000000008000110     0xb3b0
                0x0000000008000110                . = ALIGN (0x4)
 *(.text)
 .text          0x0000000008000110       0x88 /opt/cross/lib/gcc/arm-none-eabi/7.2.0/thumb/cortex-m3/crtbegin.o
 .text          0x0000000008000198       0x48 /opt/cross/lib/gcc/arm-none-eabi/7.2.0/../../../../arm-none-eabi/lib/thumb/cortex-m3/libg.a(lib_a-init.o)
                0x0000000008000198                __libc_init_array
 .text          0x00000000080001e0       0xec /opt/cross/lib/gcc/arm-none-eabi/7.2.0/../../../../arm-none-eabi/lib/thumb/cortex-m3/libg.a(lib_a-memcpy.o)
                0x00000000080001e0                memcpy
 .text          0x00000000080002cc       0x94 /opt/cross/lib/gcc/arm-none-eabi/7.2.0/../../../../arm-none-eabi/lib/thumb/cortex-m3/libg.a(lib_a-memset.o)
                0x00000000080002cc                memset
 .text          0x0000000008000360      0x10c /opt/cross/lib/gcc/arm-none-eabi/7.2.0/../../../../arm-none-eabi/lib/thumb/cortex-m3/libg.a(lib_a-snprintf.o)
                0x0000000008000360                _snprintf_r
                0x00000000080003e0                snprintf
 .text          0x000000000800046c       0x80 /opt/cross/lib/gcc/arm-none-eabi/7.2.0/../../../../arm-none-eabi/lib/thumb/cortex-m3/libg.a(lib_a-sprintf.o)
                0x000000000800046c                _sprintf_r
                0x00000000080004a8                sprintf
 .text          0x00000000080004ec       0x64 /opt/cross/lib/gcc/arm-none-eabi/7.2.0/../../../../arm-none-eabi/lib/thumb/cortex-m3/libg.a(lib_a-strncpy.o)
                0x00000000080004ec                strncpy
 .text          0x0000000008000550      0x6d4 /opt/cross/lib/gcc/arm-none-eabi/7.2.0/../../../../arm-none-eabi/lib/thumb/cortex-m3/libg.a(lib_a-svfprintf.o)
                0x0000000008000550                _svfprintf_r
 .text          0x0000000008000c24      0x518 /opt/cross/lib/gcc/arm-none-eabi/7.2.0/../../../../arm-none-eabi/lib/thumb/cortex-m3/libg.a(lib_a-mallocr.o)
                0x0000000008000c24                _malloc_r
 .text          0x000000000800113c       0x8c /opt/cross/lib/gcc/arm-none-eabi/7.2.0/../../../../arm-none-eabi/lib/thumb/cortex-m3/libg.a(lib_a-memchr-stub.o)
                0x000000000800113c                memchr
 .text          0x00000000080011c8        0x8 /opt/cross/lib/gcc/arm-none-eabi/7.2.0/../../../../arm-none-eabi/lib/thumb/cortex-m3/libg.a(lib_a-mlock.o)
                0x00000000080011c8                __malloc_lock
                0x00000000080011cc                __malloc_unlock
 .text          0x00000000080011d0       0x24 /opt/cross/lib/gcc/arm-none-eabi/7.2.0/../../../../arm-none-eabi/lib/thumb/cortex-m3/libg.a(lib_a-sbrkr.o)
                0x00000000080011d0                _sbrk_r
 .text          0x00000000080011f4       0x5c /opt/cross/lib/gcc/arm-none-eabi/7.2.0/../../../../arm-none-eabi/lib/thumb/cortex-m3/libg.a(lib_a-strlen-stub.o)
                0x00000000080011f4                strlen
 .text          0x0000000008001250      0x880 /opt/cross/lib/gcc/arm-none-eabi/7.2.0/../../../../arm-none-eabi/lib/thumb/cortex-m3/libg.a(lib_a-svfiprintf.o)
                0x0000000008001250                __ssputs_r
                0x0000000008001314                __ssprint_r
                0x0000000008001408                _svfiprintf_r
 .text          0x0000000008001ad0      0x288 /opt/cross/lib/gcc/arm-none-eabi/7.2.0/../../../../arm-none-eabi/lib/thumb/cortex-m3/libg.a(lib_a-freer.o)
                0x0000000008001ad0                _malloc_trim_r
                0x0000000008001b70                _free_r
 .text          0x0000000008001d58       0xc4 /opt/cross/lib/gcc/arm-none-eabi/7.2.0/../../../../arm-none-eabi/lib/thumb/cortex-m3/libg.a(lib_a-memmove.o)
                0x0000000008001d58                memmove
 .text          0x0000000008001e1c      0x374 /opt/cross/lib/gcc/arm-none-eabi/7.2.0/../../../../arm-none-eabi/lib/thumb/cortex-m3/libg.a(lib_a-reallocr.o)
                0x0000000008001e1c                _realloc_r
 *(.text*)
 .text.main     0x0000000008002190       0xb8 CMakeFiles/blink.elf.dir/Src/main.c.obj
                0x0000000008002190                main
 .text.SystemClock_Config
                0x0000000008002248       0xc4 CMakeFiles/blink.elf.dir/Src/main.c.obj
                0x0000000008002248                SystemClock_Config
 .text.MX_I2C1_Init
                0x000000000800230c       0x64 CMakeFiles/blink.elf.dir/Src/main.c.obj
 .text.MX_TIM3_Init
                0x0000000008002370       0xa8 CMakeFiles/blink.elf.dir/Src/main.c.obj
 .text.MX_GPIO_Init
                0x0000000008002418       0x9c CMakeFiles/blink.elf.dir/Src/main.c.obj
 .text.HAL_TIM_PeriodElapsedCallback
                0x00000000080024b4       0x24 CMakeFiles/blink.elf.dir/Src/main.c.obj
                0x00000000080024b4                HAL_TIM_PeriodElapsedCallback
 .text._Error_Handler
                0x00000000080024d8        0xc CMakeFiles/blink.elf.dir/Src/main.c.obj
                0x00000000080024d8                _Error_Handler
 .text.HAL_MspInit
                0x00000000080024e4       0xa0 CMakeFiles/blink.elf.dir/Src/stm32f1xx_hal_msp.c.obj
                0x00000000080024e4                HAL_MspInit
 .text.HAL_I2C_MspInit
                0x0000000008002584       0x58 CMakeFiles/blink.elf.dir/Src/stm32f1xx_hal_msp.c.obj
                0x0000000008002584                HAL_I2C_MspInit
 .text.HAL_TIM_IC_MspInit
                0x00000000080025dc       0x68 CMakeFiles/blink.elf.dir/Src/stm32f1xx_hal_msp.c.obj
                0x00000000080025dc                HAL_TIM_IC_MspInit
 .text.HAL_InitTick
                0x0000000008002644       0xb0 CMakeFiles/blink.elf.dir/Src/stm32f1xx_hal_timebase_TIM.c.obj
                0x0000000008002644                HAL_InitTick
 .text.NMI_Handler
                0x00000000080026f4        0xc CMakeFiles/blink.elf.dir/Src/stm32f1xx_it.c.obj
                0x00000000080026f4                NMI_Handler
 .text.HardFault_Handler
                0x0000000008002700        0x6 CMakeFiles/blink.elf.dir/Src/stm32f1xx_it.c.obj
                0x0000000008002700                HardFault_Handler
 .text.MemManage_Handler
                0x0000000008002706        0x6 CMakeFiles/blink.elf.dir/Src/stm32f1xx_it.c.obj
                0x0000000008002706                MemManage_Handler
 .text.BusFault_Handler
                0x000000000800270c        0x6 CMakeFiles/blink.elf.dir/Src/stm32f1xx_it.c.obj
                0x000000000800270c                BusFault_Handler
 .text.UsageFault_Handler
                0x0000000008002712        0x6 CMakeFiles/blink.elf.dir/Src/stm32f1xx_it.c.obj
                0x0000000008002712                UsageFault_Handler
 .text.DebugMon_Handler
                0x0000000008002718        0xc CMakeFiles/blink.elf.dir/Src/stm32f1xx_it.c.obj
                0x0000000008002718                DebugMon_Handler
 .text.SysTick_Handler
                0x0000000008002724        0xc CMakeFiles/blink.elf.dir/Src/stm32f1xx_it.c.obj
                0x0000000008002724                SysTick_Handler
 .text.USB_LP_CAN1_RX0_IRQHandler
                0x0000000008002730       0x14 CMakeFiles/blink.elf.dir/Src/stm32f1xx_it.c.obj
                0x0000000008002730                USB_LP_CAN1_RX0_IRQHandler
 .text.TIM3_IRQHandler
                0x0000000008002744       0x20 CMakeFiles/blink.elf.dir/Src/stm32f1xx_it.c.obj
                0x0000000008002744                TIM3_IRQHandler
 .text.TIM4_IRQHandler
                0x0000000008002764       0x14 CMakeFiles/blink.elf.dir/Src/stm32f1xx_it.c.obj
                0x0000000008002764                TIM4_IRQHandler
 .text.SystemInit
                0x0000000008002778       0x68 CMakeFiles/blink.elf.dir/Src/system_stm32f1xx.c.obj
                0x0000000008002778                SystemInit
 .text.MX_USB_DEVICE_Init
                0x00000000080027e0       0x38 CMakeFiles/blink.elf.dir/Src/usb_device.c.obj
                0x00000000080027e0                MX_USB_DEVICE_Init
 .text.CDC_Init_FS
                0x0000000008002818       0x28 CMakeFiles/blink.elf.dir/Src/usbd_cdc_if.c.obj
 .text.CDC_DeInit_FS
                0x0000000008002840        0xe CMakeFiles/blink.elf.dir/Src/usbd_cdc_if.c.obj
 *fill*         0x000000000800284e        0x2 
 .text.CDC_Control_FS
                0x0000000008002850      0x15c CMakeFiles/blink.elf.dir/Src/usbd_cdc_if.c.obj
 .text.CDC_Receive_FS
                0x00000000080029ac       0x70 CMakeFiles/blink.elf.dir/Src/usbd_cdc_if.c.obj
 .text.CDC_Transmit_FS
                0x0000000008002a1c       0x4c CMakeFiles/blink.elf.dir/Src/usbd_cdc_if.c.obj
                0x0000000008002a1c                CDC_Transmit_FS
 .text.HAL_PCD_MspInit
                0x0000000008002a68       0x4c CMakeFiles/blink.elf.dir/Src/usbd_conf.c.obj
                0x0000000008002a68                HAL_PCD_MspInit
 .text.HAL_PCD_SetupStageCallback
                0x0000000008002ab4       0x24 CMakeFiles/blink.elf.dir/Src/usbd_conf.c.obj
                0x0000000008002ab4                HAL_PCD_SetupStageCallback
 .text.HAL_PCD_DataOutStageCallback
                0x0000000008002ad8       0x30 CMakeFiles/blink.elf.dir/Src/usbd_conf.c.obj
                0x0000000008002ad8                HAL_PCD_DataOutStageCallback
 .text.HAL_PCD_DataInStageCallback
                0x0000000008002b08       0x2e CMakeFiles/blink.elf.dir/Src/usbd_conf.c.obj
                0x0000000008002b08                HAL_PCD_DataInStageCallback
 .text.HAL_PCD_SOFCallback
                0x0000000008002b36       0x1c CMakeFiles/blink.elf.dir/Src/usbd_conf.c.obj
                0x0000000008002b36                HAL_PCD_SOFCallback
 .text.HAL_PCD_ResetCallback
                0x0000000008002b52       0x44 CMakeFiles/blink.elf.dir/Src/usbd_conf.c.obj
                0x0000000008002b52                HAL_PCD_ResetCallback
 *fill*         0x0000000008002b96        0x2 
 .text.HAL_PCD_SuspendCallback
                0x0000000008002b98       0x34 CMakeFiles/blink.elf.dir/Src/usbd_conf.c.obj
                0x0000000008002b98                HAL_PCD_SuspendCallback
 .text.HAL_PCD_ResumeCallback
                0x0000000008002bcc       0x1c CMakeFiles/blink.elf.dir/Src/usbd_conf.c.obj
                0x0000000008002bcc                HAL_PCD_ResumeCallback
 .text.USBD_LL_Init
                0x0000000008002be8       0xc4 CMakeFiles/blink.elf.dir/Src/usbd_conf.c.obj
                0x0000000008002be8                USBD_LL_Init
 .text.USBD_LL_Start
                0x0000000008002cac       0x64 CMakeFiles/blink.elf.dir/Src/usbd_conf.c.obj
                0x0000000008002cac                USBD_LL_Start
 .text.USBD_LL_OpenEP
                0x0000000008002d10       0x7c CMakeFiles/blink.elf.dir/Src/usbd_conf.c.obj
                0x0000000008002d10                USBD_LL_OpenEP
 .text.USBD_LL_CloseEP
                0x0000000008002d8c       0x6c CMakeFiles/blink.elf.dir/Src/usbd_conf.c.obj
                0x0000000008002d8c                USBD_LL_CloseEP
 .text.USBD_LL_StallEP
                0x0000000008002df8       0x6c CMakeFiles/blink.elf.dir/Src/usbd_conf.c.obj
                0x0000000008002df8                USBD_LL_StallEP
 .text.USBD_LL_ClearStallEP
                0x0000000008002e64       0x6c CMakeFiles/blink.elf.dir/Src/usbd_conf.c.obj
                0x0000000008002e64                USBD_LL_ClearStallEP
 .text.USBD_LL_IsStallEP
                0x0000000008002ed0       0x4a CMakeFiles/blink.elf.dir/Src/usbd_conf.c.obj
                0x0000000008002ed0                USBD_LL_IsStallEP
 *fill*         0x0000000008002f1a        0x2 
 .text.USBD_LL_SetUSBAddress
                0x0000000008002f1c       0x6c CMakeFiles/blink.elf.dir/Src/usbd_conf.c.obj
                0x0000000008002f1c                USBD_LL_SetUSBAddress
 .text.USBD_LL_Transmit
                0x0000000008002f88       0x74 CMakeFiles/blink.elf.dir/Src/usbd_conf.c.obj
                0x0000000008002f88                USBD_LL_Transmit
 .text.USBD_LL_PrepareReceive
                0x0000000008002ffc       0x74 CMakeFiles/blink.elf.dir/Src/usbd_conf.c.obj
                0x0000000008002ffc                USBD_LL_PrepareReceive
 .text.USBD_LL_GetRxDataSize
                0x0000000008003070       0x26 CMakeFiles/blink.elf.dir/Src/usbd_conf.c.obj
                0x0000000008003070                USBD_LL_GetRxDataSize
 *fill*         0x0000000008003096        0x2 
 .text.USBD_static_malloc
                0x0000000008003098       0x18 CMakeFiles/blink.elf.dir/Src/usbd_conf.c.obj
                0x0000000008003098                USBD_static_malloc
 .text.USBD_static_free
                0x00000000080030b0       0x12 CMakeFiles/blink.elf.dir/Src/usbd_conf.c.obj
                0x00000000080030b0                USBD_static_free
 .text.HAL_PCDEx_SetConnectionState
                0x00000000080030c2       0x16 CMakeFiles/blink.elf.dir/Src/usbd_conf.c.obj
                0x00000000080030c2                HAL_PCDEx_SetConnectionState
 .text.USBD_FS_DeviceDescriptor
                0x00000000080030d8       0x24 CMakeFiles/blink.elf.dir/Src/usbd_desc.c.obj
                0x00000000080030d8                USBD_FS_DeviceDescriptor
 .text.USBD_FS_LangIDStrDescriptor
                0x00000000080030fc       0x24 CMakeFiles/blink.elf.dir/Src/usbd_desc.c.obj
                0x00000000080030fc                USBD_FS_LangIDStrDescriptor
 .text.USBD_FS_ProductStrDescriptor
                0x0000000008003120       0x3c CMakeFiles/blink.elf.dir/Src/usbd_desc.c.obj
                0x0000000008003120                USBD_FS_ProductStrDescriptor
 .text.USBD_FS_ManufacturerStrDescriptor
                0x000000000800315c       0x28 CMakeFiles/blink.elf.dir/Src/usbd_desc.c.obj
                0x000000000800315c                USBD_FS_ManufacturerStrDescriptor
 .text.USBD_FS_SerialStrDescriptor
                0x0000000008003184       0x3c CMakeFiles/blink.elf.dir/Src/usbd_desc.c.obj
                0x0000000008003184                USBD_FS_SerialStrDescriptor
 .text.USBD_FS_ConfigStrDescriptor
                0x00000000080031c0       0x3c CMakeFiles/blink.elf.dir/Src/usbd_desc.c.obj
                0x00000000080031c0                USBD_FS_ConfigStrDescriptor
 .text.USBD_FS_InterfaceStrDescriptor
                0x00000000080031fc       0x3c CMakeFiles/blink.elf.dir/Src/usbd_desc.c.obj
                0x00000000080031fc                USBD_FS_InterfaceStrDescriptor
 .text.HAL_Init
                0x0000000008003238       0x2c CMakeFiles/blink.elf.dir/Drivers/STM32F1xx_HAL_Driver/Src/stm32f1xx_hal.c.obj
                0x0000000008003238                HAL_Init
 .text.HAL_IncTick
                0x0000000008003264       0x1c CMakeFiles/blink.elf.dir/Drivers/STM32F1xx_HAL_Driver/Src/stm32f1xx_hal.c.obj
                0x0000000008003264                HAL_IncTick
 .text.HAL_GetTick
                0x0000000008003280       0x14 CMakeFiles/blink.elf.dir/Drivers/STM32F1xx_HAL_Driver/Src/stm32f1xx_hal.c.obj
                0x0000000008003280                HAL_GetTick
 .text.HAL_Delay
                0x0000000008003294       0x3a CMakeFiles/blink.elf.dir/Drivers/STM32F1xx_HAL_Driver/Src/stm32f1xx_hal.c.obj
                0x0000000008003294                HAL_Delay
 *fill*         0x00000000080032ce        0x2 
 .text.NVIC_SetPriorityGrouping
                0x00000000080032d0       0x48 CMakeFiles/blink.elf.dir/Drivers/STM32F1xx_HAL_Driver/Src/stm32f1xx_hal_cortex.c.obj
 .text.NVIC_GetPriorityGrouping
                0x0000000008003318       0x1c CMakeFiles/blink.elf.dir/Drivers/STM32F1xx_HAL_Driver/Src/stm32f1xx_hal_cortex.c.obj
 .text.NVIC_EnableIRQ
                0x0000000008003334       0x30 CMakeFiles/blink.elf.dir/Drivers/STM32F1xx_HAL_Driver/Src/stm32f1xx_hal_cortex.c.obj
 .text.NVIC_SetPriority
                0x0000000008003364       0x54 CMakeFiles/blink.elf.dir/Drivers/STM32F1xx_HAL_Driver/Src/stm32f1xx_hal_cortex.c.obj
 .text.NVIC_EncodePriority
                0x00000000080033b8       0x64 CMakeFiles/blink.elf.dir/Drivers/STM32F1xx_HAL_Driver/Src/stm32f1xx_hal_cortex.c.obj
 .text.SysTick_Config
                0x000000000800341c       0x44 CMakeFiles/blink.elf.dir/Drivers/STM32F1xx_HAL_Driver/Src/stm32f1xx_hal_cortex.c.obj
 .text.HAL_NVIC_SetPriorityGrouping
                0x0000000008003460       0x16 CMakeFiles/blink.elf.dir/Drivers/STM32F1xx_HAL_Driver/Src/stm32f1xx_hal_cortex.c.obj
                0x0000000008003460                HAL_NVIC_SetPriorityGrouping
 .text.HAL_NVIC_SetPriority
                0x0000000008003476       0x38 CMakeFiles/blink.elf.dir/Drivers/STM32F1xx_HAL_Driver/Src/stm32f1xx_hal_cortex.c.obj
                0x0000000008003476                HAL_NVIC_SetPriority
 .text.HAL_NVIC_EnableIRQ
                0x00000000080034ae       0x1c CMakeFiles/blink.elf.dir/Drivers/STM32F1xx_HAL_Driver/Src/stm32f1xx_hal_cortex.c.obj
                0x00000000080034ae                HAL_NVIC_EnableIRQ
 .text.HAL_SYSTICK_Config
                0x00000000080034ca       0x18 CMakeFiles/blink.elf.dir/Drivers/STM32F1xx_HAL_Driver/Src/stm32f1xx_hal_cortex.c.obj
                0x00000000080034ca                HAL_SYSTICK_Config
 *fill*         0x00000000080034e2        0x2 
 .text.HAL_SYSTICK_CLKSourceConfig
                0x00000000080034e4       0x38 CMakeFiles/blink.elf.dir/Drivers/STM32F1xx_HAL_Driver/Src/stm32f1xx_hal_cortex.c.obj
                0x00000000080034e4                HAL_SYSTICK_CLKSourceConfig
 .text.HAL_GPIO_Init
                0x000000000800351c      0x2bc CMakeFiles/blink.elf.dir/Drivers/STM32F1xx_HAL_Driver/Src/stm32f1xx_hal_gpio.c.obj
                0x000000000800351c                HAL_GPIO_Init
 .text.HAL_GPIO_WritePin
                0x00000000080037d8       0x30 CMakeFiles/blink.elf.dir/Drivers/STM32F1xx_HAL_Driver/Src/stm32f1xx_hal_gpio.c.obj
                0x00000000080037d8                HAL_GPIO_WritePin
 .text.HAL_I2C_Init
                0x0000000008003808      0x1c0 CMakeFiles/blink.elf.dir/Drivers/STM32F1xx_HAL_Driver/Src/stm32f1xx_hal_i2c.c.obj
                0x0000000008003808                HAL_I2C_Init
 .text.HAL_I2C_Mem_Write
                0x00000000080039c8      0x214 CMakeFiles/blink.elf.dir/Drivers/STM32F1xx_HAL_Driver/Src/stm32f1xx_hal_i2c.c.obj
                0x00000000080039c8                HAL_I2C_Mem_Write
 .text.I2C_RequestMemoryWrite
                0x0000000008003bdc      0x128 CMakeFiles/blink.elf.dir/Drivers/STM32F1xx_HAL_Driver/Src/stm32f1xx_hal_i2c.c.obj
 .text.I2C_WaitOnFlagUntilTimeout
                0x0000000008003d04       0xa2 CMakeFiles/blink.elf.dir/Drivers/STM32F1xx_HAL_Driver/Src/stm32f1xx_hal_i2c.c.obj
 .text.I2C_WaitOnMasterAddressFlagUntilTimeout
                0x0000000008003da6       0xdc CMakeFiles/blink.elf.dir/Drivers/STM32F1xx_HAL_Driver/Src/stm32f1xx_hal_i2c.c.obj
 .text.I2C_WaitOnTXEFlagUntilTimeout
                0x0000000008003e82       0x7a CMakeFiles/blink.elf.dir/Drivers/STM32F1xx_HAL_Driver/Src/stm32f1xx_hal_i2c.c.obj
 .text.I2C_WaitOnBTFFlagUntilTimeout
                0x0000000008003efc       0x7a CMakeFiles/blink.elf.dir/Drivers/STM32F1xx_HAL_Driver/Src/stm32f1xx_hal_i2c.c.obj
 .text.I2C_IsAcknowledgeFailed
                0x0000000008003f76       0x4e CMakeFiles/blink.elf.dir/Drivers/STM32F1xx_HAL_Driver/Src/stm32f1xx_hal_i2c.c.obj
 .text.HAL_PCD_Init
                0x0000000008003fc4      0x1b4 CMakeFiles/blink.elf.dir/Drivers/STM32F1xx_HAL_Driver/Src/stm32f1xx_hal_pcd.c.obj
                0x0000000008003fc4                HAL_PCD_Init
 .text.HAL_PCD_Start
                0x0000000008004178       0x4c CMakeFiles/blink.elf.dir/Drivers/STM32F1xx_HAL_Driver/Src/stm32f1xx_hal_pcd.c.obj
                0x0000000008004178                HAL_PCD_Start
 .text.HAL_PCD_IRQHandler
                0x00000000080041c4      0x204 CMakeFiles/blink.elf.dir/Drivers/STM32F1xx_HAL_Driver/Src/stm32f1xx_hal_pcd.c.obj
                0x00000000080041c4                HAL_PCD_IRQHandler
 .text.HAL_PCD_SetAddress
                0x00000000080043c8       0x4a CMakeFiles/blink.elf.dir/Drivers/STM32F1xx_HAL_Driver/Src/stm32f1xx_hal_pcd.c.obj
                0x00000000080043c8                HAL_PCD_SetAddress
 .text.HAL_PCD_EP_Open
                0x0000000008004412       0xaa CMakeFiles/blink.elf.dir/Drivers/STM32F1xx_HAL_Driver/Src/stm32f1xx_hal_pcd.c.obj
                0x0000000008004412                HAL_PCD_EP_Open
 .text.HAL_PCD_EP_Close
                0x00000000080044bc       0x8c CMakeFiles/blink.elf.dir/Drivers/STM32F1xx_HAL_Driver/Src/stm32f1xx_hal_pcd.c.obj
                0x00000000080044bc                HAL_PCD_EP_Close
 .text.HAL_PCD_EP_Receive
                0x0000000008004548       0x78 CMakeFiles/blink.elf.dir/Drivers/STM32F1xx_HAL_Driver/Src/stm32f1xx_hal_pcd.c.obj
                0x0000000008004548                HAL_PCD_EP_Receive
 .text.HAL_PCD_EP_GetRxCount
                0x00000000080045c0       0x2a CMakeFiles/blink.elf.dir/Drivers/STM32F1xx_HAL_Driver/Src/stm32f1xx_hal_pcd.c.obj
                0x00000000080045c0                HAL_PCD_EP_GetRxCount
 .text.HAL_PCD_EP_Transmit
                0x00000000080045ea       0x76 CMakeFiles/blink.elf.dir/Drivers/STM32F1xx_HAL_Driver/Src/stm32f1xx_hal_pcd.c.obj
                0x00000000080045ea                HAL_PCD_EP_Transmit
 .text.HAL_PCD_EP_SetStall
                0x0000000008004660       0xaa CMakeFiles/blink.elf.dir/Drivers/STM32F1xx_HAL_Driver/Src/stm32f1xx_hal_pcd.c.obj
                0x0000000008004660                HAL_PCD_EP_SetStall
 .text.HAL_PCD_EP_ClrStall
                0x000000000800470a       0x8e CMakeFiles/blink.elf.dir/Drivers/STM32F1xx_HAL_Driver/Src/stm32f1xx_hal_pcd.c.obj
                0x000000000800470a                HAL_PCD_EP_ClrStall
 .text.PCD_EP_ISR_Handler
                0x0000000008004798      0x654 CMakeFiles/blink.elf.dir/Drivers/STM32F1xx_HAL_Driver/Src/stm32f1xx_hal_pcd.c.obj
 .text.HAL_PCDEx_PMAConfig
                0x0000000008004dec       0x7a CMakeFiles/blink.elf.dir/Drivers/STM32F1xx_HAL_Driver/Src/stm32f1xx_hal_pcd_ex.c.obj
                0x0000000008004dec                HAL_PCDEx_PMAConfig
 *fill*         0x0000000008004e66        0x2 
 .text.HAL_RCC_OscConfig
                0x0000000008004e68      0x4c8 CMakeFiles/blink.elf.dir/Drivers/STM32F1xx_HAL_Driver/Src/stm32f1xx_hal_rcc.c.obj
                0x0000000008004e68                HAL_RCC_OscConfig
 .text.HAL_RCC_ClockConfig
                0x0000000008005330      0x1e8 CMakeFiles/blink.elf.dir/Drivers/STM32F1xx_HAL_Driver/Src/stm32f1xx_hal_rcc.c.obj
                0x0000000008005330                HAL_RCC_ClockConfig
 .text.HAL_RCC_GetSysClockFreq
                0x0000000008005518       0xc4 CMakeFiles/blink.elf.dir/Drivers/STM32F1xx_HAL_Driver/Src/stm32f1xx_hal_rcc.c.obj
                0x0000000008005518                HAL_RCC_GetSysClockFreq
 .text.HAL_RCC_GetHCLKFreq
                0x00000000080055dc       0x14 CMakeFiles/blink.elf.dir/Drivers/STM32F1xx_HAL_Driver/Src/stm32f1xx_hal_rcc.c.obj
                0x00000000080055dc                HAL_RCC_GetHCLKFreq
 .text.HAL_RCC_GetPCLK1Freq
                0x00000000080055f0       0x28 CMakeFiles/blink.elf.dir/Drivers/STM32F1xx_HAL_Driver/Src/stm32f1xx_hal_rcc.c.obj
                0x00000000080055f0                HAL_RCC_GetPCLK1Freq
 .text.HAL_RCC_GetClockConfig
                0x0000000008005618       0x60 CMakeFiles/blink.elf.dir/Drivers/STM32F1xx_HAL_Driver/Src/stm32f1xx_hal_rcc.c.obj
                0x0000000008005618                HAL_RCC_GetClockConfig
 .text.RCC_Delay
                0x0000000008005678       0x3c CMakeFiles/blink.elf.dir/Drivers/STM32F1xx_HAL_Driver/Src/stm32f1xx_hal_rcc.c.obj
 .text.HAL_RCCEx_PeriphCLKConfig
                0x00000000080056b4      0x16c CMakeFiles/blink.elf.dir/Drivers/STM32F1xx_HAL_Driver/Src/stm32f1xx_hal_rcc_ex.c.obj
                0x00000000080056b4                HAL_RCCEx_PeriphCLKConfig
 .text.HAL_TIM_Base_Init
                0x0000000008005820       0x56 CMakeFiles/blink.elf.dir/Drivers/STM32F1xx_HAL_Driver/Src/stm32f1xx_hal_tim.c.obj
                0x0000000008005820                HAL_TIM_Base_Init
 .text.HAL_TIM_Base_MspInit
                0x0000000008005876       0x12 CMakeFiles/blink.elf.dir/Drivers/STM32F1xx_HAL_Driver/Src/stm32f1xx_hal_tim.c.obj
                0x0000000008005876                HAL_TIM_Base_MspInit
 .text.HAL_TIM_Base_Start_IT
                0x0000000008005888       0x34 CMakeFiles/blink.elf.dir/Drivers/STM32F1xx_HAL_Driver/Src/stm32f1xx_hal_tim.c.obj
                0x0000000008005888                HAL_TIM_Base_Start_IT
 .text.HAL_TIM_IC_Init
                0x00000000080058bc       0x56 CMakeFiles/blink.elf.dir/Drivers/STM32F1xx_HAL_Driver/Src/stm32f1xx_hal_tim.c.obj
                0x00000000080058bc                HAL_TIM_IC_Init
 *fill*         0x0000000008005912        0x2 
 .text.HAL_TIM_IC_Start_IT
                0x0000000008005914       0xc0 CMakeFiles/blink.elf.dir/Drivers/STM32F1xx_HAL_Driver/Src/stm32f1xx_hal_tim.c.obj
                0x0000000008005914                HAL_TIM_IC_Start_IT
 .text.HAL_TIM_IC_Stop_IT
                0x00000000080059d4       0xe0 CMakeFiles/blink.elf.dir/Drivers/STM32F1xx_HAL_Driver/Src/stm32f1xx_hal_tim.c.obj
                0x00000000080059d4                HAL_TIM_IC_Stop_IT
 .text.HAL_TIM_IRQHandler
                0x0000000008005ab4      0x210 CMakeFiles/blink.elf.dir/Drivers/STM32F1xx_HAL_Driver/Src/stm32f1xx_hal_tim.c.obj
                0x0000000008005ab4                HAL_TIM_IRQHandler
 .text.HAL_TIM_IC_ConfigChannel
                0x0000000008005cc4      0x138 CMakeFiles/blink.elf.dir/Drivers/STM32F1xx_HAL_Driver/Src/stm32f1xx_hal_tim.c.obj
                0x0000000008005cc4                HAL_TIM_IC_ConfigChannel
 .text.HAL_TIM_ReadCapturedValue
                0x0000000008005dfc       0xa4 CMakeFiles/blink.elf.dir/Drivers/STM32F1xx_HAL_Driver/Src/stm32f1xx_hal_tim.c.obj
                0x0000000008005dfc                HAL_TIM_ReadCapturedValue
 .text.HAL_TIM_OC_DelayElapsedCallback
                0x0000000008005ea0       0x12 CMakeFiles/blink.elf.dir/Drivers/STM32F1xx_HAL_Driver/Src/stm32f1xx_hal_tim.c.obj
                0x0000000008005ea0                HAL_TIM_OC_DelayElapsedCallback
 .text.HAL_TIM_IC_CaptureCallback
                0x0000000008005eb2       0x12 CMakeFiles/blink.elf.dir/Drivers/STM32F1xx_HAL_Driver/Src/stm32f1xx_hal_tim.c.obj
                0x0000000008005eb2                HAL_TIM_IC_CaptureCallback
 .text.HAL_TIM_PWM_PulseFinishedCallback
                0x0000000008005ec4       0x12 CMakeFiles/blink.elf.dir/Drivers/STM32F1xx_HAL_Driver/Src/stm32f1xx_hal_tim.c.obj
                0x0000000008005ec4                HAL_TIM_PWM_PulseFinishedCallback
 .text.HAL_TIM_TriggerCallback
                0x0000000008005ed6       0x12 CMakeFiles/blink.elf.dir/Drivers/STM32F1xx_HAL_Driver/Src/stm32f1xx_hal_tim.c.obj
                0x0000000008005ed6                HAL_TIM_TriggerCallback
 .text.TIM_Base_SetConfig
                0x0000000008005ee8       0xcc CMakeFiles/blink.elf.dir/Drivers/STM32F1xx_HAL_Driver/Src/stm32f1xx_hal_tim.c.obj
                0x0000000008005ee8                TIM_Base_SetConfig
 .text.TIM_TI1_SetConfig
                0x0000000008005fb4       0xbc CMakeFiles/blink.elf.dir/Drivers/STM32F1xx_HAL_Driver/Src/stm32f1xx_hal_tim.c.obj
                0x0000000008005fb4                TIM_TI1_SetConfig
 .text.TIM_TI2_SetConfig
                0x0000000008006070       0x80 CMakeFiles/blink.elf.dir/Drivers/STM32F1xx_HAL_Driver/Src/stm32f1xx_hal_tim.c.obj
 .text.TIM_TI3_SetConfig
                0x00000000080060f0       0x7e CMakeFiles/blink.elf.dir/Drivers/STM32F1xx_HAL_Driver/Src/stm32f1xx_hal_tim.c.obj
 .text.TIM_TI4_SetConfig
                0x000000000800616e       0x80 CMakeFiles/blink.elf.dir/Drivers/STM32F1xx_HAL_Driver/Src/stm32f1xx_hal_tim.c.obj
 .text.TIM_CCxChannelCmd
                0x00000000080061ee       0x44 CMakeFiles/blink.elf.dir/Drivers/STM32F1xx_HAL_Driver/Src/stm32f1xx_hal_tim.c.obj
                0x00000000080061ee                TIM_CCxChannelCmd
 .text.HAL_TIMEx_MasterConfigSynchronization
                0x0000000008006232       0x88 CMakeFiles/blink.elf.dir/Drivers/STM32F1xx_HAL_Driver/Src/stm32f1xx_hal_tim_ex.c.obj
                0x0000000008006232                HAL_TIMEx_MasterConfigSynchronization
 .text.HAL_TIMEx_CommutationCallback
                0x00000000080062ba       0x12 CMakeFiles/blink.elf.dir/Drivers/STM32F1xx_HAL_Driver/Src/stm32f1xx_hal_tim_ex.c.obj
                0x00000000080062ba                HAL_TIMEx_CommutationCallback
 .text.HAL_TIMEx_BreakCallback
                0x00000000080062cc       0x12 CMakeFiles/blink.elf.dir/Drivers/STM32F1xx_HAL_Driver/Src/stm32f1xx_hal_tim_ex.c.obj
                0x00000000080062cc                HAL_TIMEx_BreakCallback
 .text.USB_CoreInit
                0x00000000080062de       0x20 CMakeFiles/blink.elf.dir/Drivers/STM32F1xx_HAL_Driver/Src/stm32f1xx_ll_usb.c.obj
                0x00000000080062de                USB_CoreInit
 .text.USB_EnableGlobalInt
                0x00000000080062fe       0x34 CMakeFiles/blink.elf.dir/Drivers/STM32F1xx_HAL_Driver/Src/stm32f1xx_ll_usb.c.obj
                0x00000000080062fe                USB_EnableGlobalInt
 .text.USB_DisableGlobalInt
                0x0000000008006332       0x38 CMakeFiles/blink.elf.dir/Drivers/STM32F1xx_HAL_Driver/Src/stm32f1xx_ll_usb.c.obj
                0x0000000008006332                USB_DisableGlobalInt
 .text.USB_SetCurrentMode
                0x000000000800636a       0x18 CMakeFiles/blink.elf.dir/Drivers/STM32F1xx_HAL_Driver/Src/stm32f1xx_ll_usb.c.obj
                0x000000000800636a                USB_SetCurrentMode
 .text.USB_DevInit
                0x0000000008006382       0x48 CMakeFiles/blink.elf.dir/Drivers/STM32F1xx_HAL_Driver/Src/stm32f1xx_ll_usb.c.obj
                0x0000000008006382                USB_DevInit
 *fill*         0x00000000080063ca        0x2 
 .text.USB_ActivateEndpoint
                0x00000000080063cc      0x584 CMakeFiles/blink.elf.dir/Drivers/STM32F1xx_HAL_Driver/Src/stm32f1xx_ll_usb.c.obj
                0x00000000080063cc                USB_ActivateEndpoint
 .text.USB_DeactivateEndpoint
                0x0000000008006950      0x310 CMakeFiles/blink.elf.dir/Drivers/STM32F1xx_HAL_Driver/Src/stm32f1xx_ll_usb.c.obj
                0x0000000008006950                USB_DeactivateEndpoint
 .text.USB_EPStartXfer
                0x0000000008006c60      0x504 CMakeFiles/blink.elf.dir/Drivers/STM32F1xx_HAL_Driver/Src/stm32f1xx_ll_usb.c.obj
                0x0000000008006c60                USB_EPStartXfer
 .text.USB_EPSetStall
                0x0000000008007164       0xc0 CMakeFiles/blink.elf.dir/Drivers/STM32F1xx_HAL_Driver/Src/stm32f1xx_ll_usb.c.obj
                0x0000000008007164                USB_EPSetStall
 .text.USB_EPClearStall
                0x0000000008007224      0x114 CMakeFiles/blink.elf.dir/Drivers/STM32F1xx_HAL_Driver/Src/stm32f1xx_ll_usb.c.obj
                0x0000000008007224                USB_EPClearStall
 .text.USB_SetDevAddress
                0x0000000008007338       0x26 CMakeFiles/blink.elf.dir/Drivers/STM32F1xx_HAL_Driver/Src/stm32f1xx_ll_usb.c.obj
                0x0000000008007338                USB_SetDevAddress
 .text.USB_DevConnect
                0x000000000800735e       0x14 CMakeFiles/blink.elf.dir/Drivers/STM32F1xx_HAL_Driver/Src/stm32f1xx_ll_usb.c.obj
                0x000000000800735e                USB_DevConnect
 .text.USB_DevDisconnect
                0x0000000008007372       0x14 CMakeFiles/blink.elf.dir/Drivers/STM32F1xx_HAL_Driver/Src/stm32f1xx_ll_usb.c.obj
                0x0000000008007372                USB_DevDisconnect
 .text.USB_ReadInterrupts
                0x0000000008007386       0x22 CMakeFiles/blink.elf.dir/Drivers/STM32F1xx_HAL_Driver/Src/stm32f1xx_ll_usb.c.obj
                0x0000000008007386                USB_ReadInterrupts
 .text.USB_EP0_OutStart
                0x00000000080073a8       0x16 CMakeFiles/blink.elf.dir/Drivers/STM32F1xx_HAL_Driver/Src/stm32f1xx_ll_usb.c.obj
                0x00000000080073a8                USB_EP0_OutStart
 .text.USB_WritePMA
                0x00000000080073be       0x8c CMakeFiles/blink.elf.dir/Drivers/STM32F1xx_HAL_Driver/Src/stm32f1xx_ll_usb.c.obj
                0x00000000080073be                USB_WritePMA
 .text.USB_ReadPMA
                0x000000000800744a       0x6a CMakeFiles/blink.elf.dir/Drivers/STM32F1xx_HAL_Driver/Src/stm32f1xx_ll_usb.c.obj
                0x000000000800744a                USB_ReadPMA
 .text.DisplayOutputTask
                0x00000000080074b4       0xf4 CMakeFiles/blink.elf.dir/UserSrc/Src/lesson5.c.obj
                0x00000000080074b4                DisplayOutputTask
 .text.TemperatureTask
                0x00000000080075a8       0x74 CMakeFiles/blink.elf.dir/UserSrc/Src/lesson5.c.obj
                0x00000000080075a8                TemperatureTask
 .text.SendTelemetryToUsb
                0x000000000800761c       0x80 CMakeFiles/blink.elf.dir/UserSrc/Src/lesson5.c.obj
                0x000000000800761c                SendTelemetryToUsb
 .text.error    0x000000000800769c       0x50 CMakeFiles/blink.elf.dir/UserSrc/Src/lesson5.c.obj
 .text.set_pin_out
                0x00000000080076ec       0x32 CMakeFiles/blink.elf.dir/UserSrc/Lib/dh11/Src/dht11.c.obj
 .text.set_pin_in
                0x000000000800771e       0x32 CMakeFiles/blink.elf.dir/UserSrc/Lib/dh11/Src/dht11.c.obj
 .text.dht11_read_data
                0x0000000008007750      0x15c CMakeFiles/blink.elf.dir/UserSrc/Lib/dh11/Src/dht11.c.obj
                0x0000000008007750                dht11_read_data
 .text.dht11_init
                0x00000000080078ac       0x26 CMakeFiles/blink.elf.dir/UserSrc/Lib/dh11/Src/dht11.c.obj
                0x00000000080078ac                dht11_init
 .text.write_bit
                0x00000000080078d2       0x8e CMakeFiles/blink.elf.dir/UserSrc/Lib/dh11/Src/dht11.c.obj
 .text.get_float
                0x0000000008007960       0x30 CMakeFiles/blink.elf.dir/UserSrc/Lib/dh11/Src/dht11.c.obj
 .text.finish_rx
                0x0000000008007990       0x76 CMakeFiles/blink.elf.dir/UserSrc/Lib/dh11/Src/dht11.c.obj
 .text.dht11_interrupt_handler
                0x0000000008007a06       0xe6 CMakeFiles/blink.elf.dir/UserSrc/Lib/dh11/Src/dht11.c.obj
                0x0000000008007a06                dht11_interrupt_handler
 .text.ssd1306_WriteCommand
                0x0000000008007aec       0x30 CMakeFiles/blink.elf.dir/UserSrc/Lib/ssd1306/Src/ssd1306.c.obj
 .text.ssd1306_Init
                0x0000000008007b1c       0xd8 CMakeFiles/blink.elf.dir/UserSrc/Lib/ssd1306/Src/ssd1306.c.obj
                0x0000000008007b1c                ssd1306_Init
 .text.ssd1306_Fill
                0x0000000008007bf4       0x44 CMakeFiles/blink.elf.dir/UserSrc/Lib/ssd1306/Src/ssd1306.c.obj
                0x0000000008007bf4                ssd1306_Fill
 .text.ssd1306_UpdateScreen
                0x0000000008007c38       0x60 CMakeFiles/blink.elf.dir/UserSrc/Lib/ssd1306/Src/ssd1306.c.obj
                0x0000000008007c38                ssd1306_UpdateScreen
 .text.ssd1306_DrawPixel
                0x0000000008007c98       0xc0 CMakeFiles/blink.elf.dir/UserSrc/Lib/ssd1306/Src/ssd1306.c.obj
                0x0000000008007c98                ssd1306_DrawPixel
 .text.ssd1306_WriteChar
                0x0000000008007d58      0x100 CMakeFiles/blink.elf.dir/UserSrc/Lib/ssd1306/Src/ssd1306.c.obj
                0x0000000008007d58                ssd1306_WriteChar
 .text.ssd1306_WriteString
                0x0000000008007e58       0x4c CMakeFiles/blink.elf.dir/UserSrc/Lib/ssd1306/Src/ssd1306.c.obj
                0x0000000008007e58                ssd1306_WriteString
 .text.ssd1306_SetCursor
                0x0000000008007ea4       0x30 CMakeFiles/blink.elf.dir/UserSrc/Lib/ssd1306/Src/ssd1306.c.obj
                0x0000000008007ea4                ssd1306_SetCursor
 .text._sbrk    0x0000000008007ed4       0x3c CMakeFiles/blink.elf.dir/UserSrc/Lib/syscall/Src/syscalls.c.obj
                0x0000000008007ed4                _sbrk
 .text.Reset_Handler
                0x0000000008007f10       0x48 libCMSIS.a(startup_stm32f103xb.s.obj)
                0x0000000008007f10                Reset_Handler
 .text.Default_Handler
                0x0000000008007f58        0x2 libCMSIS.a(startup_stm32f103xb.s.obj)
                0x0000000008007f58                RTC_Alarm_IRQHandler
                0x0000000008007f58                EXTI2_IRQHandler
                0x0000000008007f58                TIM1_CC_IRQHandler
                0x0000000008007f58                PVD_IRQHandler
                0x0000000008007f58                EXTI3_IRQHandler
                0x0000000008007f58                EXTI0_IRQHandler
                0x0000000008007f58                I2C2_EV_IRQHandler
                0x0000000008007f58                ADC1_2_IRQHandler
                0x0000000008007f58                SPI1_IRQHandler
                0x0000000008007f58                TAMPER_IRQHandler
                0x0000000008007f58                DMA1_Channel4_IRQHandler
                0x0000000008007f58                USART3_IRQHandler
                0x0000000008007f58                RTC_IRQHandler
                0x0000000008007f58                DMA1_Channel7_IRQHandler
                0x0000000008007f58                CAN1_RX1_IRQHandler
                0x0000000008007f58                I2C1_EV_IRQHandler
                0x0000000008007f58                DMA1_Channel6_IRQHandler
                0x0000000008007f58                RCC_IRQHandler
                0x0000000008007f58                TIM1_TRG_COM_IRQHandler
                0x0000000008007f58                DMA1_Channel1_IRQHandler
                0x0000000008007f58                Default_Handler
                0x0000000008007f58                EXTI15_10_IRQHandler
                0x0000000008007f58                EXTI9_5_IRQHandler
                0x0000000008007f58                SPI2_IRQHandler
                0x0000000008007f58                DMA1_Channel5_IRQHandler
                0x0000000008007f58                EXTI4_IRQHandler
                0x0000000008007f58                USB_HP_CAN1_TX_IRQHandler
                0x0000000008007f58                DMA1_Channel3_IRQHandler
                0x0000000008007f58                TIM1_UP_IRQHandler
                0x0000000008007f58                WWDG_IRQHandler
                0x0000000008007f58                TIM2_IRQHandler
                0x0000000008007f58                TIM1_BRK_IRQHandler
                0x0000000008007f58                EXTI1_IRQHandler
                0x0000000008007f58                USART2_IRQHandler
                0x0000000008007f58                I2C2_ER_IRQHandler
                0x0000000008007f58                DMA1_Channel2_IRQHandler
                0x0000000008007f58                CAN1_SCE_IRQHandler
                0x0000000008007f58                FLASH_IRQHandler
                0x0000000008007f58                USART1_IRQHandler
                0x0000000008007f58                I2C1_ER_IRQHandler
                0x0000000008007f58                USBWakeUp_IRQHandler
 .text.makeFreeRtosPriority
                0x0000000008007f5a       0x2e libFREERTOS.a(cmsis_os.c.obj)
 .text.inHandlerMode
                0x0000000008007f88       0x22 libFREERTOS.a(cmsis_os.c.obj)
 .text.osKernelStart
                0x0000000008007faa        0xe libFREERTOS.a(cmsis_os.c.obj)
                0x0000000008007faa                osKernelStart
 .text.osThreadCreate
                0x0000000008007fb8       0x4e libFREERTOS.a(cmsis_os.c.obj)
                0x0000000008007fb8                osThreadCreate
 .text.osDelay  0x0000000008008006       0x28 libFREERTOS.a(cmsis_os.c.obj)
                0x0000000008008006                osDelay
 .text.osSemaphoreCreate
                0x000000000800802e       0x48 libFREERTOS.a(cmsis_os.c.obj)
                0x000000000800802e                osSemaphoreCreate
 *fill*         0x0000000008008076        0x2 
 .text.osSemaphoreWait
                0x0000000008008078       0xa0 libFREERTOS.a(cmsis_os.c.obj)
                0x0000000008008078                osSemaphoreWait
 .text.osSemaphoreRelease
                0x0000000008008118       0x6c libFREERTOS.a(cmsis_os.c.obj)
                0x0000000008008118                osSemaphoreRelease
 .text.osSystickHandler
                0x0000000008008184       0x16 libFREERTOS.a(cmsis_os.c.obj)
                0x0000000008008184                osSystickHandler
 *fill*         0x000000000800819a        0x2 
 .text.pxPortInitialiseStack
                0x000000000800819c       0x58 libFREERTOS.a(port.c.obj)
                0x000000000800819c                pxPortInitialiseStack
 .text.prvTaskExitError
                0x00000000080081f4       0x3c libFREERTOS.a(port.c.obj)
 .text.SVC_Handler
                0x0000000008008230       0x28 libFREERTOS.a(port.c.obj)
                0x0000000008008230                SVC_Handler
 .text.prvPortStartFirstTask
                0x0000000008008258       0x20 libFREERTOS.a(port.c.obj)
 .text.xPortStartScheduler
                0x0000000008008278       0xbc libFREERTOS.a(port.c.obj)
                0x0000000008008278                xPortStartScheduler
 .text.vPortEnterCritical
                0x0000000008008334       0x5c libFREERTOS.a(port.c.obj)
                0x0000000008008334                vPortEnterCritical
 .text.vPortExitCritical
                0x0000000008008390       0x4c libFREERTOS.a(port.c.obj)
                0x0000000008008390                vPortExitCritical
 *fill*         0x00000000080083dc        0x4 
 .text.PendSV_Handler
                0x00000000080083e0       0x48 libFREERTOS.a(port.c.obj)
                0x00000000080083e0                PendSV_Handler
 .text.xPortSysTickHandler
                0x0000000008008428       0x40 libFREERTOS.a(port.c.obj)
                0x0000000008008428                xPortSysTickHandler
 .text.vPortSetupTimerInterrupt
                0x0000000008008468       0x34 libFREERTOS.a(port.c.obj)
                0x0000000008008468                vPortSetupTimerInterrupt
 .text.vPortValidateInterruptPriority
                0x000000000800849c       0x78 libFREERTOS.a(port.c.obj)
                0x000000000800849c                vPortValidateInterruptPriority
 .text.pvPortMalloc
                0x0000000008008514      0x184 libFREERTOS.a(heap_4.c.obj)
                0x0000000008008514                pvPortMalloc
 .text.vPortFree
                0x0000000008008698       0xb0 libFREERTOS.a(heap_4.c.obj)
                0x0000000008008698                vPortFree
 .text.prvHeapInit
                0x0000000008008748       0xc4 libFREERTOS.a(heap_4.c.obj)
 .text.prvInsertBlockIntoFreeList
                0x000000000800880c       0xb0 libFREERTOS.a(heap_4.c.obj)
 .text.xQueueGenericReset
                0x00000000080088bc       0xd0 libFREERTOS.a(queue.c.obj)
                0x00000000080088bc                xQueueGenericReset
 .text.xQueueGenericCreate
                0x000000000800898c       0x72 libFREERTOS.a(queue.c.obj)
                0x000000000800898c                xQueueGenericCreate
 .text.prvInitialiseNewQueue
                0x00000000080089fe       0x3e libFREERTOS.a(queue.c.obj)
 .text.xQueueCreateCountingSemaphore
                0x0000000008008a3c       0x62 libFREERTOS.a(queue.c.obj)
                0x0000000008008a3c                xQueueCreateCountingSemaphore
 *fill*         0x0000000008008a9e        0x2 
 .text.xQueueGenericSend
                0x0000000008008aa0      0x1f4 libFREERTOS.a(queue.c.obj)
                0x0000000008008aa0                xQueueGenericSend
 .text.xQueueGiveFromISR
                0x0000000008008c94      0x112 libFREERTOS.a(queue.c.obj)
                0x0000000008008c94                xQueueGiveFromISR
 *fill*         0x0000000008008da6        0x2 
 .text.xQueueGenericReceive
                0x0000000008008da8      0x224 libFREERTOS.a(queue.c.obj)
                0x0000000008008da8                xQueueGenericReceive
 .text.xQueueReceiveFromISR
                0x0000000008008fcc       0xfa libFREERTOS.a(queue.c.obj)
                0x0000000008008fcc                xQueueReceiveFromISR
 .text.prvCopyDataToQueue
                0x00000000080090c6       0xd4 libFREERTOS.a(queue.c.obj)
 .text.prvCopyDataFromQueue
                0x000000000800919a       0x4c libFREERTOS.a(queue.c.obj)
 .text.prvUnlockQueue
                0x00000000080091e6       0xa4 libFREERTOS.a(queue.c.obj)
 .text.prvIsQueueEmpty
                0x000000000800928a       0x2c libFREERTOS.a(queue.c.obj)
 .text.prvIsQueueFull
                0x00000000080092b6       0x30 libFREERTOS.a(queue.c.obj)
 .text.xTaskCreate
                0x00000000080092e6       0x82 libFREERTOS.a(tasks.c.obj)
                0x00000000080092e6                xTaskCreate
 .text.prvInitialiseNewTask
                0x0000000008009368       0xfc libFREERTOS.a(tasks.c.obj)
 .text.prvAddNewTaskToReadyList
                0x0000000008009464       0xd4 libFREERTOS.a(tasks.c.obj)
 .text.vTaskDelay
                0x0000000008009538       0x68 libFREERTOS.a(tasks.c.obj)
                0x0000000008009538                vTaskDelay
 .text.vTaskStartScheduler
                0x00000000080095a0       0x8c libFREERTOS.a(tasks.c.obj)
                0x00000000080095a0                vTaskStartScheduler
 .text.vTaskSuspendAll
                0x000000000800962c       0x1c libFREERTOS.a(tasks.c.obj)
                0x000000000800962c                vTaskSuspendAll
 .text.xTaskResumeAll
                0x0000000008009648      0x138 libFREERTOS.a(tasks.c.obj)
                0x0000000008009648                xTaskResumeAll
 .text.xTaskGetTickCount
                0x0000000008009780       0x1c libFREERTOS.a(tasks.c.obj)
                0x0000000008009780                xTaskGetTickCount
 .text.xTaskIncrementTick
                0x000000000800979c      0x178 libFREERTOS.a(tasks.c.obj)
                0x000000000800979c                xTaskIncrementTick
 .text.vTaskSwitchContext
                0x0000000008009914       0xb4 libFREERTOS.a(tasks.c.obj)
                0x0000000008009914                vTaskSwitchContext
 .text.vTaskPlaceOnEventList
                0x00000000080099c8       0x48 libFREERTOS.a(tasks.c.obj)
                0x00000000080099c8                vTaskPlaceOnEventList
 .text.xTaskRemoveFromEventList
                0x0000000008009a10       0xc4 libFREERTOS.a(tasks.c.obj)
                0x0000000008009a10                xTaskRemoveFromEventList
 .text.vTaskSetTimeOutState
                0x0000000008009ad4       0x44 libFREERTOS.a(tasks.c.obj)
                0x0000000008009ad4                vTaskSetTimeOutState
 .text.xTaskCheckForTimeOut
                0x0000000008009b18       0xbc libFREERTOS.a(tasks.c.obj)
                0x0000000008009b18                xTaskCheckForTimeOut
 .text.vTaskMissedYield
                0x0000000008009bd4       0x18 libFREERTOS.a(tasks.c.obj)
                0x0000000008009bd4                vTaskMissedYield
 .text.prvIdleTask
                0x0000000008009bec       0x30 libFREERTOS.a(tasks.c.obj)
 .text.prvInitialiseTaskLists
                0x0000000008009c1c       0x80 libFREERTOS.a(tasks.c.obj)
 .text.prvCheckTasksWaitingTermination
                0x0000000008009c9c       0x78 libFREERTOS.a(tasks.c.obj)
 .text.prvDeleteTCB
                0x0000000008009d14       0x20 libFREERTOS.a(tasks.c.obj)
 .text.prvResetNextTaskUnblockTime
                0x0000000008009d34       0x48 libFREERTOS.a(tasks.c.obj)
 .text.xTaskGetSchedulerState
                0x0000000008009d7c       0x3c libFREERTOS.a(tasks.c.obj)
                0x0000000008009d7c                xTaskGetSchedulerState
 .text.vTaskPriorityInherit
                0x0000000008009db8       0xec libFREERTOS.a(tasks.c.obj)
                0x0000000008009db8                vTaskPriorityInherit
 .text.xTaskPriorityDisinherit
                0x0000000008009ea4      0x108 libFREERTOS.a(tasks.c.obj)
                0x0000000008009ea4                xTaskPriorityDisinherit
 .text.pvTaskIncrementMutexHeldCount
                0x0000000008009fac       0x28 libFREERTOS.a(tasks.c.obj)
                0x0000000008009fac                pvTaskIncrementMutexHeldCount
 .text.prvAddCurrentTaskToDelayedList
                0x0000000008009fd4       0xcc libFREERTOS.a(tasks.c.obj)
 .text.vListInitialise
                0x000000000800a0a0       0x3e libFREERTOS.a(list.c.obj)
                0x000000000800a0a0                vListInitialise
 .text.vListInitialiseItem
                0x000000000800a0de       0x18 libFREERTOS.a(list.c.obj)
                0x000000000800a0de                vListInitialiseItem
 .text.vListInsertEnd
                0x000000000800a0f6       0x46 libFREERTOS.a(list.c.obj)
                0x000000000800a0f6                vListInsertEnd
 .text.vListInsert
                0x000000000800a13c       0x70 libFREERTOS.a(list.c.obj)
                0x000000000800a13c                vListInsert
 .text.uxListRemove
                0x000000000800a1ac       0x52 libFREERTOS.a(list.c.obj)
                0x000000000800a1ac                uxListRemove
 .text.USBD_CDC_Init
                0x000000000800a1fe       0xd2 libUSB.a(usbd_cdc.c.obj)
 .text.USBD_CDC_DeInit
                0x000000000800a2d0       0x5a libUSB.a(usbd_cdc.c.obj)
 *fill*         0x000000000800a32a        0x2 
 .text.USBD_CDC_Setup
                0x000000000800a32c       0xbc libUSB.a(usbd_cdc.c.obj)
 .text.USBD_CDC_DataIn
                0x000000000800a3e8       0x36 libUSB.a(usbd_cdc.c.obj)
 .text.USBD_CDC_DataOut
                0x000000000800a41e       0x56 libUSB.a(usbd_cdc.c.obj)
 .text.USBD_CDC_EP0_RxReady
                0x000000000800a474       0x50 libUSB.a(usbd_cdc.c.obj)
 .text.USBD_CDC_GetFSCfgDesc
                0x000000000800a4c4       0x20 libUSB.a(usbd_cdc.c.obj)
 .text.USBD_CDC_GetHSCfgDesc
                0x000000000800a4e4       0x20 libUSB.a(usbd_cdc.c.obj)
 .text.USBD_CDC_GetOtherSpeedCfgDesc
                0x000000000800a504       0x20 libUSB.a(usbd_cdc.c.obj)
 .text.USBD_CDC_GetDeviceQualifierDescriptor
                0x000000000800a524       0x20 libUSB.a(usbd_cdc.c.obj)
                0x000000000800a524                USBD_CDC_GetDeviceQualifierDescriptor
 .text.USBD_CDC_RegisterInterface
                0x000000000800a544       0x2c libUSB.a(usbd_cdc.c.obj)
                0x000000000800a544                USBD_CDC_RegisterInterface
 .text.USBD_CDC_SetTxBuffer
                0x000000000800a570       0x32 libUSB.a(usbd_cdc.c.obj)
                0x000000000800a570                USBD_CDC_SetTxBuffer
 .text.USBD_CDC_SetRxBuffer
                0x000000000800a5a2       0x26 libUSB.a(usbd_cdc.c.obj)
                0x000000000800a5a2                USBD_CDC_SetRxBuffer
 .text.USBD_CDC_TransmitPacket
                0x000000000800a5c8       0x54 libUSB.a(usbd_cdc.c.obj)
                0x000000000800a5c8                USBD_CDC_TransmitPacket
 .text.USBD_CDC_ReceivePacket
                0x000000000800a61c       0x54 libUSB.a(usbd_cdc.c.obj)
                0x000000000800a61c                USBD_CDC_ReceivePacket
 .text.USBD_Init
                0x000000000800a670       0x56 libUSB.a(usbd_core.c.obj)
                0x000000000800a670                USBD_Init
 .text.USBD_RegisterClass
                0x000000000800a6c6       0x32 libUSB.a(usbd_core.c.obj)
                0x000000000800a6c6                USBD_RegisterClass
 .text.USBD_Start
                0x000000000800a6f8       0x18 libUSB.a(usbd_core.c.obj)
                0x000000000800a6f8                USBD_Start
 .text.USBD_RunTestMode
                0x000000000800a710       0x14 libUSB.a(usbd_core.c.obj)
                0x000000000800a710                USBD_RunTestMode
 .text.USBD_SetClassConfig
                0x000000000800a724       0x3e libUSB.a(usbd_core.c.obj)
                0x000000000800a724                USBD_SetClassConfig
 .text.USBD_ClrClassConfig
                0x000000000800a762       0x26 libUSB.a(usbd_core.c.obj)
                0x000000000800a762                USBD_ClrClassConfig
 .text.USBD_LL_SetupStage
                0x000000000800a788       0x94 libUSB.a(usbd_core.c.obj)
                0x000000000800a788                USBD_LL_SetupStage
 .text.USBD_LL_DataOutStage
                0x000000000800a81c       0xb6 libUSB.a(usbd_core.c.obj)
                0x000000000800a81c                USBD_LL_DataOutStage
 .text.USBD_LL_DataInStage
                0x000000000800a8d2      0x11e libUSB.a(usbd_core.c.obj)
                0x000000000800a8d2                USBD_LL_DataInStage
 .text.USBD_LL_Reset
                0x000000000800a9f0       0x5e libUSB.a(usbd_core.c.obj)
                0x000000000800a9f0                USBD_LL_Reset
 .text.USBD_LL_SetSpeed
                0x000000000800aa4e       0x1e libUSB.a(usbd_core.c.obj)
                0x000000000800aa4e                USBD_LL_SetSpeed
 .text.USBD_LL_Suspend
                0x000000000800aa6c       0x28 libUSB.a(usbd_core.c.obj)
                0x000000000800aa6c                USBD_LL_Suspend
 .text.USBD_LL_Resume
                0x000000000800aa94       0x20 libUSB.a(usbd_core.c.obj)
                0x000000000800aa94                USBD_LL_Resume
 .text.USBD_LL_SOF
                0x000000000800aab4       0x34 libUSB.a(usbd_core.c.obj)
                0x000000000800aab4                USBD_LL_SOF
 .text.USBD_StdDevReq
                0x000000000800aae8       0xa0 libUSB.a(usbd_ctlreq.c.obj)
                0x000000000800aae8                USBD_StdDevReq
 .text.USBD_StdItfReq
                0x000000000800ab88       0x66 libUSB.a(usbd_ctlreq.c.obj)
                0x000000000800ab88                USBD_StdItfReq
 .text.USBD_StdEPReq
                0x000000000800abee      0x1b0 libUSB.a(usbd_ctlreq.c.obj)
                0x000000000800abee                USBD_StdEPReq
 *fill*         0x000000000800ad9e        0x2 
 .text.USBD_GetDescriptor
                0x000000000800ada0      0x1e8 libUSB.a(usbd_ctlreq.c.obj)
 .text.USBD_SetAddress
                0x000000000800af88       0x7c libUSB.a(usbd_ctlreq.c.obj)
 .text.USBD_SetConfig
                0x000000000800b004      0x110 libUSB.a(usbd_ctlreq.c.obj)
 .text.USBD_GetConfig
                0x000000000800b114       0x64 libUSB.a(usbd_ctlreq.c.obj)
 .text.USBD_GetStatus
                0x000000000800b178       0x54 libUSB.a(usbd_ctlreq.c.obj)
 .text.USBD_SetFeature
                0x000000000800b1cc       0x36 libUSB.a(usbd_ctlreq.c.obj)
 .text.USBD_ClrFeature
                0x000000000800b202       0x50 libUSB.a(usbd_ctlreq.c.obj)
 .text.USBD_ParseSetupRequest
                0x000000000800b252       0x78 libUSB.a(usbd_ctlreq.c.obj)
                0x000000000800b252                USBD_ParseSetupRequest
 .text.USBD_CtlError
                0x000000000800b2ca       0x22 libUSB.a(usbd_ctlreq.c.obj)
                0x000000000800b2ca                USBD_CtlError
 .text.USBD_GetString
                0x000000000800b2ec       0x86 libUSB.a(usbd_ctlreq.c.obj)
                0x000000000800b2ec                USBD_GetString
 .text.USBD_GetLen
                0x000000000800b372       0x2e libUSB.a(usbd_ctlreq.c.obj)
 .text.USBD_CtlSendData
                0x000000000800b3a0       0x38 libUSB.a(usbd_ioreq.c.obj)
                0x000000000800b3a0                USBD_CtlSendData
 .text.USBD_CtlContinueSendData
                0x000000000800b3d8       0x24 libUSB.a(usbd_ioreq.c.obj)
                0x000000000800b3d8                USBD_CtlContinueSendData
 .text.USBD_CtlPrepareRx
                0x000000000800b3fc       0x3c libUSB.a(usbd_ioreq.c.obj)
                0x000000000800b3fc                USBD_CtlPrepareRx
 .text.USBD_CtlContinueRx
                0x000000000800b438       0x24 libUSB.a(usbd_ioreq.c.obj)
                0x000000000800b438                USBD_CtlContinueRx
 .text.USBD_CtlSendStatus
                0x000000000800b45c       0x26 libUSB.a(usbd_ioreq.c.obj)
                0x000000000800b45c                USBD_CtlSendStatus
 .text.USBD_CtlReceiveStatus
                0x000000000800b482       0x26 libUSB.a(usbd_ioreq.c.obj)
                0x000000000800b482                USBD_CtlReceiveStatus
 *(.glue_7)
 .glue_7        0x000000000800b4a8        0x0 linker stubs
 *(.glue_7t)
 .glue_7t       0x000000000800b4a8        0x0 linker stubs
 *(.eh_frame)
 .eh_frame      0x000000000800b4a8        0x0 /opt/cross/lib/gcc/arm-none-eabi/7.2.0/thumb/cortex-m3/crtbegin.o
 *(.init)
 .init          0x000000000800b4a8        0x4 /opt/cross/lib/gcc/arm-none-eabi/7.2.0/thumb/cortex-m3/crti.o
                0x000000000800b4a8                _init
 .init          0x000000000800b4ac        0x8 /opt/cross/lib/gcc/arm-none-eabi/7.2.0/thumb/cortex-m3/crtn.o
 *(.fini)
 .fini          0x000000000800b4b4        0x4 /opt/cross/lib/gcc/arm-none-eabi/7.2.0/thumb/cortex-m3/crti.o
                0x000000000800b4b4                _fini
 .fini          0x000000000800b4b8        0x8 /opt/cross/lib/gcc/arm-none-eabi/7.2.0/thumb/cortex-m3/crtn.o
                0x000000000800b4c0                . = ALIGN (0x4)
                0x000000000800b4c0                _etext = .

.vfp11_veneer   0x000000000800b4c0        0x0
 .vfp11_veneer  0x000000000800b4c0        0x0 linker stubs

.v4_bx          0x000000000800b4c0        0x0
 .v4_bx         0x000000000800b4c0        0x0 linker stubs

.iplt           0x000000000800b4c0        0x0
 .iplt          0x000000000800b4c0        0x0 /opt/cross/lib/gcc/arm-none-eabi/7.2.0/thumb/cortex-m3/crtbegin.o

.rodata         0x000000000800b4c0     0x16ec
                0x000000000800b4c0                . = ALIGN (0x4)
 *(.rodata)
 .rodata        0x000000000800b4c0       0xa8 CMakeFiles/blink.elf.dir/Src/main.c.obj
 .rodata        0x000000000800b568       0x39 CMakeFiles/blink.elf.dir/Src/usbd_conf.c.obj
 *fill*         0x000000000800b5a1        0x3 
 .rodata        0x000000000800b5a4       0x56 CMakeFiles/blink.elf.dir/Src/usbd_desc.c.obj
 *fill*         0x000000000800b5fa        0x2 
 .rodata        0x000000000800b5fc       0x12 CMakeFiles/blink.elf.dir/Drivers/STM32F1xx_HAL_Driver/Src/stm32f1xx_hal_rcc.c.obj
 *fill*         0x000000000800b60e        0x2 
 .rodata        0x000000000800b610       0x43 CMakeFiles/blink.elf.dir/UserSrc/Src/lesson5.c.obj
 *fill*         0x000000000800b653        0x1 
 .rodata        0x000000000800b654        0x5 libFREERTOS.a(tasks.c.obj)
 *fill*         0x000000000800b659        0x3 
 .rodata        0x000000000800b65c       0x20 /opt/cross/lib/gcc/arm-none-eabi/7.2.0/../../../../arm-none-eabi/lib/thumb/cortex-m3/libg.a(lib_a-svfprintf.o)
 .rodata        0x000000000800b67c       0x20 /opt/cross/lib/gcc/arm-none-eabi/7.2.0/../../../../arm-none-eabi/lib/thumb/cortex-m3/libg.a(lib_a-svfiprintf.o)
 *(.rodata*)
 .rodata.AHBPrescTable
                0x000000000800b69c       0x10 CMakeFiles/blink.elf.dir/Src/system_stm32f1xx.c.obj
                0x000000000800b69c                AHBPrescTable
 .rodata.APBPrescTable
                0x000000000800b6ac        0x8 CMakeFiles/blink.elf.dir/Src/system_stm32f1xx.c.obj
                0x000000000800b6ac                APBPrescTable
 .rodata.Font7x10
                0x000000000800b6b4      0x76c CMakeFiles/blink.elf.dir/UserSrc/Lib/ssd1306/Src/fonts.c.obj
 .rodata.Font11x18
                0x000000000800be20      0xd5c CMakeFiles/blink.elf.dir/UserSrc/Lib/ssd1306/Src/fonts.c.obj
 .rodata.str1.4
                0x000000000800cb7c       0x30 /opt/cross/lib/gcc/arm-none-eabi/7.2.0/../../../../arm-none-eabi/lib/thumb/cortex-m3/libg.a(lib_a-svfprintf.o)
                                         0x2f (size before relaxing)
 .rodata.str1.4
                0x000000000800cbac       0x2f /opt/cross/lib/gcc/arm-none-eabi/7.2.0/../../../../arm-none-eabi/lib/thumb/cortex-m3/libg.a(lib_a-svfiprintf.o)
                0x000000000800cbdc                . = ALIGN (0x4)

.rel.dyn        0x000000000800cbac        0x0
 .rel.iplt      0x000000000800cbac        0x0 /opt/cross/lib/gcc/arm-none-eabi/7.2.0/thumb/cortex-m3/crtbegin.o

.ARM.extab
 *(.ARM.extab* .gnu.linkonce.armextab.*)

.ARM            0x000000000800cbac        0x0
                0x000000000800cbac                __exidx_start = .
 *(.ARM.exidx*)
                0x000000000800cbac                __exidx_end = .

.preinit_array  0x000000000800cbac        0x0
                0x000000000800cbac                PROVIDE (__preinit_array_start, .)
 *(.preinit_array*)
                0x000000000800cbac                PROVIDE (__preinit_array_end, .)

.init_array     0x000000000800cbac        0x4
                0x000000000800cbac                PROVIDE (__init_array_start, .)
 *(SORT(.init_array.*))
 *(.init_array*)
 .init_array    0x000000000800cbac        0x4 /opt/cross/lib/gcc/arm-none-eabi/7.2.0/thumb/cortex-m3/crtbegin.o
                0x000000000800cbb0                PROVIDE (__init_array_end, .)

.fini_array     0x000000000800cbb0        0x4
                0x000000000800cbb0                PROVIDE (__fini_array_start, .)
 *(SORT(.fini_array.*))
 *(.fini_array*)
 .fini_array    0x000000000800cbb0        0x4 /opt/cross/lib/gcc/arm-none-eabi/7.2.0/thumb/cortex-m3/crtbegin.o
                0x000000000800cbb4                PROVIDE (__fini_array_end, .)
                0x000000000800cbb4                _sidata = LOADADDR (.data)

.data           0x0000000020000000      0x9b4 load address 0x000000000800cbb4
                0x0000000020000000                . = ALIGN (0x4)
                0x0000000020000000                _sdata = .
 *(.data)
 .data          0x0000000020000000      0x430 /opt/cross/lib/gcc/arm-none-eabi/7.2.0/../../../../arm-none-eabi/lib/thumb/cortex-m3/libg.a(lib_a-impure.o)
                0x0000000020000000                _impure_ptr
 .data          0x0000000020000430      0x410 /opt/cross/lib/gcc/arm-none-eabi/7.2.0/../../../../arm-none-eabi/lib/thumb/cortex-m3/libg.a(lib_a-mallocr.o)
                0x0000000020000430                __malloc_av_
                0x0000000020000838                __malloc_sbrk_base
                0x000000002000083c                __malloc_trim_threshold
 *(.data*)
 .data.SystemCoreClock
                0x0000000020000840        0x4 CMakeFiles/blink.elf.dir/Src/system_stm32f1xx.c.obj
                0x0000000020000840                SystemCoreClock
 .data.LineCoding
                0x0000000020000844        0x8 CMakeFiles/blink.elf.dir/Src/usbd_cdc_if.c.obj
                0x0000000020000844                LineCoding
 .data.USBD_Interface_fops_FS
                0x000000002000084c       0x10 CMakeFiles/blink.elf.dir/Src/usbd_cdc_if.c.obj
                0x000000002000084c                USBD_Interface_fops_FS
 .data.FS_Desc  0x000000002000085c       0x1c CMakeFiles/blink.elf.dir/Src/usbd_desc.c.obj
                0x000000002000085c                FS_Desc
 .data.USBD_FS_DeviceDesc
                0x0000000020000878       0x12 CMakeFiles/blink.elf.dir/Src/usbd_desc.c.obj
                0x0000000020000878                USBD_FS_DeviceDesc
 *fill*         0x000000002000088a        0x2 
 .data.USBD_LangIDDesc
                0x000000002000088c        0x4 CMakeFiles/blink.elf.dir/Src/usbd_desc.c.obj
                0x000000002000088c                USBD_LangIDDesc
 .data.Font_7x10
                0x0000000020000890        0x8 CMakeFiles/blink.elf.dir/UserSrc/Lib/ssd1306/Src/fonts.c.obj
                0x0000000020000890                Font_7x10
 .data.Font_11x18
                0x0000000020000898        0x8 CMakeFiles/blink.elf.dir/UserSrc/Lib/ssd1306/Src/fonts.c.obj
                0x0000000020000898                Font_11x18
 .data.uxCriticalNesting
                0x00000000200008a0        0x4 libFREERTOS.a(port.c.obj)
 .data.USBD_CDC_DeviceQualifierDesc
                0x00000000200008a4        0xa libUSB.a(usbd_cdc.c.obj)
 *fill*         0x00000000200008ae        0x2 
 .data.USBD_CDC
                0x00000000200008b0       0x38 libUSB.a(usbd_cdc.c.obj)
                0x00000000200008b0                USBD_CDC
 .data.USBD_CDC_CfgHSDesc
                0x00000000200008e8       0x43 libUSB.a(usbd_cdc.c.obj)
                0x00000000200008e8                USBD_CDC_CfgHSDesc
 *fill*         0x000000002000092b        0x1 
 .data.USBD_CDC_CfgFSDesc
                0x000000002000092c       0x43 libUSB.a(usbd_cdc.c.obj)
                0x000000002000092c                USBD_CDC_CfgFSDesc
 *fill*         0x000000002000096f        0x1 
 .data.USBD_CDC_OtherSpeedCfgDesc
                0x0000000020000970       0x43 libUSB.a(usbd_cdc.c.obj)
                0x0000000020000970                USBD_CDC_OtherSpeedCfgDesc
                0x00000000200009b4                . = ALIGN (0x4)
 *fill*         0x00000000200009b3        0x1 
                0x00000000200009b4                _edata = .

.tm_clone_table
                0x00000000200009b4        0x0 load address 0x000000000800d568
 .tm_clone_table
                0x00000000200009b4        0x0 /opt/cross/lib/gcc/arm-none-eabi/7.2.0/thumb/cortex-m3/crtbegin.o
 .tm_clone_table
                0x00000000200009b4        0x0 /opt/cross/lib/gcc/arm-none-eabi/7.2.0/thumb/cortex-m3/crtend.o

.igot.plt       0x00000000200009b4        0x0 load address 0x000000000800d568
 .igot.plt      0x00000000200009b4        0x0 /opt/cross/lib/gcc/arm-none-eabi/7.2.0/thumb/cortex-m3/crtbegin.o
                0x00000000200009b4                . = ALIGN (0x4)

.bss            0x00000000200009b4     0x3970 load address 0x000000000800d568
                0x00000000200009b4                _sbss = .
                0x00000000200009b4                __bss_start__ = _sbss
 *(.bss)
 .bss           0x00000000200009b4       0x1c /opt/cross/lib/gcc/arm-none-eabi/7.2.0/thumb/cortex-m3/crtbegin.o
 .bss           0x00000000200009d0       0x34 /opt/cross/lib/gcc/arm-none-eabi/7.2.0/../../../../arm-none-eabi/lib/thumb/cortex-m3/libg.a(lib_a-mallocr.o)
                0x00000000200009d0                __malloc_top_pad
                0x00000000200009d4                __malloc_current_mallinfo
                0x00000000200009fc                __malloc_max_sbrked_mem
                0x0000000020000a00                __malloc_max_total_mem
 *(.bss*)
 .bss.hi2c1     0x0000000020000a04       0x54 CMakeFiles/blink.elf.dir/Src/main.c.obj
                0x0000000020000a04                hi2c1
 .bss.htim3     0x0000000020000a58       0x40 CMakeFiles/blink.elf.dir/Src/main.c.obj
                0x0000000020000a58                htim3
 .bss.sendTelemetryToUsbSemaphoreHandle
                0x0000000020000a98        0x4 CMakeFiles/blink.elf.dir/Src/main.c.obj
                0x0000000020000a98                sendTelemetryToUsbSemaphoreHandle
 .bss.displayOutputTask
                0x0000000020000a9c        0x4 CMakeFiles/blink.elf.dir/Src/main.c.obj
                0x0000000020000a9c                displayOutputTask
 .bss.tempratureTask
                0x0000000020000aa0        0x4 CMakeFiles/blink.elf.dir/Src/main.c.obj
                0x0000000020000aa0                tempratureTask
 .bss.sendTelemetryToUsb
                0x0000000020000aa4        0x4 CMakeFiles/blink.elf.dir/Src/main.c.obj
                0x0000000020000aa4                sendTelemetryToUsb
 .bss.htim4     0x0000000020000aa8       0x40 CMakeFiles/blink.elf.dir/Src/stm32f1xx_hal_timebase_TIM.c.obj
                0x0000000020000aa8                htim4
 .bss.hUsbDeviceFS
                0x0000000020000ae8      0x224 CMakeFiles/blink.elf.dir/Src/usb_device.c.obj
                0x0000000020000ae8                hUsbDeviceFS
 .bss.UserRxBufferFS
                0x0000000020000d0c      0x800 CMakeFiles/blink.elf.dir/Src/usbd_cdc_if.c.obj
                0x0000000020000d0c                UserRxBufferFS
 .bss.UserTxBufferFS
                0x000000002000150c      0x800 CMakeFiles/blink.elf.dir/Src/usbd_cdc_if.c.obj
                0x000000002000150c                UserTxBufferFS
 .bss.hpcd_USB_FS
                0x0000000020001d0c      0x460 CMakeFiles/blink.elf.dir/Src/usbd_conf.c.obj
                0x0000000020001d0c                hpcd_USB_FS
 .bss.mem.8295  0x000000002000216c      0x220 CMakeFiles/blink.elf.dir/Src/usbd_conf.c.obj
 .bss.USBD_StrDesc
                0x000000002000238c      0x200 CMakeFiles/blink.elf.dir/Src/usbd_desc.c.obj
                0x000000002000238c                USBD_StrDesc
 .bss.uwTick    0x000000002000258c        0x4 CMakeFiles/blink.elf.dir/Drivers/STM32F1xx_HAL_Driver/Src/stm32f1xx_hal.c.obj
                0x000000002000258c                uwTick
 .bss.dht       0x0000000020002590       0x28 CMakeFiles/blink.elf.dir/UserSrc/Src/lesson5.c.obj
                0x0000000020002590                dht
 .bss.messageFromUsbComPort
                0x00000000200025b8        0xb CMakeFiles/blink.elf.dir/UserSrc/Src/lesson5.c.obj
                0x00000000200025b8                messageFromUsbComPort
 *fill*         0x00000000200025c3        0x1 
 .bss.SSD1306_Buffer
                0x00000000200025c4      0x400 CMakeFiles/blink.elf.dir/UserSrc/Lib/ssd1306/Src/ssd1306.c.obj
 .bss.SSD1306   0x00000000200029c4        0x6 CMakeFiles/blink.elf.dir/UserSrc/Lib/ssd1306/Src/ssd1306.c.obj
 *fill*         0x00000000200029ca        0x2 
 .bss.heap.5237
                0x00000000200029cc        0x4 CMakeFiles/blink.elf.dir/UserSrc/Lib/syscall/Src/syscalls.c.obj
 .bss.ucMaxSysCallPriority
                0x00000000200029d0        0x1 libFREERTOS.a(port.c.obj)
 *fill*         0x00000000200029d1        0x3 
 .bss.ulMaxPRIGROUPValue
                0x00000000200029d4        0x4 libFREERTOS.a(port.c.obj)
 .bss.ucHeap    0x00000000200029d8     0x1800 libFREERTOS.a(heap_4.c.obj)
 .bss.xStart    0x00000000200041d8        0x8 libFREERTOS.a(heap_4.c.obj)
 .bss.pxEnd     0x00000000200041e0        0x4 libFREERTOS.a(heap_4.c.obj)
 .bss.xFreeBytesRemaining
                0x00000000200041e4        0x4 libFREERTOS.a(heap_4.c.obj)
 .bss.xMinimumEverFreeBytesRemaining
                0x00000000200041e8        0x4 libFREERTOS.a(heap_4.c.obj)
 .bss.xBlockAllocatedBit
                0x00000000200041ec        0x4 libFREERTOS.a(heap_4.c.obj)
 .bss.pxCurrentTCB
                0x00000000200041f0        0x4 libFREERTOS.a(tasks.c.obj)
                0x00000000200041f0                pxCurrentTCB
 .bss.pxReadyTasksLists
                0x00000000200041f4       0x8c libFREERTOS.a(tasks.c.obj)
 .bss.xDelayedTaskList1
                0x0000000020004280       0x14 libFREERTOS.a(tasks.c.obj)
 .bss.xDelayedTaskList2
                0x0000000020004294       0x14 libFREERTOS.a(tasks.c.obj)
 .bss.pxDelayedTaskList
                0x00000000200042a8        0x4 libFREERTOS.a(tasks.c.obj)
 .bss.pxOverflowDelayedTaskList
                0x00000000200042ac        0x4 libFREERTOS.a(tasks.c.obj)
 .bss.xPendingReadyList
                0x00000000200042b0       0x14 libFREERTOS.a(tasks.c.obj)
 .bss.xTasksWaitingTermination
                0x00000000200042c4       0x14 libFREERTOS.a(tasks.c.obj)
 .bss.uxDeletedTasksWaitingCleanUp
                0x00000000200042d8        0x4 libFREERTOS.a(tasks.c.obj)
 .bss.xSuspendedTaskList
                0x00000000200042dc       0x14 libFREERTOS.a(tasks.c.obj)
 .bss.uxCurrentNumberOfTasks
                0x00000000200042f0        0x4 libFREERTOS.a(tasks.c.obj)
 .bss.xTickCount
                0x00000000200042f4        0x4 libFREERTOS.a(tasks.c.obj)
 .bss.uxTopReadyPriority
                0x00000000200042f8        0x4 libFREERTOS.a(tasks.c.obj)
 .bss.xSchedulerRunning
                0x00000000200042fc        0x4 libFREERTOS.a(tasks.c.obj)
 .bss.uxPendedTicks
                0x0000000020004300        0x4 libFREERTOS.a(tasks.c.obj)
 .bss.xYieldPending
                0x0000000020004304        0x4 libFREERTOS.a(tasks.c.obj)
 .bss.xNumOfOverflows
                0x0000000020004308        0x4 libFREERTOS.a(tasks.c.obj)
 .bss.uxTaskNumber
                0x000000002000430c        0x4 libFREERTOS.a(tasks.c.obj)
 .bss.xNextTaskUnblockTime
                0x0000000020004310        0x4 libFREERTOS.a(tasks.c.obj)
 .bss.xIdleTaskHandle
                0x0000000020004314        0x4 libFREERTOS.a(tasks.c.obj)
 .bss.uxSchedulerSuspended
                0x0000000020004318        0x4 libFREERTOS.a(tasks.c.obj)
 .bss.ifalt.8136
                0x000000002000431c        0x1 libUSB.a(usbd_cdc.c.obj)
 .bss.cfgidx.8141
                0x000000002000431d        0x1 libUSB.a(usbd_ctlreq.c.obj)
 *(COMMON)
 *fill*         0x000000002000431e        0x2 
 COMMON         0x0000000020004320        0x4 /opt/cross/lib/gcc/arm-none-eabi/7.2.0/../../../../arm-none-eabi/lib/thumb/cortex-m3/libg.a(lib_a-reent.o)
                0x0000000020004320                errno
                0x0000000020004324                . = ALIGN (0x4)
                0x0000000020004324                _ebss = .
                0x0000000020004324                __bss_end__ = _ebss

._user_heap_stack
                0x0000000020004324      0x604 load address 0x000000000800d568
                0x0000000020004328                . = ALIGN (0x8)
 *fill*         0x0000000020004324        0x4 
                [!provide]                        PROVIDE (end, .)
                0x0000000020004328                PROVIDE (_end, .)
                0x0000000020004528                . = (. + _Min_Heap_Size)
 *fill*         0x0000000020004328      0x200 
                0x0000000020004928                . = (. + _Min_Stack_Size)
 *fill*         0x0000000020004528      0x400 
                0x0000000020004928                . = ALIGN (0x8)

/DISCARD/
 libc.a(*)
 libm.a(*)
 libgcc.a(*)

.ARM.attributes
                0x0000000000000000       0x2f
 *(.ARM.attributes)
 .ARM.attributes
                0x0000000000000000       0x23 /opt/cross/lib/gcc/arm-none-eabi/7.2.0/thumb/cortex-m3/crti.o
 .ARM.attributes
                0x0000000000000023       0x33 /opt/cross/lib/gcc/arm-none-eabi/7.2.0/thumb/cortex-m3/crtbegin.o
 .ARM.attributes
                0x0000000000000056       0x33 CMakeFiles/blink.elf.dir/Src/main.c.obj
 .ARM.attributes
                0x0000000000000089       0x33 CMakeFiles/blink.elf.dir/Src/stm32f1xx_hal_msp.c.obj
 .ARM.attributes
                0x00000000000000bc       0x33 CMakeFiles/blink.elf.dir/Src/stm32f1xx_hal_timebase_TIM.c.obj
 .ARM.attributes
                0x00000000000000ef       0x33 CMakeFiles/blink.elf.dir/Src/stm32f1xx_it.c.obj
 .ARM.attributes
                0x0000000000000122       0x33 CMakeFiles/blink.elf.dir/Src/system_stm32f1xx.c.obj
 .ARM.attributes
                0x0000000000000155       0x33 CMakeFiles/blink.elf.dir/Src/usb_device.c.obj
 .ARM.attributes
                0x0000000000000188       0x33 CMakeFiles/blink.elf.dir/Src/usbd_cdc_if.c.obj
 .ARM.attributes
                0x00000000000001bb       0x33 CMakeFiles/blink.elf.dir/Src/usbd_conf.c.obj
 .ARM.attributes
                0x00000000000001ee       0x33 CMakeFiles/blink.elf.dir/Src/usbd_desc.c.obj
 .ARM.attributes
                0x0000000000000221       0x33 CMakeFiles/blink.elf.dir/Drivers/STM32F1xx_HAL_Driver/Src/stm32f1xx_hal.c.obj
 .ARM.attributes
                0x0000000000000254       0x33 CMakeFiles/blink.elf.dir/Drivers/STM32F1xx_HAL_Driver/Src/stm32f1xx_hal_cortex.c.obj
 .ARM.attributes
                0x0000000000000287       0x33 CMakeFiles/blink.elf.dir/Drivers/STM32F1xx_HAL_Driver/Src/stm32f1xx_hal_gpio.c.obj
 .ARM.attributes
                0x00000000000002ba       0x33 CMakeFiles/blink.elf.dir/Drivers/STM32F1xx_HAL_Driver/Src/stm32f1xx_hal_i2c.c.obj
 .ARM.attributes
                0x00000000000002ed       0x33 CMakeFiles/blink.elf.dir/Drivers/STM32F1xx_HAL_Driver/Src/stm32f1xx_hal_pcd.c.obj
 .ARM.attributes
                0x0000000000000320       0x33 CMakeFiles/blink.elf.dir/Drivers/STM32F1xx_HAL_Driver/Src/stm32f1xx_hal_pcd_ex.c.obj
 .ARM.attributes
                0x0000000000000353       0x33 CMakeFiles/blink.elf.dir/Drivers/STM32F1xx_HAL_Driver/Src/stm32f1xx_hal_rcc.c.obj
 .ARM.attributes
                0x0000000000000386       0x33 CMakeFiles/blink.elf.dir/Drivers/STM32F1xx_HAL_Driver/Src/stm32f1xx_hal_rcc_ex.c.obj
 .ARM.attributes
                0x00000000000003b9       0x33 CMakeFiles/blink.elf.dir/Drivers/STM32F1xx_HAL_Driver/Src/stm32f1xx_hal_tim.c.obj
 .ARM.attributes
                0x00000000000003ec       0x33 CMakeFiles/blink.elf.dir/Drivers/STM32F1xx_HAL_Driver/Src/stm32f1xx_hal_tim_ex.c.obj
 .ARM.attributes
                0x000000000000041f       0x33 CMakeFiles/blink.elf.dir/Drivers/STM32F1xx_HAL_Driver/Src/stm32f1xx_ll_usb.c.obj
 .ARM.attributes
                0x0000000000000452       0x33 CMakeFiles/blink.elf.dir/UserSrc/Src/lesson5.c.obj
 .ARM.attributes
                0x0000000000000485       0x33 CMakeFiles/blink.elf.dir/UserSrc/Lib/dh11/Src/dht11.c.obj
 .ARM.attributes
                0x00000000000004b8       0x33 CMakeFiles/blink.elf.dir/UserSrc/Lib/ssd1306/Src/fonts.c.obj
 .ARM.attributes
                0x00000000000004eb       0x33 CMakeFiles/blink.elf.dir/UserSrc/Lib/ssd1306/Src/ssd1306.c.obj
 .ARM.attributes
                0x000000000000051e       0x33 CMakeFiles/blink.elf.dir/UserSrc/Lib/syscall/Src/syscalls.c.obj
 .ARM.attributes
                0x0000000000000551       0x21 libCMSIS.a(startup_stm32f103xb.s.obj)
 .ARM.attributes
                0x0000000000000572       0x33 libFREERTOS.a(cmsis_os.c.obj)
 .ARM.attributes
                0x00000000000005a5       0x33 libFREERTOS.a(port.c.obj)
 .ARM.attributes
                0x00000000000005d8       0x33 libFREERTOS.a(heap_4.c.obj)
 .ARM.attributes
                0x000000000000060b       0x33 libFREERTOS.a(queue.c.obj)
 .ARM.attributes
                0x000000000000063e       0x33 libFREERTOS.a(tasks.c.obj)
 .ARM.attributes
                0x0000000000000671       0x33 libFREERTOS.a(list.c.obj)
 .ARM.attributes
                0x00000000000006a4       0x33 libUSB.a(usbd_cdc.c.obj)
 .ARM.attributes
                0x00000000000006d7       0x33 libUSB.a(usbd_core.c.obj)
 .ARM.attributes
                0x000000000000070a       0x33 libUSB.a(usbd_ctlreq.c.obj)
 .ARM.attributes
                0x000000000000073d       0x33 libUSB.a(usbd_ioreq.c.obj)
 .ARM.attributes
                0x0000000000000770       0x33 /opt/cross/lib/gcc/arm-none-eabi/7.2.0/../../../../arm-none-eabi/lib/thumb/cortex-m3/libg.a(lib_a-impure.o)
 .ARM.attributes
                0x00000000000007a3       0x33 /opt/cross/lib/gcc/arm-none-eabi/7.2.0/../../../../arm-none-eabi/lib/thumb/cortex-m3/libg.a(lib_a-init.o)
 .ARM.attributes
                0x00000000000007d6       0x21 /opt/cross/lib/gcc/arm-none-eabi/7.2.0/../../../../arm-none-eabi/lib/thumb/cortex-m3/libg.a(lib_a-memcpy.o)
 .ARM.attributes
                0x00000000000007f7       0x33 /opt/cross/lib/gcc/arm-none-eabi/7.2.0/../../../../arm-none-eabi/lib/thumb/cortex-m3/libg.a(lib_a-memset.o)
 .ARM.attributes
                0x000000000000082a       0x33 /opt/cross/lib/gcc/arm-none-eabi/7.2.0/../../../../arm-none-eabi/lib/thumb/cortex-m3/libg.a(lib_a-snprintf.o)
 .ARM.attributes
                0x000000000000085d       0x33 /opt/cross/lib/gcc/arm-none-eabi/7.2.0/../../../../arm-none-eabi/lib/thumb/cortex-m3/libg.a(lib_a-sprintf.o)
 .ARM.attributes
                0x0000000000000890       0x33 /opt/cross/lib/gcc/arm-none-eabi/7.2.0/../../../../arm-none-eabi/lib/thumb/cortex-m3/libg.a(lib_a-strncpy.o)
 .ARM.attributes
                0x00000000000008c3       0x33 /opt/cross/lib/gcc/arm-none-eabi/7.2.0/../../../../arm-none-eabi/lib/thumb/cortex-m3/libg.a(lib_a-svfprintf.o)
 .ARM.attributes
                0x00000000000008f6       0x33 /opt/cross/lib/gcc/arm-none-eabi/7.2.0/../../../../arm-none-eabi/lib/thumb/cortex-m3/libg.a(lib_a-mallocr.o)
 .ARM.attributes
                0x0000000000000929       0x33 /opt/cross/lib/gcc/arm-none-eabi/7.2.0/../../../../arm-none-eabi/lib/thumb/cortex-m3/libg.a(lib_a-memchr-stub.o)
 .ARM.attributes
                0x000000000000095c       0x33 /opt/cross/lib/gcc/arm-none-eabi/7.2.0/../../../../arm-none-eabi/lib/thumb/cortex-m3/libg.a(lib_a-mlock.o)
 .ARM.attributes
                0x000000000000098f       0x33 /opt/cross/lib/gcc/arm-none-eabi/7.2.0/../../../../arm-none-eabi/lib/thumb/cortex-m3/libg.a(lib_a-sbrkr.o)
 .ARM.attributes
                0x00000000000009c2       0x33 /opt/cross/lib/gcc/arm-none-eabi/7.2.0/../../../../arm-none-eabi/lib/thumb/cortex-m3/libg.a(lib_a-strlen-stub.o)
 .ARM.attributes
                0x00000000000009f5       0x33 /opt/cross/lib/gcc/arm-none-eabi/7.2.0/../../../../arm-none-eabi/lib/thumb/cortex-m3/libg.a(lib_a-svfiprintf.o)
 .ARM.attributes
                0x0000000000000a28       0x33 /opt/cross/lib/gcc/arm-none-eabi/7.2.0/../../../../arm-none-eabi/lib/thumb/cortex-m3/libg.a(lib_a-freer.o)
 .ARM.attributes
                0x0000000000000a5b       0x33 /opt/cross/lib/gcc/arm-none-eabi/7.2.0/../../../../arm-none-eabi/lib/thumb/cortex-m3/libg.a(lib_a-memmove.o)
 .ARM.attributes
                0x0000000000000a8e       0x33 /opt/cross/lib/gcc/arm-none-eabi/7.2.0/../../../../arm-none-eabi/lib/thumb/cortex-m3/libg.a(lib_a-reallocr.o)
 .ARM.attributes
                0x0000000000000ac1       0x33 /opt/cross/lib/gcc/arm-none-eabi/7.2.0/../../../../arm-none-eabi/lib/thumb/cortex-m3/libg.a(lib_a-reent.o)
 .ARM.attributes
                0x0000000000000af4       0x33 /opt/cross/lib/gcc/arm-none-eabi/7.2.0/thumb/cortex-m3/crtend.o
 .ARM.attributes
                0x0000000000000b27       0x23 /opt/cross/lib/gcc/arm-none-eabi/7.2.0/thumb/cortex-m3/crtn.o
OUTPUT(blink.elf elf32-littlearm)

.comment        0x0000000000000000       0x11
 .comment       0x0000000000000000       0x11 /opt/cross/lib/gcc/arm-none-eabi/7.2.0/thumb/cortex-m3/crtbegin.o
                                         0x12 (size before relaxing)
 .comment       0x0000000000000011       0x12 CMakeFiles/blink.elf.dir/Src/main.c.obj
 .comment       0x0000000000000011       0x12 CMakeFiles/blink.elf.dir/Src/stm32f1xx_hal_msp.c.obj
 .comment       0x0000000000000011       0x12 CMakeFiles/blink.elf.dir/Src/stm32f1xx_hal_timebase_TIM.c.obj
 .comment       0x0000000000000011       0x12 CMakeFiles/blink.elf.dir/Src/stm32f1xx_it.c.obj
 .comment       0x0000000000000011       0x12 CMakeFiles/blink.elf.dir/Src/system_stm32f1xx.c.obj
 .comment       0x0000000000000011       0x12 CMakeFiles/blink.elf.dir/Src/usb_device.c.obj
 .comment       0x0000000000000011       0x12 CMakeFiles/blink.elf.dir/Src/usbd_cdc_if.c.obj
 .comment       0x0000000000000011       0x12 CMakeFiles/blink.elf.dir/Src/usbd_conf.c.obj
 .comment       0x0000000000000011       0x12 CMakeFiles/blink.elf.dir/Src/usbd_desc.c.obj
 .comment       0x0000000000000011       0x12 CMakeFiles/blink.elf.dir/Drivers/STM32F1xx_HAL_Driver/Src/stm32f1xx_hal.c.obj
 .comment       0x0000000000000011       0x12 CMakeFiles/blink.elf.dir/Drivers/STM32F1xx_HAL_Driver/Src/stm32f1xx_hal_cortex.c.obj
 .comment       0x0000000000000011       0x12 CMakeFiles/blink.elf.dir/Drivers/STM32F1xx_HAL_Driver/Src/stm32f1xx_hal_gpio.c.obj
 .comment       0x0000000000000011       0x12 CMakeFiles/blink.elf.dir/Drivers/STM32F1xx_HAL_Driver/Src/stm32f1xx_hal_i2c.c.obj
 .comment       0x0000000000000011       0x12 CMakeFiles/blink.elf.dir/Drivers/STM32F1xx_HAL_Driver/Src/stm32f1xx_hal_pcd.c.obj
 .comment       0x0000000000000011       0x12 CMakeFiles/blink.elf.dir/Drivers/STM32F1xx_HAL_Driver/Src/stm32f1xx_hal_pcd_ex.c.obj
 .comment       0x0000000000000011       0x12 CMakeFiles/blink.elf.dir/Drivers/STM32F1xx_HAL_Driver/Src/stm32f1xx_hal_rcc.c.obj
 .comment       0x0000000000000011       0x12 CMakeFiles/blink.elf.dir/Drivers/STM32F1xx_HAL_Driver/Src/stm32f1xx_hal_rcc_ex.c.obj
 .comment       0x0000000000000011       0x12 CMakeFiles/blink.elf.dir/Drivers/STM32F1xx_HAL_Driver/Src/stm32f1xx_hal_tim.c.obj
 .comment       0x0000000000000011       0x12 CMakeFiles/blink.elf.dir/Drivers/STM32F1xx_HAL_Driver/Src/stm32f1xx_hal_tim_ex.c.obj
 .comment       0x0000000000000011       0x12 CMakeFiles/blink.elf.dir/Drivers/STM32F1xx_HAL_Driver/Src/stm32f1xx_ll_usb.c.obj
 .comment       0x0000000000000011       0x12 CMakeFiles/blink.elf.dir/UserSrc/Src/lesson5.c.obj
 .comment       0x0000000000000011       0x12 CMakeFiles/blink.elf.dir/UserSrc/Lib/dh11/Src/dht11.c.obj
 .comment       0x0000000000000011       0x12 CMakeFiles/blink.elf.dir/UserSrc/Lib/ssd1306/Src/fonts.c.obj
 .comment       0x0000000000000011       0x12 CMakeFiles/blink.elf.dir/UserSrc/Lib/ssd1306/Src/ssd1306.c.obj
 .comment       0x0000000000000011       0x12 CMakeFiles/blink.elf.dir/UserSrc/Lib/syscall/Src/syscalls.c.obj
 .comment       0x0000000000000011       0x12 libFREERTOS.a(cmsis_os.c.obj)
 .comment       0x0000000000000011       0x12 libFREERTOS.a(port.c.obj)
 .comment       0x0000000000000011       0x12 libFREERTOS.a(heap_4.c.obj)
 .comment       0x0000000000000011       0x12 libFREERTOS.a(queue.c.obj)
 .comment       0x0000000000000011       0x12 libFREERTOS.a(tasks.c.obj)
 .comment       0x0000000000000011       0x12 libFREERTOS.a(list.c.obj)
 .comment       0x0000000000000011       0x12 libUSB.a(usbd_cdc.c.obj)
 .comment       0x0000000000000011       0x12 libUSB.a(usbd_core.c.obj)
 .comment       0x0000000000000011       0x12 libUSB.a(usbd_ctlreq.c.obj)
 .comment       0x0000000000000011       0x12 libUSB.a(usbd_ioreq.c.obj)
 .comment       0x0000000000000011       0x12 /opt/cross/lib/gcc/arm-none-eabi/7.2.0/../../../../arm-none-eabi/lib/thumb/cortex-m3/libg.a(lib_a-impure.o)
 .comment       0x0000000000000011       0x12 /opt/cross/lib/gcc/arm-none-eabi/7.2.0/../../../../arm-none-eabi/lib/thumb/cortex-m3/libg.a(lib_a-init.o)
 .comment       0x0000000000000011       0x12 /opt/cross/lib/gcc/arm-none-eabi/7.2.0/../../../../arm-none-eabi/lib/thumb/cortex-m3/libg.a(lib_a-memset.o)
 .comment       0x0000000000000011       0x12 /opt/cross/lib/gcc/arm-none-eabi/7.2.0/../../../../arm-none-eabi/lib/thumb/cortex-m3/libg.a(lib_a-snprintf.o)
 .comment       0x0000000000000011       0x12 /opt/cross/lib/gcc/arm-none-eabi/7.2.0/../../../../arm-none-eabi/lib/thumb/cortex-m3/libg.a(lib_a-sprintf.o)
 .comment       0x0000000000000011       0x12 /opt/cross/lib/gcc/arm-none-eabi/7.2.0/../../../../arm-none-eabi/lib/thumb/cortex-m3/libg.a(lib_a-strncpy.o)
 .comment       0x0000000000000011       0x12 /opt/cross/lib/gcc/arm-none-eabi/7.2.0/../../../../arm-none-eabi/lib/thumb/cortex-m3/libg.a(lib_a-svfprintf.o)
 .comment       0x0000000000000011       0x12 /opt/cross/lib/gcc/arm-none-eabi/7.2.0/../../../../arm-none-eabi/lib/thumb/cortex-m3/libg.a(lib_a-mallocr.o)
 .comment       0x0000000000000011       0x12 /opt/cross/lib/gcc/arm-none-eabi/7.2.0/../../../../arm-none-eabi/lib/thumb/cortex-m3/libg.a(lib_a-memchr-stub.o)
 .comment       0x0000000000000011       0x12 /opt/cross/lib/gcc/arm-none-eabi/7.2.0/../../../../arm-none-eabi/lib/thumb/cortex-m3/libg.a(lib_a-mlock.o)
 .comment       0x0000000000000011       0x12 /opt/cross/lib/gcc/arm-none-eabi/7.2.0/../../../../arm-none-eabi/lib/thumb/cortex-m3/libg.a(lib_a-sbrkr.o)
 .comment       0x0000000000000011       0x12 /opt/cross/lib/gcc/arm-none-eabi/7.2.0/../../../../arm-none-eabi/lib/thumb/cortex-m3/libg.a(lib_a-strlen-stub.o)
 .comment       0x0000000000000011       0x12 /opt/cross/lib/gcc/arm-none-eabi/7.2.0/../../../../arm-none-eabi/lib/thumb/cortex-m3/libg.a(lib_a-svfiprintf.o)
 .comment       0x0000000000000011       0x12 /opt/cross/lib/gcc/arm-none-eabi/7.2.0/../../../../arm-none-eabi/lib/thumb/cortex-m3/libg.a(lib_a-freer.o)
 .comment       0x0000000000000011       0x12 /opt/cross/lib/gcc/arm-none-eabi/7.2.0/../../../../arm-none-eabi/lib/thumb/cortex-m3/libg.a(lib_a-memmove.o)
 .comment       0x0000000000000011       0x12 /opt/cross/lib/gcc/arm-none-eabi/7.2.0/../../../../arm-none-eabi/lib/thumb/cortex-m3/libg.a(lib_a-reallocr.o)
 .comment       0x0000000000000011       0x12 /opt/cross/lib/gcc/arm-none-eabi/7.2.0/../../../../arm-none-eabi/lib/thumb/cortex-m3/libg.a(lib_a-reent.o)
 .comment       0x0000000000000011       0x12 /opt/cross/lib/gcc/arm-none-eabi/7.2.0/thumb/cortex-m3/crtend.o

.debug_info     0x0000000000000000    0x36400
 .debug_info    0x0000000000000000     0x1c3b CMakeFiles/blink.elf.dir/Src/main.c.obj
 .debug_info    0x0000000000001c3b     0x1451 CMakeFiles/blink.elf.dir/Src/stm32f1xx_hal_msp.c.obj
 .debug_info    0x000000000000308c     0x10bc CMakeFiles/blink.elf.dir/Src/stm32f1xx_hal_timebase_TIM.c.obj
 .debug_info    0x0000000000004148     0x1465 CMakeFiles/blink.elf.dir/Src/stm32f1xx_it.c.obj
 .debug_info    0x00000000000055ad      0x3e5 CMakeFiles/blink.elf.dir/Src/system_stm32f1xx.c.obj
 .debug_info    0x0000000000005992      0xdf3 CMakeFiles/blink.elf.dir/Src/usb_device.c.obj
 .debug_info    0x0000000000006785     0x1098 CMakeFiles/blink.elf.dir/Src/usbd_cdc_if.c.obj
 .debug_info    0x000000000000781d     0x1c93 CMakeFiles/blink.elf.dir/Src/usbd_conf.c.obj
 .debug_info    0x00000000000094b0      0xbfb CMakeFiles/blink.elf.dir/Src/usbd_desc.c.obj
 .debug_info    0x000000000000a0ab      0xe2e CMakeFiles/blink.elf.dir/Drivers/STM32F1xx_HAL_Driver/Src/stm32f1xx_hal.c.obj
 .debug_info    0x000000000000aed9     0x12fb CMakeFiles/blink.elf.dir/Drivers/STM32F1xx_HAL_Driver/Src/stm32f1xx_hal_cortex.c.obj
 .debug_info    0x000000000000c1d4      0xe60 CMakeFiles/blink.elf.dir/Drivers/STM32F1xx_HAL_Driver/Src/stm32f1xx_hal_gpio.c.obj
 .debug_info    0x000000000000d034     0x2972 CMakeFiles/blink.elf.dir/Drivers/STM32F1xx_HAL_Driver/Src/stm32f1xx_hal_i2c.c.obj
 .debug_info    0x000000000000f9a6     0x14f8 CMakeFiles/blink.elf.dir/Drivers/STM32F1xx_HAL_Driver/Src/stm32f1xx_hal_pcd.c.obj
 .debug_info    0x0000000000010e9e      0xdf5 CMakeFiles/blink.elf.dir/Drivers/STM32F1xx_HAL_Driver/Src/stm32f1xx_hal_pcd_ex.c.obj
 .debug_info    0x0000000000011c93      0xfc6 CMakeFiles/blink.elf.dir/Drivers/STM32F1xx_HAL_Driver/Src/stm32f1xx_hal_rcc.c.obj
 .debug_info    0x0000000000012c59      0xbfe CMakeFiles/blink.elf.dir/Drivers/STM32F1xx_HAL_Driver/Src/stm32f1xx_hal_rcc_ex.c.obj
 .debug_info    0x0000000000013857     0x29c9 CMakeFiles/blink.elf.dir/Drivers/STM32F1xx_HAL_Driver/Src/stm32f1xx_hal_tim.c.obj
 .debug_info    0x0000000000016220     0x1778 CMakeFiles/blink.elf.dir/Drivers/STM32F1xx_HAL_Driver/Src/stm32f1xx_hal_tim_ex.c.obj
 .debug_info    0x0000000000017998     0x16b3 CMakeFiles/blink.elf.dir/Drivers/STM32F1xx_HAL_Driver/Src/stm32f1xx_ll_usb.c.obj
 .debug_info    0x000000000001904b     0x194c CMakeFiles/blink.elf.dir/UserSrc/Src/lesson5.c.obj
 .debug_info    0x000000000001a997     0x12d2 CMakeFiles/blink.elf.dir/UserSrc/Lib/dh11/Src/dht11.c.obj
 .debug_info    0x000000000001bc69      0xa37 CMakeFiles/blink.elf.dir/UserSrc/Lib/ssd1306/Src/fonts.c.obj