Archive member included to satisfy reference by file (symbol)

libCMSIS.a(startup_stm32f103xb.s.obj)
                              (Reset_Handler)
/opt/cross/lib/gcc/arm-none-eabi/7.2.0/../../../../arm-none-eabi/lib/thumb/cortex-m3/libg.a(lib_a-atexit.o)
                              /opt/cross/lib/gcc/arm-none-eabi/7.2.0/../../../../arm-none-eabi/lib/thumb/cortex-m3/crt0.o (atexit)
/opt/cross/lib/gcc/arm-none-eabi/7.2.0/../../../../arm-none-eabi/lib/thumb/cortex-m3/libg.a(lib_a-exit.o)
                              /opt/cross/lib/gcc/arm-none-eabi/7.2.0/../../../../arm-none-eabi/lib/thumb/cortex-m3/crt0.o (exit)
/opt/cross/lib/gcc/arm-none-eabi/7.2.0/../../../../arm-none-eabi/lib/thumb/cortex-m3/libg.a(lib_a-fini.o)
                              /opt/cross/lib/gcc/arm-none-eabi/7.2.0/../../../../arm-none-eabi/lib/thumb/cortex-m3/crt0.o (__libc_fini_array)
/opt/cross/lib/gcc/arm-none-eabi/7.2.0/../../../../arm-none-eabi/lib/thumb/cortex-m3/libg.a(lib_a-impure.o)
                              /opt/cross/lib/gcc/arm-none-eabi/7.2.0/../../../../arm-none-eabi/lib/thumb/cortex-m3/libg.a(lib_a-exit.o) (_global_impure_ptr)
/opt/cross/lib/gcc/arm-none-eabi/7.2.0/../../../../arm-none-eabi/lib/thumb/cortex-m3/libg.a(lib_a-init.o)
                              /opt/cross/lib/gcc/arm-none-eabi/7.2.0/../../../../arm-none-eabi/lib/thumb/cortex-m3/crt0.o (__libc_init_array)
/opt/cross/lib/gcc/arm-none-eabi/7.2.0/../../../../arm-none-eabi/lib/thumb/cortex-m3/libg.a(lib_a-memset.o)
                              /opt/cross/lib/gcc/arm-none-eabi/7.2.0/../../../../arm-none-eabi/lib/thumb/cortex-m3/crt0.o (memset)
/opt/cross/lib/gcc/arm-none-eabi/7.2.0/../../../../arm-none-eabi/lib/thumb/cortex-m3/libg.a(lib_a-sprintf.o)
                              CMakeFiles/blink.elf.dir/UserSrc/Src/lesson4.c.obj (sprintf)
/opt/cross/lib/gcc/arm-none-eabi/7.2.0/../../../../arm-none-eabi/lib/thumb/cortex-m3/libg.a(lib_a-svfprintf.o)
                              /opt/cross/lib/gcc/arm-none-eabi/7.2.0/../../../../arm-none-eabi/lib/thumb/cortex-m3/libg.a(lib_a-sprintf.o) (_svfprintf_r)
/opt/cross/lib/gcc/arm-none-eabi/7.2.0/../../../../arm-none-eabi/lib/thumb/cortex-m3/libg.a(lib_a-__atexit.o)
                              /opt/cross/lib/gcc/arm-none-eabi/7.2.0/../../../../arm-none-eabi/lib/thumb/cortex-m3/libg.a(lib_a-atexit.o) (__register_exitproc)
/opt/cross/lib/gcc/arm-none-eabi/7.2.0/../../../../arm-none-eabi/lib/thumb/cortex-m3/libg.a(lib_a-__call_atexit.o)
                              /opt/cross/lib/gcc/arm-none-eabi/7.2.0/../../../../arm-none-eabi/lib/thumb/cortex-m3/libg.a(lib_a-exit.o) (__call_exitprocs)
/opt/cross/lib/gcc/arm-none-eabi/7.2.0/../../../../arm-none-eabi/lib/thumb/cortex-m3/libg.a(lib_a-mallocr.o)
                              /opt/cross/lib/gcc/arm-none-eabi/7.2.0/../../../../arm-none-eabi/lib/thumb/cortex-m3/libg.a(lib_a-svfprintf.o) (_malloc_r)
/opt/cross/lib/gcc/arm-none-eabi/7.2.0/../../../../arm-none-eabi/lib/thumb/cortex-m3/libg.a(lib_a-memchr-stub.o)
                              /opt/cross/lib/gcc/arm-none-eabi/7.2.0/../../../../arm-none-eabi/lib/thumb/cortex-m3/libg.a(lib_a-svfprintf.o) (memchr)
/opt/cross/lib/gcc/arm-none-eabi/7.2.0/../../../../arm-none-eabi/lib/thumb/cortex-m3/libg.a(lib_a-mlock.o)
                              /opt/cross/lib/gcc/arm-none-eabi/7.2.0/../../../../arm-none-eabi/lib/thumb/cortex-m3/libg.a(lib_a-mallocr.o) (__malloc_lock)
/opt/cross/lib/gcc/arm-none-eabi/7.2.0/../../../../arm-none-eabi/lib/thumb/cortex-m3/libg.a(lib_a-sbrkr.o)
                              /opt/cross/lib/gcc/arm-none-eabi/7.2.0/../../../../arm-none-eabi/lib/thumb/cortex-m3/libg.a(lib_a-mallocr.o) (_sbrk_r)
/opt/cross/lib/gcc/arm-none-eabi/7.2.0/../../../../arm-none-eabi/lib/thumb/cortex-m3/libg.a(lib_a-strlen-stub.o)
                              /opt/cross/lib/gcc/arm-none-eabi/7.2.0/../../../../arm-none-eabi/lib/thumb/cortex-m3/libg.a(lib_a-svfprintf.o) (strlen)
/opt/cross/lib/gcc/arm-none-eabi/7.2.0/../../../../arm-none-eabi/lib/thumb/cortex-m3/libg.a(lib_a-svfiprintf.o)
                              /opt/cross/lib/gcc/arm-none-eabi/7.2.0/../../../../arm-none-eabi/lib/thumb/cortex-m3/libg.a(lib_a-svfprintf.o) (__ssputs_r)
/opt/cross/lib/gcc/arm-none-eabi/7.2.0/../../../../arm-none-eabi/lib/thumb/cortex-m3/libg.a(lib_a-freer.o)
                              /opt/cross/lib/gcc/arm-none-eabi/7.2.0/../../../../arm-none-eabi/lib/thumb/cortex-m3/libg.a(lib_a-mallocr.o) (_free_r)
/opt/cross/lib/gcc/arm-none-eabi/7.2.0/../../../../arm-none-eabi/lib/thumb/cortex-m3/libg.a(lib_a-memcpy.o)
                              /opt/cross/lib/gcc/arm-none-eabi/7.2.0/../../../../arm-none-eabi/lib/thumb/cortex-m3/libg.a(lib_a-svfiprintf.o) (memcpy)
/opt/cross/lib/gcc/arm-none-eabi/7.2.0/../../../../arm-none-eabi/lib/thumb/cortex-m3/libg.a(lib_a-memmove.o)
                              /opt/cross/lib/gcc/arm-none-eabi/7.2.0/../../../../arm-none-eabi/lib/thumb/cortex-m3/libg.a(lib_a-svfiprintf.o) (memmove)
[...]
Memory Configuration

Name             Origin             Length             Attributes
RAM              0x0000000020000000 0x0000000000005000 xrw
FLASH            0x0000000008000000 0x0000000000010000 xr
*default*        0x0000000000000000 0xffffffffffffffff

Linker script and memory map

LOAD /opt/cross/lib/gcc/arm-none-eabi/7.2.0/thumb/cortex-m3/crti.o
LOAD /opt/cross/lib/gcc/arm-none-eabi/7.2.0/thumb/cortex-m3/crtbegin.o
LOAD /opt/cross/lib/gcc/arm-none-eabi/7.2.0/../../../../arm-none-eabi/lib/thumb/cortex-m3/crt0.o
LOAD CMakeFiles/blink.elf.dir/Src/main.c.obj
LOAD CMakeFiles/blink.elf.dir/Src/stm32f1xx_hal_msp.c.obj
LOAD CMakeFiles/blink.elf.dir/Src/stm32f1xx_it.c.obj
LOAD CMakeFiles/blink.elf.dir/Src/system_stm32f1xx.c.obj
LOAD CMakeFiles/blink.elf.dir/Drivers/STM32F1xx_HAL_Driver/Src/stm32f1xx_hal.c.obj
LOAD CMakeFiles/blink.elf.dir/Drivers/STM32F1xx_HAL_Driver/Src/stm32f1xx_hal_cortex.c.obj
LOAD CMakeFiles/blink.elf.dir/Drivers/STM32F1xx_HAL_Driver/Src/stm32f1xx_hal_dma.c.obj
LOAD CMakeFiles/blink.elf.dir/Drivers/STM32F1xx_HAL_Driver/Src/stm32f1xx_hal_flash.c.obj
LOAD CMakeFiles/blink.elf.dir/Drivers/STM32F1xx_HAL_Driver/Src/stm32f1xx_hal_flash_ex.c.obj
LOAD CMakeFiles/blink.elf.dir/Drivers/STM32F1xx_HAL_Driver/Src/stm32f1xx_hal_gpio.c.obj
LOAD CMakeFiles/blink.elf.dir/Drivers/STM32F1xx_HAL_Driver/Src/stm32f1xx_hal_gpio_ex.c.obj
LOAD CMakeFiles/blink.elf.dir/Drivers/STM32F1xx_HAL_Driver/Src/stm32f1xx_hal_i2c.c.obj
LOAD CMakeFiles/blink.elf.dir/Drivers/STM32F1xx_HAL_Driver/Src/stm32f1xx_hal_pwr.c.obj
LOAD CMakeFiles/blink.elf.dir/Drivers/STM32F1xx_HAL_Driver/Src/stm32f1xx_hal_rcc.c.obj
LOAD CMakeFiles/blink.elf.dir/Drivers/STM32F1xx_HAL_Driver/Src/stm32f1xx_hal_rcc_ex.c.obj
LOAD CMakeFiles/blink.elf.dir/Drivers/STM32F1xx_HAL_Driver/Src/stm32f1xx_hal_tim.c.obj
LOAD CMakeFiles/blink.elf.dir/Drivers/STM32F1xx_HAL_Driver/Src/stm32f1xx_hal_tim_ex.c.obj
LOAD CMakeFiles/blink.elf.dir/UserSrc/Src/lesson3.c.obj
LOAD CMakeFiles/blink.elf.dir/UserSrc/Src/lesson4.c.obj
LOAD CMakeFiles/blink.elf.dir/UserSrc/Lib/ssd1306/Src/fonts.c.obj
LOAD CMakeFiles/blink.elf.dir/UserSrc/Lib/ssd1306/Src/ssd1306.c.obj
LOAD CMakeFiles/blink.elf.dir/UserSrc/Lib/syscall/Src/syscalls.c.obj
LOAD libHAL.a
LOAD libCMSIS.a
LOAD libUSERSRC.a
LOAD libLIBS.a
START GROUP
LOAD /opt/cross/lib/gcc/arm-none-eabi/7.2.0/thumb/cortex-m3/libgcc.a
LOAD /opt/cross/lib/gcc/arm-none-eabi/7.2.0/../../../../arm-none-eabi/lib/thumb/cortex-m3/libg.a
LOAD /opt/cross/lib/gcc/arm-none-eabi/7.2.0/../../../../arm-none-eabi/lib/thumb/cortex-m3/libc.a
END GROUP
LOAD /opt/cross/lib/gcc/arm-none-eabi/7.2.0/thumb/cortex-m3/crtend.o
LOAD /opt/cross/lib/gcc/arm-none-eabi/7.2.0/thumb/cortex-m3/crtn.o
                0x0000000020005000                _estack = 0x20005000
                0x0000000000000200                _Min_Heap_Size = 0x200
                0x0000000000000400                _Min_Stack_Size = 0x400

.isr_vector     0x0000000008000000      0x10c
                0x0000000008000000                . = ALIGN (0x4)
 *(.isr_vector)
 .isr_vector    0x0000000008000000      0x10c libCMSIS.a(startup_stm32f103xb.s.obj)
                0x0000000008000000                g_pfnVectors
                0x000000000800010c                . = ALIGN (0x4)

.text           0x000000000800010c     0x4548
                0x000000000800010c                . = ALIGN (0x4)
 *(.text)
 .text          0x000000000800010c       0x88 /opt/cross/lib/gcc/arm-none-eabi/7.2.0/thumb/cortex-m3/crtbegin.o
 .text          0x0000000008000194       0x48 /opt/cross/lib/gcc/arm-none-eabi/7.2.0/../../../../arm-none-eabi/lib/thumb/cortex-m3/libg.a(lib_a-init.o)
                0x0000000008000194                __libc_init_array
 .text          0x00000000080001dc       0x80 /opt/cross/lib/gcc/arm-none-eabi/7.2.0/../../../../arm-none-eabi/lib/thumb/cortex-m3/libg.a(lib_a-sprintf.o)
                0x00000000080001dc                _sprintf_r
                0x0000000008000218                sprintf
 .text          0x000000000800025c      0x6d4 /opt/cross/lib/gcc/arm-none-eabi/7.2.0/../../../../arm-none-eabi/lib/thumb/cortex-m3/libg.a(lib_a-svfprintf.o)
                0x000000000800025c                _svfprintf_r
 .text          0x0000000008000930      0x518 /opt/cross/lib/gcc/arm-none-eabi/7.2.0/../../../../arm-none-eabi/lib/thumb/cortex-m3/libg.a(lib_a-mallocr.o)
                0x0000000008000930                _malloc_r
 .text          0x0000000008000e48       0x8c /opt/cross/lib/gcc/arm-none-eabi/7.2.0/../../../../arm-none-eabi/lib/thumb/cortex-m3/libg.a(lib_a-memchr-stub.o)
                0x0000000008000e48                memchr
 .text          0x0000000008000ed4        0x8 /opt/cross/lib/gcc/arm-none-eabi/7.2.0/../../../../arm-none-eabi/lib/thumb/cortex-m3/libg.a(lib_a-mlock.o)
                0x0000000008000ed4                __malloc_lock
                0x0000000008000ed8                __malloc_unlock
 .text          0x0000000008000edc       0x24 /opt/cross/lib/gcc/arm-none-eabi/7.2.0/../../../../arm-none-eabi/lib/thumb/cortex-m3/libg.a(lib_a-sbrkr.o)
                0x0000000008000edc                _sbrk_r
 .text          0x0000000008000f00       0x5c /opt/cross/lib/gcc/arm-none-eabi/7.2.0/../../../../arm-none-eabi/lib/thumb/cortex-m3/libg.a(lib_a-strlen-stub.o)
                0x0000000008000f00                strlen
 .text          0x0000000008000f5c      0x880 /opt/cross/lib/gcc/arm-none-eabi/7.2.0/../../../../arm-none-eabi/lib/thumb/cortex-m3/libg.a(lib_a-svfiprintf.o)
                0x0000000008000f5c                __ssputs_r
                0x0000000008001020                __ssprint_r
                0x0000000008001114                _svfiprintf_r
 .text          0x00000000080017dc      0x288 /opt/cross/lib/gcc/arm-none-eabi/7.2.0/../../../../arm-none-eabi/lib/thumb/cortex-m3/libg.a(lib_a-freer.o)
                0x00000000080017dc                _malloc_trim_r
                0x000000000800187c                _free_r
 .text          0x0000000008001a64       0xec /opt/cross/lib/gcc/arm-none-eabi/7.2.0/../../../../arm-none-eabi/lib/thumb/cortex-m3/libg.a(lib_a-memcpy.o)
                0x0000000008001a64                memcpy
 .text          0x0000000008001b50       0xc4 /opt/cross/lib/gcc/arm-none-eabi/7.2.0/../../../../arm-none-eabi/lib/thumb/cortex-m3/libg.a(lib_a-memmove.o)
                0x0000000008001b50                memmove
 .text          0x0000000008001c14      0x374 /opt/cross/lib/gcc/arm-none-eabi/7.2.0/../../../../arm-none-eabi/lib/thumb/cortex-m3/libg.a(lib_a-reallocr.o)
                0x0000000008001c14                _realloc_r
 *(.text*)
 .text.main     0x0000000008001f88       0x28 CMakeFiles/blink.elf.dir/Src/main.c.obj
                0x0000000008001f88                main
 .text.SystemClock_Config
                0x0000000008001fb0       0xa4 CMakeFiles/blink.elf.dir/Src/main.c.obj
                0x0000000008001fb0                SystemClock_Config
 .text.MX_I2C1_Init
                0x0000000008002054       0x64 CMakeFiles/blink.elf.dir/Src/main.c.obj
 .text.MX_TIM2_Init
                0x00000000080020b8       0x94 CMakeFiles/blink.elf.dir/Src/main.c.obj
 .text.MX_GPIO_Init
                0x000000000800214c       0x9c CMakeFiles/blink.elf.dir/Src/main.c.obj
 .text._Error_Handler
                0x00000000080021e8        0xc CMakeFiles/blink.elf.dir/Src/main.c.obj
                0x00000000080021e8                _Error_Handler
 .text.HAL_MspInit
                0x00000000080021f4       0xa0 CMakeFiles/blink.elf.dir/Src/stm32f1xx_hal_msp.c.obj
                0x00000000080021f4                HAL_MspInit
 .text.HAL_I2C_MspInit
                0x0000000008002294       0x58 CMakeFiles/blink.elf.dir/Src/stm32f1xx_hal_msp.c.obj
                0x0000000008002294                HAL_I2C_MspInit
 .text.HAL_TIM_Base_MspInit
                0x00000000080022ec       0x48 CMakeFiles/blink.elf.dir/Src/stm32f1xx_hal_msp.c.obj
                0x00000000080022ec                HAL_TIM_Base_MspInit
 .text.NMI_Handler
                0x0000000008002334        0xc CMakeFiles/blink.elf.dir/Src/stm32f1xx_it.c.obj
                0x0000000008002334                NMI_Handler
 .text.HardFault_Handler
                0x0000000008002340        0x6 CMakeFiles/blink.elf.dir/Src/stm32f1xx_it.c.obj
                0x0000000008002340                HardFault_Handler
 .text.MemManage_Handler
                0x0000000008002346        0x6 CMakeFiles/blink.elf.dir/Src/stm32f1xx_it.c.obj
                0x0000000008002346                MemManage_Handler
 .text.BusFault_Handler
                0x000000000800234c        0x6 CMakeFiles/blink.elf.dir/Src/stm32f1xx_it.c.obj
                0x000000000800234c                BusFault_Handler
 .text.UsageFault_Handler
                0x0000000008002352        0x6 CMakeFiles/blink.elf.dir/Src/stm32f1xx_it.c.obj
                0x0000000008002352                UsageFault_Handler
 .text.SVC_Handler
                0x0000000008002358        0xc CMakeFiles/blink.elf.dir/Src/stm32f1xx_it.c.obj
                0x0000000008002358                SVC_Handler
 .text.DebugMon_Handler
                0x0000000008002364        0xc CMakeFiles/blink.elf.dir/Src/stm32f1xx_it.c.obj
                0x0000000008002364                DebugMon_Handler
 .text.PendSV_Handler
                0x0000000008002370        0xc CMakeFiles/blink.elf.dir/Src/stm32f1xx_it.c.obj
                0x0000000008002370                PendSV_Handler
 .text.SysTick_Handler
                0x000000000800237c       0x10 CMakeFiles/blink.elf.dir/Src/stm32f1xx_it.c.obj
                0x000000000800237c                SysTick_Handler
 .text.TIM2_IRQHandler
                0x000000000800238c       0x18 CMakeFiles/blink.elf.dir/Src/stm32f1xx_it.c.obj
                0x000000000800238c                TIM2_IRQHandler
 .text.SystemInit
                0x00000000080023a4       0x68 CMakeFiles/blink.elf.dir/Src/system_stm32f1xx.c.obj
                0x00000000080023a4                SystemInit
 .text.HAL_Init
                0x000000000800240c       0x2c CMakeFiles/blink.elf.dir/Drivers/STM32F1xx_HAL_Driver/Src/stm32f1xx_hal.c.obj
                0x000000000800240c                HAL_Init
 .text.HAL_InitTick
                0x0000000008002438       0x38 CMakeFiles/blink.elf.dir/Drivers/STM32F1xx_HAL_Driver/Src/stm32f1xx_hal.c.obj
                0x0000000008002438                HAL_InitTick
 .text.HAL_IncTick
                0x0000000008002470       0x1c CMakeFiles/blink.elf.dir/Drivers/STM32F1xx_HAL_Driver/Src/stm32f1xx_hal.c.obj
                0x0000000008002470                HAL_IncTick
 .text.HAL_GetTick
                0x000000000800248c       0x14 CMakeFiles/blink.elf.dir/Drivers/STM32F1xx_HAL_Driver/Src/stm32f1xx_hal.c.obj
                0x000000000800248c                HAL_GetTick
 .text.HAL_Delay
                0x00000000080024a0       0x3a CMakeFiles/blink.elf.dir/Drivers/STM32F1xx_HAL_Driver/Src/stm32f1xx_hal.c.obj
                0x00000000080024a0                HAL_Delay
 *fill*         0x00000000080024da        0x2 
 .text.NVIC_SetPriorityGrouping
                0x00000000080024dc       0x48 CMakeFiles/blink.elf.dir/Drivers/STM32F1xx_HAL_Driver/Src/stm32f1xx_hal_cortex.c.obj
 .text.NVIC_GetPriorityGrouping
                0x0000000008002524       0x1c CMakeFiles/blink.elf.dir/Drivers/STM32F1xx_HAL_Driver/Src/stm32f1xx_hal_cortex.c.obj
 .text.NVIC_EnableIRQ
                0x0000000008002540       0x30 CMakeFiles/blink.elf.dir/Drivers/STM32F1xx_HAL_Driver/Src/stm32f1xx_hal_cortex.c.obj
 .text.NVIC_SetPriority
                0x0000000008002570       0x54 CMakeFiles/blink.elf.dir/Drivers/STM32F1xx_HAL_Driver/Src/stm32f1xx_hal_cortex.c.obj
 .text.NVIC_EncodePriority
                0x00000000080025c4       0x64 CMakeFiles/blink.elf.dir/Drivers/STM32F1xx_HAL_Driver/Src/stm32f1xx_hal_cortex.c.obj
 .text.SysTick_Config
                0x0000000008002628       0x44 CMakeFiles/blink.elf.dir/Drivers/STM32F1xx_HAL_Driver/Src/stm32f1xx_hal_cortex.c.obj
 .text.HAL_NVIC_SetPriorityGrouping
                0x000000000800266c       0x16 CMakeFiles/blink.elf.dir/Drivers/STM32F1xx_HAL_Driver/Src/stm32f1xx_hal_cortex.c.obj
                0x000000000800266c                HAL_NVIC_SetPriorityGrouping
 .text.HAL_NVIC_SetPriority
                0x0000000008002682       0x38 CMakeFiles/blink.elf.dir/Drivers/STM32F1xx_HAL_Driver/Src/stm32f1xx_hal_cortex.c.obj
                0x0000000008002682                HAL_NVIC_SetPriority
 .text.HAL_NVIC_EnableIRQ
                0x00000000080026ba       0x1c CMakeFiles/blink.elf.dir/Drivers/STM32F1xx_HAL_Driver/Src/stm32f1xx_hal_cortex.c.obj
                0x00000000080026ba                HAL_NVIC_EnableIRQ
 .text.HAL_SYSTICK_Config
                0x00000000080026d6       0x18 CMakeFiles/blink.elf.dir/Drivers/STM32F1xx_HAL_Driver/Src/stm32f1xx_hal_cortex.c.obj
                0x00000000080026d6                HAL_SYSTICK_Config
 *fill*         0x00000000080026ee        0x2 
 .text.HAL_SYSTICK_CLKSourceConfig
                0x00000000080026f0       0x38 CMakeFiles/blink.elf.dir/Drivers/STM32F1xx_HAL_Driver/Src/stm32f1xx_hal_cortex.c.obj
                0x00000000080026f0                HAL_SYSTICK_CLKSourceConfig
 .text.HAL_SYSTICK_IRQHandler
                0x0000000008002728        0xc CMakeFiles/blink.elf.dir/Drivers/STM32F1xx_HAL_Driver/Src/stm32f1xx_hal_cortex.c.obj
                0x0000000008002728                HAL_SYSTICK_IRQHandler
 .text.HAL_SYSTICK_Callback
                0x0000000008002734        0xc CMakeFiles/blink.elf.dir/Drivers/STM32F1xx_HAL_Driver/Src/stm32f1xx_hal_cortex.c.obj
                0x0000000008002734                HAL_SYSTICK_Callback
 .text.HAL_GPIO_Init
                0x0000000008002740      0x2bc CMakeFiles/blink.elf.dir/Drivers/STM32F1xx_HAL_Driver/Src/stm32f1xx_hal_gpio.c.obj
                0x0000000008002740                HAL_GPIO_Init
 .text.HAL_GPIO_WritePin
                0x00000000080029fc       0x30 CMakeFiles/blink.elf.dir/Drivers/STM32F1xx_HAL_Driver/Src/stm32f1xx_hal_gpio.c.obj
                0x00000000080029fc                HAL_GPIO_WritePin
 .text.HAL_I2C_Init
                0x0000000008002a2c      0x1c0 CMakeFiles/blink.elf.dir/Drivers/STM32F1xx_HAL_Driver/Src/stm32f1xx_hal_i2c.c.obj
                0x0000000008002a2c                HAL_I2C_Init
 .text.HAL_I2C_Mem_Write
                0x0000000008002bec      0x214 CMakeFiles/blink.elf.dir/Drivers/STM32F1xx_HAL_Driver/Src/stm32f1xx_hal_i2c.c.obj
                0x0000000008002bec                HAL_I2C_Mem_Write
 .text.I2C_RequestMemoryWrite
                0x0000000008002e00      0x128 CMakeFiles/blink.elf.dir/Drivers/STM32F1xx_HAL_Driver/Src/stm32f1xx_hal_i2c.c.obj
 .text.I2C_WaitOnFlagUntilTimeout
                0x0000000008002f28       0xa2 CMakeFiles/blink.elf.dir/Drivers/STM32F1xx_HAL_Driver/Src/stm32f1xx_hal_i2c.c.obj
 .text.I2C_WaitOnMasterAddressFlagUntilTimeout
                0x0000000008002fca       0xdc CMakeFiles/blink.elf.dir/Drivers/STM32F1xx_HAL_Driver/Src/stm32f1xx_hal_i2c.c.obj
 .text.I2C_WaitOnTXEFlagUntilTimeout
                0x00000000080030a6       0x7a CMakeFiles/blink.elf.dir/Drivers/STM32F1xx_HAL_Driver/Src/stm32f1xx_hal_i2c.c.obj
 .text.I2C_WaitOnBTFFlagUntilTimeout
                0x0000000008003120       0x7a CMakeFiles/blink.elf.dir/Drivers/STM32F1xx_HAL_Driver/Src/stm32f1xx_hal_i2c.c.obj
 .text.I2C_IsAcknowledgeFailed
                0x000000000800319a       0x4e CMakeFiles/blink.elf.dir/Drivers/STM32F1xx_HAL_Driver/Src/stm32f1xx_hal_i2c.c.obj
 .text.HAL_RCC_OscConfig
                0x00000000080031e8      0x4c8 CMakeFiles/blink.elf.dir/Drivers/STM32F1xx_HAL_Driver/Src/stm32f1xx_hal_rcc.c.obj
                0x00000000080031e8                HAL_RCC_OscConfig
 .text.HAL_RCC_ClockConfig
                0x00000000080036b0      0x1e8 CMakeFiles/blink.elf.dir/Drivers/STM32F1xx_HAL_Driver/Src/stm32f1xx_hal_rcc.c.obj
                0x00000000080036b0                HAL_RCC_ClockConfig
 .text.HAL_RCC_GetSysClockFreq
                0x0000000008003898       0xc4 CMakeFiles/blink.elf.dir/Drivers/STM32F1xx_HAL_Driver/Src/stm32f1xx_hal_rcc.c.obj
                0x0000000008003898                HAL_RCC_GetSysClockFreq
 .text.HAL_RCC_GetHCLKFreq
                0x000000000800395c       0x14 CMakeFiles/blink.elf.dir/Drivers/STM32F1xx_HAL_Driver/Src/stm32f1xx_hal_rcc.c.obj
                0x000000000800395c                HAL_RCC_GetHCLKFreq
 .text.HAL_RCC_GetPCLK1Freq
                0x0000000008003970       0x28 CMakeFiles/blink.elf.dir/Drivers/STM32F1xx_HAL_Driver/Src/stm32f1xx_hal_rcc.c.obj
                0x0000000008003970                HAL_RCC_GetPCLK1Freq
 .text.RCC_Delay
                0x0000000008003998       0x3c CMakeFiles/blink.elf.dir/Drivers/STM32F1xx_HAL_Driver/Src/stm32f1xx_hal_rcc.c.obj
 .text.HAL_TIM_Base_Init
                0x00000000080039d4       0x56 CMakeFiles/blink.elf.dir/Drivers/STM32F1xx_HAL_Driver/Src/stm32f1xx_hal_tim.c.obj
                0x00000000080039d4                HAL_TIM_Base_Init
 .text.HAL_TIM_Base_Start_IT
                0x0000000008003a2a       0x34 CMakeFiles/blink.elf.dir/Drivers/STM32F1xx_HAL_Driver/Src/stm32f1xx_hal_tim.c.obj
                0x0000000008003a2a                HAL_TIM_Base_Start_IT
 .text.HAL_TIM_IRQHandler
                0x0000000008003a5e      0x210 CMakeFiles/blink.elf.dir/Drivers/STM32F1xx_HAL_Driver/Src/stm32f1xx_hal_tim.c.obj
                0x0000000008003a5e                HAL_TIM_IRQHandler
 .text.HAL_TIM_ConfigClockSource
                0x0000000008003c6e      0x1b6 CMakeFiles/blink.elf.dir/Drivers/STM32F1xx_HAL_Driver/Src/stm32f1xx_hal_tim.c.obj
                0x0000000008003c6e                HAL_TIM_ConfigClockSource
 .text.HAL_TIM_PeriodElapsedCallback
                0x0000000008003e24       0x12 CMakeFiles/blink.elf.dir/Drivers/STM32F1xx_HAL_Driver/Src/stm32f1xx_hal_tim.c.obj
                0x0000000008003e24                HAL_TIM_PeriodElapsedCallback
 .text.HAL_TIM_OC_DelayElapsedCallback
                0x0000000008003e36       0x12 CMakeFiles/blink.elf.dir/Drivers/STM32F1xx_HAL_Driver/Src/stm32f1xx_hal_tim.c.obj
                0x0000000008003e36                HAL_TIM_OC_DelayElapsedCallback
 .text.HAL_TIM_IC_CaptureCallback
                0x0000000008003e48       0x12 CMakeFiles/blink.elf.dir/Drivers/STM32F1xx_HAL_Driver/Src/stm32f1xx_hal_tim.c.obj
                0x0000000008003e48                HAL_TIM_IC_CaptureCallback
 .text.HAL_TIM_PWM_PulseFinishedCallback
                0x0000000008003e5a       0x12 CMakeFiles/blink.elf.dir/Drivers/STM32F1xx_HAL_Driver/Src/stm32f1xx_hal_tim.c.obj
                0x0000000008003e5a                HAL_TIM_PWM_PulseFinishedCallback
 .text.HAL_TIM_TriggerCallback
                0x0000000008003e6c       0x12 CMakeFiles/blink.elf.dir/Drivers/STM32F1xx_HAL_Driver/Src/stm32f1xx_hal_tim.c.obj
                0x0000000008003e6c                HAL_TIM_TriggerCallback
 *fill*         0x0000000008003e7e        0x2 
 .text.TIM_Base_SetConfig
                0x0000000008003e80       0xcc CMakeFiles/blink.elf.dir/Drivers/STM32F1xx_HAL_Driver/Src/stm32f1xx_hal_tim.c.obj
                0x0000000008003e80                TIM_Base_SetConfig
 .text.TIM_TI1_ConfigInputStage
                0x0000000008003f4c       0x64 CMakeFiles/blink.elf.dir/Drivers/STM32F1xx_HAL_Driver/Src/stm32f1xx_hal_tim.c.obj
 .text.TIM_TI2_ConfigInputStage
                0x0000000008003fb0       0x66 CMakeFiles/blink.elf.dir/Drivers/STM32F1xx_HAL_Driver/Src/stm32f1xx_hal_tim.c.obj
 .text.TIM_ITRx_SetConfig
                0x0000000008004016       0x3e CMakeFiles/blink.elf.dir/Drivers/STM32F1xx_HAL_Driver/Src/stm32f1xx_hal_tim.c.obj
 .text.TIM_ETR_SetConfig
                0x0000000008004054       0x42 CMakeFiles/blink.elf.dir/Drivers/STM32F1xx_HAL_Driver/Src/stm32f1xx_hal_tim.c.obj
 .text.HAL_TIMEx_MasterConfigSynchronization
                0x0000000008004096       0x88 CMakeFiles/blink.elf.dir/Drivers/STM32F1xx_HAL_Driver/Src/stm32f1xx_hal_tim_ex.c.obj
                0x0000000008004096                HAL_TIMEx_MasterConfigSynchronization
 .text.HAL_TIMEx_CommutationCallback
                0x000000000800411e       0x12 CMakeFiles/blink.elf.dir/Drivers/STM32F1xx_HAL_Driver/Src/stm32f1xx_hal_tim_ex.c.obj
                0x000000000800411e                HAL_TIMEx_CommutationCallback
 .text.HAL_TIMEx_BreakCallback
                0x0000000008004130       0x12 CMakeFiles/blink.elf.dir/Drivers/STM32F1xx_HAL_Driver/Src/stm32f1xx_hal_tim_ex.c.obj
                0x0000000008004130                HAL_TIMEx_BreakCallback
 *fill*         0x0000000008004142        0x2 
 .text.lesson4  0x0000000008004144       0x58 CMakeFiles/blink.elf.dir/UserSrc/Src/lesson4.c.obj
                0x0000000008004144                lesson4
 .text.timHandler
                0x000000000800419c       0x30 CMakeFiles/blink.elf.dir/UserSrc/Src/lesson4.c.obj
                0x000000000800419c                timHandler
 .text.ssd1306_WriteCommand
                0x00000000080041cc       0x30 CMakeFiles/blink.elf.dir/UserSrc/Lib/ssd1306/Src/ssd1306.c.obj
 .text.ssd1306_Init
                0x00000000080041fc       0xd8 CMakeFiles/blink.elf.dir/UserSrc/Lib/ssd1306/Src/ssd1306.c.obj
                0x00000000080041fc                ssd1306_Init
 .text.ssd1306_Fill
                0x00000000080042d4       0x44 CMakeFiles/blink.elf.dir/UserSrc/Lib/ssd1306/Src/ssd1306.c.obj
                0x00000000080042d4                ssd1306_Fill
 .text.ssd1306_UpdateScreen
                0x0000000008004318       0x60 CMakeFiles/blink.elf.dir/UserSrc/Lib/ssd1306/Src/ssd1306.c.obj
                0x0000000008004318                ssd1306_UpdateScreen
 .text.ssd1306_DrawPixel
                0x0000000008004378       0xc0 CMakeFiles/blink.elf.dir/UserSrc/Lib/ssd1306/Src/ssd1306.c.obj
                0x0000000008004378                ssd1306_DrawPixel
 .text.ssd1306_WriteChar
                0x0000000008004438      0x100 CMakeFiles/blink.elf.dir/UserSrc/Lib/ssd1306/Src/ssd1306.c.obj
                0x0000000008004438                ssd1306_WriteChar
 .text.ssd1306_WriteString
                0x0000000008004538       0x4c CMakeFiles/blink.elf.dir/UserSrc/Lib/ssd1306/Src/ssd1306.c.obj
                0x0000000008004538                ssd1306_WriteString
 .text.ssd1306_SetCursor
                0x0000000008004584       0x30 CMakeFiles/blink.elf.dir/UserSrc/Lib/ssd1306/Src/ssd1306.c.obj
                0x0000000008004584                ssd1306_SetCursor
 .text._sbrk    0x00000000080045b4       0x3c CMakeFiles/blink.elf.dir/UserSrc/Lib/syscall/Src/syscalls.c.obj
                0x00000000080045b4                _sbrk
 .text.Reset_Handler
                0x00000000080045f0       0x48 libCMSIS.a(startup_stm32f103xb.s.obj)
                0x00000000080045f0                Reset_Handler
 .text.Default_Handler
                0x0000000008004638        0x2 libCMSIS.a(startup_stm32f103xb.s.obj)
                0x0000000008004638                RTC_Alarm_IRQHandler
                0x0000000008004638                EXTI2_IRQHandler
                0x0000000008004638                TIM1_CC_IRQHandler
                0x0000000008004638                PVD_IRQHandler
                0x0000000008004638                EXTI3_IRQHandler
                0x0000000008004638                EXTI0_IRQHandler
                0x0000000008004638                I2C2_EV_IRQHandler
                0x0000000008004638                ADC1_2_IRQHandler
                0x0000000008004638                SPI1_IRQHandler
                0x0000000008004638                TAMPER_IRQHandler
                0x0000000008004638                DMA1_Channel4_IRQHandler
                0x0000000008004638                USART3_IRQHandler
                0x0000000008004638                RTC_IRQHandler
                0x0000000008004638                DMA1_Channel7_IRQHandler
                0x0000000008004638                CAN1_RX1_IRQHandler
                0x0000000008004638                TIM4_IRQHandler
                0x0000000008004638                I2C1_EV_IRQHandler
                0x0000000008004638                DMA1_Channel6_IRQHandler
                0x0000000008004638                TIM3_IRQHandler
                0x0000000008004638                RCC_IRQHandler
                0x0000000008004638                TIM1_TRG_COM_IRQHandler
                0x0000000008004638                DMA1_Channel1_IRQHandler
                0x0000000008004638                Default_Handler
                0x0000000008004638                EXTI15_10_IRQHandler
                0x0000000008004638                EXTI9_5_IRQHandler
                0x0000000008004638                SPI2_IRQHandler
                0x0000000008004638                DMA1_Channel5_IRQHandler
                0x0000000008004638                EXTI4_IRQHandler
                0x0000000008004638                USB_LP_CAN1_RX0_IRQHandler
                0x0000000008004638                USB_HP_CAN1_TX_IRQHandler
                0x0000000008004638                DMA1_Channel3_IRQHandler
                0x0000000008004638                TIM1_UP_IRQHandler
                0x0000000008004638                WWDG_IRQHandler
                0x0000000008004638                TIM1_BRK_IRQHandler
                0x0000000008004638                EXTI1_IRQHandler
                0x0000000008004638                USART2_IRQHandler
                0x0000000008004638                I2C2_ER_IRQHandler
                0x0000000008004638                DMA1_Channel2_IRQHandler
                0x0000000008004638                CAN1_SCE_IRQHandler
                0x0000000008004638                FLASH_IRQHandler
                0x0000000008004638                USART1_IRQHandler
                0x0000000008004638                I2C1_ER_IRQHandler
                0x0000000008004638                USBWakeUp_IRQHandler
 *(.glue_7)
 .glue_7        0x000000000800463a        0x0 linker stubs
 *(.glue_7t)
 .glue_7t       0x000000000800463a        0x0 linker stubs
 *(.eh_frame)
 *fill*         0x000000000800463a        0x2 
 .eh_frame      0x000000000800463c        0x0 /opt/cross/lib/gcc/arm-none-eabi/7.2.0/thumb/cortex-m3/crtbegin.o
 *(.init)
 .init          0x000000000800463c        0x4 /opt/cross/lib/gcc/arm-none-eabi/7.2.0/thumb/cortex-m3/crti.o
                0x000000000800463c                _init
 .init          0x0000000008004640        0x8 /opt/cross/lib/gcc/arm-none-eabi/7.2.0/thumb/cortex-m3/crtn.o
 *(.fini)
 .fini          0x0000000008004648        0x4 /opt/cross/lib/gcc/arm-none-eabi/7.2.0/thumb/cortex-m3/crti.o
                0x0000000008004648                _fini
 .fini          0x000000000800464c        0x8 /opt/cross/lib/gcc/arm-none-eabi/7.2.0/thumb/cortex-m3/crtn.o
                0x0000000008004654                . = ALIGN (0x4)
                0x0000000008004654                _etext = .

.vfp11_veneer   0x0000000008004654        0x0
 .vfp11_veneer  0x0000000008004654        0x0 linker stubs

.v4_bx          0x0000000008004654        0x0
 .v4_bx         0x0000000008004654        0x0 linker stubs

.iplt           0x0000000008004654        0x0
 .iplt          0x0000000008004654        0x0 /opt/cross/lib/gcc/arm-none-eabi/7.2.0/thumb/cortex-m3/crtbegin.o

.rodata         0x0000000008004654      0xe38
                0x0000000008004654                . = ALIGN (0x4)
 *(.rodata)
 .rodata        0x0000000008004654       0x34 CMakeFiles/blink.elf.dir/Src/main.c.obj
 .rodata        0x0000000008004688       0x12 CMakeFiles/blink.elf.dir/Drivers/STM32F1xx_HAL_Driver/Src/stm32f1xx_hal_rcc.c.obj
 *fill*         0x000000000800469a        0x2 
 .rodata        0x000000000800469c        0xa CMakeFiles/blink.elf.dir/UserSrc/Src/lesson4.c.obj
 *fill*         0x00000000080046a6        0x2 
 .rodata        0x00000000080046a8       0x20 /opt/cross/lib/gcc/arm-none-eabi/7.2.0/../../../../arm-none-eabi/lib/thumb/cortex-m3/libg.a(lib_a-svfprintf.o)
 .rodata        0x00000000080046c8       0x20 /opt/cross/lib/gcc/arm-none-eabi/7.2.0/../../../../arm-none-eabi/lib/thumb/cortex-m3/libg.a(lib_a-svfiprintf.o)
 *(.rodata*)
 .rodata.AHBPrescTable
                0x00000000080046e8       0x10 CMakeFiles/blink.elf.dir/Src/system_stm32f1xx.c.obj
                0x00000000080046e8                AHBPrescTable
 .rodata.APBPrescTable
                0x00000000080046f8        0x8 CMakeFiles/blink.elf.dir/Src/system_stm32f1xx.c.obj
                0x00000000080046f8                APBPrescTable
 .rodata.Font11x18
                0x0000000008004700      0xd5c CMakeFiles/blink.elf.dir/UserSrc/Lib/ssd1306/Src/fonts.c.obj
 .rodata.str1.4
                0x000000000800545c       0x30 /opt/cross/lib/gcc/arm-none-eabi/7.2.0/../../../../arm-none-eabi/lib/thumb/cortex-m3/libg.a(lib_a-svfprintf.o)
                                         0x2f (size before relaxing)
 .rodata.str1.4
                0x000000000800548c       0x2f /opt/cross/lib/gcc/arm-none-eabi/7.2.0/../../../../arm-none-eabi/lib/thumb/cortex-m3/libg.a(lib_a-svfiprintf.o)
                0x00000000080054bc                . = ALIGN (0x4)

.rel.dyn        0x000000000800548c        0x0
 .rel.iplt      0x000000000800548c        0x0 /opt/cross/lib/gcc/arm-none-eabi/7.2.0/thumb/cortex-m3/crtbegin.o

.ARM.extab
 *(.ARM.extab* .gnu.linkonce.armextab.*)

.ARM            0x000000000800548c        0x0
                0x000000000800548c                __exidx_start = .
 *(.ARM.exidx*)
                0x000000000800548c                __exidx_end = .

.preinit_array  0x000000000800548c        0x0
                0x000000000800548c                PROVIDE (__preinit_array_start, .)
 *(.preinit_array*)
                0x000000000800548c                PROVIDE (__preinit_array_end, .)

.init_array     0x000000000800548c        0x4
                0x000000000800548c                PROVIDE (__init_array_start, .)
 *(SORT(.init_array.*))
 *(.init_array*)
 .init_array    0x000000000800548c        0x4 /opt/cross/lib/gcc/arm-none-eabi/7.2.0/thumb/cortex-m3/crtbegin.o
                0x0000000008005490                PROVIDE (__init_array_end, .)

.fini_array     0x0000000008005490        0x4
                0x0000000008005490                PROVIDE (__fini_array_start, .)
 *(SORT(.fini_array.*))
 *(.fini_array*)
 .fini_array    0x0000000008005490        0x4 /opt/cross/lib/gcc/arm-none-eabi/7.2.0/thumb/cortex-m3/crtbegin.o
                0x0000000008005494                PROVIDE (__fini_array_end, .)
                0x0000000008005494                _sidata = LOADADDR (.data)

.data           0x0000000020000000      0x84c load address 0x0000000008005494
                0x0000000020000000                . = ALIGN (0x4)
                0x0000000020000000                _sdata = .
 *(.data)
 .data          0x0000000020000000      0x430 /opt/cross/lib/gcc/arm-none-eabi/7.2.0/../../../../arm-none-eabi/lib/thumb/cortex-m3/libg.a(lib_a-impure.o)
                0x0000000020000000                _impure_ptr
 .data          0x0000000020000430      0x410 /opt/cross/lib/gcc/arm-none-eabi/7.2.0/../../../../arm-none-eabi/lib/thumb/cortex-m3/libg.a(lib_a-mallocr.o)
                0x0000000020000430                __malloc_av_
                0x0000000020000838                __malloc_sbrk_base
                0x000000002000083c                __malloc_trim_threshold
 *(.data*)
 .data.SystemCoreClock
                0x0000000020000840        0x4 CMakeFiles/blink.elf.dir/Src/system_stm32f1xx.c.obj
                0x0000000020000840                SystemCoreClock
 .data.Font_11x18
                0x0000000020000844        0x8 CMakeFiles/blink.elf.dir/UserSrc/Lib/ssd1306/Src/fonts.c.obj
                0x0000000020000844                Font_11x18
                0x000000002000084c                . = ALIGN (0x4)
                0x000000002000084c                _edata = .

.tm_clone_table
                0x000000002000084c        0x0 load address 0x0000000008005ce0
 .tm_clone_table
                0x000000002000084c        0x0 /opt/cross/lib/gcc/arm-none-eabi/7.2.0/thumb/cortex-m3/crtbegin.o
 .tm_clone_table
                0x000000002000084c        0x0 /opt/cross/lib/gcc/arm-none-eabi/7.2.0/thumb/cortex-m3/crtend.o

.igot.plt       0x000000002000084c        0x0 load address 0x0000000008005ce0
 .igot.plt      0x000000002000084c        0x0 /opt/cross/lib/gcc/arm-none-eabi/7.2.0/thumb/cortex-m3/crtbegin.o
                0x000000002000084c                . = ALIGN (0x4)

.bss            0x000000002000084c      0x4fc load address 0x0000000008005ce0
                0x000000002000084c                _sbss = .
                0x000000002000084c                __bss_start__ = _sbss
 *(.bss)
 .bss           0x000000002000084c       0x1c /opt/cross/lib/gcc/arm-none-eabi/7.2.0/thumb/cortex-m3/crtbegin.o
 .bss           0x0000000020000868       0x34 /opt/cross/lib/gcc/arm-none-eabi/7.2.0/../../../../arm-none-eabi/lib/thumb/cortex-m3/libg.a(lib_a-mallocr.o)
                0x0000000020000868                __malloc_top_pad
                0x000000002000086c                __malloc_current_mallinfo
                0x0000000020000894                __malloc_max_sbrked_mem
                0x0000000020000898                __malloc_max_total_mem
 *(.bss*)
 .bss.hi2c1     0x000000002000089c       0x54 CMakeFiles/blink.elf.dir/Src/main.c.obj
                0x000000002000089c                hi2c1
 .bss.htim2     0x00000000200008f0       0x40 CMakeFiles/blink.elf.dir/Src/main.c.obj
                0x00000000200008f0                htim2
 .bss.uwTick    0x0000000020000930        0x4 CMakeFiles/blink.elf.dir/Drivers/STM32F1xx_HAL_Driver/Src/stm32f1xx_hal.c.obj
                0x0000000020000930                uwTick
 .bss.counter   0x0000000020000934        0x4 CMakeFiles/blink.elf.dir/UserSrc/Src/lesson4.c.obj
                0x0000000020000934                counter
 .bss.SSD1306_Buffer
                0x0000000020000938      0x400 CMakeFiles/blink.elf.dir/UserSrc/Lib/ssd1306/Src/ssd1306.c.obj
 .bss.SSD1306   0x0000000020000d38        0x6 CMakeFiles/blink.elf.dir/UserSrc/Lib/ssd1306/Src/ssd1306.c.obj
 *fill*         0x0000000020000d3e        0x2 
 .bss.heap.5237
                0x0000000020000d40        0x4 CMakeFiles/blink.elf.dir/UserSrc/Lib/syscall/Src/syscalls.c.obj
 *(COMMON)
 COMMON         0x0000000020000d44        0x4 /opt/cross/lib/gcc/arm-none-eabi/7.2.0/../../../../arm-none-eabi/lib/thumb/cortex-m3/libg.a(lib_a-reent.o)
                0x0000000020000d44                errno
                0x0000000020000d48                . = ALIGN (0x4)
                0x0000000020000d48                _ebss = .
                0x0000000020000d48                __bss_end__ = _ebss

._user_heap_stack
                0x0000000020000d48      0x600 load address 0x0000000008005ce0
                0x0000000020000d48                . = ALIGN (0x8)
                [!provide]                        PROVIDE (end, .)
                0x0000000020000d48                PROVIDE (_end, .)
                0x0000000020000f48                . = (. + _Min_Heap_Size)
 *fill*         0x0000000020000d48      0x200 
                0x0000000020001348                . = (. + _Min_Stack_Size)
 *fill*         0x0000000020000f48      0x400 
                0x0000000020001348                . = ALIGN (0x8)

/DISCARD/
 libc.a(*)
 libm.a(*)
 libgcc.a(*)

.ARM.attributes
                0x0000000000000000       0x2f
 *(.ARM.attributes)
 .ARM.attributes
                0x0000000000000000       0x23 /opt/cross/lib/gcc/arm-none-eabi/7.2.0/thumb/cortex-m3/crti.o
 .ARM.attributes
                0x0000000000000023       0x33 /opt/cross/lib/gcc/arm-none-eabi/7.2.0/thumb/cortex-m3/crtbegin.o
 .ARM.attributes
                0x0000000000000056       0x33 CMakeFiles/blink.elf.dir/Src/main.c.obj
 .ARM.attributes
                0x0000000000000089       0x33 CMakeFiles/blink.elf.dir/Src/stm32f1xx_hal_msp.c.obj
 .ARM.attributes
                0x00000000000000bc       0x33 CMakeFiles/blink.elf.dir/Src/stm32f1xx_it.c.obj
 .ARM.attributes
                0x00000000000000ef       0x33 CMakeFiles/blink.elf.dir/Src/system_stm32f1xx.c.obj
 .ARM.attributes
                0x0000000000000122       0x33 CMakeFiles/blink.elf.dir/Drivers/STM32F1xx_HAL_Driver/Src/stm32f1xx_hal.c.obj
 .ARM.attributes
                0x0000000000000155       0x33 CMakeFiles/blink.elf.dir/Drivers/STM32F1xx_HAL_Driver/Src/stm32f1xx_hal_cortex.c.obj
 .ARM.attributes
                0x0000000000000188       0x33 CMakeFiles/blink.elf.dir/Drivers/STM32F1xx_HAL_Driver/Src/stm32f1xx_hal_gpio.c.obj
 .ARM.attributes
                0x00000000000001bb       0x33 CMakeFiles/blink.elf.dir/Drivers/STM32F1xx_HAL_Driver/Src/stm32f1xx_hal_i2c.c.obj
 .ARM.attributes
                0x00000000000001ee       0x33 CMakeFiles/blink.elf.dir/Drivers/STM32F1xx_HAL_Driver/Src/stm32f1xx_hal_rcc.c.obj
 .ARM.attributes
                0x0000000000000221       0x33 CMakeFiles/blink.elf.dir/Drivers/STM32F1xx_HAL_Driver/Src/stm32f1xx_hal_tim.c.obj
 .ARM.attributes
                0x0000000000000254       0x33 CMakeFiles/blink.elf.dir/Drivers/STM32F1xx_HAL_Driver/Src/stm32f1xx_hal_tim_ex.c.obj
 .ARM.attributes
                0x0000000000000287       0x33 CMakeFiles/blink.elf.dir/UserSrc/Src/lesson4.c.obj
 .ARM.attributes
                0x00000000000002ba       0x33 CMakeFiles/blink.elf.dir/UserSrc/Lib/ssd1306/Src/fonts.c.obj
 .ARM.attributes
                0x00000000000002ed       0x33 CMakeFiles/blink.elf.dir/UserSrc/Lib/ssd1306/Src/ssd1306.c.obj
 .ARM.attributes
                0x0000000000000320       0x33 CMakeFiles/blink.elf.dir/UserSrc/Lib/syscall/Src/syscalls.c.obj
 .ARM.attributes
                0x0000000000000353       0x21 libCMSIS.a(startup_stm32f103xb.s.obj)
 .ARM.attributes
                0x0000000000000374       0x33 /opt/cross/lib/gcc/arm-none-eabi/7.2.0/../../../../arm-none-eabi/lib/thumb/cortex-m3/libg.a(lib_a-impure.o)
 .ARM.attributes
                0x00000000000003a7       0x33 /opt/cross/lib/gcc/arm-none-eabi/7.2.0/../../../../arm-none-eabi/lib/thumb/cortex-m3/libg.a(lib_a-init.o)
 .ARM.attributes
                0x00000000000003da       0x33 /opt/cross/lib/gcc/arm-none-eabi/7.2.0/../../../../arm-none-eabi/lib/thumb/cortex-m3/libg.a(lib_a-sprintf.o)
 .ARM.attributes
                0x000000000000040d       0x33 /opt/cross/lib/gcc/arm-none-eabi/7.2.0/../../../../arm-none-eabi/lib/thumb/cortex-m3/libg.a(lib_a-svfprintf.o)
 .ARM.attributes
                0x0000000000000440       0x33 /opt/cross/lib/gcc/arm-none-eabi/7.2.0/../../../../arm-none-eabi/lib/thumb/cortex-m3/libg.a(lib_a-mallocr.o)
 .ARM.attributes
                0x0000000000000473       0x33 /opt/cross/lib/gcc/arm-none-eabi/7.2.0/../../../../arm-none-eabi/lib/thumb/cortex-m3/libg.a(lib_a-memchr-stub.o)
 .ARM.attributes
                0x00000000000004a6       0x33 /opt/cross/lib/gcc/arm-none-eabi/7.2.0/../../../../arm-none-eabi/lib/thumb/cortex-m3/libg.a(lib_a-mlock.o)
 .ARM.attributes
                0x00000000000004d9       0x33 /opt/cross/lib/gcc/arm-none-eabi/7.2.0/../../../../arm-none-eabi/lib/thumb/cortex-m3/libg.a(lib_a-sbrkr.o)
 .ARM.attributes
                0x000000000000050c       0x33 /opt/cross/lib/gcc/arm-none-eabi/7.2.0/../../../../arm-none-eabi/lib/thumb/cortex-m3/libg.a(lib_a-strlen-stub.o)
 .ARM.attributes
                0x000000000000053f       0x33 /opt/cross/lib/gcc/arm-none-eabi/7.2.0/../../../../arm-none-eabi/lib/thumb/cortex-m3/libg.a(lib_a-svfiprintf.o)
 .ARM.attributes
                0x0000000000000572       0x33 /opt/cross/lib/gcc/arm-none-eabi/7.2.0/../../../../arm-none-eabi/lib/thumb/cortex-m3/libg.a(lib_a-freer.o)
 .ARM.attributes
                0x00000000000005a5       0x21 /opt/cross/lib/gcc/arm-none-eabi/7.2.0/../../../../arm-none-eabi/lib/thumb/cortex-m3/libg.a(lib_a-memcpy.o)
 .ARM.attributes
                0x00000000000005c6       0x33 /opt/cross/lib/gcc/arm-none-eabi/7.2.0/../../../../arm-none-eabi/lib/thumb/cortex-m3/libg.a(lib_a-memmove.o)
 .ARM.attributes
                0x00000000000005f9       0x33 /opt/cross/lib/gcc/arm-none-eabi/7.2.0/../../../../arm-none-eabi/lib/thumb/cortex-m3/libg.a(lib_a-reallocr.o)
 .ARM.attributes
                0x000000000000062c       0x33 /opt/cross/lib/gcc/arm-none-eabi/7.2.0/../../../../arm-none-eabi/lib/thumb/cortex-m3/libg.a(lib_a-reent.o)
 .ARM.attributes
                0x000000000000065f       0x33 /opt/cross/lib/gcc/arm-none-eabi/7.2.0/thumb/cortex-m3/crtend.o
 .ARM.attributes
                0x0000000000000692       0x23 /opt/cross/lib/gcc/arm-none-eabi/7.2.0/thumb/cortex-m3/crtn.o
OUTPUT(blink.elf elf32-littlearm)

.comment        0x0000000000000000       0x11
 .comment       0x0000000000000000       0x11 /opt/cross/lib/gcc/arm-none-eabi/7.2.0/thumb/cortex-m3/crtbegin.o
                                         0x12 (size before relaxing)
 .comment       0x0000000000000011       0x12 CMakeFiles/blink.elf.dir/Src/main.c.obj
 .comment       0x0000000000000011       0x12 CMakeFiles/blink.elf.dir/Src/stm32f1xx_hal_msp.c.obj
 .comment       0x0000000000000011       0x12 CMakeFiles/blink.elf.dir/Src/stm32f1xx_it.c.obj
 .comment       0x0000000000000011       0x12 CMakeFiles/blink.elf.dir/Src/system_stm32f1xx.c.obj
 .comment       0x0000000000000011       0x12 CMakeFiles/blink.elf.dir/Drivers/STM32F1xx_HAL_Driver/Src/stm32f1xx_hal.c.obj
 .comment       0x0000000000000011       0x12 CMakeFiles/blink.elf.dir/Drivers/STM32F1xx_HAL_Driver/Src/stm32f1xx_hal_cortex.c.obj
 .comment       0x0000000000000011       0x12 CMakeFiles/blink.elf.dir/Drivers/STM32F1xx_HAL_Driver/Src/stm32f1xx_hal_gpio.c.obj
 .comment       0x0000000000000011       0x12 CMakeFiles/blink.elf.dir/Drivers/STM32F1xx_HAL_Driver/Src/stm32f1xx_hal_i2c.c.obj
 .comment       0x0000000000000011       0x12 CMakeFiles/blink.elf.dir/Drivers/STM32F1xx_HAL_Driver/Src/stm32f1xx_hal_rcc.c.obj
 .comment       0x0000000000000011       0x12 CMakeFiles/blink.elf.dir/Drivers/STM32F1xx_HAL_Driver/Src/stm32f1xx_hal_tim.c.obj
 .comment       0x0000000000000011       0x12 CMakeFiles/blink.elf.dir/Drivers/STM32F1xx_HAL_Driver/Src/stm32f1xx_hal_tim_ex.c.obj
 .comment       0x0000000000000011       0x12 CMakeFiles/blink.elf.dir/UserSrc/Src/lesson4.c.obj
 .comment       0x0000000000000011       0x12 CMakeFiles/blink.elf.dir/UserSrc/Lib/ssd1306/Src/fonts.c.obj
 .comment       0x0000000000000011       0x12 CMakeFiles/blink.elf.dir/UserSrc/Lib/ssd1306/Src/ssd1306.c.obj
 .comment       0x0000000000000011       0x12 CMakeFiles/blink.elf.dir/UserSrc/Lib/syscall/Src/syscalls.c.obj
 .comment       0x0000000000000011       0x12 /opt/cross/lib/gcc/arm-none-eabi/7.2.0/../../../../arm-none-eabi/lib/thumb/cortex-m3/libg.a(lib_a-impure.o)
 .comment       0x0000000000000011       0x12 /opt/cross/lib/gcc/arm-none-eabi/7.2.0/../../../../arm-none-eabi/lib/thumb/cortex-m3/libg.a(lib_a-init.o)
 .comment       0x0000000000000011       0x12 /opt/cross/lib/gcc/arm-none-eabi/7.2.0/../../../../arm-none-eabi/lib/thumb/cortex-m3/libg.a(lib_a-sprintf.o)
 .comment       0x0000000000000011       0x12 /opt/cross/lib/gcc/arm-none-eabi/7.2.0/../../../../arm-none-eabi/lib/thumb/cortex-m3/libg.a(lib_a-svfprintf.o)
 .comment       0x0000000000000011       0x12 /opt/cross/lib/gcc/arm-none-eabi/7.2.0/../../../../arm-none-eabi/lib/thumb/cortex-m3/libg.a(lib_a-mallocr.o)
 .comment       0x0000000000000011       0x12 /opt/cross/lib/gcc/arm-none-eabi/7.2.0/../../../../arm-none-eabi/lib/thumb/cortex-m3/libg.a(lib_a-memchr-stub.o)
 .comment       0x0000000000000011       0x12 /opt/cross/lib/gcc/arm-none-eabi/7.2.0/../../../../arm-none-eabi/lib/thumb/cortex-m3/libg.a(lib_a-mlock.o)
 .comment       0x0000000000000011       0x12 /opt/cross/lib/gcc/arm-none-eabi/7.2.0/../../../../arm-none-eabi/lib/thumb/cortex-m3/libg.a(lib_a-sbrkr.o)
 .comment       0x0000000000000011       0x12 /opt/cross/lib/gcc/arm-none-eabi/7.2.0/../../../../arm-none-eabi/lib/thumb/cortex-m3/libg.a(lib_a-strlen-stub.o)
 .comment       0x0000000000000011       0x12 /opt/cross/lib/gcc/arm-none-eabi/7.2.0/../../../../arm-none-eabi/lib/thumb/cortex-m3/libg.a(lib_a-svfiprintf.o)
 .comment       0x0000000000000011       0x12 /opt/cross/lib/gcc/arm-none-eabi/7.2.0/../../../../arm-none-eabi/lib/thumb/cortex-m3/libg.a(lib_a-freer.o)
 .comment       0x0000000000000011       0x12 /opt/cross/lib/gcc/arm-none-eabi/7.2.0/../../../../arm-none-eabi/lib/thumb/cortex-m3/libg.a(lib_a-memmove.o)
 .comment       0x0000000000000011       0x12 /opt/cross/lib/gcc/arm-none-eabi/7.2.0/../../../../arm-none-eabi/lib/thumb/cortex-m3/libg.a(lib_a-reallocr.o)
 .comment       0x0000000000000011       0x12 /opt/cross/lib/gcc/arm-none-eabi/7.2.0/../../../../arm-none-eabi/lib/thumb/cortex-m3/libg.a(lib_a-reent.o)
 .comment       0x0000000000000011       0x12 /opt/cross/lib/gcc/arm-none-eabi/7.2.0/thumb/cortex-m3/crtend.o

.debug_info     0x0000000000000000    0x1c6ce
 .debug_info    0x0000000000000000     0x15f9 CMakeFiles/blink.elf.dir/Src/main.c.obj
 .debug_info    0x00000000000015f9     0x1443 CMakeFiles/blink.elf.dir/Src/stm32f1xx_hal_msp.c.obj
 .debug_info    0x0000000000002a3c      0xe5b CMakeFiles/blink.elf.dir/Src/stm32f1xx_it.c.obj
 .debug_info    0x0000000000003897      0x3e5 CMakeFiles/blink.elf.dir/Src/system_stm32f1xx.c.obj
 .debug_info    0x0000000000003c7c      0xe2e CMakeFiles/blink.elf.dir/Drivers/STM32F1xx_HAL_Driver/Src/stm32f1xx_hal.c.obj
 .debug_info    0x0000000000004aaa     0x12fb CMakeFiles/blink.elf.dir/Drivers/STM32F1xx_HAL_Driver/Src/stm32f1xx_hal_cortex.c.obj
 .debug_info    0x0000000000005da5      0xe60 CMakeFiles/blink.elf.dir/Drivers/STM32F1xx_HAL_Driver/Src/stm32f1xx_hal_gpio.c.obj
 .debug_info    0x0000000000006c05     0x2972 CMakeFiles/blink.elf.dir/Drivers/STM32F1xx_HAL_Driver/Src/stm32f1xx_hal_i2c.c.obj
 .debug_info    0x0000000000009577      0xfc6 CMakeFiles/blink.elf.dir/Drivers/STM32F1xx_HAL_Driver/Src/stm32f1xx_hal_rcc.c.obj
 .debug_info    0x000000000000a53d     0x29c9 CMakeFiles/blink.elf.dir/Drivers/STM32F1xx_HAL_Driver/Src/stm32f1xx_hal_tim.c.obj
 .debug_info    0x000000000000cf06     0x1778 CMakeFiles/blink.elf.dir/Drivers/STM32F1xx_HAL_Driver/Src/stm32f1xx_hal_tim_ex.c.obj
 .debug_info    0x000000000000e67e     0x113f CMakeFiles/blink.elf.dir/UserSrc/Src/lesson4.c.obj
 .debug_info    0x000000000000f7bd      0xa37 CMakeFiles/blink.elf.dir/UserSrc/Lib/ssd1306/Src/fonts.c.obj
 .debug_info    0x00000000000101f4     0x1076 CMakeFiles/blink.elf.dir/UserSrc/Lib/ssd1306/Src/ssd1306.c.obj
 .debug_info    0x000000000001126a      0xc7b CMakeFiles/blink.elf.dir/UserSrc/Lib/syscall/Src/syscalls.c.obj
 .debug_info    0x0000000000011ee5      0x8a9 /opt/cross/lib/gcc/arm-none-eabi/7.2.0/../../../../arm-none-eabi/lib/thumb/cortex-m3/libg.a(lib_a-impure.o)
 .debug_info    0x000000000001278e      0x109 /opt/cross/lib/gcc/arm-none-eabi/7.2.0/../../../../arm-none-eabi/lib/thumb/cortex-m3/libg.a(lib_a-init.o)
 .debug_info    0x0000000000012897      0xbd7 /opt/cross/lib/gcc/arm-none-eabi/7.2.0/../../../../arm-none-eabi/lib/thumb/cortex-m3/libg.a(lib_a-sprintf.o)
 .debug_info    0x000000000001346e     0x1534 /opt/cross/lib/gcc/arm-none-eabi/7.2.0/../../../../arm-none-eabi/lib/thumb/cortex-m3/libg.a(lib_a-svfprintf.o)
 .debug_info    0x00000000000149a2      0xde1 /opt/cross/lib/gcc/arm-none-eabi/7.2.0/../../../../arm-none-eabi/lib/thumb/cortex-m3/libg.a(lib_a-mallocr.o)
 .debug_info    0x0000000000015783      0x939 /opt/cross/lib/gcc/arm-none-eabi/7.2.0/../../../../arm-none-eabi/lib/thumb/cortex-m3/libg.a(lib_a-memchr-stub.o)
 .debug_info    0x00000000000160bc      0x8dc /opt/cross/lib/gcc/arm-none-eabi/7.2.0/../../../../arm-none-eabi/lib/thumb/cortex-m3/libg.a(lib_a-mlock.o)
 .debug_info    0x0000000000016998      0x95e /opt/cross/lib/gcc/arm-none-eabi/7.2.0/../../../../arm-none-eabi/lib/thumb/cortex-m3/libg.a(lib_a-sbrkr.o)
 .debug_info    0x00000000000172f6      0x8ba /opt/cross/lib/gcc/arm-none-eabi/7.2.0/../../../../arm-none-eabi/lib/thumb/cortex-m3/libg.a(lib_a-strlen-stub.o)
 .debug_info    0x0000000000017bb0     0x1801 /opt/cross/lib/gcc/arm-none-eabi/7.2.0/../../../../arm-none-eabi/lib/thumb/cortex-m3/libg.a(lib_a-svfiprintf.o)
 .debug_info    0x00000000000193b1      0xcc2 /opt/cross/lib/gcc/arm-none-eabi/7.2.0/../../../../arm-none-eabi/lib/thumb/cortex-m3/libg.a(lib_a-freer.o)
 .debug_info    0x000000000001a073       0x26 /opt/cross/lib/gcc/arm-none-eabi/7.2.0/../../../../arm-none-eabi/lib/thumb/cortex-m3/libg.a(lib_a-memcpy.o)
 .debug_info    0x000000000001a099      0xe31 /opt/cross/lib/gcc/arm-none-eabi/7.2.0/../../../../arm-none-eabi/lib/thumb/cortex-m3/libg.a(lib_a-memmove.o)
 .debug_info    0x000000000001aeca      0xdd7 /opt/cross/lib/gcc/arm-none-eabi/7.2.0/../../../../arm-none-eabi/lib/thumb/cortex-m3/libg.a(lib_a-reallocr.o)
 .debug_info    0x000000000001bca1      0xa2d /opt/cross/lib/gcc/arm-none-eabi/7.2.0/../../../../arm-none-eabi/lib/thumb/cortex-m3/libg.a(lib_a-reent.o)

.debug_abbrev   0x0000000000000000     0x4343
 .debug_abbrev  0x0000000000000000      0x298 CMakeFiles/blink.elf.dir/Src/main.c.obj
 .debug_abbrev  0x0000000000000298      0x232 CMakeFiles/blink.elf.dir/Src/stm32f1xx_hal_msp.c.obj
 .debug_abbrev  0x00000000000004ca      0x200 CMakeFiles/blink.elf.dir/Src/stm32f1xx_it.c.obj
 .debug_abbrev  0x00000000000006ca      0x131 CMakeFiles/blink.elf.dir/Src/system_stm32f1xx.c.obj
 .debug_abbrev  0x00000000000007fb      0x2c9 CMakeFiles/blink.elf.dir/Drivers/STM32F1xx_HAL_Driver/Src/stm32f1xx_hal.c.obj
 .debug_abbrev  0x0000000000000ac4      0x393 CMakeFiles/blink.elf.dir/Drivers/STM32F1xx_HAL_Driver/Src/stm32f1xx_hal_cortex.c.obj
 .debug_abbrev  0x0000000000000e57      0x286 CMakeFiles/blink.elf.dir/Drivers/STM32F1xx_HAL_Driver/Src/stm32f1xx_hal_gpio.c.obj
 .debug_abbrev  0x00000000000010dd      0x2df CMakeFiles/blink.elf.dir/Drivers/STM32F1xx_HAL_Driver/Src/stm32f1xx_hal_i2c.c.obj
 .debug_abbrev  0x00000000000013bc      0x30d CMakeFiles/blink.elf.dir/Drivers/STM32F1xx_HAL_Driver/Src/stm32f1xx_hal_rcc.c.obj
 .debug_abbrev  0x00000000000016c9      0x2e7 CMakeFiles/blink.elf.dir/Drivers/STM32F1xx_HAL_Driver/Src/stm32f1xx_hal_tim.c.obj
 .debug_abbrev  0x00000000000019b0      0x2c4 CMakeFiles/blink.elf.dir/Drivers/STM32F1xx_HAL_Driver/Src/stm32f1xx_hal_tim_ex.c.obj
 .debug_abbrev  0x0000000000001c74      0x243 CMakeFiles/blink.elf.dir/UserSrc/Src/lesson4.c.obj
 .debug_abbrev  0x0000000000001eb7      0x1b7 CMakeFiles/blink.elf.dir/UserSrc/Lib/ssd1306/Src/fonts.c.obj
 .debug_abbrev  0x000000000000206e      0x284 CMakeFiles/blink.elf.dir/UserSrc/Lib/ssd1306/Src/ssd1306.c.obj
 .debug_abbrev  0x00000000000022f2      0x20d CMakeFiles/blink.elf.dir/UserSrc/Lib/syscall/Src/syscalls.c.obj
 .debug_abbrev  0x00000000000024ff      0x192 /opt/cross/lib/gcc/arm-none-eabi/7.2.0/../../../../arm-none-eabi/lib/thumb/cortex-m3/libg.a(lib_a-impure.o)
 .debug_abbrev  0x0000000000002691       0xba /opt/cross/lib/gcc/arm-none-eabi/7.2.0/../../../../arm-none-eabi/lib/thumb/cortex-m3/libg.a(lib_a-init.o)
 .debug_abbrev  0x000000000000274b      0x258 /opt/cross/lib/gcc/arm-none-eabi/7.2.0/../../../../arm-none-eabi/lib/thumb/cortex-m3/libg.a(lib_a-sprintf.o)
 .debug_abbrev  0x00000000000029a3      0x2d0 /opt/cross/lib/gcc/arm-none-eabi/7.2.0/../../../../arm-none-eabi/lib/thumb/cortex-m3/libg.a(lib_a-svfprintf.o)
 .debug_abbrev  0x0000000000002c73      0x2cd /opt/cross/lib/gcc/arm-none-eabi/7.2.0/../../../../arm-none-eabi/lib/thumb/cortex-m3/libg.a(lib_a-mallocr.o)
 .debug_abbrev  0x0000000000002f40      0x1db /opt/cross/lib/gcc/arm-none-eabi/7.2.0/../../../../arm-none-eabi/lib/thumb/cortex-m3/libg.a(lib_a-memchr-stub.o)
 .debug_abbrev  0x000000000000311b      0x1d3 /opt/cross/lib/gcc/arm-none-eabi/7.2.0/../../../../arm-none-eabi/lib/thumb/cortex-m3/libg.a(lib_a-mlock.o)
 .debug_abbrev  0x00000000000032ee      0x215 /opt/cross/lib/gcc/arm-none-eabi/7.2.0/../../../../arm-none-eabi/lib/thumb/cortex-m3/libg.a(lib_a-sbrkr.o)
 .debug_abbrev  0x0000000000003503      0x1a7 /opt/cross/lib/gcc/arm-none-eabi/7.2.0/../../../../arm-none-eabi/lib/thumb/cortex-m3/libg.a(lib_a-strlen-stub.o)
 .debug_abbrev  0x00000000000036aa      0x31e /opt/cross/lib/gcc/arm-none-eabi/7.2.0/../../../../arm-none-eabi/lib/thumb/cortex-m3/libg.a(lib_a-svfiprintf.o)
 .debug_abbrev  0x00000000000039c8      0x291 /opt/cross/lib/gcc/arm-none-eabi/7.2.0/../../../../arm-none-eabi/lib/thumb/cortex-m3/libg.a(lib_a-freer.o)
 .debug_abbrev  0x0000000000003c59       0x14 /opt/cross/lib/gcc/arm-none-eabi/7.2.0/../../../../arm-none-eabi/lib/thumb/cortex-m3/libg.a(lib_a-memcpy.o)
 .debug_abbrev  0x0000000000003c6d      0x1e3 /opt/cross/lib/gcc/arm-none-eabi/7.2.0/../../../../arm-none-eabi/lib/thumb/cortex-m3/libg.a(lib_a-memmove.o)
 .debug_abbrev  0x0000000000003e50      0x262 /opt/cross/lib/gcc/arm-none-eabi/7.2.0/../../../../arm-none-eabi/lib/thumb/cortex-m3/libg.a(lib_a-reallocr.o)
 .debug_abbrev  0x00000000000040b2      0x291 /opt/cross/lib/gcc/arm-none-eabi/7.2.0/../../../../arm-none-eabi/lib/thumb/cortex-m3/libg.a(lib_a-reent.o)

.debug_aranges  0x0000000000000000      0xd90
 .debug_aranges
                0x0000000000000000       0x48 CMakeFiles/blink.elf.dir/Src/main.c.obj
 .debug_aranges
                0x0000000000000048       0x40 CMakeFiles/blink.elf.dir/Src/stm32f1xx_hal_msp.c.obj
 .debug_aranges
                0x0000000000000088       0x68 CMakeFiles/blink.elf.dir/Src/stm32f1xx_it.c.obj
 .debug_aranges
                0x00000000000000f0       0x28 CMakeFiles/blink.elf.dir/Src/system_stm32f1xx.c.obj
 .debug_aranges
                0x0000000000000118       0xb8 CMakeFiles/blink.elf.dir/Drivers/STM32F1xx_HAL_Driver/Src/stm32f1xx_hal.c.obj
 .debug_aranges
                0x00000000000001d0      0x100 CMakeFiles/blink.elf.dir/Drivers/STM32F1xx_HAL_Driver/Src/stm32f1xx_hal_cortex.c.obj
 .debug_aranges
                0x00000000000002d0       0x58 CMakeFiles/blink.elf.dir/Drivers/STM32F1xx_HAL_Driver/Src/stm32f1xx_hal_gpio.c.obj
 .debug_aranges
                0x0000000000000328      0x268 CMakeFiles/blink.elf.dir/Drivers/STM32F1xx_HAL_Driver/Src/stm32f1xx_hal_i2c.c.obj
 .debug_aranges
                0x0000000000000590       0x90 CMakeFiles/blink.elf.dir/Drivers/STM32F1xx_HAL_Driver/Src/stm32f1xx_hal_rcc.c.obj
 .debug_aranges
                0x0000000000000620      0x368 CMakeFiles/blink.elf.dir/Drivers/STM32F1xx_HAL_Driver/Src/stm32f1xx_hal_tim.c.obj
 .debug_aranges
                0x0000000000000988      0x138 CMakeFiles/blink.elf.dir/Drivers/STM32F1xx_HAL_Driver/Src/stm32f1xx_hal_tim_ex.c.obj
 .debug_aranges
                0x0000000000000ac0       0x28 CMakeFiles/blink.elf.dir/UserSrc/Src/lesson4.c.obj
 .debug_aranges
                0x0000000000000ae8       0x18 CMakeFiles/blink.elf.dir/UserSrc/Lib/ssd1306/Src/fonts.c.obj
 .debug_aranges
                0x0000000000000b00       0x58 CMakeFiles/blink.elf.dir/UserSrc/Lib/ssd1306/Src/ssd1306.c.obj
 .debug_aranges
                0x0000000000000b58       0x60 CMakeFiles/blink.elf.dir/UserSrc/Lib/syscall/Src/syscalls.c.obj
 .debug_aranges
                0x0000000000000bb8       0x18 /opt/cross/lib/gcc/arm-none-eabi/7.2.0/../../../../arm-none-eabi/lib/thumb/cortex-m3/libg.a(lib_a-impure.o)
 .debug_aranges
                0x0000000000000bd0       0x20 /opt/cross/lib/gcc/arm-none-eabi/7.2.0/../../../../arm-none-eabi/lib/thumb/cortex-m3/libg.a(lib_a-init.o)
 .debug_aranges
                0x0000000000000bf0       0x20 /opt/cross/lib/gcc/arm-none-eabi/7.2.0/../../../../arm-none-eabi/lib/thumb/cortex-m3/libg.a(lib_a-sprintf.o)
 .debug_aranges
                0x0000000000000c10       0x20 /opt/cross/lib/gcc/arm-none-eabi/7.2.0/../../../../arm-none-eabi/lib/thumb/cortex-m3/libg.a(lib_a-svfprintf.o)
 .debug_aranges
                0x0000000000000c30       0x20 /opt/cross/lib/gcc/arm-none-eabi/7.2.0/../../../../arm-none-eabi/lib/thumb/cortex-m3/libg.a(lib_a-mallocr.o)
 .debug_aranges
                0x0000000000000c50       0x20 /opt/cross/lib/gcc/arm-none-eabi/7.2.0/../../../../arm-none-eabi/lib/thumb/cortex-m3/libg.a(lib_a-memchr-stub.o)
 .debug_aranges
                0x0000000000000c70       0x20 /opt/cross/lib/gcc/arm-none-eabi/7.2.0/../../../../arm-none-eabi/lib/thumb/cortex-m3/libg.a(lib_a-mlock.o)
 .debug_aranges
                0x0000000000000c90       0x20 /opt/cross/lib/gcc/arm-none-eabi/7.2.0/../../../../arm-none-eabi/lib/thumb/cortex-m3/libg.a(lib_a-sbrkr.o)
 .debug_aranges
                0x0000000000000cb0       0x20 /opt/cross/lib/gcc/arm-none-eabi/7.2.0/../../../../arm-none-eabi/lib/thumb/cortex-m3/libg.a(lib_a-strlen-stub.o)
 .debug_aranges
                0x0000000000000cd0       0x20 /opt/cross/lib/gcc/arm-none-eabi/7.2.0/../../../../arm-none-eabi/lib/thumb/cortex-m3/libg.a(lib_a-svfiprintf.o)
 .debug_aranges
                0x0000000000000cf0       0x20 /opt/cross/lib/gcc/arm-none-eabi/7.2.0/../../../../arm-none-eabi/lib/thumb/cortex-m3/libg.a(lib_a-freer.o)
 .debug_aranges
                0x0000000000000d10       0x20 /opt/cross/lib/gcc/arm-none-eabi/7.2.0/../../../../arm-none-eabi/lib/thumb/cortex-m3/libg.a(lib_a-memcpy.o)
 .debug_aranges
                0x0000000000000d30       0x20 /opt/cross/lib/gcc/arm-none-eabi/7.2.0/../../../../arm-none-eabi/lib/thumb/cortex-m3/libg.a(lib_a-memmove.o)
 .debug_aranges
                0x0000000000000d50       0x20 /opt/cross/lib/gcc/arm-none-eabi/7.2.0/../../../../arm-none-eabi/lib/thumb/cortex-m3/libg.a(lib_a-reallocr.o)
 .debug_aranges
                0x0000000000000d70       0x20 /opt/cross/lib/gcc/arm-none-eabi/7.2.0/../../../../arm-none-eabi/lib/thumb/cortex-m3/libg.a(lib_a-reent.o)

.debug_ranges   0x0000000000000000      0xcd8
 .debug_ranges  0x0000000000000000       0x38 CMakeFiles/blink.elf.dir/Src/main.c.obj
 .debug_ranges  0x0000000000000038       0x30 CMakeFiles/blink.elf.dir/Src/stm32f1xx_hal_msp.c.obj
 .debug_ranges  0x0000000000000068       0x58 CMakeFiles/blink.elf.dir/Src/stm32f1xx_it.c.obj
 .debug_ranges  0x00000000000000c0       0x18 CMakeFiles/blink.elf.dir/Src/system_stm32f1xx.c.obj
 .debug_ranges  0x00000000000000d8       0xa8 CMakeFiles/blink.elf.dir/Drivers/STM32F1xx_HAL_Driver/Src/stm32f1xx_hal.c.obj
 .debug_ranges  0x0000000000000180       0xf0 CMakeFiles/blink.elf.dir/Drivers/STM32F1xx_HAL_Driver/Src/stm32f1xx_hal_cortex.c.obj
 .debug_ranges  0x0000000000000270       0x48 CMakeFiles/blink.elf.dir/Drivers/STM32F1xx_HAL_Driver/Src/stm32f1xx_hal_gpio.c.obj
 .debug_ranges  0x00000000000002b8      0x258 CMakeFiles/blink.elf.dir/Drivers/STM32F1xx_HAL_Driver/Src/stm32f1xx_hal_i2c.c.obj
 .debug_ranges  0x0000000000000510       0x80 CMakeFiles/blink.elf.dir/Drivers/STM32F1xx_HAL_Driver/Src/stm32f1xx_hal_rcc.c.obj
 .debug_ranges  0x0000000000000590      0x358 CMakeFiles/blink.elf.dir/Drivers/STM32F1xx_HAL_Driver/Src/stm32f1xx_hal_tim.c.obj
 .debug_ranges  0x00000000000008e8      0x128 CMakeFiles/blink.elf.dir/Drivers/STM32F1xx_HAL_Driver/Src/stm32f1xx_hal_tim_ex.c.obj
 .debug_ranges  0x0000000000000a10       0x18 CMakeFiles/blink.elf.dir/UserSrc/Src/lesson4.c.obj
 .debug_ranges  0x0000000000000a28       0x48 CMakeFiles/blink.elf.dir/UserSrc/Lib/ssd1306/Src/ssd1306.c.obj
 .debug_ranges  0x0000000000000a70       0x50 CMakeFiles/blink.elf.dir/UserSrc/Lib/syscall/Src/syscalls.c.obj
 .debug_ranges  0x0000000000000ac0       0x28 /opt/cross/lib/gcc/arm-none-eabi/7.2.0/../../../../arm-none-eabi/lib/thumb/cortex-m3/libg.a(lib_a-svfprintf.o)
 .debug_ranges  0x0000000000000ae8       0x40 /opt/cross/lib/gcc/arm-none-eabi/7.2.0/../../../../arm-none-eabi/lib/thumb/cortex-m3/libg.a(lib_a-mallocr.o)
 .debug_ranges  0x0000000000000b28       0x10 /opt/cross/lib/gcc/arm-none-eabi/7.2.0/../../../../arm-none-eabi/lib/thumb/cortex-m3/libg.a(lib_a-strlen-stub.o)
 .debug_ranges  0x0000000000000b38       0x70 /opt/cross/lib/gcc/arm-none-eabi/7.2.0/../../../../arm-none-eabi/lib/thumb/cortex-m3/libg.a(lib_a-svfiprintf.o)
 .debug_ranges  0x0000000000000ba8      0x130 /opt/cross/lib/gcc/arm-none-eabi/7.2.0/../../../../arm-none-eabi/lib/thumb/cortex-m3/libg.a(lib_a-reallocr.o)

.debug_line     0x0000000000000000     0x7838
 .debug_line    0x0000000000000000      0x39d CMakeFiles/blink.elf.dir/Src/main.c.obj
 .debug_line    0x000000000000039d      0x321 CMakeFiles/blink.elf.dir/Src/stm32f1xx_hal_msp.c.obj
 .debug_line    0x00000000000006be      0x33a CMakeFiles/blink.elf.dir/Src/stm32f1xx_it.c.obj
 .debug_line    0x00000000000009f8      0x1f4 CMakeFiles/blink.elf.dir/Src/system_stm32f1xx.c.obj
 .debug_line    0x0000000000000bec      0x3ed CMakeFiles/blink.elf.dir/Drivers/STM32F1xx_HAL_Driver/Src/stm32f1xx_hal.c.obj
 .debug_line    0x0000000000000fd9      0x4c8 CMakeFiles/blink.elf.dir/Drivers/STM32F1xx_HAL_Driver/Src/stm32f1xx_hal_cortex.c.obj
 .debug_line    0x00000000000014a1      0x48b CMakeFiles/blink.elf.dir/Drivers/STM32F1xx_HAL_Driver/Src/stm32f1xx_hal_gpio.c.obj
 .debug_line    0x000000000000192c     0x1368 CMakeFiles/blink.elf.dir/Drivers/STM32F1xx_HAL_Driver/Src/stm32f1xx_hal_i2c.c.obj
 .debug_line    0x0000000000002c94      0x555 CMakeFiles/blink.elf.dir/Drivers/STM32F1xx_HAL_Driver/Src/stm32f1xx_hal_rcc.c.obj
 .debug_line    0x00000000000031e9     0x1233 CMakeFiles/blink.elf.dir/Drivers/STM32F1xx_HAL_Driver/Src/stm32f1xx_hal_tim.c.obj
 .debug_line    0x000000000000441c      0x83e CMakeFiles/blink.elf.dir/Drivers/STM32F1xx_HAL_Driver/Src/stm32f1xx_hal_tim_ex.c.obj
 .debug_line    0x0000000000004c5a      0x33a CMakeFiles/blink.elf.dir/UserSrc/Src/lesson4.c.obj
 .debug_line    0x0000000000004f94      0x236 CMakeFiles/blink.elf.dir/UserSrc/Lib/ssd1306/Src/fonts.c.obj
 .debug_line    0x00000000000051ca      0x423 CMakeFiles/blink.elf.dir/UserSrc/Lib/ssd1306/Src/ssd1306.c.obj
 .debug_line    0x00000000000055ed      0x21a CMakeFiles/blink.elf.dir/UserSrc/Lib/syscall/Src/syscalls.c.obj
 .debug_line    0x0000000000005807       0xec /opt/cross/lib/gcc/arm-none-eabi/7.2.0/../../../../arm-none-eabi/lib/thumb/cortex-m3/libg.a(lib_a-impure.o)
 .debug_line    0x00000000000058f3       0xbf /opt/cross/lib/gcc/arm-none-eabi/7.2.0/../../../../arm-none-eabi/lib/thumb/cortex-m3/libg.a(lib_a-init.o)
 .debug_line    0x00000000000059b2      0x1a6 /opt/cross/lib/gcc/arm-none-eabi/7.2.0/../../../../arm-none-eabi/lib/thumb/cortex-m3/libg.a(lib_a-sprintf.o)
 .debug_line    0x0000000000005b58      0x521 /opt/cross/lib/gcc/arm-none-eabi/7.2.0/../../../../arm-none-eabi/lib/thumb/cortex-m3/libg.a(lib_a-svfprintf.o)
 .debug_line    0x0000000000006079      0x395 /opt/cross/lib/gcc/arm-none-eabi/7.2.0/../../../../arm-none-eabi/lib/thumb/cortex-m3/libg.a(lib_a-mallocr.o)
 .debug_line    0x000000000000640e      0x189 /opt/cross/lib/gcc/arm-none-eabi/7.2.0/../../../../arm-none-eabi/lib/thumb/cortex-m3/libg.a(lib_a-memchr-stub.o)
 .debug_line    0x0000000000006597       0xfc /opt/cross/lib/gcc/arm-none-eabi/7.2.0/../../../../arm-none-eabi/lib/thumb/cortex-m3/libg.a(lib_a-mlock.o)
 .debug_line    0x0000000000006693      0x15b /opt/cross/lib/gcc/arm-none-eabi/7.2.0/../../../../arm-none-eabi/lib/thumb/cortex-m3/libg.a(lib_a-sbrkr.o)
 .debug_line    0x00000000000067ee      0x153 /opt/cross/lib/gcc/arm-none-eabi/7.2.0/../../../../arm-none-eabi/lib/thumb/cortex-m3/libg.a(lib_a-strlen-stub.o)
 .debug_line    0x0000000000006941      0x5c8 /opt/cross/lib/gcc/arm-none-eabi/7.2.0/../../../../arm-none-eabi/lib/thumb/cortex-m3/libg.a(lib_a-svfiprintf.o)
 .debug_line    0x0000000000006f09      0x28a /opt/cross/lib/gcc/arm-none-eabi/7.2.0/../../../../arm-none-eabi/lib/thumb/cortex-m3/libg.a(lib_a-freer.o)
 .debug_line    0x0000000000007193       0xbd /opt/cross/lib/gcc/arm-none-eabi/7.2.0/../../../../arm-none-eabi/lib/thumb/cortex-m3/libg.a(lib_a-memcpy.o)
 .debug_line    0x0000000000007250      0x1f1 /opt/cross/lib/gcc/arm-none-eabi/7.2.0/../../../../arm-none-eabi/lib/thumb/cortex-m3/libg.a(lib_a-memmove.o)
 .debug_line    0x0000000000007441      0x279 /opt/cross/lib/gcc/arm-none-eabi/7.2.0/../../../../arm-none-eabi/lib/thumb/cortex-m3/libg.a(lib_a-reallocr.o)
 .debug_line    0x00000000000076ba      0x17e /opt/cross/lib/gcc/arm-none-eabi/7.2.0/../../../../arm-none-eabi/lib/thumb/cortex-m3/libg.a(lib_a-reent.o)

.debug_str      0x0000000000000000     0x4811
 .debug_str     0x0000000000000000     0x10b7 CMakeFiles/blink.elf.dir/Src/main.c.obj
                                       0x11d8 (size before relaxing)
 .debug_str     0x00000000000010b7       0xd8 CMakeFiles/blink.elf.dir/Src/stm32f1xx_hal_msp.c.obj
                                       0x101d (size before relaxing)
 .debug_str     0x000000000000118f       0xdc CMakeFiles/blink.elf.dir/Src/stm32f1xx_it.c.obj
                                        0xa36 (size before relaxing)
 .debug_str     0x000000000000126b       0xc7 CMakeFiles/blink.elf.dir/Src/system_stm32f1xx.c.obj
                                        0x2d4 (size before relaxing)
 .debug_str     0x0000000000001332      0x246 CMakeFiles/blink.elf.dir/Drivers/STM32F1xx_HAL_Driver/Src/stm32f1xx_hal.c.obj
                                        0xb39 (size before relaxing)
 .debug_str     0x0000000000001578      0x2ee CMakeFiles/blink.elf.dir/Drivers/STM32F1xx_HAL_Driver/Src/stm32f1xx_hal_cortex.c.obj
                                        0xce2 (size before relaxing)
 .debug_str     0x0000000000001866      0x177 CMakeFiles/blink.elf.dir/Drivers/STM32F1xx_HAL_Driver/Src/stm32f1xx_hal_gpio.c.obj
                                        0x84f (size before relaxing)
 .debug_str     0x00000000000019dd      0x7fa CMakeFiles/blink.elf.dir/Drivers/STM32F1xx_HAL_Driver/Src/stm32f1xx_hal_i2c.c.obj
                                       0x12a2 (size before relaxing)
 .debug_str     0x00000000000021d7      0x22a CMakeFiles/blink.elf.dir/Drivers/STM32F1xx_HAL_Driver/Src/stm32f1xx_hal_rcc.c.obj
                                        0x9ff (size before relaxing)
 .debug_str     0x0000000000002401      0xcba CMakeFiles/blink.elf.dir/Drivers/STM32F1xx_HAL_Driver/Src/stm32f1xx_hal_tim.c.obj
                                       0x1729 (size before relaxing)
 .debug_str     0x00000000000030bb      0x503 CMakeFiles/blink.elf.dir/Drivers/STM32F1xx_HAL_Driver/Src/stm32f1xx_hal_tim_ex.c.obj
                                        0xfc6 (size before relaxing)
 .debug_str     0x00000000000035be       0xa3 CMakeFiles/blink.elf.dir/UserSrc/Src/lesson4.c.obj
                                        0xc9b (size before relaxing)
 .debug_str     0x0000000000003661       0x66 CMakeFiles/blink.elf.dir/UserSrc/Lib/ssd1306/Src/fonts.c.obj
                                        0x65e (size before relaxing)
 .debug_str     0x00000000000036c7      0x142 CMakeFiles/blink.elf.dir/UserSrc/Lib/ssd1306/Src/ssd1306.c.obj
                                        0xba2 (size before relaxing)
 .debug_str     0x0000000000003809      0x18f CMakeFiles/blink.elf.dir/UserSrc/Lib/syscall/Src/syscalls.c.obj
                                        0x72a (size before relaxing)
 .debug_str     0x0000000000003998      0x103 /opt/cross/lib/gcc/arm-none-eabi/7.2.0/../../../../arm-none-eabi/lib/thumb/cortex-m3/libg.a(lib_a-impure.o)
                                        0x56b (size before relaxing)
 .debug_str     0x0000000000003a9b       0xea /opt/cross/lib/gcc/arm-none-eabi/7.2.0/../../../../arm-none-eabi/lib/thumb/cortex-m3/libg.a(lib_a-init.o)
                                        0x1ef (size before relaxing)
 .debug_str     0x0000000000003b85      0x1f1 /opt/cross/lib/gcc/arm-none-eabi/7.2.0/../../../../arm-none-eabi/lib/thumb/cortex-m3/libg.a(lib_a-sprintf.o)
                                        0x6e6 (size before relaxing)
 .debug_str     0x0000000000003d76      0x457 /opt/cross/lib/gcc/arm-none-eabi/7.2.0/../../../../arm-none-eabi/lib/thumb/cortex-m3/libg.a(lib_a-svfprintf.o)
                                        0xb6e (size before relaxing)
 .debug_str     0x00000000000041cd      0x281 /opt/cross/lib/gcc/arm-none-eabi/7.2.0/../../../../arm-none-eabi/lib/thumb/cortex-m3/libg.a(lib_a-mallocr.o)
                                        0x7d3 (size before relaxing)
 .debug_str     0x000000000000444e       0xb6 /opt/cross/lib/gcc/arm-none-eabi/7.2.0/../../../../arm-none-eabi/lib/thumb/cortex-m3/libg.a(lib_a-memchr-stub.o)
                                        0x59b (size before relaxing)
 .debug_str     0x0000000000004504       0x44 /opt/cross/lib/gcc/arm-none-eabi/7.2.0/../../../../arm-none-eabi/lib/thumb/cortex-m3/libg.a(lib_a-mlock.o)
                                        0x593 (size before relaxing)
 .debug_str     0x0000000000004548       0x38 /opt/cross/lib/gcc/arm-none-eabi/7.2.0/../../../../arm-none-eabi/lib/thumb/cortex-m3/libg.a(lib_a-sbrkr.o)
                                        0x5ae (size before relaxing)
 .debug_str     0x0000000000004580       0x3d /opt/cross/lib/gcc/arm-none-eabi/7.2.0/../../../../arm-none-eabi/lib/thumb/cortex-m3/libg.a(lib_a-strlen-stub.o)
                                        0x581 (size before relaxing)
 .debug_str     0x00000000000045bd       0x7f /opt/cross/lib/gcc/arm-none-eabi/7.2.0/../../../../arm-none-eabi/lib/thumb/cortex-m3/libg.a(lib_a-svfiprintf.o)
                                        0xbe8 (size before relaxing)
 .debug_str     0x000000000000463c       0x34 /opt/cross/lib/gcc/arm-none-eabi/7.2.0/../../../../arm-none-eabi/lib/thumb/cortex-m3/libg.a(lib_a-freer.o)
                                        0x74c (size before relaxing)
 .debug_str     0x0000000000004670       0x4d /opt/cross/lib/gcc/arm-none-eabi/7.2.0/../../../../arm-none-eabi/lib/thumb/cortex-m3/libg.a(lib_a-memcpy.o)
                                         0xac (size before relaxing)
 .debug_str     0x00000000000046bd       0xac /opt/cross/lib/gcc/arm-none-eabi/7.2.0/../../../../arm-none-eabi/lib/thumb/cortex-m3/libg.a(lib_a-memmove.o)
                                        0x8b7 (size before relaxing)
 .debug_str     0x0000000000004769       0x4e /opt/cross/lib/gcc/arm-none-eabi/7.2.0/../../../../arm-none-eabi/lib/thumb/cortex-m3/libg.a(lib_a-reallocr.o)
                                        0x78a (size before relaxing)
 .debug_str     0x00000000000047b7       0x5a /opt/cross/lib/gcc/arm-none-eabi/7.2.0/../../../../arm-none-eabi/lib/thumb/cortex-m3/libg.a(lib_a-reent.o)
                                        0x5a7 (size before relaxing)

.debug_frame    0x0000000000000000     0x3460
 .debug_frame   0x0000000000000000       0xd0 CMakeFiles/blink.elf.dir/Src/main.c.obj
 .debug_frame   0x00000000000000d0       0xc4 CMakeFiles/blink.elf.dir/Src/stm32f1xx_hal_msp.c.obj
 .debug_frame   0x0000000000000194      0x128 CMakeFiles/blink.elf.dir/Src/stm32f1xx_it.c.obj
 .debug_frame   0x00000000000002bc       0x58 CMakeFiles/blink.elf.dir/Src/system_stm32f1xx.c.obj
 .debug_frame   0x0000000000000314      0x298 CMakeFiles/blink.elf.dir/Drivers/STM32F1xx_HAL_Driver/Src/stm32f1xx_hal.c.obj
 .debug_frame   0x00000000000005ac      0x428 CMakeFiles/blink.elf.dir/Drivers/STM32F1xx_HAL_Driver/Src/stm32f1xx_hal_cortex.c.obj
 .debug_frame   0x00000000000009d4      0x14c CMakeFiles/blink.elf.dir/Drivers/STM32F1xx_HAL_Driver/Src/stm32f1xx_hal_gpio.c.obj
 .debug_frame   0x0000000000000b20      0xb30 CMakeFiles/blink.elf.dir/Drivers/STM32F1xx_HAL_Driver/Src/stm32f1xx_hal_i2c.c.obj
 .debug_frame   0x0000000000001650      0x218 CMakeFiles/blink.elf.dir/Drivers/STM32F1xx_HAL_Driver/Src/stm32f1xx_hal_rcc.c.obj
 .debug_frame   0x0000000000001868      0xfb4 CMakeFiles/blink.elf.dir/Drivers/STM32F1xx_HAL_Driver/Src/stm32f1xx_hal_tim.c.obj
 .debug_frame   0x000000000000281c      0x54c CMakeFiles/blink.elf.dir/Drivers/STM32F1xx_HAL_Driver/Src/stm32f1xx_hal_tim_ex.c.obj
 .debug_frame   0x0000000000002d68       0x58 CMakeFiles/blink.elf.dir/UserSrc/Src/lesson4.c.obj
 .debug_frame   0x0000000000002dc0      0x138 CMakeFiles/blink.elf.dir/UserSrc/Lib/ssd1306/Src/ssd1306.c.obj
 .debug_frame   0x0000000000002ef8      0x168 CMakeFiles/blink.elf.dir/UserSrc/Lib/syscall/Src/syscalls.c.obj
 .debug_frame   0x0000000000003060       0x2c /opt/cross/lib/gcc/arm-none-eabi/7.2.0/../../../../arm-none-eabi/lib/thumb/cortex-m3/libg.a(lib_a-init.o)
 .debug_frame   0x000000000000308c       0x80 /opt/cross/lib/gcc/arm-none-eabi/7.2.0/../../../../arm-none-eabi/lib/thumb/cortex-m3/libg.a(lib_a-sprintf.o)
 .debug_frame   0x000000000000310c       0x40 /opt/cross/lib/gcc/arm-none-eabi/7.2.0/../../../../arm-none-eabi/lib/thumb/cortex-m3/libg.a(lib_a-svfprintf.o)
 .debug_frame   0x000000000000314c       0x4c /opt/cross/lib/gcc/arm-none-eabi/7.2.0/../../../../arm-none-eabi/lib/thumb/cortex-m3/libg.a(lib_a-mallocr.o)
 .debug_frame   0x0000000000003198       0x34 /opt/cross/lib/gcc/arm-none-eabi/7.2.0/../../../../arm-none-eabi/lib/thumb/cortex-m3/libg.a(lib_a-memchr-stub.o)
 .debug_frame   0x00000000000031cc       0x30 /opt/cross/lib/gcc/arm-none-eabi/7.2.0/../../../../arm-none-eabi/lib/thumb/cortex-m3/libg.a(lib_a-mlock.o)
 .debug_frame   0x00000000000031fc       0x2c /opt/cross/lib/gcc/arm-none-eabi/7.2.0/../../../../arm-none-eabi/lib/thumb/cortex-m3/libg.a(lib_a-sbrkr.o)
 .debug_frame   0x0000000000003228       0x20 /opt/cross/lib/gcc/arm-none-eabi/7.2.0/../../../../arm-none-eabi/lib/thumb/cortex-m3/libg.a(lib_a-strlen-stub.o)
 .debug_frame   0x0000000000003248       0x98 /opt/cross/lib/gcc/arm-none-eabi/7.2.0/../../../../arm-none-eabi/lib/thumb/cortex-m3/libg.a(lib_a-svfiprintf.o)
 .debug_frame   0x00000000000032e0       0x80 /opt/cross/lib/gcc/arm-none-eabi/7.2.0/../../../../arm-none-eabi/lib/thumb/cortex-m3/libg.a(lib_a-freer.o)
 .debug_frame   0x0000000000003360       0x40 /opt/cross/lib/gcc/arm-none-eabi/7.2.0/../../../../arm-none-eabi/lib/thumb/cortex-m3/libg.a(lib_a-memmove.o)
 .debug_frame   0x00000000000033a0       0x58 /opt/cross/lib/gcc/arm-none-eabi/7.2.0/../../../../arm-none-eabi/lib/thumb/cortex-m3/libg.a(lib_a-reallocr.o)
 .debug_frame   0x00000000000033f8       0x68 /opt/cross/lib/gcc/arm-none-eabi/7.2.0/../../../../arm-none-eabi/lib/thumb/cortex-m3/libg.a(lib_a-reent.o)

.debug_loc      0x0000000000000000     0x40fa
 .debug_loc     0x0000000000000000       0xa2 /opt/cross/lib/gcc/arm-none-eabi/7.2.0/../../../../arm-none-eabi/lib/thumb/cortex-m3/libg.a(lib_a-init.o)
 .debug_loc     0x00000000000000a2       0x93 /opt/cross/lib/gcc/arm-none-eabi/7.2.0/../../../../arm-none-eabi/lib/thumb/cortex-m3/libg.a(lib_a-sprintf.o)
 .debug_loc     0x0000000000000135      0xb19 /opt/cross/lib/gcc/arm-none-eabi/7.2.0/../../../../arm-none-eabi/lib/thumb/cortex-m3/libg.a(lib_a-svfprintf.o)
 .debug_loc     0x0000000000000c4e      0xc98 /opt/cross/lib/gcc/arm-none-eabi/7.2.0/../../../../arm-none-eabi/lib/thumb/cortex-m3/libg.a(lib_a-mallocr.o)
 .debug_loc     0x00000000000018e6      0x1e0 /opt/cross/lib/gcc/arm-none-eabi/7.2.0/../../../../arm-none-eabi/lib/thumb/cortex-m3/libg.a(lib_a-memchr-stub.o)
 .debug_loc     0x0000000000001ac6       0x4d /opt/cross/lib/gcc/arm-none-eabi/7.2.0/../../../../arm-none-eabi/lib/thumb/cortex-m3/libg.a(lib_a-sbrkr.o)
 .debug_loc     0x0000000000001b13       0x21 /opt/cross/lib/gcc/arm-none-eabi/7.2.0/../../../../arm-none-eabi/lib/thumb/cortex-m3/libg.a(lib_a-strlen-stub.o)
 .debug_loc     0x0000000000001b34      0xe4e /opt/cross/lib/gcc/arm-none-eabi/7.2.0/../../../../arm-none-eabi/lib/thumb/cortex-m3/libg.a(lib_a-svfiprintf.o)
 .debug_loc     0x0000000000002982      0x5b6 /opt/cross/lib/gcc/arm-none-eabi/7.2.0/../../../../arm-none-eabi/lib/thumb/cortex-m3/libg.a(lib_a-freer.o)
 .debug_loc     0x0000000000002f38      0x247 /opt/cross/lib/gcc/arm-none-eabi/7.2.0/../../../../arm-none-eabi/lib/thumb/cortex-m3/libg.a(lib_a-memmove.o)
 .debug_loc     0x000000000000317f      0xe16 /opt/cross/lib/gcc/arm-none-eabi/7.2.0/../../../../arm-none-eabi/lib/thumb/cortex-m3/libg.a(lib_a-reallocr.o)
 .debug_loc     0x0000000000003f95      0x165 /opt/cross/lib/gcc/arm-none-eabi/7.2.0/../../../../arm-none-eabi/lib/thumb/cortex-m3/libg.a(lib_a-reent.o)
