Archive member included to satisfy reference by file (symbol)

libCMSIS.a(startup_stm32f103xb.s.obj)
                              (Reset_Handler)
/opt/cross/lib/gcc/arm-none-eabi/7.2.0/../../../../arm-none-eabi/lib/thumb/cortex-m3/libg.a(lib_a-atexit.o)
                              /opt/cross/lib/gcc/arm-none-eabi/7.2.0/../../../../arm-none-eabi/lib/thumb/cortex-m3/crt0.o (atexit)
/opt/cross/lib/gcc/arm-none-eabi/7.2.0/../../../../arm-none-eabi/lib/thumb/cortex-m3/libg.a(lib_a-exit.o)
                              /opt/cross/lib/gcc/arm-none-eabi/7.2.0/../../../../arm-none-eabi/lib/thumb/cortex-m3/crt0.o (exit)
/opt/cross/lib/gcc/arm-none-eabi/7.2.0/../../../../arm-none-eabi/lib/thumb/cortex-m3/libg.a(lib_a-fini.o)
                              /opt/cross/lib/gcc/arm-none-eabi/7.2.0/../../../../arm-none-eabi/lib/thumb/cortex-m3/crt0.o (__libc_fini_array)
/opt/cross/lib/gcc/arm-none-eabi/7.2.0/../../../../arm-none-eabi/lib/thumb/cortex-m3/libg.a(lib_a-impure.o)
                              /opt/cross/lib/gcc/arm-none-eabi/7.2.0/../../../../arm-none-eabi/lib/thumb/cortex-m3/libg.a(lib_a-exit.o) (_global_impure_ptr)
/opt/cross/lib/gcc/arm-none-eabi/7.2.0/../../../../arm-none-eabi/lib/thumb/cortex-m3/libg.a(lib_a-init.o)
                              /opt/cross/lib/gcc/arm-none-eabi/7.2.0/../../../../arm-none-eabi/lib/thumb/cortex-m3/crt0.o (__libc_init_array)
/opt/cross/lib/gcc/arm-none-eabi/7.2.0/../../../../arm-none-eabi/lib/thumb/cortex-m3/libg.a(lib_a-memset.o)
                              /opt/cross/lib/gcc/arm-none-eabi/7.2.0/../../../../arm-none-eabi/lib/thumb/cortex-m3/crt0.o (memset)
/opt/cross/lib/gcc/arm-none-eabi/7.2.0/../../../../arm-none-eabi/lib/thumb/cortex-m3/libg.a(lib_a-__atexit.o)
                              /opt/cross/lib/gcc/arm-none-eabi/7.2.0/../../../../arm-none-eabi/lib/thumb/cortex-m3/libg.a(lib_a-atexit.o) (__register_exitproc)
/opt/cross/lib/gcc/arm-none-eabi/7.2.0/../../../../arm-none-eabi/lib/thumb/cortex-m3/libg.a(lib_a-__call_atexit.o)
                              /opt/cross/lib/gcc/arm-none-eabi/7.2.0/../../../../arm-none-eabi/lib/thumb/cortex-m3/libg.a(lib_a-exit.o) (__call_exitprocs)

Discarded input sections

 .text          0x0000000000000000        0x0 /opt/cross/lib/gcc/arm-none-eabi/7.2.0/thumb/cortex-m3/crti.o
 .data          0x0000000000000000        0x0 /opt/cross/lib/gcc/arm-none-eabi/7.2.0/thumb/cortex-m3/crti.o
 .bss           0x0000000000000000        0x0 /opt/cross/lib/gcc/arm-none-eabi/7.2.0/thumb/cortex-m3/crti.o
 .data          0x0000000000000000        0x4 /opt/cross/lib/gcc/arm-none-eabi/7.2.0/thumb/cortex-m3/crtbegin.o
 .text          0x0000000000000000       0x68 /opt/cross/lib/gcc/arm-none-eabi/7.2.0/../../../../arm-none-eabi/lib/thumb/cortex-m3/crt0.o
 .data          0x0000000000000000        0x0 /opt/cross/lib/gcc/arm-none-eabi/7.2.0/../../../../arm-none-eabi/lib/thumb/cortex-m3/crt0.o
 .bss           0x0000000000000000        0x0 /opt/cross/lib/gcc/arm-none-eabi/7.2.0/../../../../arm-none-eabi/lib/thumb/cortex-m3/crt0.o
 .ARM.extab     0x0000000000000000        0x0 /opt/cross/lib/gcc/arm-none-eabi/7.2.0/../../../../arm-none-eabi/lib/thumb/cortex-m3/crt0.o
 .ARM.exidx     0x0000000000000000        0x8 /opt/cross/lib/gcc/arm-none-eabi/7.2.0/../../../../arm-none-eabi/lib/thumb/cortex-m3/crt0.o
 .debug_line    0x0000000000000000       0x7d /opt/cross/lib/gcc/arm-none-eabi/7.2.0/../../../../arm-none-eabi/lib/thumb/cortex-m3/crt0.o
 .debug_info    0x0000000000000000       0x26 /opt/cross/lib/gcc/arm-none-eabi/7.2.0/../../../../arm-none-eabi/lib/thumb/cortex-m3/crt0.o
 .debug_abbrev  0x0000000000000000       0x14 /opt/cross/lib/gcc/arm-none-eabi/7.2.0/../../../../arm-none-eabi/lib/thumb/cortex-m3/crt0.o
 .debug_aranges
                0x0000000000000000       0x20 /opt/cross/lib/gcc/arm-none-eabi/7.2.0/../../../../arm-none-eabi/lib/thumb/cortex-m3/crt0.o
 .debug_str     0x0000000000000000       0x87 /opt/cross/lib/gcc/arm-none-eabi/7.2.0/../../../../arm-none-eabi/lib/thumb/cortex-m3/crt0.o
 .ARM.attributes
                0x0000000000000000       0x21 /opt/cross/lib/gcc/arm-none-eabi/7.2.0/../../../../arm-none-eabi/lib/thumb/cortex-m3/crt0.o
 .text          0x0000000000000000        0x0 CMakeFiles/blink.elf.dir/Src/main.c.obj
 .data          0x0000000000000000        0x0 CMakeFiles/blink.elf.dir/Src/main.c.obj
 .bss           0x0000000000000000        0x0 CMakeFiles/blink.elf.dir/Src/main.c.obj
 .text          0x0000000000000000        0x0 CMakeFiles/blink.elf.dir/Src/stm32f1xx_hal_msp.c.obj
 .data          0x0000000000000000        0x0 CMakeFiles/blink.elf.dir/Src/stm32f1xx_hal_msp.c.obj
 .bss           0x0000000000000000        0x0 CMakeFiles/blink.elf.dir/Src/stm32f1xx_hal_msp.c.obj
 .text          0x0000000000000000        0x0 CMakeFiles/blink.elf.dir/Src/stm32f1xx_it.c.obj
 .data          0x0000000000000000        0x0 CMakeFiles/blink.elf.dir/Src/stm32f1xx_it.c.obj
 .bss           0x0000000000000000        0x0 CMakeFiles/blink.elf.dir/Src/stm32f1xx_it.c.obj
 .text          0x0000000000000000        0x0 CMakeFiles/blink.elf.dir/Src/system_stm32f1xx.c.obj
 .data          0x0000000000000000        0x0 CMakeFiles/blink.elf.dir/Src/system_stm32f1xx.c.obj
 .bss           0x0000000000000000        0x0 CMakeFiles/blink.elf.dir/Src/system_stm32f1xx.c.obj
 .rodata.APBPrescTable
                0x0000000000000000        0x8 CMakeFiles/blink.elf.dir/Src/system_stm32f1xx.c.obj
 .text.SystemCoreClockUpdate
                0x0000000000000000       0xd8 CMakeFiles/blink.elf.dir/Src/system_stm32f1xx.c.obj
 .text          0x0000000000000000        0x0 CMakeFiles/blink.elf.dir/Drivers/STM32F1xx_HAL_Driver/Src/stm32f1xx_hal.c.obj
 .data          0x0000000000000000        0x0 CMakeFiles/blink.elf.dir/Drivers/STM32F1xx_HAL_Driver/Src/stm32f1xx_hal.c.obj
 .bss           0x0000000000000000        0x0 CMakeFiles/blink.elf.dir/Drivers/STM32F1xx_HAL_Driver/Src/stm32f1xx_hal.c.obj
 .text.HAL_DeInit
                0x0000000000000000       0x30 CMakeFiles/blink.elf.dir/Drivers/STM32F1xx_HAL_Driver/Src/stm32f1xx_hal.c.obj
 .text.HAL_MspInit
                0x0000000000000000        0xc CMakeFiles/blink.elf.dir/Drivers/STM32F1xx_HAL_Driver/Src/stm32f1xx_hal.c.obj
 .text.HAL_MspDeInit
                0x0000000000000000        0xc CMakeFiles/blink.elf.dir/Drivers/STM32F1xx_HAL_Driver/Src/stm32f1xx_hal.c.obj
 .text.HAL_SuspendTick
                0x0000000000000000       0x1c CMakeFiles/blink.elf.dir/Drivers/STM32F1xx_HAL_Driver/Src/stm32f1xx_hal.c.obj
 .text.HAL_ResumeTick
                0x0000000000000000       0x1c CMakeFiles/blink.elf.dir/Drivers/STM32F1xx_HAL_Driver/Src/stm32f1xx_hal.c.obj
 .text.HAL_GetHalVersion
                0x0000000000000000       0x14 CMakeFiles/blink.elf.dir/Drivers/STM32F1xx_HAL_Driver/Src/stm32f1xx_hal.c.obj
 .text.HAL_GetREVID
                0x0000000000000000       0x18 CMakeFiles/blink.elf.dir/Drivers/STM32F1xx_HAL_Driver/Src/stm32f1xx_hal.c.obj
 .text.HAL_GetDEVID
                0x0000000000000000       0x18 CMakeFiles/blink.elf.dir/Drivers/STM32F1xx_HAL_Driver/Src/stm32f1xx_hal.c.obj
 .text.HAL_DBGMCU_EnableDBGSleepMode
                0x0000000000000000       0x1c CMakeFiles/blink.elf.dir/Drivers/STM32F1xx_HAL_Driver/Src/stm32f1xx_hal.c.obj
 .text.HAL_DBGMCU_DisableDBGSleepMode
                0x0000000000000000       0x1c CMakeFiles/blink.elf.dir/Drivers/STM32F1xx_HAL_Driver/Src/stm32f1xx_hal.c.obj
 .text.HAL_DBGMCU_EnableDBGStopMode
                0x0000000000000000       0x1c CMakeFiles/blink.elf.dir/Drivers/STM32F1xx_HAL_Driver/Src/stm32f1xx_hal.c.obj
 .text.HAL_DBGMCU_DisableDBGStopMode
                0x0000000000000000       0x1c CMakeFiles/blink.elf.dir/Drivers/STM32F1xx_HAL_Driver/Src/stm32f1xx_hal.c.obj
 .text.HAL_DBGMCU_EnableDBGStandbyMode
                0x0000000000000000       0x1c CMakeFiles/blink.elf.dir/Drivers/STM32F1xx_HAL_Driver/Src/stm32f1xx_hal.c.obj
 .text.HAL_DBGMCU_DisableDBGStandbyMode
                0x0000000000000000       0x1c CMakeFiles/blink.elf.dir/Drivers/STM32F1xx_HAL_Driver/Src/stm32f1xx_hal.c.obj
 .text.HAL_GetUID
                0x0000000000000000       0x3c CMakeFiles/blink.elf.dir/Drivers/STM32F1xx_HAL_Driver/Src/stm32f1xx_hal.c.obj
 .text          0x0000000000000000        0x0 CMakeFiles/blink.elf.dir/Drivers/STM32F1xx_HAL_Driver/Src/stm32f1xx_hal_cortex.c.obj
 .data          0x0000000000000000        0x0 CMakeFiles/blink.elf.dir/Drivers/STM32F1xx_HAL_Driver/Src/stm32f1xx_hal_cortex.c.obj
 .bss           0x0000000000000000        0x0 CMakeFiles/blink.elf.dir/Drivers/STM32F1xx_HAL_Driver/Src/stm32f1xx_hal_cortex.c.obj
 .text.NVIC_EnableIRQ
                0x0000000000000000       0x30 CMakeFiles/blink.elf.dir/Drivers/STM32F1xx_HAL_Driver/Src/stm32f1xx_hal_cortex.c.obj
 .text.NVIC_DisableIRQ
                0x0000000000000000       0x34 CMakeFiles/blink.elf.dir/Drivers/STM32F1xx_HAL_Driver/Src/stm32f1xx_hal_cortex.c.obj
 .text.NVIC_GetPendingIRQ
                0x0000000000000000       0x34 CMakeFiles/blink.elf.dir/Drivers/STM32F1xx_HAL_Driver/Src/stm32f1xx_hal_cortex.c.obj
 .text.NVIC_SetPendingIRQ
                0x0000000000000000       0x34 CMakeFiles/blink.elf.dir/Drivers/STM32F1xx_HAL_Driver/Src/stm32f1xx_hal_cortex.c.obj
 .text.NVIC_ClearPendingIRQ
                0x0000000000000000       0x34 CMakeFiles/blink.elf.dir/Drivers/STM32F1xx_HAL_Driver/Src/stm32f1xx_hal_cortex.c.obj
 .text.NVIC_GetActive
                0x0000000000000000       0x34 CMakeFiles/blink.elf.dir/Drivers/STM32F1xx_HAL_Driver/Src/stm32f1xx_hal_cortex.c.obj
 .text.NVIC_GetPriority
                0x0000000000000000       0x4c CMakeFiles/blink.elf.dir/Drivers/STM32F1xx_HAL_Driver/Src/stm32f1xx_hal_cortex.c.obj
 .text.NVIC_DecodePriority
                0x0000000000000000       0x6c CMakeFiles/blink.elf.dir/Drivers/STM32F1xx_HAL_Driver/Src/stm32f1xx_hal_cortex.c.obj
 .text.NVIC_SystemReset
                0x0000000000000000       0x28 CMakeFiles/blink.elf.dir/Drivers/STM32F1xx_HAL_Driver/Src/stm32f1xx_hal_cortex.c.obj
 .text.HAL_NVIC_EnableIRQ
                0x0000000000000000       0x1c CMakeFiles/blink.elf.dir/Drivers/STM32F1xx_HAL_Driver/Src/stm32f1xx_hal_cortex.c.obj
 .text.HAL_NVIC_DisableIRQ
                0x0000000000000000       0x1c CMakeFiles/blink.elf.dir/Drivers/STM32F1xx_HAL_Driver/Src/stm32f1xx_hal_cortex.c.obj
 .text.HAL_NVIC_SystemReset
                0x0000000000000000        0xc CMakeFiles/blink.elf.dir/Drivers/STM32F1xx_HAL_Driver/Src/stm32f1xx_hal_cortex.c.obj
 .text.HAL_NVIC_GetPriorityGrouping
                0x0000000000000000        0xe CMakeFiles/blink.elf.dir/Drivers/STM32F1xx_HAL_Driver/Src/stm32f1xx_hal_cortex.c.obj
 .text.HAL_NVIC_GetPriority
                0x0000000000000000       0x2c CMakeFiles/blink.elf.dir/Drivers/STM32F1xx_HAL_Driver/Src/stm32f1xx_hal_cortex.c.obj
 .text.HAL_NVIC_SetPendingIRQ
                0x0000000000000000       0x1c CMakeFiles/blink.elf.dir/Drivers/STM32F1xx_HAL_Driver/Src/stm32f1xx_hal_cortex.c.obj
 .text.HAL_NVIC_GetPendingIRQ
                0x0000000000000000       0x1e CMakeFiles/blink.elf.dir/Drivers/STM32F1xx_HAL_Driver/Src/stm32f1xx_hal_cortex.c.obj
 .text.HAL_NVIC_ClearPendingIRQ
                0x0000000000000000       0x1c CMakeFiles/blink.elf.dir/Drivers/STM32F1xx_HAL_Driver/Src/stm32f1xx_hal_cortex.c.obj
 .text.HAL_NVIC_GetActive
                0x0000000000000000       0x1e CMakeFiles/blink.elf.dir/Drivers/STM32F1xx_HAL_Driver/Src/stm32f1xx_hal_cortex.c.obj
 .text          0x0000000000000000        0x0 CMakeFiles/blink.elf.dir/Drivers/STM32F1xx_HAL_Driver/Src/stm32f1xx_hal_dma.c.obj
 .data          0x0000000000000000        0x0 CMakeFiles/blink.elf.dir/Drivers/STM32F1xx_HAL_Driver/Src/stm32f1xx_hal_dma.c.obj
 .bss           0x0000000000000000        0x0 CMakeFiles/blink.elf.dir/Drivers/STM32F1xx_HAL_Driver/Src/stm32f1xx_hal_dma.c.obj
 .text.HAL_DMA_Init
                0x0000000000000000       0xcc CMakeFiles/blink.elf.dir/Drivers/STM32F1xx_HAL_Driver/Src/stm32f1xx_hal_dma.c.obj
 .text.HAL_DMA_DeInit
                0x0000000000000000       0xa0 CMakeFiles/blink.elf.dir/Drivers/STM32F1xx_HAL_Driver/Src/stm32f1xx_hal_dma.c.obj
 .text.HAL_DMA_Start
                0x0000000000000000       0x84 CMakeFiles/blink.elf.dir/Drivers/STM32F1xx_HAL_Driver/Src/stm32f1xx_hal_dma.c.obj
 .text.HAL_DMA_Start_IT
                0x0000000000000000       0xbe CMakeFiles/blink.elf.dir/Drivers/STM32F1xx_HAL_Driver/Src/stm32f1xx_hal_dma.c.obj
 .text.HAL_DMA_Abort
                0x0000000000000000       0x58 CMakeFiles/blink.elf.dir/Drivers/STM32F1xx_HAL_Driver/Src/stm32f1xx_hal_dma.c.obj
 .text.HAL_DMA_Abort_IT
                0x0000000000000000       0xec CMakeFiles/blink.elf.dir/Drivers/STM32F1xx_HAL_Driver/Src/stm32f1xx_hal_dma.c.obj
 .text.HAL_DMA_PollForTransfer
                0x0000000000000000      0x30c CMakeFiles/blink.elf.dir/Drivers/STM32F1xx_HAL_Driver/Src/stm32f1xx_hal_dma.c.obj
 .text.HAL_DMA_IRQHandler
                0x0000000000000000      0x20c CMakeFiles/blink.elf.dir/Drivers/STM32F1xx_HAL_Driver/Src/stm32f1xx_hal_dma.c.obj
 .text.HAL_DMA_RegisterCallback
                0x0000000000000000       0x90 CMakeFiles/blink.elf.dir/Drivers/STM32F1xx_HAL_Driver/Src/stm32f1xx_hal_dma.c.obj
 .text.HAL_DMA_UnRegisterCallback
                0x0000000000000000       0xac CMakeFiles/blink.elf.dir/Drivers/STM32F1xx_HAL_Driver/Src/stm32f1xx_hal_dma.c.obj
 .text.HAL_DMA_GetState
                0x0000000000000000       0x18 CMakeFiles/blink.elf.dir/Drivers/STM32F1xx_HAL_Driver/Src/stm32f1xx_hal_dma.c.obj
 .text.HAL_DMA_GetError
                0x0000000000000000       0x16 CMakeFiles/blink.elf.dir/Drivers/STM32F1xx_HAL_Driver/Src/stm32f1xx_hal_dma.c.obj
 .text.DMA_SetConfig
                0x0000000000000000       0x5a CMakeFiles/blink.elf.dir/Drivers/STM32F1xx_HAL_Driver/Src/stm32f1xx_hal_dma.c.obj
 .debug_info    0x0000000000000000      0xf69 CMakeFiles/blink.elf.dir/Drivers/STM32F1xx_HAL_Driver/Src/stm32f1xx_hal_dma.c.obj
 .debug_abbrev  0x0000000000000000      0x2a4 CMakeFiles/blink.elf.dir/Drivers/STM32F1xx_HAL_Driver/Src/stm32f1xx_hal_dma.c.obj
 .debug_aranges
                0x0000000000000000       0x80 CMakeFiles/blink.elf.dir/Drivers/STM32F1xx_HAL_Driver/Src/stm32f1xx_hal_dma.c.obj
 .debug_ranges  0x0000000000000000       0x70 CMakeFiles/blink.elf.dir/Drivers/STM32F1xx_HAL_Driver/Src/stm32f1xx_hal_dma.c.obj
 .debug_line    0x0000000000000000      0x6d8 CMakeFiles/blink.elf.dir/Drivers/STM32F1xx_HAL_Driver/Src/stm32f1xx_hal_dma.c.obj
 .debug_str     0x0000000000000000      0xa3a CMakeFiles/blink.elf.dir/Drivers/STM32F1xx_HAL_Driver/Src/stm32f1xx_hal_dma.c.obj
 .comment       0x0000000000000000       0x12 CMakeFiles/blink.elf.dir/Drivers/STM32F1xx_HAL_Driver/Src/stm32f1xx_hal_dma.c.obj
 .debug_frame   0x0000000000000000      0x208 CMakeFiles/blink.elf.dir/Drivers/STM32F1xx_HAL_Driver/Src/stm32f1xx_hal_dma.c.obj
 .ARM.attributes
                0x0000000000000000       0x33 CMakeFiles/blink.elf.dir/Drivers/STM32F1xx_HAL_Driver/Src/stm32f1xx_hal_dma.c.obj
 .text          0x0000000000000000        0x0 CMakeFiles/blink.elf.dir/Drivers/STM32F1xx_HAL_Driver/Src/stm32f1xx_hal_flash.c.obj
 .data          0x0000000000000000        0x0 CMakeFiles/blink.elf.dir/Drivers/STM32F1xx_HAL_Driver/Src/stm32f1xx_hal_flash.c.obj
 .bss           0x0000000000000000        0x0 CMakeFiles/blink.elf.dir/Drivers/STM32F1xx_HAL_Driver/Src/stm32f1xx_hal_flash.c.obj
 .bss.pFlash    0x0000000000000000       0x20 CMakeFiles/blink.elf.dir/Drivers/STM32F1xx_HAL_Driver/Src/stm32f1xx_hal_flash.c.obj
 .text.HAL_FLASH_Program
                0x0000000000000000       0xe0 CMakeFiles/blink.elf.dir/Drivers/STM32F1xx_HAL_Driver/Src/stm32f1xx_hal_flash.c.obj
 .text.HAL_FLASH_Program_IT
                0x0000000000000000       0x90 CMakeFiles/blink.elf.dir/Drivers/STM32F1xx_HAL_Driver/Src/stm32f1xx_hal_flash.c.obj
 .text.HAL_FLASH_IRQHandler
                0x0000000000000000      0x1cc CMakeFiles/blink.elf.dir/Drivers/STM32F1xx_HAL_Driver/Src/stm32f1xx_hal_flash.c.obj
 .text.HAL_FLASH_EndOfOperationCallback
                0x0000000000000000       0x12 CMakeFiles/blink.elf.dir/Drivers/STM32F1xx_HAL_Driver/Src/stm32f1xx_hal_flash.c.obj
 .text.HAL_FLASH_OperationErrorCallback
                0x0000000000000000       0x12 CMakeFiles/blink.elf.dir/Drivers/STM32F1xx_HAL_Driver/Src/stm32f1xx_hal_flash.c.obj
 .text.HAL_FLASH_Unlock
                0x0000000000000000       0x38 CMakeFiles/blink.elf.dir/Drivers/STM32F1xx_HAL_Driver/Src/stm32f1xx_hal_flash.c.obj
 .text.HAL_FLASH_Lock
                0x0000000000000000       0x20 CMakeFiles/blink.elf.dir/Drivers/STM32F1xx_HAL_Driver/Src/stm32f1xx_hal_flash.c.obj
 .text.HAL_FLASH_OB_Unlock
                0x0000000000000000       0x38 CMakeFiles/blink.elf.dir/Drivers/STM32F1xx_HAL_Driver/Src/stm32f1xx_hal_flash.c.obj
 .text.HAL_FLASH_OB_Lock
                0x0000000000000000       0x20 CMakeFiles/blink.elf.dir/Drivers/STM32F1xx_HAL_Driver/Src/stm32f1xx_hal_flash.c.obj
 .text.HAL_FLASH_OB_Launch
                0x0000000000000000        0xc CMakeFiles/blink.elf.dir/Drivers/STM32F1xx_HAL_Driver/Src/stm32f1xx_hal_flash.c.obj
 .text.HAL_FLASH_GetError
                0x0000000000000000       0x14 CMakeFiles/blink.elf.dir/Drivers/STM32F1xx_HAL_Driver/Src/stm32f1xx_hal_flash.c.obj
 .text.FLASH_Program_HalfWord
                0x0000000000000000       0x38 CMakeFiles/blink.elf.dir/Drivers/STM32F1xx_HAL_Driver/Src/stm32f1xx_hal_flash.c.obj
 .text.FLASH_WaitForLastOperation
                0x0000000000000000       0x8c CMakeFiles/blink.elf.dir/Drivers/STM32F1xx_HAL_Driver/Src/stm32f1xx_hal_flash.c.obj
 .text.FLASH_SetErrorCode
                0x0000000000000000       0xa0 CMakeFiles/blink.elf.dir/Drivers/STM32F1xx_HAL_Driver/Src/stm32f1xx_hal_flash.c.obj
 .debug_info    0x0000000000000000      0xd4a CMakeFiles/blink.elf.dir/Drivers/STM32F1xx_HAL_Driver/Src/stm32f1xx_hal_flash.c.obj
 .debug_abbrev  0x0000000000000000      0x2c9 CMakeFiles/blink.elf.dir/Drivers/STM32F1xx_HAL_Driver/Src/stm32f1xx_hal_flash.c.obj
 .debug_aranges
                0x0000000000000000       0x88 CMakeFiles/blink.elf.dir/Drivers/STM32F1xx_HAL_Driver/Src/stm32f1xx_hal_flash.c.obj
 .debug_ranges  0x0000000000000000       0x78 CMakeFiles/blink.elf.dir/Drivers/STM32F1xx_HAL_Driver/Src/stm32f1xx_hal_flash.c.obj
 .debug_line    0x0000000000000000      0x496 CMakeFiles/blink.elf.dir/Drivers/STM32F1xx_HAL_Driver/Src/stm32f1xx_hal_flash.c.obj
 .debug_str     0x0000000000000000      0x935 CMakeFiles/blink.elf.dir/Drivers/STM32F1xx_HAL_Driver/Src/stm32f1xx_hal_flash.c.obj
 .comment       0x0000000000000000       0x12 CMakeFiles/blink.elf.dir/Drivers/STM32F1xx_HAL_Driver/Src/stm32f1xx_hal_flash.c.obj
 .debug_frame   0x0000000000000000      0x20c CMakeFiles/blink.elf.dir/Drivers/STM32F1xx_HAL_Driver/Src/stm32f1xx_hal_flash.c.obj
 .ARM.attributes
                0x0000000000000000       0x33 CMakeFiles/blink.elf.dir/Drivers/STM32F1xx_HAL_Driver/Src/stm32f1xx_hal_flash.c.obj
 .text          0x0000000000000000        0x0 CMakeFiles/blink.elf.dir/Drivers/STM32F1xx_HAL_Driver/Src/stm32f1xx_hal_flash_ex.c.obj
 .data          0x0000000000000000        0x0 CMakeFiles/blink.elf.dir/Drivers/STM32F1xx_HAL_Driver/Src/stm32f1xx_hal_flash_ex.c.obj
 .bss           0x0000000000000000        0x0 CMakeFiles/blink.elf.dir/Drivers/STM32F1xx_HAL_Driver/Src/stm32f1xx_hal_flash_ex.c.obj
 .text.HAL_FLASHEx_Erase
                0x0000000000000000       0xd8 CMakeFiles/blink.elf.dir/Drivers/STM32F1xx_HAL_Driver/Src/stm32f1xx_hal_flash_ex.c.obj
 .text.HAL_FLASHEx_Erase_IT
                0x0000000000000000       0x84 CMakeFiles/blink.elf.dir/Drivers/STM32F1xx_HAL_Driver/Src/stm32f1xx_hal_flash_ex.c.obj
 .text.HAL_FLASHEx_OBErase
                0x0000000000000000       0x84 CMakeFiles/blink.elf.dir/Drivers/STM32F1xx_HAL_Driver/Src/stm32f1xx_hal_flash_ex.c.obj
 .text.HAL_FLASHEx_OBProgram
                0x0000000000000000       0xf8 CMakeFiles/blink.elf.dir/Drivers/STM32F1xx_HAL_Driver/Src/stm32f1xx_hal_flash_ex.c.obj
 .text.HAL_FLASHEx_OBGetConfig
                0x0000000000000000       0x38 CMakeFiles/blink.elf.dir/Drivers/STM32F1xx_HAL_Driver/Src/stm32f1xx_hal_flash_ex.c.obj
 .text.HAL_FLASHEx_OBGetUserData
                0x0000000000000000       0x40 CMakeFiles/blink.elf.dir/Drivers/STM32F1xx_HAL_Driver/Src/stm32f1xx_hal_flash_ex.c.obj
 .text.FLASH_MassErase
                0x0000000000000000       0x38 CMakeFiles/blink.elf.dir/Drivers/STM32F1xx_HAL_Driver/Src/stm32f1xx_hal_flash_ex.c.obj
 .text.FLASH_OB_EnableWRP
                0x0000000000000000      0x144 CMakeFiles/blink.elf.dir/Drivers/STM32F1xx_HAL_Driver/Src/stm32f1xx_hal_flash_ex.c.obj
 .text.FLASH_OB_DisableWRP
                0x0000000000000000      0x140 CMakeFiles/blink.elf.dir/Drivers/STM32F1xx_HAL_Driver/Src/stm32f1xx_hal_flash_ex.c.obj
 .text.FLASH_OB_RDP_LevelConfig
                0x0000000000000000       0xa0 CMakeFiles/blink.elf.dir/Drivers/STM32F1xx_HAL_Driver/Src/stm32f1xx_hal_flash_ex.c.obj
 .text.FLASH_OB_UserConfig
                0x0000000000000000       0x70 CMakeFiles/blink.elf.dir/Drivers/STM32F1xx_HAL_Driver/Src/stm32f1xx_hal_flash_ex.c.obj
 .text.FLASH_OB_ProgramData
                0x0000000000000000       0x68 CMakeFiles/blink.elf.dir/Drivers/STM32F1xx_HAL_Driver/Src/stm32f1xx_hal_flash_ex.c.obj
 .text.FLASH_OB_GetWRP
                0x0000000000000000       0x14 CMakeFiles/blink.elf.dir/Drivers/STM32F1xx_HAL_Driver/Src/stm32f1xx_hal_flash_ex.c.obj
 .text.FLASH_OB_GetRDP
                0x0000000000000000       0x38 CMakeFiles/blink.elf.dir/Drivers/STM32F1xx_HAL_Driver/Src/stm32f1xx_hal_flash_ex.c.obj
 .text.FLASH_OB_GetUser
                0x0000000000000000       0x20 CMakeFiles/blink.elf.dir/Drivers/STM32F1xx_HAL_Driver/Src/stm32f1xx_hal_flash_ex.c.obj
 .text.FLASH_PageErase
                0x0000000000000000       0x40 CMakeFiles/blink.elf.dir/Drivers/STM32F1xx_HAL_Driver/Src/stm32f1xx_hal_flash_ex.c.obj
 .debug_info    0x0000000000000000      0xfe1 CMakeFiles/blink.elf.dir/Drivers/STM32F1xx_HAL_Driver/Src/stm32f1xx_hal_flash_ex.c.obj
 .debug_abbrev  0x0000000000000000      0x2e7 CMakeFiles/blink.elf.dir/Drivers/STM32F1xx_HAL_Driver/Src/stm32f1xx_hal_flash_ex.c.obj
 .debug_aranges
                0x0000000000000000       0x98 CMakeFiles/blink.elf.dir/Drivers/STM32F1xx_HAL_Driver/Src/stm32f1xx_hal_flash_ex.c.obj
 .debug_ranges  0x0000000000000000       0x88 CMakeFiles/blink.elf.dir/Drivers/STM32F1xx_HAL_Driver/Src/stm32f1xx_hal_flash_ex.c.obj
 .debug_line    0x0000000000000000      0x4f0 CMakeFiles/blink.elf.dir/Drivers/STM32F1xx_HAL_Driver/Src/stm32f1xx_hal_flash_ex.c.obj
 .debug_str     0x0000000000000000      0xa61 CMakeFiles/blink.elf.dir/Drivers/STM32F1xx_HAL_Driver/Src/stm32f1xx_hal_flash_ex.c.obj
 .comment       0x0000000000000000       0x12 CMakeFiles/blink.elf.dir/Drivers/STM32F1xx_HAL_Driver/Src/stm32f1xx_hal_flash_ex.c.obj
 .debug_frame   0x0000000000000000      0x258 CMakeFiles/blink.elf.dir/Drivers/STM32F1xx_HAL_Driver/Src/stm32f1xx_hal_flash_ex.c.obj
 .ARM.attributes
                0x0000000000000000       0x33 CMakeFiles/blink.elf.dir/Drivers/STM32F1xx_HAL_Driver/Src/stm32f1xx_hal_flash_ex.c.obj
 .text          0x0000000000000000        0x0 CMakeFiles/blink.elf.dir/Drivers/STM32F1xx_HAL_Driver/Src/stm32f1xx_hal_gpio.c.obj
 .data          0x0000000000000000        0x0 CMakeFiles/blink.elf.dir/Drivers/STM32F1xx_HAL_Driver/Src/stm32f1xx_hal_gpio.c.obj
 .bss           0x0000000000000000        0x0 CMakeFiles/blink.elf.dir/Drivers/STM32F1xx_HAL_Driver/Src/stm32f1xx_hal_gpio.c.obj
 .text.HAL_GPIO_DeInit
                0x0000000000000000      0x184 CMakeFiles/blink.elf.dir/Drivers/STM32F1xx_HAL_Driver/Src/stm32f1xx_hal_gpio.c.obj
 .text.HAL_GPIO_ReadPin
                0x0000000000000000       0x2e CMakeFiles/blink.elf.dir/Drivers/STM32F1xx_HAL_Driver/Src/stm32f1xx_hal_gpio.c.obj
 .text.HAL_GPIO_LockPin
                0x0000000000000000       0x4e CMakeFiles/blink.elf.dir/Drivers/STM32F1xx_HAL_Driver/Src/stm32f1xx_hal_gpio.c.obj
 .text.HAL_GPIO_EXTI_IRQHandler
                0x0000000000000000       0x30 CMakeFiles/blink.elf.dir/Drivers/STM32F1xx_HAL_Driver/Src/stm32f1xx_hal_gpio.c.obj
 .text.HAL_GPIO_EXTI_Callback
                0x0000000000000000       0x14 CMakeFiles/blink.elf.dir/Drivers/STM32F1xx_HAL_Driver/Src/stm32f1xx_hal_gpio.c.obj
 .text          0x0000000000000000        0x0 CMakeFiles/blink.elf.dir/Drivers/STM32F1xx_HAL_Driver/Src/stm32f1xx_hal_gpio_ex.c.obj
 .data          0x0000000000000000        0x0 CMakeFiles/blink.elf.dir/Drivers/STM32F1xx_HAL_Driver/Src/stm32f1xx_hal_gpio_ex.c.obj
 .bss           0x0000000000000000        0x0 CMakeFiles/blink.elf.dir/Drivers/STM32F1xx_HAL_Driver/Src/stm32f1xx_hal_gpio_ex.c.obj
 .text.HAL_GPIOEx_ConfigEventout
                0x0000000000000000       0x2c CMakeFiles/blink.elf.dir/Drivers/STM32F1xx_HAL_Driver/Src/stm32f1xx_hal_gpio_ex.c.obj
 .text.HAL_GPIOEx_EnableEventout
                0x0000000000000000       0x1c CMakeFiles/blink.elf.dir/Drivers/STM32F1xx_HAL_Driver/Src/stm32f1xx_hal_gpio_ex.c.obj
 .text.HAL_GPIOEx_DisableEventout
                0x0000000000000000       0x1c CMakeFiles/blink.elf.dir/Drivers/STM32F1xx_HAL_Driver/Src/stm32f1xx_hal_gpio_ex.c.obj
 .debug_info    0x0000000000000000      0x9e7 CMakeFiles/blink.elf.dir/Drivers/STM32F1xx_HAL_Driver/Src/stm32f1xx_hal_gpio_ex.c.obj
 .debug_abbrev  0x0000000000000000      0x1d5 CMakeFiles/blink.elf.dir/Drivers/STM32F1xx_HAL_Driver/Src/stm32f1xx_hal_gpio_ex.c.obj
 .debug_aranges
                0x0000000000000000       0x30 CMakeFiles/blink.elf.dir/Drivers/STM32F1xx_HAL_Driver/Src/stm32f1xx_hal_gpio_ex.c.obj
 .debug_ranges  0x0000000000000000       0x20 CMakeFiles/blink.elf.dir/Drivers/STM32F1xx_HAL_Driver/Src/stm32f1xx_hal_gpio_ex.c.obj
 .debug_line    0x0000000000000000      0x24a CMakeFiles/blink.elf.dir/Drivers/STM32F1xx_HAL_Driver/Src/stm32f1xx_hal_gpio_ex.c.obj
 .debug_str     0x0000000000000000      0x6a0 CMakeFiles/blink.elf.dir/Drivers/STM32F1xx_HAL_Driver/Src/stm32f1xx_hal_gpio_ex.c.obj
 .comment       0x0000000000000000       0x12 CMakeFiles/blink.elf.dir/Drivers/STM32F1xx_HAL_Driver/Src/stm32f1xx_hal_gpio_ex.c.obj
 .debug_frame   0x0000000000000000       0x78 CMakeFiles/blink.elf.dir/Drivers/STM32F1xx_HAL_Driver/Src/stm32f1xx_hal_gpio_ex.c.obj
 .ARM.attributes
                0x0000000000000000       0x33 CMakeFiles/blink.elf.dir/Drivers/STM32F1xx_HAL_Driver/Src/stm32f1xx_hal_gpio_ex.c.obj
 .text          0x0000000000000000        0x0 CMakeFiles/blink.elf.dir/Drivers/STM32F1xx_HAL_Driver/Src/stm32f1xx_hal_pwr.c.obj
 .data          0x0000000000000000        0x0 CMakeFiles/blink.elf.dir/Drivers/STM32F1xx_HAL_Driver/Src/stm32f1xx_hal_pwr.c.obj
 .bss           0x0000000000000000        0x0 CMakeFiles/blink.elf.dir/Drivers/STM32F1xx_HAL_Driver/Src/stm32f1xx_hal_pwr.c.obj
 .text.PWR_OverloadWfe
                0x0000000000000000       0x10 CMakeFiles/blink.elf.dir/Drivers/STM32F1xx_HAL_Driver/Src/stm32f1xx_hal_pwr.c.obj
 .text.HAL_PWR_DeInit
                0x0000000000000000       0x28 CMakeFiles/blink.elf.dir/Drivers/STM32F1xx_HAL_Driver/Src/stm32f1xx_hal_pwr.c.obj
 .text.HAL_PWR_EnableBkUpAccess
                0x0000000000000000       0x18 CMakeFiles/blink.elf.dir/Drivers/STM32F1xx_HAL_Driver/Src/stm32f1xx_hal_pwr.c.obj
 .text.HAL_PWR_DisableBkUpAccess
                0x0000000000000000       0x18 CMakeFiles/blink.elf.dir/Drivers/STM32F1xx_HAL_Driver/Src/stm32f1xx_hal_pwr.c.obj
 .text.HAL_PWR_ConfigPVD
                0x0000000000000000       0xbc CMakeFiles/blink.elf.dir/Drivers/STM32F1xx_HAL_Driver/Src/stm32f1xx_hal_pwr.c.obj
 .text.HAL_PWR_EnablePVD
                0x0000000000000000       0x18 CMakeFiles/blink.elf.dir/Drivers/STM32F1xx_HAL_Driver/Src/stm32f1xx_hal_pwr.c.obj
 .text.HAL_PWR_DisablePVD
                0x0000000000000000       0x18 CMakeFiles/blink.elf.dir/Drivers/STM32F1xx_HAL_Driver/Src/stm32f1xx_hal_pwr.c.obj
 .text.HAL_PWR_EnableWakeUpPin
                0x0000000000000000       0x38 CMakeFiles/blink.elf.dir/Drivers/STM32F1xx_HAL_Driver/Src/stm32f1xx_hal_pwr.c.obj
 .text.HAL_PWR_DisableWakeUpPin
                0x0000000000000000       0x38 CMakeFiles/blink.elf.dir/Drivers/STM32F1xx_HAL_Driver/Src/stm32f1xx_hal_pwr.c.obj
 .text.HAL_PWR_EnterSLEEPMode
                0x0000000000000000       0x38 CMakeFiles/blink.elf.dir/Drivers/STM32F1xx_HAL_Driver/Src/stm32f1xx_hal_pwr.c.obj
 .text.HAL_PWR_EnterSTOPMode
                0x0000000000000000       0x64 CMakeFiles/blink.elf.dir/Drivers/STM32F1xx_HAL_Driver/Src/stm32f1xx_hal_pwr.c.obj
 .text.HAL_PWR_EnterSTANDBYMode
                0x0000000000000000       0x30 CMakeFiles/blink.elf.dir/Drivers/STM32F1xx_HAL_Driver/Src/stm32f1xx_hal_pwr.c.obj
 .text.HAL_PWR_EnableSleepOnExit
                0x0000000000000000       0x1c CMakeFiles/blink.elf.dir/Drivers/STM32F1xx_HAL_Driver/Src/stm32f1xx_hal_pwr.c.obj
 .text.HAL_PWR_DisableSleepOnExit
                0x0000000000000000       0x1c CMakeFiles/blink.elf.dir/Drivers/STM32F1xx_HAL_Driver/Src/stm32f1xx_hal_pwr.c.obj
 .text.HAL_PWR_EnableSEVOnPend
                0x0000000000000000       0x1c CMakeFiles/blink.elf.dir/Drivers/STM32F1xx_HAL_Driver/Src/stm32f1xx_hal_pwr.c.obj
 .text.HAL_PWR_DisableSEVOnPend
                0x0000000000000000       0x1c CMakeFiles/blink.elf.dir/Drivers/STM32F1xx_HAL_Driver/Src/stm32f1xx_hal_pwr.c.obj
 .text.HAL_PWR_PVD_IRQHandler
                0x0000000000000000       0x24 CMakeFiles/blink.elf.dir/Drivers/STM32F1xx_HAL_Driver/Src/stm32f1xx_hal_pwr.c.obj
 .text.HAL_PWR_PVDCallback
                0x0000000000000000        0xc CMakeFiles/blink.elf.dir/Drivers/STM32F1xx_HAL_Driver/Src/stm32f1xx_hal_pwr.c.obj
 .debug_info    0x0000000000000000      0xf30 CMakeFiles/blink.elf.dir/Drivers/STM32F1xx_HAL_Driver/Src/stm32f1xx_hal_pwr.c.obj
 .debug_abbrev  0x0000000000000000      0x2de CMakeFiles/blink.elf.dir/Drivers/STM32F1xx_HAL_Driver/Src/stm32f1xx_hal_pwr.c.obj
 .debug_aranges
                0x0000000000000000       0xa8 CMakeFiles/blink.elf.dir/Drivers/STM32F1xx_HAL_Driver/Src/stm32f1xx_hal_pwr.c.obj
 .debug_ranges  0x0000000000000000       0x98 CMakeFiles/blink.elf.dir/Drivers/STM32F1xx_HAL_Driver/Src/stm32f1xx_hal_pwr.c.obj
 .debug_line    0x0000000000000000      0x439 CMakeFiles/blink.elf.dir/Drivers/STM32F1xx_HAL_Driver/Src/stm32f1xx_hal_pwr.c.obj
 .debug_str     0x0000000000000000      0x8e4 CMakeFiles/blink.elf.dir/Drivers/STM32F1xx_HAL_Driver/Src/stm32f1xx_hal_pwr.c.obj
 .comment       0x0000000000000000       0x12 CMakeFiles/blink.elf.dir/Drivers/STM32F1xx_HAL_Driver/Src/stm32f1xx_hal_pwr.c.obj
 .debug_frame   0x0000000000000000      0x270 CMakeFiles/blink.elf.dir/Drivers/STM32F1xx_HAL_Driver/Src/stm32f1xx_hal_pwr.c.obj
 .ARM.attributes
                0x0000000000000000       0x33 CMakeFiles/blink.elf.dir/Drivers/STM32F1xx_HAL_Driver/Src/stm32f1xx_hal_pwr.c.obj
 .text          0x0000000000000000        0x0 CMakeFiles/blink.elf.dir/Drivers/STM32F1xx_HAL_Driver/Src/stm32f1xx_hal_rcc.c.obj
 .data          0x0000000000000000        0x0 CMakeFiles/blink.elf.dir/Drivers/STM32F1xx_HAL_Driver/Src/stm32f1xx_hal_rcc.c.obj
 .bss           0x0000000000000000        0x0 CMakeFiles/blink.elf.dir/Drivers/STM32F1xx_HAL_Driver/Src/stm32f1xx_hal_rcc.c.obj
 .text.HAL_RCC_DeInit
                0x0000000000000000       0x64 CMakeFiles/blink.elf.dir/Drivers/STM32F1xx_HAL_Driver/Src/stm32f1xx_hal_rcc.c.obj
 .text.HAL_RCC_MCOConfig
                0x0000000000000000       0x70 CMakeFiles/blink.elf.dir/Drivers/STM32F1xx_HAL_Driver/Src/stm32f1xx_hal_rcc.c.obj
 .text.HAL_RCC_EnableCSS
                0x0000000000000000       0x18 CMakeFiles/blink.elf.dir/Drivers/STM32F1xx_HAL_Driver/Src/stm32f1xx_hal_rcc.c.obj
 .text.HAL_RCC_DisableCSS
                0x0000000000000000       0x18 CMakeFiles/blink.elf.dir/Drivers/STM32F1xx_HAL_Driver/Src/stm32f1xx_hal_rcc.c.obj
 .text.HAL_RCC_GetPCLK1Freq
                0x0000000000000000       0x28 CMakeFiles/blink.elf.dir/Drivers/STM32F1xx_HAL_Driver/Src/stm32f1xx_hal_rcc.c.obj
 .text.HAL_RCC_GetPCLK2Freq
                0x0000000000000000       0x28 CMakeFiles/blink.elf.dir/Drivers/STM32F1xx_HAL_Driver/Src/stm32f1xx_hal_rcc.c.obj
 .text.HAL_RCC_GetOscConfig
                0x0000000000000000      0x104 CMakeFiles/blink.elf.dir/Drivers/STM32F1xx_HAL_Driver/Src/stm32f1xx_hal_rcc.c.obj
 .text.HAL_RCC_GetClockConfig
                0x0000000000000000       0x60 CMakeFiles/blink.elf.dir/Drivers/STM32F1xx_HAL_Driver/Src/stm32f1xx_hal_rcc.c.obj
 .text.HAL_RCC_NMI_IRQHandler
                0x0000000000000000       0x28 CMakeFiles/blink.elf.dir/Drivers/STM32F1xx_HAL_Driver/Src/stm32f1xx_hal_rcc.c.obj
 .text.HAL_RCC_CSSCallback
                0x0000000000000000        0xc CMakeFiles/blink.elf.dir/Drivers/STM32F1xx_HAL_Driver/Src/stm32f1xx_hal_rcc.c.obj
 .text          0x0000000000000000        0x0 CMakeFiles/blink.elf.dir/Drivers/STM32F1xx_HAL_Driver/Src/stm32f1xx_hal_rcc_ex.c.obj
 .data          0x0000000000000000        0x0 CMakeFiles/blink.elf.dir/Drivers/STM32F1xx_HAL_Driver/Src/stm32f1xx_hal_rcc_ex.c.obj
 .bss           0x0000000000000000        0x0 CMakeFiles/blink.elf.dir/Drivers/STM32F1xx_HAL_Driver/Src/stm32f1xx_hal_rcc_ex.c.obj
 .text.HAL_RCCEx_PeriphCLKConfig
                0x0000000000000000      0x16c CMakeFiles/blink.elf.dir/Drivers/STM32F1xx_HAL_Driver/Src/stm32f1xx_hal_rcc_ex.c.obj
 .text.HAL_RCCEx_GetPeriphCLKConfig
                0x0000000000000000       0x60 CMakeFiles/blink.elf.dir/Drivers/STM32F1xx_HAL_Driver/Src/stm32f1xx_hal_rcc_ex.c.obj
 .rodata        0x0000000000000000       0x12 CMakeFiles/blink.elf.dir/Drivers/STM32F1xx_HAL_Driver/Src/stm32f1xx_hal_rcc_ex.c.obj
 .text.HAL_RCCEx_GetPeriphCLKFreq
                0x0000000000000000      0x180 CMakeFiles/blink.elf.dir/Drivers/STM32F1xx_HAL_Driver/Src/stm32f1xx_hal_rcc_ex.c.obj
 .debug_info    0x0000000000000000      0xbfe CMakeFiles/blink.elf.dir/Drivers/STM32F1xx_HAL_Driver/Src/stm32f1xx_hal_rcc_ex.c.obj
 .debug_abbrev  0x0000000000000000      0x25d CMakeFiles/blink.elf.dir/Drivers/STM32F1xx_HAL_Driver/Src/stm32f1xx_hal_rcc_ex.c.obj
 .debug_aranges
                0x0000000000000000       0x30 CMakeFiles/blink.elf.dir/Drivers/STM32F1xx_HAL_Driver/Src/stm32f1xx_hal_rcc_ex.c.obj
 .debug_ranges  0x0000000000000000       0x20 CMakeFiles/blink.elf.dir/Drivers/STM32F1xx_HAL_Driver/Src/stm32f1xx_hal_rcc_ex.c.obj
 .debug_line    0x0000000000000000      0x355 CMakeFiles/blink.elf.dir/Drivers/STM32F1xx_HAL_Driver/Src/stm32f1xx_hal_rcc_ex.c.obj
 .debug_str     0x0000000000000000      0x7e9 CMakeFiles/blink.elf.dir/Drivers/STM32F1xx_HAL_Driver/Src/stm32f1xx_hal_rcc_ex.c.obj
 .comment       0x0000000000000000       0x12 CMakeFiles/blink.elf.dir/Drivers/STM32F1xx_HAL_Driver/Src/stm32f1xx_hal_rcc_ex.c.obj
 .debug_frame   0x0000000000000000       0x84 CMakeFiles/blink.elf.dir/Drivers/STM32F1xx_HAL_Driver/Src/stm32f1xx_hal_rcc_ex.c.obj
 .ARM.attributes
                0x0000000000000000       0x33 CMakeFiles/blink.elf.dir/Drivers/STM32F1xx_HAL_Driver/Src/stm32f1xx_hal_rcc_ex.c.obj
 .text          0x0000000000000000        0x0 CMakeFiles/blink.elf.dir/Drivers/STM32F1xx_HAL_Driver/Src/stm32f1xx_hal_tim.c.obj
 .data          0x0000000000000000        0x0 CMakeFiles/blink.elf.dir/Drivers/STM32F1xx_HAL_Driver/Src/stm32f1xx_hal_tim.c.obj
 .bss           0x0000000000000000        0x0 CMakeFiles/blink.elf.dir/Drivers/STM32F1xx_HAL_Driver/Src/stm32f1xx_hal_tim.c.obj
 .debug_info    0x0000000000000000      0x91e CMakeFiles/blink.elf.dir/Drivers/STM32F1xx_HAL_Driver/Src/stm32f1xx_hal_tim.c.obj
 .debug_abbrev  0x0000000000000000      0x192 CMakeFiles/blink.elf.dir/Drivers/STM32F1xx_HAL_Driver/Src/stm32f1xx_hal_tim.c.obj
 .debug_aranges
                0x0000000000000000       0x18 CMakeFiles/blink.elf.dir/Drivers/STM32F1xx_HAL_Driver/Src/stm32f1xx_hal_tim.c.obj
 .debug_line    0x0000000000000000      0x19e CMakeFiles/blink.elf.dir/Drivers/STM32F1xx_HAL_Driver/Src/stm32f1xx_hal_tim.c.obj
 .debug_str     0x0000000000000000      0x600 CMakeFiles/blink.elf.dir/Drivers/STM32F1xx_HAL_Driver/Src/stm32f1xx_hal_tim.c.obj
 .comment       0x0000000000000000       0x12 CMakeFiles/blink.elf.dir/Drivers/STM32F1xx_HAL_Driver/Src/stm32f1xx_hal_tim.c.obj
 .ARM.attributes
                0x0000000000000000       0x33 CMakeFiles/blink.elf.dir/Drivers/STM32F1xx_HAL_Driver/Src/stm32f1xx_hal_tim.c.obj
 .text          0x0000000000000000        0x0 CMakeFiles/blink.elf.dir/Drivers/STM32F1xx_HAL_Driver/Src/stm32f1xx_hal_tim_ex.c.obj
 .data          0x0000000000000000        0x0 CMakeFiles/blink.elf.dir/Drivers/STM32F1xx_HAL_Driver/Src/stm32f1xx_hal_tim_ex.c.obj
 .bss           0x0000000000000000        0x0 CMakeFiles/blink.elf.dir/Drivers/STM32F1xx_HAL_Driver/Src/stm32f1xx_hal_tim_ex.c.obj
 .debug_info    0x0000000000000000      0x91e CMakeFiles/blink.elf.dir/Drivers/STM32F1xx_HAL_Driver/Src/stm32f1xx_hal_tim_ex.c.obj
 .debug_abbrev  0x0000000000000000      0x192 CMakeFiles/blink.elf.dir/Drivers/STM32F1xx_HAL_Driver/Src/stm32f1xx_hal_tim_ex.c.obj
 .debug_aranges
                0x0000000000000000       0x18 CMakeFiles/blink.elf.dir/Drivers/STM32F1xx_HAL_Driver/Src/stm32f1xx_hal_tim_ex.c.obj
 .debug_line    0x0000000000000000      0x19e CMakeFiles/blink.elf.dir/Drivers/STM32F1xx_HAL_Driver/Src/stm32f1xx_hal_tim_ex.c.obj
 .debug_str     0x0000000000000000      0x603 CMakeFiles/blink.elf.dir/Drivers/STM32F1xx_HAL_Driver/Src/stm32f1xx_hal_tim_ex.c.obj
 .comment       0x0000000000000000       0x12 CMakeFiles/blink.elf.dir/Drivers/STM32F1xx_HAL_Driver/Src/stm32f1xx_hal_tim_ex.c.obj
 .ARM.attributes
                0x0000000000000000       0x33 CMakeFiles/blink.elf.dir/Drivers/STM32F1xx_HAL_Driver/Src/stm32f1xx_hal_tim_ex.c.obj
 .text          0x0000000000000000       0x14 libCMSIS.a(startup_stm32f103xb.s.obj)
 .data          0x0000000000000000        0x0 libCMSIS.a(startup_stm32f103xb.s.obj)
 .bss           0x0000000000000000        0x0 libCMSIS.a(startup_stm32f103xb.s.obj)
 .text          0x0000000000000000        0xc /opt/cross/lib/gcc/arm-none-eabi/7.2.0/../../../../arm-none-eabi/lib/thumb/cortex-m3/libg.a(lib_a-atexit.o)
 .data          0x0000000000000000        0x0 /opt/cross/lib/gcc/arm-none-eabi/7.2.0/../../../../arm-none-eabi/lib/thumb/cortex-m3/libg.a(lib_a-atexit.o)
 .bss           0x0000000000000000        0x0 /opt/cross/lib/gcc/arm-none-eabi/7.2.0/../../../../arm-none-eabi/lib/thumb/cortex-m3/libg.a(lib_a-atexit.o)
 .debug_info    0x0000000000000000      0x90c /opt/cross/lib/gcc/arm-none-eabi/7.2.0/../../../../arm-none-eabi/lib/thumb/cortex-m3/libg.a(lib_a-atexit.o)
 .debug_abbrev  0x0000000000000000      0x201 /opt/cross/lib/gcc/arm-none-eabi/7.2.0/../../../../arm-none-eabi/lib/thumb/cortex-m3/libg.a(lib_a-atexit.o)
 .debug_loc     0x0000000000000000       0x2c /opt/cross/lib/gcc/arm-none-eabi/7.2.0/../../../../arm-none-eabi/lib/thumb/cortex-m3/libg.a(lib_a-atexit.o)
 .debug_aranges
                0x0000000000000000       0x20 /opt/cross/lib/gcc/arm-none-eabi/7.2.0/../../../../arm-none-eabi/lib/thumb/cortex-m3/libg.a(lib_a-atexit.o)
 .debug_line    0x0000000000000000      0x152 /opt/cross/lib/gcc/arm-none-eabi/7.2.0/../../../../arm-none-eabi/lib/thumb/cortex-m3/libg.a(lib_a-atexit.o)
 .debug_str     0x0000000000000000      0x5b6 /opt/cross/lib/gcc/arm-none-eabi/7.2.0/../../../../arm-none-eabi/lib/thumb/cortex-m3/libg.a(lib_a-atexit.o)
 .comment       0x0000000000000000       0x12 /opt/cross/lib/gcc/arm-none-eabi/7.2.0/../../../../arm-none-eabi/lib/thumb/cortex-m3/libg.a(lib_a-atexit.o)
 .debug_frame   0x0000000000000000       0x20 /opt/cross/lib/gcc/arm-none-eabi/7.2.0/../../../../arm-none-eabi/lib/thumb/cortex-m3/libg.a(lib_a-atexit.o)
 .ARM.attributes
                0x0000000000000000       0x33 /opt/cross/lib/gcc/arm-none-eabi/7.2.0/../../../../arm-none-eabi/lib/thumb/cortex-m3/libg.a(lib_a-atexit.o)
 .text          0x0000000000000000       0x20 /opt/cross/lib/gcc/arm-none-eabi/7.2.0/../../../../arm-none-eabi/lib/thumb/cortex-m3/libg.a(lib_a-exit.o)
 .data          0x0000000000000000        0x0 /opt/cross/lib/gcc/arm-none-eabi/7.2.0/../../../../arm-none-eabi/lib/thumb/cortex-m3/libg.a(lib_a-exit.o)
 .bss           0x0000000000000000        0x0 /opt/cross/lib/gcc/arm-none-eabi/7.2.0/../../../../arm-none-eabi/lib/thumb/cortex-m3/libg.a(lib_a-exit.o)
 .debug_info    0x0000000000000000      0x941 /opt/cross/lib/gcc/arm-none-eabi/7.2.0/../../../../arm-none-eabi/lib/thumb/cortex-m3/libg.a(lib_a-exit.o)
 .debug_abbrev  0x0000000000000000      0x1f0 /opt/cross/lib/gcc/arm-none-eabi/7.2.0/../../../../arm-none-eabi/lib/thumb/cortex-m3/libg.a(lib_a-exit.o)
 .debug_loc     0x0000000000000000       0x1e /opt/cross/lib/gcc/arm-none-eabi/7.2.0/../../../../arm-none-eabi/lib/thumb/cortex-m3/libg.a(lib_a-exit.o)
 .debug_aranges
                0x0000000000000000       0x20 /opt/cross/lib/gcc/arm-none-eabi/7.2.0/../../../../arm-none-eabi/lib/thumb/cortex-m3/libg.a(lib_a-exit.o)
 .debug_line    0x0000000000000000      0x163 /opt/cross/lib/gcc/arm-none-eabi/7.2.0/../../../../arm-none-eabi/lib/thumb/cortex-m3/libg.a(lib_a-exit.o)
 .debug_str     0x0000000000000000      0x5b7 /opt/cross/lib/gcc/arm-none-eabi/7.2.0/../../../../arm-none-eabi/lib/thumb/cortex-m3/libg.a(lib_a-exit.o)
 .comment       0x0000000000000000       0x12 /opt/cross/lib/gcc/arm-none-eabi/7.2.0/../../../../arm-none-eabi/lib/thumb/cortex-m3/libg.a(lib_a-exit.o)
 .debug_frame   0x0000000000000000       0x28 /opt/cross/lib/gcc/arm-none-eabi/7.2.0/../../../../arm-none-eabi/lib/thumb/cortex-m3/libg.a(lib_a-exit.o)
 .ARM.attributes
                0x0000000000000000       0x33 /opt/cross/lib/gcc/arm-none-eabi/7.2.0/../../../../arm-none-eabi/lib/thumb/cortex-m3/libg.a(lib_a-exit.o)
 .text          0x0000000000000000       0x34 /opt/cross/lib/gcc/arm-none-eabi/7.2.0/../../../../arm-none-eabi/lib/thumb/cortex-m3/libg.a(lib_a-fini.o)
 .data          0x0000000000000000        0x0 /opt/cross/lib/gcc/arm-none-eabi/7.2.0/../../../../arm-none-eabi/lib/thumb/cortex-m3/libg.a(lib_a-fini.o)
 .bss           0x0000000000000000        0x0 /opt/cross/lib/gcc/arm-none-eabi/7.2.0/../../../../arm-none-eabi/lib/thumb/cortex-m3/libg.a(lib_a-fini.o)
 .debug_info    0x0000000000000000       0xf3 /opt/cross/lib/gcc/arm-none-eabi/7.2.0/../../../../arm-none-eabi/lib/thumb/cortex-m3/libg.a(lib_a-fini.o)
 .debug_abbrev  0x0000000000000000       0xbd /opt/cross/lib/gcc/arm-none-eabi/7.2.0/../../../../arm-none-eabi/lib/thumb/cortex-m3/libg.a(lib_a-fini.o)
 .debug_loc     0x0000000000000000       0x5c /opt/cross/lib/gcc/arm-none-eabi/7.2.0/../../../../arm-none-eabi/lib/thumb/cortex-m3/libg.a(lib_a-fini.o)
 .debug_aranges
                0x0000000000000000       0x20 /opt/cross/lib/gcc/arm-none-eabi/7.2.0/../../../../arm-none-eabi/lib/thumb/cortex-m3/libg.a(lib_a-fini.o)
 .debug_line    0x0000000000000000       0xa4 /opt/cross/lib/gcc/arm-none-eabi/7.2.0/../../../../arm-none-eabi/lib/thumb/cortex-m3/libg.a(lib_a-fini.o)
 .debug_str     0x0000000000000000      0x1c5 /opt/cross/lib/gcc/arm-none-eabi/7.2.0/../../../../arm-none-eabi/lib/thumb/cortex-m3/libg.a(lib_a-fini.o)
 .comment       0x0000000000000000       0x12 /opt/cross/lib/gcc/arm-none-eabi/7.2.0/../../../../arm-none-eabi/lib/thumb/cortex-m3/libg.a(lib_a-fini.o)
 .debug_frame   0x0000000000000000       0x34 /opt/cross/lib/gcc/arm-none-eabi/7.2.0/../../../../arm-none-eabi/lib/thumb/cortex-m3/libg.a(lib_a-fini.o)
 .ARM.attributes
                0x0000000000000000       0x33 /opt/cross/lib/gcc/arm-none-eabi/7.2.0/../../../../arm-none-eabi/lib/thumb/cortex-m3/libg.a(lib_a-fini.o)
 .text          0x0000000000000000        0x0 /opt/cross/lib/gcc/arm-none-eabi/7.2.0/../../../../arm-none-eabi/lib/thumb/cortex-m3/libg.a(lib_a-impure.o)
 .data          0x0000000000000000      0x430 /opt/cross/lib/gcc/arm-none-eabi/7.2.0/../../../../arm-none-eabi/lib/thumb/cortex-m3/libg.a(lib_a-impure.o)
 .bss           0x0000000000000000        0x0 /opt/cross/lib/gcc/arm-none-eabi/7.2.0/../../../../arm-none-eabi/lib/thumb/cortex-m3/libg.a(lib_a-impure.o)
 .rodata        0x0000000000000000        0x4 /opt/cross/lib/gcc/arm-none-eabi/7.2.0/../../../../arm-none-eabi/lib/thumb/cortex-m3/libg.a(lib_a-impure.o)
 .debug_info    0x0000000000000000      0x8a9 /opt/cross/lib/gcc/arm-none-eabi/7.2.0/../../../../arm-none-eabi/lib/thumb/cortex-m3/libg.a(lib_a-impure.o)
 .debug_abbrev  0x0000000000000000      0x192 /opt/cross/lib/gcc/arm-none-eabi/7.2.0/../../../../arm-none-eabi/lib/thumb/cortex-m3/libg.a(lib_a-impure.o)
 .debug_aranges
                0x0000000000000000       0x18 /opt/cross/lib/gcc/arm-none-eabi/7.2.0/../../../../arm-none-eabi/lib/thumb/cortex-m3/libg.a(lib_a-impure.o)
 .debug_line    0x0000000000000000       0xec /opt/cross/lib/gcc/arm-none-eabi/7.2.0/../../../../arm-none-eabi/lib/thumb/cortex-m3/libg.a(lib_a-impure.o)
 .debug_str     0x0000000000000000      0x56b /opt/cross/lib/gcc/arm-none-eabi/7.2.0/../../../../arm-none-eabi/lib/thumb/cortex-m3/libg.a(lib_a-impure.o)
 .comment       0x0000000000000000       0x12 /opt/cross/lib/gcc/arm-none-eabi/7.2.0/../../../../arm-none-eabi/lib/thumb/cortex-m3/libg.a(lib_a-impure.o)
 .ARM.attributes
                0x0000000000000000       0x33 /opt/cross/lib/gcc/arm-none-eabi/7.2.0/../../../../arm-none-eabi/lib/thumb/cortex-m3/libg.a(lib_a-impure.o)
 .data          0x0000000000000000        0x0 /opt/cross/lib/gcc/arm-none-eabi/7.2.0/../../../../arm-none-eabi/lib/thumb/cortex-m3/libg.a(lib_a-init.o)
 .bss           0x0000000000000000        0x0 /opt/cross/lib/gcc/arm-none-eabi/7.2.0/../../../../arm-none-eabi/lib/thumb/cortex-m3/libg.a(lib_a-init.o)
 .text          0x0000000000000000       0x94 /opt/cross/lib/gcc/arm-none-eabi/7.2.0/../../../../arm-none-eabi/lib/thumb/cortex-m3/libg.a(lib_a-memset.o)
 .data          0x0000000000000000        0x0 /opt/cross/lib/gcc/arm-none-eabi/7.2.0/../../../../arm-none-eabi/lib/thumb/cortex-m3/libg.a(lib_a-memset.o)
 .bss           0x0000000000000000        0x0 /opt/cross/lib/gcc/arm-none-eabi/7.2.0/../../../../arm-none-eabi/lib/thumb/cortex-m3/libg.a(lib_a-memset.o)
 .debug_info    0x0000000000000000      0xe22 /opt/cross/lib/gcc/arm-none-eabi/7.2.0/../../../../arm-none-eabi/lib/thumb/cortex-m3/libg.a(lib_a-memset.o)
 .debug_abbrev  0x0000000000000000      0x1de /opt/cross/lib/gcc/arm-none-eabi/7.2.0/../../../../arm-none-eabi/lib/thumb/cortex-m3/libg.a(lib_a-memset.o)
 .debug_loc     0x0000000000000000      0x175 /opt/cross/lib/gcc/arm-none-eabi/7.2.0/../../../../arm-none-eabi/lib/thumb/cortex-m3/libg.a(lib_a-memset.o)
 .debug_aranges
                0x0000000000000000       0x20 /opt/cross/lib/gcc/arm-none-eabi/7.2.0/../../../../arm-none-eabi/lib/thumb/cortex-m3/libg.a(lib_a-memset.o)
 .debug_line    0x0000000000000000      0x1e2 /opt/cross/lib/gcc/arm-none-eabi/7.2.0/../../../../arm-none-eabi/lib/thumb/cortex-m3/libg.a(lib_a-memset.o)
 .debug_str     0x0000000000000000      0x898 /opt/cross/lib/gcc/arm-none-eabi/7.2.0/../../../../arm-none-eabi/lib/thumb/cortex-m3/libg.a(lib_a-memset.o)
 .comment       0x0000000000000000       0x12 /opt/cross/lib/gcc/arm-none-eabi/7.2.0/../../../../arm-none-eabi/lib/thumb/cortex-m3/libg.a(lib_a-memset.o)
 .debug_frame   0x0000000000000000       0x38 /opt/cross/lib/gcc/arm-none-eabi/7.2.0/../../../../arm-none-eabi/lib/thumb/cortex-m3/libg.a(lib_a-memset.o)
 .ARM.attributes
                0x0000000000000000       0x33 /opt/cross/lib/gcc/arm-none-eabi/7.2.0/../../../../arm-none-eabi/lib/thumb/cortex-m3/libg.a(lib_a-memset.o)
 .text          0x0000000000000000       0x64 /opt/cross/lib/gcc/arm-none-eabi/7.2.0/../../../../arm-none-eabi/lib/thumb/cortex-m3/libg.a(lib_a-__atexit.o)
 .data          0x0000000000000000        0x0 /opt/cross/lib/gcc/arm-none-eabi/7.2.0/../../../../arm-none-eabi/lib/thumb/cortex-m3/libg.a(lib_a-__atexit.o)
 .bss           0x0000000000000000        0x0 /opt/cross/lib/gcc/arm-none-eabi/7.2.0/../../../../arm-none-eabi/lib/thumb/cortex-m3/libg.a(lib_a-__atexit.o)
 .debug_info    0x0000000000000000      0x937 /opt/cross/lib/gcc/arm-none-eabi/7.2.0/../../../../arm-none-eabi/lib/thumb/cortex-m3/libg.a(lib_a-__atexit.o)
 .debug_abbrev  0x0000000000000000      0x212 /opt/cross/lib/gcc/arm-none-eabi/7.2.0/../../../../arm-none-eabi/lib/thumb/cortex-m3/libg.a(lib_a-__atexit.o)
 .debug_loc     0x0000000000000000      0x112 /opt/cross/lib/gcc/arm-none-eabi/7.2.0/../../../../arm-none-eabi/lib/thumb/cortex-m3/libg.a(lib_a-__atexit.o)
 .debug_aranges
                0x0000000000000000       0x20 /opt/cross/lib/gcc/arm-none-eabi/7.2.0/../../../../arm-none-eabi/lib/thumb/cortex-m3/libg.a(lib_a-__atexit.o)
 .debug_line    0x0000000000000000      0x172 /opt/cross/lib/gcc/arm-none-eabi/7.2.0/../../../../arm-none-eabi/lib/thumb/cortex-m3/libg.a(lib_a-__atexit.o)
 .debug_str     0x0000000000000000      0x5c9 /opt/cross/lib/gcc/arm-none-eabi/7.2.0/../../../../arm-none-eabi/lib/thumb/cortex-m3/libg.a(lib_a-__atexit.o)
 .comment       0x0000000000000000       0x12 /opt/cross/lib/gcc/arm-none-eabi/7.2.0/../../../../arm-none-eabi/lib/thumb/cortex-m3/libg.a(lib_a-__atexit.o)
 .debug_frame   0x0000000000000000       0x38 /opt/cross/lib/gcc/arm-none-eabi/7.2.0/../../../../arm-none-eabi/lib/thumb/cortex-m3/libg.a(lib_a-__atexit.o)
 .ARM.attributes
                0x0000000000000000       0x33 /opt/cross/lib/gcc/arm-none-eabi/7.2.0/../../../../arm-none-eabi/lib/thumb/cortex-m3/libg.a(lib_a-__atexit.o)
 .text          0x0000000000000000       0xa0 /opt/cross/lib/gcc/arm-none-eabi/7.2.0/../../../../arm-none-eabi/lib/thumb/cortex-m3/libg.a(lib_a-__call_atexit.o)
 .data          0x0000000000000000        0x0 /opt/cross/lib/gcc/arm-none-eabi/7.2.0/../../../../arm-none-eabi/lib/thumb/cortex-m3/libg.a(lib_a-__call_atexit.o)
 .bss           0x0000000000000000        0x0 /opt/cross/lib/gcc/arm-none-eabi/7.2.0/../../../../arm-none-eabi/lib/thumb/cortex-m3/libg.a(lib_a-__call_atexit.o)
 .debug_info    0x0000000000000000      0x94d /opt/cross/lib/gcc/arm-none-eabi/7.2.0/../../../../arm-none-eabi/lib/thumb/cortex-m3/libg.a(lib_a-__call_atexit.o)
 .debug_abbrev  0x0000000000000000      0x235 /opt/cross/lib/gcc/arm-none-eabi/7.2.0/../../../../arm-none-eabi/lib/thumb/cortex-m3/libg.a(lib_a-__call_atexit.o)
 .debug_loc     0x0000000000000000       0xc6 /opt/cross/lib/gcc/arm-none-eabi/7.2.0/../../../../arm-none-eabi/lib/thumb/cortex-m3/libg.a(lib_a-__call_atexit.o)
 .debug_aranges
                0x0000000000000000       0x20 /opt/cross/lib/gcc/arm-none-eabi/7.2.0/../../../../arm-none-eabi/lib/thumb/cortex-m3/libg.a(lib_a-__call_atexit.o)
 .debug_ranges  0x0000000000000000       0x28 /opt/cross/lib/gcc/arm-none-eabi/7.2.0/../../../../arm-none-eabi/lib/thumb/cortex-m3/libg.a(lib_a-__call_atexit.o)
 .debug_line    0x0000000000000000      0x18e /opt/cross/lib/gcc/arm-none-eabi/7.2.0/../../../../arm-none-eabi/lib/thumb/cortex-m3/libg.a(lib_a-__call_atexit.o)
 .debug_str     0x0000000000000000      0x5a9 /opt/cross/lib/gcc/arm-none-eabi/7.2.0/../../../../arm-none-eabi/lib/thumb/cortex-m3/libg.a(lib_a-__call_atexit.o)
 .comment       0x0000000000000000       0x12 /opt/cross/lib/gcc/arm-none-eabi/7.2.0/../../../../arm-none-eabi/lib/thumb/cortex-m3/libg.a(lib_a-__call_atexit.o)
 .debug_frame   0x0000000000000000       0x40 /opt/cross/lib/gcc/arm-none-eabi/7.2.0/../../../../arm-none-eabi/lib/thumb/cortex-m3/libg.a(lib_a-__call_atexit.o)
 .ARM.attributes
                0x0000000000000000       0x33 /opt/cross/lib/gcc/arm-none-eabi/7.2.0/../../../../arm-none-eabi/lib/thumb/cortex-m3/libg.a(lib_a-__call_atexit.o)
 .text          0x0000000000000000        0x0 /opt/cross/lib/gcc/arm-none-eabi/7.2.0/thumb/cortex-m3/crtend.o
 .data          0x0000000000000000        0x0 /opt/cross/lib/gcc/arm-none-eabi/7.2.0/thumb/cortex-m3/crtend.o
 .bss           0x0000000000000000        0x0 /opt/cross/lib/gcc/arm-none-eabi/7.2.0/thumb/cortex-m3/crtend.o
 .eh_frame      0x0000000000000000        0x4 /opt/cross/lib/gcc/arm-none-eabi/7.2.0/thumb/cortex-m3/crtend.o
 .text          0x0000000000000000        0x0 /opt/cross/lib/gcc/arm-none-eabi/7.2.0/thumb/cortex-m3/crtn.o
 .data          0x0000000000000000        0x0 /opt/cross/lib/gcc/arm-none-eabi/7.2.0/thumb/cortex-m3/crtn.o
 .bss           0x0000000000000000        0x0 /opt/cross/lib/gcc/arm-none-eabi/7.2.0/thumb/cortex-m3/crtn.o

Memory Configuration

Name             Origin             Length             Attributes
RAM              0x0000000020000000 0x0000000000005000 xrw
FLASH            0x0000000008000000 0x0000000000010000 xr
*default*        0x0000000000000000 0xffffffffffffffff

Linker script and memory map

LOAD /opt/cross/lib/gcc/arm-none-eabi/7.2.0/thumb/cortex-m3/crti.o
LOAD /opt/cross/lib/gcc/arm-none-eabi/7.2.0/thumb/cortex-m3/crtbegin.o
LOAD /opt/cross/lib/gcc/arm-none-eabi/7.2.0/../../../../arm-none-eabi/lib/thumb/cortex-m3/crt0.o
LOAD CMakeFiles/blink.elf.dir/Src/main.c.obj
LOAD CMakeFiles/blink.elf.dir/Src/stm32f1xx_hal_msp.c.obj
LOAD CMakeFiles/blink.elf.dir/Src/stm32f1xx_it.c.obj
LOAD CMakeFiles/blink.elf.dir/Src/system_stm32f1xx.c.obj
LOAD CMakeFiles/blink.elf.dir/Drivers/STM32F1xx_HAL_Driver/Src/stm32f1xx_hal.c.obj
LOAD CMakeFiles/blink.elf.dir/Drivers/STM32F1xx_HAL_Driver/Src/stm32f1xx_hal_cortex.c.obj
LOAD CMakeFiles/blink.elf.dir/Drivers/STM32F1xx_HAL_Driver/Src/stm32f1xx_hal_dma.c.obj
LOAD CMakeFiles/blink.elf.dir/Drivers/STM32F1xx_HAL_Driver/Src/stm32f1xx_hal_flash.c.obj
LOAD CMakeFiles/blink.elf.dir/Drivers/STM32F1xx_HAL_Driver/Src/stm32f1xx_hal_flash_ex.c.obj
LOAD CMakeFiles/blink.elf.dir/Drivers/STM32F1xx_HAL_Driver/Src/stm32f1xx_hal_gpio.c.obj
LOAD CMakeFiles/blink.elf.dir/Drivers/STM32F1xx_HAL_Driver/Src/stm32f1xx_hal_gpio_ex.c.obj
LOAD CMakeFiles/blink.elf.dir/Drivers/STM32F1xx_HAL_Driver/Src/stm32f1xx_hal_pwr.c.obj
LOAD CMakeFiles/blink.elf.dir/Drivers/STM32F1xx_HAL_Driver/Src/stm32f1xx_hal_rcc.c.obj
LOAD CMakeFiles/blink.elf.dir/Drivers/STM32F1xx_HAL_Driver/Src/stm32f1xx_hal_rcc_ex.c.obj
LOAD CMakeFiles/blink.elf.dir/Drivers/STM32F1xx_HAL_Driver/Src/stm32f1xx_hal_tim.c.obj
LOAD CMakeFiles/blink.elf.dir/Drivers/STM32F1xx_HAL_Driver/Src/stm32f1xx_hal_tim_ex.c.obj
LOAD libHAL.a
LOAD libCMSIS.a
START GROUP
LOAD /opt/cross/lib/gcc/arm-none-eabi/7.2.0/thumb/cortex-m3/libgcc.a
LOAD /opt/cross/lib/gcc/arm-none-eabi/7.2.0/../../../../arm-none-eabi/lib/thumb/cortex-m3/libg.a
LOAD /opt/cross/lib/gcc/arm-none-eabi/7.2.0/../../../../arm-none-eabi/lib/thumb/cortex-m3/libc.a
END GROUP
LOAD /opt/cross/lib/gcc/arm-none-eabi/7.2.0/thumb/cortex-m3/crtend.o
LOAD /opt/cross/lib/gcc/arm-none-eabi/7.2.0/thumb/cortex-m3/crtn.o
                0x0000000020005000                _estack = 0x20005000
                0x0000000000000200                _Min_Heap_Size = 0x200
                0x0000000000000400                _Min_Stack_Size = 0x400

.isr_vector     0x0000000008000000      0x10c
                0x0000000008000000                . = ALIGN (0x4)
 *(.isr_vector)
 .isr_vector    0x0000000008000000      0x10c libCMSIS.a(startup_stm32f103xb.s.obj)
                0x0000000008000000                g_pfnVectors
                0x000000000800010c                . = ALIGN (0x4)

.text           0x000000000800010c     0x1194
                0x000000000800010c                . = ALIGN (0x4)
 *(.text)
 .text          0x000000000800010c       0x88 /opt/cross/lib/gcc/arm-none-eabi/7.2.0/thumb/cortex-m3/crtbegin.o
 .text          0x0000000008000194       0x48 /opt/cross/lib/gcc/arm-none-eabi/7.2.0/../../../../arm-none-eabi/lib/thumb/cortex-m3/libg.a(lib_a-init.o)
                0x0000000008000194                __libc_init_array
 *(.text*)
 .text.main     0x00000000080001dc       0x28 CMakeFiles/blink.elf.dir/Src/main.c.obj
                0x00000000080001dc                main
 .text.SystemClock_Config
                0x0000000008000204       0xa4 CMakeFiles/blink.elf.dir/Src/main.c.obj
                0x0000000008000204                SystemClock_Config
 .text.MX_GPIO_Init
                0x00000000080002a8       0x6c CMakeFiles/blink.elf.dir/Src/main.c.obj
 .text._Error_Handler
                0x0000000008000314        0xc CMakeFiles/blink.elf.dir/Src/main.c.obj
                0x0000000008000314                _Error_Handler
 .text.HAL_MspInit
                0x0000000008000320       0xa0 CMakeFiles/blink.elf.dir/Src/stm32f1xx_hal_msp.c.obj
                0x0000000008000320                HAL_MspInit
 .text.NMI_Handler
                0x00000000080003c0        0xc CMakeFiles/blink.elf.dir/Src/stm32f1xx_it.c.obj
                0x00000000080003c0                NMI_Handler
 .text.HardFault_Handler
                0x00000000080003cc        0x6 CMakeFiles/blink.elf.dir/Src/stm32f1xx_it.c.obj
                0x00000000080003cc                HardFault_Handler
 .text.MemManage_Handler
                0x00000000080003d2        0x6 CMakeFiles/blink.elf.dir/Src/stm32f1xx_it.c.obj
                0x00000000080003d2                MemManage_Handler
 .text.BusFault_Handler
                0x00000000080003d8        0x6 CMakeFiles/blink.elf.dir/Src/stm32f1xx_it.c.obj
                0x00000000080003d8                BusFault_Handler
 .text.UsageFault_Handler
                0x00000000080003de        0x6 CMakeFiles/blink.elf.dir/Src/stm32f1xx_it.c.obj
                0x00000000080003de                UsageFault_Handler
 .text.SVC_Handler
                0x00000000080003e4        0xc CMakeFiles/blink.elf.dir/Src/stm32f1xx_it.c.obj
                0x00000000080003e4                SVC_Handler
 .text.DebugMon_Handler
                0x00000000080003f0        0xc CMakeFiles/blink.elf.dir/Src/stm32f1xx_it.c.obj
                0x00000000080003f0                DebugMon_Handler
 .text.PendSV_Handler
                0x00000000080003fc        0xc CMakeFiles/blink.elf.dir/Src/stm32f1xx_it.c.obj
                0x00000000080003fc                PendSV_Handler
 .text.SysTick_Handler
                0x0000000008000408       0x10 CMakeFiles/blink.elf.dir/Src/stm32f1xx_it.c.obj
                0x0000000008000408                SysTick_Handler
 .text.SystemInit
                0x0000000008000418       0x68 CMakeFiles/blink.elf.dir/Src/system_stm32f1xx.c.obj
                0x0000000008000418                SystemInit
 .text.HAL_Init
                0x0000000008000480       0x2c CMakeFiles/blink.elf.dir/Drivers/STM32F1xx_HAL_Driver/Src/stm32f1xx_hal.c.obj
                0x0000000008000480                HAL_Init
 .text.HAL_InitTick
                0x00000000080004ac       0x38 CMakeFiles/blink.elf.dir/Drivers/STM32F1xx_HAL_Driver/Src/stm32f1xx_hal.c.obj
                0x00000000080004ac                HAL_InitTick
 .text.HAL_IncTick
                0x00000000080004e4       0x1c CMakeFiles/blink.elf.dir/Drivers/STM32F1xx_HAL_Driver/Src/stm32f1xx_hal.c.obj
                0x00000000080004e4                HAL_IncTick
 .text.HAL_GetTick
                0x0000000008000500       0x14 CMakeFiles/blink.elf.dir/Drivers/STM32F1xx_HAL_Driver/Src/stm32f1xx_hal.c.obj
                0x0000000008000500                HAL_GetTick
 .text.HAL_Delay
                0x0000000008000514       0x3a CMakeFiles/blink.elf.dir/Drivers/STM32F1xx_HAL_Driver/Src/stm32f1xx_hal.c.obj
                0x0000000008000514                HAL_Delay
 *fill*         0x000000000800054e        0x2 
 .text.NVIC_SetPriorityGrouping
                0x0000000008000550       0x48 CMakeFiles/blink.elf.dir/Drivers/STM32F1xx_HAL_Driver/Src/stm32f1xx_hal_cortex.c.obj
 .text.NVIC_GetPriorityGrouping
                0x0000000008000598       0x1c CMakeFiles/blink.elf.dir/Drivers/STM32F1xx_HAL_Driver/Src/stm32f1xx_hal_cortex.c.obj
 .text.NVIC_SetPriority
                0x00000000080005b4       0x54 CMakeFiles/blink.elf.dir/Drivers/STM32F1xx_HAL_Driver/Src/stm32f1xx_hal_cortex.c.obj
 .text.NVIC_EncodePriority
                0x0000000008000608       0x64 CMakeFiles/blink.elf.dir/Drivers/STM32F1xx_HAL_Driver/Src/stm32f1xx_hal_cortex.c.obj
 .text.SysTick_Config
                0x000000000800066c       0x44 CMakeFiles/blink.elf.dir/Drivers/STM32F1xx_HAL_Driver/Src/stm32f1xx_hal_cortex.c.obj
 .text.HAL_NVIC_SetPriorityGrouping
                0x00000000080006b0       0x16 CMakeFiles/blink.elf.dir/Drivers/STM32F1xx_HAL_Driver/Src/stm32f1xx_hal_cortex.c.obj
                0x00000000080006b0                HAL_NVIC_SetPriorityGrouping
 .text.HAL_NVIC_SetPriority
                0x00000000080006c6       0x38 CMakeFiles/blink.elf.dir/Drivers/STM32F1xx_HAL_Driver/Src/stm32f1xx_hal_cortex.c.obj
                0x00000000080006c6                HAL_NVIC_SetPriority
 .text.HAL_SYSTICK_Config
                0x00000000080006fe       0x18 CMakeFiles/blink.elf.dir/Drivers/STM32F1xx_HAL_Driver/Src/stm32f1xx_hal_cortex.c.obj
                0x00000000080006fe                HAL_SYSTICK_Config
 *fill*         0x0000000008000716        0x2 
 .text.HAL_SYSTICK_CLKSourceConfig
                0x0000000008000718       0x38 CMakeFiles/blink.elf.dir/Drivers/STM32F1xx_HAL_Driver/Src/stm32f1xx_hal_cortex.c.obj
                0x0000000008000718                HAL_SYSTICK_CLKSourceConfig
 .text.HAL_SYSTICK_IRQHandler
                0x0000000008000750        0xc CMakeFiles/blink.elf.dir/Drivers/STM32F1xx_HAL_Driver/Src/stm32f1xx_hal_cortex.c.obj
                0x0000000008000750                HAL_SYSTICK_IRQHandler
 .text.HAL_SYSTICK_Callback
                0x000000000800075c        0xc CMakeFiles/blink.elf.dir/Drivers/STM32F1xx_HAL_Driver/Src/stm32f1xx_hal_cortex.c.obj
                0x000000000800075c                HAL_SYSTICK_Callback
 .text.HAL_GPIO_Init
                0x0000000008000768      0x2bc CMakeFiles/blink.elf.dir/Drivers/STM32F1xx_HAL_Driver/Src/stm32f1xx_hal_gpio.c.obj
                0x0000000008000768                HAL_GPIO_Init
 .text.HAL_GPIO_WritePin
                0x0000000008000a24       0x30 CMakeFiles/blink.elf.dir/Drivers/STM32F1xx_HAL_Driver/Src/stm32f1xx_hal_gpio.c.obj
                0x0000000008000a24                HAL_GPIO_WritePin
 .text.HAL_GPIO_TogglePin
                0x0000000008000a54       0x22 CMakeFiles/blink.elf.dir/Drivers/STM32F1xx_HAL_Driver/Src/stm32f1xx_hal_gpio.c.obj
                0x0000000008000a54                HAL_GPIO_TogglePin
 *fill*         0x0000000008000a76        0x2 
 .text.HAL_RCC_OscConfig
                0x0000000008000a78      0x4c8 CMakeFiles/blink.elf.dir/Drivers/STM32F1xx_HAL_Driver/Src/stm32f1xx_hal_rcc.c.obj
                0x0000000008000a78                HAL_RCC_OscConfig
 .text.HAL_RCC_ClockConfig
                0x0000000008000f40      0x1e8 CMakeFiles/blink.elf.dir/Drivers/STM32F1xx_HAL_Driver/Src/stm32f1xx_hal_rcc.c.obj
                0x0000000008000f40                HAL_RCC_ClockConfig
 .text.HAL_RCC_GetSysClockFreq
                0x0000000008001128       0xc4 CMakeFiles/blink.elf.dir/Drivers/STM32F1xx_HAL_Driver/Src/stm32f1xx_hal_rcc.c.obj
                0x0000000008001128                HAL_RCC_GetSysClockFreq
 .text.HAL_RCC_GetHCLKFreq
                0x00000000080011ec       0x14 CMakeFiles/blink.elf.dir/Drivers/STM32F1xx_HAL_Driver/Src/stm32f1xx_hal_rcc.c.obj
                0x00000000080011ec                HAL_RCC_GetHCLKFreq
 .text.RCC_Delay
                0x0000000008001200       0x3c CMakeFiles/blink.elf.dir/Drivers/STM32F1xx_HAL_Driver/Src/stm32f1xx_hal_rcc.c.obj
 .text.Reset_Handler
                0x000000000800123c       0x48 libCMSIS.a(startup_stm32f103xb.s.obj)
                0x000000000800123c                Reset_Handler
 .text.Default_Handler
                0x0000000008001284        0x2 libCMSIS.a(startup_stm32f103xb.s.obj)
                0x0000000008001284                RTC_Alarm_IRQHandler
                0x0000000008001284                EXTI2_IRQHandler
                0x0000000008001284                TIM1_CC_IRQHandler
                0x0000000008001284                PVD_IRQHandler
                0x0000000008001284                EXTI3_IRQHandler
                0x0000000008001284                EXTI0_IRQHandler
                0x0000000008001284                I2C2_EV_IRQHandler
                0x0000000008001284                ADC1_2_IRQHandler
                0x0000000008001284                SPI1_IRQHandler
                0x0000000008001284                TAMPER_IRQHandler
                0x0000000008001284                DMA1_Channel4_IRQHandler
                0x0000000008001284                USART3_IRQHandler
                0x0000000008001284                RTC_IRQHandler
                0x0000000008001284                DMA1_Channel7_IRQHandler
                0x0000000008001284                CAN1_RX1_IRQHandler
                0x0000000008001284                TIM4_IRQHandler
                0x0000000008001284                I2C1_EV_IRQHandler
                0x0000000008001284                DMA1_Channel6_IRQHandler
                0x0000000008001284                TIM3_IRQHandler
                0x0000000008001284                RCC_IRQHandler
                0x0000000008001284                TIM1_TRG_COM_IRQHandler
                0x0000000008001284                DMA1_Channel1_IRQHandler
                0x0000000008001284                Default_Handler
                0x0000000008001284                EXTI15_10_IRQHandler
                0x0000000008001284                EXTI9_5_IRQHandler
                0x0000000008001284                SPI2_IRQHandler
                0x0000000008001284                DMA1_Channel5_IRQHandler
                0x0000000008001284                EXTI4_IRQHandler
                0x0000000008001284                USB_LP_CAN1_RX0_IRQHandler
                0x0000000008001284                USB_HP_CAN1_TX_IRQHandler
                0x0000000008001284                DMA1_Channel3_IRQHandler
                0x0000000008001284                TIM1_UP_IRQHandler
                0x0000000008001284                WWDG_IRQHandler
                0x0000000008001284                TIM2_IRQHandler
                0x0000000008001284                TIM1_BRK_IRQHandler
                0x0000000008001284                EXTI1_IRQHandler
                0x0000000008001284                USART2_IRQHandler
                0x0000000008001284                I2C2_ER_IRQHandler
                0x0000000008001284                DMA1_Channel2_IRQHandler
                0x0000000008001284                CAN1_SCE_IRQHandler
                0x0000000008001284                FLASH_IRQHandler
                0x0000000008001284                USART1_IRQHandler
                0x0000000008001284                I2C1_ER_IRQHandler
                0x0000000008001284                USBWakeUp_IRQHandler
 *(.glue_7)
 .glue_7        0x0000000008001286        0x0 linker stubs
 *(.glue_7t)
 .glue_7t       0x0000000008001286        0x0 linker stubs
 *(.eh_frame)
 *fill*         0x0000000008001286        0x2 
 .eh_frame      0x0000000008001288        0x0 /opt/cross/lib/gcc/arm-none-eabi/7.2.0/thumb/cortex-m3/crtbegin.o
 *(.init)
 .init          0x0000000008001288        0x4 /opt/cross/lib/gcc/arm-none-eabi/7.2.0/thumb/cortex-m3/crti.o
                0x0000000008001288                _init
 .init          0x000000000800128c        0x8 /opt/cross/lib/gcc/arm-none-eabi/7.2.0/thumb/cortex-m3/crtn.o
 *(.fini)
 .fini          0x0000000008001294        0x4 /opt/cross/lib/gcc/arm-none-eabi/7.2.0/thumb/cortex-m3/crti.o
                0x0000000008001294                _fini
 .fini          0x0000000008001298        0x8 /opt/cross/lib/gcc/arm-none-eabi/7.2.0/thumb/cortex-m3/crtn.o
                0x00000000080012a0                . = ALIGN (0x4)
                0x00000000080012a0                _etext = .

.vfp11_veneer   0x00000000080012a0        0x0
 .vfp11_veneer  0x00000000080012a0        0x0 linker stubs

.v4_bx          0x00000000080012a0        0x0
 .v4_bx         0x00000000080012a0        0x0 linker stubs

.iplt           0x00000000080012a0        0x0
 .iplt          0x00000000080012a0        0x0 /opt/cross/lib/gcc/arm-none-eabi/7.2.0/thumb/cortex-m3/crtbegin.o

.rodata         0x00000000080012a0       0x58
                0x00000000080012a0                . = ALIGN (0x4)
 *(.rodata)
 .rodata        0x00000000080012a0       0x34 CMakeFiles/blink.elf.dir/Src/main.c.obj
 .rodata        0x00000000080012d4       0x12 CMakeFiles/blink.elf.dir/Drivers/STM32F1xx_HAL_Driver/Src/stm32f1xx_hal_rcc.c.obj
 *(.rodata*)
 *fill*         0x00000000080012e6        0x2 
 .rodata.AHBPrescTable
                0x00000000080012e8       0x10 CMakeFiles/blink.elf.dir/Src/system_stm32f1xx.c.obj
                0x00000000080012e8                AHBPrescTable
                0x00000000080012f8                . = ALIGN (0x4)

.rel.dyn        0x00000000080012f8        0x0
 .rel.iplt      0x00000000080012f8        0x0 /opt/cross/lib/gcc/arm-none-eabi/7.2.0/thumb/cortex-m3/crtbegin.o

.ARM.extab
 *(.ARM.extab* .gnu.linkonce.armextab.*)

.ARM            0x00000000080012f8        0x0
                0x00000000080012f8                __exidx_start = .
 *(.ARM.exidx*)
                0x00000000080012f8                __exidx_end = .

.preinit_array  0x00000000080012f8        0x0
                0x00000000080012f8                PROVIDE (__preinit_array_start, .)
 *(.preinit_array*)
                0x00000000080012f8                PROVIDE (__preinit_array_end, .)

.init_array     0x00000000080012f8        0x4
                0x00000000080012f8                PROVIDE (__init_array_start, .)
 *(SORT(.init_array.*))
 *(.init_array*)
 .init_array    0x00000000080012f8        0x4 /opt/cross/lib/gcc/arm-none-eabi/7.2.0/thumb/cortex-m3/crtbegin.o
                0x00000000080012fc                PROVIDE (__init_array_end, .)

.fini_array     0x00000000080012fc        0x4
                0x00000000080012fc                PROVIDE (__fini_array_start, .)
 *(SORT(.fini_array.*))
 *(.fini_array*)
 .fini_array    0x00000000080012fc        0x4 /opt/cross/lib/gcc/arm-none-eabi/7.2.0/thumb/cortex-m3/crtbegin.o
                0x0000000008001300                PROVIDE (__fini_array_end, .)
                0x0000000008001300                _sidata = LOADADDR (.data)

.data           0x0000000020000000        0x4 load address 0x0000000008001300
                0x0000000020000000                . = ALIGN (0x4)
                0x0000000020000000                _sdata = .
 *(.data)
 *(.data*)
 .data.SystemCoreClock
                0x0000000020000000        0x4 CMakeFiles/blink.elf.dir/Src/system_stm32f1xx.c.obj
                0x0000000020000000                SystemCoreClock
                0x0000000020000004                . = ALIGN (0x4)
                0x0000000020000004                _edata = .

.tm_clone_table
                0x0000000020000004        0x0 load address 0x0000000008001304
 .tm_clone_table
                0x0000000020000004        0x0 /opt/cross/lib/gcc/arm-none-eabi/7.2.0/thumb/cortex-m3/crtbegin.o
 .tm_clone_table
                0x0000000020000004        0x0 /opt/cross/lib/gcc/arm-none-eabi/7.2.0/thumb/cortex-m3/crtend.o

.igot.plt       0x0000000020000004        0x0 load address 0x0000000008001304
 .igot.plt      0x0000000020000004        0x0 /opt/cross/lib/gcc/arm-none-eabi/7.2.0/thumb/cortex-m3/crtbegin.o
                0x0000000020000004                . = ALIGN (0x4)

.bss            0x0000000020000004       0x20 load address 0x0000000008001304
                0x0000000020000004                _sbss = .
                0x0000000020000004                __bss_start__ = _sbss
 *(.bss)
 .bss           0x0000000020000004       0x1c /opt/cross/lib/gcc/arm-none-eabi/7.2.0/thumb/cortex-m3/crtbegin.o
 *(.bss*)
 .bss.uwTick    0x0000000020000020        0x4 CMakeFiles/blink.elf.dir/Drivers/STM32F1xx_HAL_Driver/Src/stm32f1xx_hal.c.obj
                0x0000000020000020                uwTick
 *(COMMON)
                0x0000000020000024                . = ALIGN (0x4)
                0x0000000020000024                _ebss = .
                0x0000000020000024                __bss_end__ = _ebss

._user_heap_stack
                0x0000000020000024      0x604 load address 0x0000000008001304
                0x0000000020000028                . = ALIGN (0x8)
 *fill*         0x0000000020000024        0x4 
                [!provide]                        PROVIDE (end, .)
                [!provide]                        PROVIDE (_end, .)
                0x0000000020000228                . = (. + _Min_Heap_Size)
 *fill*         0x0000000020000028      0x200 
                0x0000000020000628                . = (. + _Min_Stack_Size)
 *fill*         0x0000000020000228      0x400 
                0x0000000020000628                . = ALIGN (0x8)

/DISCARD/
 libc.a(*)
 libm.a(*)
 libgcc.a(*)

.ARM.attributes
                0x0000000000000000       0x2f
 *(.ARM.attributes)
 .ARM.attributes
                0x0000000000000000       0x23 /opt/cross/lib/gcc/arm-none-eabi/7.2.0/thumb/cortex-m3/crti.o
 .ARM.attributes
                0x0000000000000023       0x33 /opt/cross/lib/gcc/arm-none-eabi/7.2.0/thumb/cortex-m3/crtbegin.o
 .ARM.attributes
                0x0000000000000056       0x33 CMakeFiles/blink.elf.dir/Src/main.c.obj
 .ARM.attributes
                0x0000000000000089       0x33 CMakeFiles/blink.elf.dir/Src/stm32f1xx_hal_msp.c.obj
 .ARM.attributes
                0x00000000000000bc       0x33 CMakeFiles/blink.elf.dir/Src/stm32f1xx_it.c.obj
 .ARM.attributes
                0x00000000000000ef       0x33 CMakeFiles/blink.elf.dir/Src/system_stm32f1xx.c.obj
 .ARM.attributes
                0x0000000000000122       0x33 CMakeFiles/blink.elf.dir/Drivers/STM32F1xx_HAL_Driver/Src/stm32f1xx_hal.c.obj
 .ARM.attributes
                0x0000000000000155       0x33 CMakeFiles/blink.elf.dir/Drivers/STM32F1xx_HAL_Driver/Src/stm32f1xx_hal_cortex.c.obj
 .ARM.attributes
                0x0000000000000188       0x33 CMakeFiles/blink.elf.dir/Drivers/STM32F1xx_HAL_Driver/Src/stm32f1xx_hal_gpio.c.obj
 .ARM.attributes
                0x00000000000001bb       0x33 CMakeFiles/blink.elf.dir/Drivers/STM32F1xx_HAL_Driver/Src/stm32f1xx_hal_rcc.c.obj
 .ARM.attributes
                0x00000000000001ee       0x21 libCMSIS.a(startup_stm32f103xb.s.obj)
 .ARM.attributes
                0x000000000000020f       0x33 /opt/cross/lib/gcc/arm-none-eabi/7.2.0/../../../../arm-none-eabi/lib/thumb/cortex-m3/libg.a(lib_a-init.o)
 .ARM.attributes
                0x0000000000000242       0x33 /opt/cross/lib/gcc/arm-none-eabi/7.2.0/thumb/cortex-m3/crtend.o
 .ARM.attributes
                0x0000000000000275       0x23 /opt/cross/lib/gcc/arm-none-eabi/7.2.0/thumb/cortex-m3/crtn.o
OUTPUT(blink.elf elf32-littlearm)

.comment        0x0000000000000000       0x11
 .comment       0x0000000000000000       0x11 /opt/cross/lib/gcc/arm-none-eabi/7.2.0/thumb/cortex-m3/crtbegin.o
                                         0x12 (size before relaxing)
 .comment       0x0000000000000011       0x12 CMakeFiles/blink.elf.dir/Src/main.c.obj
 .comment       0x0000000000000011       0x12 CMakeFiles/blink.elf.dir/Src/stm32f1xx_hal_msp.c.obj
 .comment       0x0000000000000011       0x12 CMakeFiles/blink.elf.dir/Src/stm32f1xx_it.c.obj
 .comment       0x0000000000000011       0x12 CMakeFiles/blink.elf.dir/Src/system_stm32f1xx.c.obj
 .comment       0x0000000000000011       0x12 CMakeFiles/blink.elf.dir/Drivers/STM32F1xx_HAL_Driver/Src/stm32f1xx_hal.c.obj
 .comment       0x0000000000000011       0x12 CMakeFiles/blink.elf.dir/Drivers/STM32F1xx_HAL_Driver/Src/stm32f1xx_hal_cortex.c.obj
 .comment       0x0000000000000011       0x12 CMakeFiles/blink.elf.dir/Drivers/STM32F1xx_HAL_Driver/Src/stm32f1xx_hal_gpio.c.obj
 .comment       0x0000000000000011       0x12 CMakeFiles/blink.elf.dir/Drivers/STM32F1xx_HAL_Driver/Src/stm32f1xx_hal_rcc.c.obj
 .comment       0x0000000000000011       0x12 /opt/cross/lib/gcc/arm-none-eabi/7.2.0/../../../../arm-none-eabi/lib/thumb/cortex-m3/libg.a(lib_a-init.o)
 .comment       0x0000000000000011       0x12 /opt/cross/lib/gcc/arm-none-eabi/7.2.0/thumb/cortex-m3/crtend.o

.debug_info     0x0000000000000000     0x6783
 .debug_info    0x0000000000000000      0xde9 CMakeFiles/blink.elf.dir/Src/main.c.obj
 .debug_info    0x0000000000000de9      0xb9e CMakeFiles/blink.elf.dir/Src/stm32f1xx_hal_msp.c.obj
 .debug_info    0x0000000000001987      0x9bf CMakeFiles/blink.elf.dir/Src/stm32f1xx_it.c.obj
 .debug_info    0x0000000000002346      0x3e5 CMakeFiles/blink.elf.dir/Src/system_stm32f1xx.c.obj
 .debug_info    0x000000000000272b      0xe2e CMakeFiles/blink.elf.dir/Drivers/STM32F1xx_HAL_Driver/Src/stm32f1xx_hal.c.obj
 .debug_info    0x0000000000003559     0x12fb CMakeFiles/blink.elf.dir/Drivers/STM32F1xx_HAL_Driver/Src/stm32f1xx_hal_cortex.c.obj
 .debug_info    0x0000000000004854      0xe60 CMakeFiles/blink.elf.dir/Drivers/STM32F1xx_HAL_Driver/Src/stm32f1xx_hal_gpio.c.obj
 .debug_info    0x00000000000056b4      0xfc6 CMakeFiles/blink.elf.dir/Drivers/STM32F1xx_HAL_Driver/Src/stm32f1xx_hal_rcc.c.obj
 .debug_info    0x000000000000667a      0x109 /opt/cross/lib/gcc/arm-none-eabi/7.2.0/../../../../arm-none-eabi/lib/thumb/cortex-m3/libg.a(lib_a-init.o)

.debug_abbrev   0x0000000000000000     0x13f8
 .debug_abbrev  0x0000000000000000      0x260 CMakeFiles/blink.elf.dir/Src/main.c.obj
 .debug_abbrev  0x0000000000000260      0x1f8 CMakeFiles/blink.elf.dir/Src/stm32f1xx_hal_msp.c.obj
 .debug_abbrev  0x0000000000000458      0x1c6 CMakeFiles/blink.elf.dir/Src/stm32f1xx_it.c.obj
 .debug_abbrev  0x000000000000061e      0x131 CMakeFiles/blink.elf.dir/Src/system_stm32f1xx.c.obj
 .debug_abbrev  0x000000000000074f      0x2c9 CMakeFiles/blink.elf.dir/Drivers/STM32F1xx_HAL_Driver/Src/stm32f1xx_hal.c.obj
 .debug_abbrev  0x0000000000000a18      0x393 CMakeFiles/blink.elf.dir/Drivers/STM32F1xx_HAL_Driver/Src/stm32f1xx_hal_cortex.c.obj
 .debug_abbrev  0x0000000000000dab      0x286 CMakeFiles/blink.elf.dir/Drivers/STM32F1xx_HAL_Driver/Src/stm32f1xx_hal_gpio.c.obj
 .debug_abbrev  0x0000000000001031      0x30d CMakeFiles/blink.elf.dir/Drivers/STM32F1xx_HAL_Driver/Src/stm32f1xx_hal_rcc.c.obj
 .debug_abbrev  0x000000000000133e       0xba /opt/cross/lib/gcc/arm-none-eabi/7.2.0/../../../../arm-none-eabi/lib/thumb/cortex-m3/libg.a(lib_a-init.o)

.debug_aranges  0x0000000000000000      0x3a0
 .debug_aranges
                0x0000000000000000       0x38 CMakeFiles/blink.elf.dir/Src/main.c.obj
 .debug_aranges
                0x0000000000000038       0x20 CMakeFiles/blink.elf.dir/Src/stm32f1xx_hal_msp.c.obj
 .debug_aranges
                0x0000000000000058       0x60 CMakeFiles/blink.elf.dir/Src/stm32f1xx_it.c.obj
 .debug_aranges
                0x00000000000000b8       0x28 CMakeFiles/blink.elf.dir/Src/system_stm32f1xx.c.obj
 .debug_aranges
                0x00000000000000e0       0xb8 CMakeFiles/blink.elf.dir/Drivers/STM32F1xx_HAL_Driver/Src/stm32f1xx_hal.c.obj
 .debug_aranges
                0x0000000000000198      0x100 CMakeFiles/blink.elf.dir/Drivers/STM32F1xx_HAL_Driver/Src/stm32f1xx_hal_cortex.c.obj
 .debug_aranges
                0x0000000000000298       0x58 CMakeFiles/blink.elf.dir/Drivers/STM32F1xx_HAL_Driver/Src/stm32f1xx_hal_gpio.c.obj
 .debug_aranges
                0x00000000000002f0       0x90 CMakeFiles/blink.elf.dir/Drivers/STM32F1xx_HAL_Driver/Src/stm32f1xx_hal_rcc.c.obj
 .debug_aranges
                0x0000000000000380       0x20 /opt/cross/lib/gcc/arm-none-eabi/7.2.0/../../../../arm-none-eabi/lib/thumb/cortex-m3/libg.a(lib_a-init.o)

.debug_ranges   0x0000000000000000      0x300
 .debug_ranges  0x0000000000000000       0x28 CMakeFiles/blink.elf.dir/Src/main.c.obj
 .debug_ranges  0x0000000000000028       0x10 CMakeFiles/blink.elf.dir/Src/stm32f1xx_hal_msp.c.obj
 .debug_ranges  0x0000000000000038       0x50 CMakeFiles/blink.elf.dir/Src/stm32f1xx_it.c.obj
 .debug_ranges  0x0000000000000088       0x18 CMakeFiles/blink.elf.dir/Src/system_stm32f1xx.c.obj
 .debug_ranges  0x00000000000000a0       0xa8 CMakeFiles/blink.elf.dir/Drivers/STM32F1xx_HAL_Driver/Src/stm32f1xx_hal.c.obj
 .debug_ranges  0x0000000000000148       0xf0 CMakeFiles/blink.elf.dir/Drivers/STM32F1xx_HAL_Driver/Src/stm32f1xx_hal_cortex.c.obj
 .debug_ranges  0x0000000000000238       0x48 CMakeFiles/blink.elf.dir/Drivers/STM32F1xx_HAL_Driver/Src/stm32f1xx_hal_gpio.c.obj
 .debug_ranges  0x0000000000000280       0x80 CMakeFiles/blink.elf.dir/Drivers/STM32F1xx_HAL_Driver/Src/stm32f1xx_hal_rcc.c.obj

.debug_line     0x0000000000000000     0x1ce3
 .debug_line    0x0000000000000000      0x307 CMakeFiles/blink.elf.dir/Src/main.c.obj
 .debug_line    0x0000000000000307      0x20d CMakeFiles/blink.elf.dir/Src/stm32f1xx_hal_msp.c.obj
 .debug_line    0x0000000000000514      0x287 CMakeFiles/blink.elf.dir/Src/stm32f1xx_it.c.obj
 .debug_line    0x000000000000079b      0x1f4 CMakeFiles/blink.elf.dir/Src/system_stm32f1xx.c.obj
 .debug_line    0x000000000000098f      0x3ed CMakeFiles/blink.elf.dir/Drivers/STM32F1xx_HAL_Driver/Src/stm32f1xx_hal.c.obj
 .debug_line    0x0000000000000d7c      0x4c8 CMakeFiles/blink.elf.dir/Drivers/STM32F1xx_HAL_Driver/Src/stm32f1xx_hal_cortex.c.obj
 .debug_line    0x0000000000001244      0x48b CMakeFiles/blink.elf.dir/Drivers/STM32F1xx_HAL_Driver/Src/stm32f1xx_hal_gpio.c.obj
 .debug_line    0x00000000000016cf      0x555 CMakeFiles/blink.elf.dir/Drivers/STM32F1xx_HAL_Driver/Src/stm32f1xx_hal_rcc.c.obj
 .debug_line    0x0000000000001c24       0xbf /opt/cross/lib/gcc/arm-none-eabi/7.2.0/../../../../arm-none-eabi/lib/thumb/cortex-m3/libg.a(lib_a-init.o)

.debug_str      0x0000000000000000     0x16ad
 .debug_str     0x0000000000000000      0xa5f CMakeFiles/blink.elf.dir/Src/main.c.obj
                                        0xadd (size before relaxing)
 .debug_str     0x0000000000000a5f       0x7b CMakeFiles/blink.elf.dir/Src/stm32f1xx_hal_msp.c.obj
                                        0x938 (size before relaxing)
 .debug_str     0x0000000000000ada       0xcc CMakeFiles/blink.elf.dir/Src/stm32f1xx_it.c.obj
                                        0x66e (size before relaxing)
 .debug_str     0x0000000000000ba6       0xc7 CMakeFiles/blink.elf.dir/Src/system_stm32f1xx.c.obj
                                        0x2d4 (size before relaxing)
 .debug_str     0x0000000000000c6d      0x246 CMakeFiles/blink.elf.dir/Drivers/STM32F1xx_HAL_Driver/Src/stm32f1xx_hal.c.obj
                                        0xb39 (size before relaxing)
 .debug_str     0x0000000000000eb3      0x2ee CMakeFiles/blink.elf.dir/Drivers/STM32F1xx_HAL_Driver/Src/stm32f1xx_hal_cortex.c.obj
                                        0xce2 (size before relaxing)
 .debug_str     0x00000000000011a1      0x177 CMakeFiles/blink.elf.dir/Drivers/STM32F1xx_HAL_Driver/Src/stm32f1xx_hal_gpio.c.obj
                                        0x84f (size before relaxing)
 .debug_str     0x0000000000001318      0x235 CMakeFiles/blink.elf.dir/Drivers/STM32F1xx_HAL_Driver/Src/stm32f1xx_hal_rcc.c.obj
                                        0x9ff (size before relaxing)
 .debug_str     0x000000000000154d      0x160 /opt/cross/lib/gcc/arm-none-eabi/7.2.0/../../../../arm-none-eabi/lib/thumb/cortex-m3/libg.a(lib_a-init.o)
                                        0x1ef (size before relaxing)

.debug_frame    0x0000000000000000      0xc78
 .debug_frame   0x0000000000000000       0x90 CMakeFiles/blink.elf.dir/Src/main.c.obj
 .debug_frame   0x0000000000000090       0x34 CMakeFiles/blink.elf.dir/Src/stm32f1xx_hal_msp.c.obj
 .debug_frame   0x00000000000000c4      0x10c CMakeFiles/blink.elf.dir/Src/stm32f1xx_it.c.obj
 .debug_frame   0x00000000000001d0       0x58 CMakeFiles/blink.elf.dir/Src/system_stm32f1xx.c.obj
 .debug_frame   0x0000000000000228      0x298 CMakeFiles/blink.elf.dir/Drivers/STM32F1xx_HAL_Driver/Src/stm32f1xx_hal.c.obj
 .debug_frame   0x00000000000004c0      0x428 CMakeFiles/blink.elf.dir/Drivers/STM32F1xx_HAL_Driver/Src/stm32f1xx_hal_cortex.c.obj
 .debug_frame   0x00000000000008e8      0x14c CMakeFiles/blink.elf.dir/Drivers/STM32F1xx_HAL_Driver/Src/stm32f1xx_hal_gpio.c.obj
 .debug_frame   0x0000000000000a34      0x218 CMakeFiles/blink.elf.dir/Drivers/STM32F1xx_HAL_Driver/Src/stm32f1xx_hal_rcc.c.obj
 .debug_frame   0x0000000000000c4c       0x2c /opt/cross/lib/gcc/arm-none-eabi/7.2.0/../../../../arm-none-eabi/lib/thumb/cortex-m3/libg.a(lib_a-init.o)

.debug_loc      0x0000000000000000       0xa2
 .debug_loc     0x0000000000000000       0xa2 /opt/cross/lib/gcc/arm-none-eabi/7.2.0/../../../../arm-none-eabi/lib/thumb/cortex-m3/libg.a(lib_a-init.o)
