Archive member included to satisfy reference by file (symbol)

libCMSIS.a(startup_stm32f103xb.s.obj)
                              (Reset_Handler)
/opt/cross/lib/gcc/arm-none-eabi/7.2.0/thumb/cortex-m3/libgcc.a(_arm_addsubsf3.o)
                              CMakeFiles/blink.elf.dir/UserSrc/Src/lesson5.c.obj (__aeabi_fadd)
/opt/cross/lib/gcc/arm-none-eabi/7.2.0/thumb/cortex-m3/libgcc.a(_arm_muldivsf3.o)
                              CMakeFiles/blink.elf.dir/UserSrc/Lib/dh11/Src/dht11.c.obj (__aeabi_fmul)
/opt/cross/lib/gcc/arm-none-eabi/7.2.0/thumb/cortex-m3/libgcc.a(_arm_cmpsf2.o)
                              CMakeFiles/blink.elf.dir/UserSrc/Src/lesson5.c.obj (__aeabi_fcmpeq)
/opt/cross/lib/gcc/arm-none-eabi/7.2.0/thumb/cortex-m3/libgcc.a(_arm_fixunssfsi.o)
                              CMakeFiles/blink.elf.dir/UserSrc/Src/lesson5.c.obj (__aeabi_f2uiz)
/opt/cross/lib/gcc/arm-none-eabi/7.2.0/../../../../arm-none-eabi/lib/thumb/cortex-m3/libg.a(lib_a-atexit.o)
                              /opt/cross/lib/gcc/arm-none-eabi/7.2.0/../../../../arm-none-eabi/lib/thumb/cortex-m3/crt0.o (atexit)
/opt/cross/lib/gcc/arm-none-eabi/7.2.0/../../../../arm-none-eabi/lib/thumb/cortex-m3/libg.a(lib_a-exit.o)
                              /opt/cross/lib/gcc/arm-none-eabi/7.2.0/../../../../arm-none-eabi/lib/thumb/cortex-m3/crt0.o (exit)
/opt/cross/lib/gcc/arm-none-eabi/7.2.0/../../../../arm-none-eabi/lib/thumb/cortex-m3/libg.a(lib_a-fini.o)
                              /opt/cross/lib/gcc/arm-none-eabi/7.2.0/../../../../arm-none-eabi/lib/thumb/cortex-m3/crt0.o (__libc_fini_array)
/opt/cross/lib/gcc/arm-none-eabi/7.2.0/../../../../arm-none-eabi/lib/thumb/cortex-m3/libg.a(lib_a-impure.o)
                              /opt/cross/lib/gcc/arm-none-eabi/7.2.0/../../../../arm-none-eabi/lib/thumb/cortex-m3/libg.a(lib_a-exit.o) (_global_impure_ptr)
/opt/cross/lib/gcc/arm-none-eabi/7.2.0/../../../../arm-none-eabi/lib/thumb/cortex-m3/libg.a(lib_a-init.o)
                              /opt/cross/lib/gcc/arm-none-eabi/7.2.0/../../../../arm-none-eabi/lib/thumb/cortex-m3/crt0.o (__libc_init_array)
/opt/cross/lib/gcc/arm-none-eabi/7.2.0/../../../../arm-none-eabi/lib/thumb/cortex-m3/libg.a(lib_a-memset.o)
                              /opt/cross/lib/gcc/arm-none-eabi/7.2.0/../../../../arm-none-eabi/lib/thumb/cortex-m3/crt0.o (memset)
/opt/cross/lib/gcc/arm-none-eabi/7.2.0/../../../../arm-none-eabi/lib/thumb/cortex-m3/libg.a(lib_a-__atexit.o)
                              /opt/cross/lib/gcc/arm-none-eabi/7.2.0/../../../../arm-none-eabi/lib/thumb/cortex-m3/libg.a(lib_a-atexit.o) (__register_exitproc)
/opt/cross/lib/gcc/arm-none-eabi/7.2.0/../../../../arm-none-eabi/lib/thumb/cortex-m3/libg.a(lib_a-__call_atexit.o)
                              /opt/cross/lib/gcc/arm-none-eabi/7.2.0/../../../../arm-none-eabi/lib/thumb/cortex-m3/libg.a(lib_a-exit.o) (__call_exitprocs)

Discarded input sections

 .text          0x0000000000000000        0x0 /opt/cross/lib/gcc/arm-none-eabi/7.2.0/thumb/cortex-m3/crti.o
 .data          0x0000000000000000        0x0 /opt/cross/lib/gcc/arm-none-eabi/7.2.0/thumb/cortex-m3/crti.o
 .bss           0x0000000000000000        0x0 /opt/cross/lib/gcc/arm-none-eabi/7.2.0/thumb/cortex-m3/crti.o
 .data          0x0000000000000000        0x4 /opt/cross/lib/gcc/arm-none-eabi/7.2.0/thumb/cortex-m3/crtbegin.o
 .text          0x0000000000000000       0x68 /opt/cross/lib/gcc/arm-none-eabi/7.2.0/../../../../arm-none-eabi/lib/thumb/cortex-m3/crt0.o
 .data          0x0000000000000000        0x0 /opt/cross/lib/gcc/arm-none-eabi/7.2.0/../../../../arm-none-eabi/lib/thumb/cortex-m3/crt0.o
 .bss           0x0000000000000000        0x0 /opt/cross/lib/gcc/arm-none-eabi/7.2.0/../../../../arm-none-eabi/lib/thumb/cortex-m3/crt0.o
 .ARM.extab     0x0000000000000000        0x0 /opt/cross/lib/gcc/arm-none-eabi/7.2.0/../../../../arm-none-eabi/lib/thumb/cortex-m3/crt0.o
 .ARM.exidx     0x0000000000000000        0x8 /opt/cross/lib/gcc/arm-none-eabi/7.2.0/../../../../arm-none-eabi/lib/thumb/cortex-m3/crt0.o
 .debug_line    0x0000000000000000       0x7d /opt/cross/lib/gcc/arm-none-eabi/7.2.0/../../../../arm-none-eabi/lib/thumb/cortex-m3/crt0.o
 .debug_info    0x0000000000000000       0x26 /opt/cross/lib/gcc/arm-none-eabi/7.2.0/../../../../arm-none-eabi/lib/thumb/cortex-m3/crt0.o
 .debug_abbrev  0x0000000000000000       0x14 /opt/cross/lib/gcc/arm-none-eabi/7.2.0/../../../../arm-none-eabi/lib/thumb/cortex-m3/crt0.o
 .debug_aranges
                0x0000000000000000       0x20 /opt/cross/lib/gcc/arm-none-eabi/7.2.0/../../../../arm-none-eabi/lib/thumb/cortex-m3/crt0.o
 .debug_str     0x0000000000000000       0x87 /opt/cross/lib/gcc/arm-none-eabi/7.2.0/../../../../arm-none-eabi/lib/thumb/cortex-m3/crt0.o
 .ARM.attributes
                0x0000000000000000       0x21 /opt/cross/lib/gcc/arm-none-eabi/7.2.0/../../../../arm-none-eabi/lib/thumb/cortex-m3/crt0.o
 .text          0x0000000000000000        0x0 CMakeFiles/blink.elf.dir/Src/main.c.obj
[...]
Memory Configuration

Name             Origin             Length             Attributes
RAM              0x0000000020000000 0x0000000000005000 xrw
FLASH            0x0000000008000000 0x0000000000010000 xr
*default*        0x0000000000000000 0xffffffffffffffff

Linker script and memory map

LOAD /opt/cross/lib/gcc/arm-none-eabi/7.2.0/thumb/cortex-m3/crti.o
LOAD /opt/cross/lib/gcc/arm-none-eabi/7.2.0/thumb/cortex-m3/crtbegin.o
LOAD /opt/cross/lib/gcc/arm-none-eabi/7.2.0/../../../../arm-none-eabi/lib/thumb/cortex-m3/crt0.o
LOAD CMakeFiles/blink.elf.dir/Src/main.c.obj
LOAD CMakeFiles/blink.elf.dir/Src/stm32f1xx_hal_msp.c.obj
LOAD CMakeFiles/blink.elf.dir/Src/stm32f1xx_it.c.obj
LOAD CMakeFiles/blink.elf.dir/Src/system_stm32f1xx.c.obj
LOAD CMakeFiles/blink.elf.dir/Drivers/STM32F1xx_HAL_Driver/Src/stm32f1xx_hal.c.obj
LOAD CMakeFiles/blink.elf.dir/Drivers/STM32F1xx_HAL_Driver/Src/stm32f1xx_hal_cortex.c.obj
LOAD CMakeFiles/blink.elf.dir/Drivers/STM32F1xx_HAL_Driver/Src/stm32f1xx_hal_dma.c.obj
LOAD CMakeFiles/blink.elf.dir/Drivers/STM32F1xx_HAL_Driver/Src/stm32f1xx_hal_flash.c.obj
LOAD CMakeFiles/blink.elf.dir/Drivers/STM32F1xx_HAL_Driver/Src/stm32f1xx_hal_flash_ex.c.obj
LOAD CMakeFiles/blink.elf.dir/Drivers/STM32F1xx_HAL_Driver/Src/stm32f1xx_hal_gpio.c.obj
LOAD CMakeFiles/blink.elf.dir/Drivers/STM32F1xx_HAL_Driver/Src/stm32f1xx_hal_gpio_ex.c.obj
LOAD CMakeFiles/blink.elf.dir/Drivers/STM32F1xx_HAL_Driver/Src/stm32f1xx_hal_i2c.c.obj
LOAD CMakeFiles/blink.elf.dir/Drivers/STM32F1xx_HAL_Driver/Src/stm32f1xx_hal_pwr.c.obj
LOAD CMakeFiles/blink.elf.dir/Drivers/STM32F1xx_HAL_Driver/Src/stm32f1xx_hal_rcc.c.obj
LOAD CMakeFiles/blink.elf.dir/Drivers/STM32F1xx_HAL_Driver/Src/stm32f1xx_hal_rcc_ex.c.obj
LOAD CMakeFiles/blink.elf.dir/Drivers/STM32F1xx_HAL_Driver/Src/stm32f1xx_hal_tim.c.obj
LOAD CMakeFiles/blink.elf.dir/Drivers/STM32F1xx_HAL_Driver/Src/stm32f1xx_hal_tim_ex.c.obj
LOAD CMakeFiles/blink.elf.dir/UserSrc/Src/lesson3.c.obj
LOAD CMakeFiles/blink.elf.dir/UserSrc/Src/lesson4.c.obj
LOAD CMakeFiles/blink.elf.dir/UserSrc/Src/lesson5.c.obj
LOAD CMakeFiles/blink.elf.dir/UserSrc/Lib/dh11/Src/dht11.c.obj
LOAD CMakeFiles/blink.elf.dir/UserSrc/Lib/ssd1306/Src/fonts.c.obj
LOAD CMakeFiles/blink.elf.dir/UserSrc/Lib/ssd1306/Src/ssd1306.c.obj
LOAD libHAL.a
LOAD libCMSIS.a
LOAD libUSERSRC.a
LOAD libLIBS.a
START GROUP
LOAD /opt/cross/lib/gcc/arm-none-eabi/7.2.0/thumb/cortex-m3/libgcc.a
LOAD /opt/cross/lib/gcc/arm-none-eabi/7.2.0/../../../../arm-none-eabi/lib/thumb/cortex-m3/libg.a
LOAD /opt/cross/lib/gcc/arm-none-eabi/7.2.0/../../../../arm-none-eabi/lib/thumb/cortex-m3/libc.a
END GROUP
LOAD /opt/cross/lib/gcc/arm-none-eabi/7.2.0/thumb/cortex-m3/crtend.o
LOAD /opt/cross/lib/gcc/arm-none-eabi/7.2.0/thumb/cortex-m3/crtn.o
                0x0000000020005000                _estack = 0x20005000
                0x0000000000000200                _Min_Heap_Size = 0x200
                0x0000000000000400                _Min_Stack_Size = 0x400

.isr_vector     0x0000000008000000      0x10c
                0x0000000008000000                . = ALIGN (0x4)
 *(.isr_vector)
 .isr_vector    0x0000000008000000      0x10c libCMSIS.a(startup_stm32f103xb.s.obj)
                0x0000000008000000                g_pfnVectors
                0x000000000800010c                . = ALIGN (0x4)

.text           0x000000000800010c     0x3528
                0x000000000800010c                . = ALIGN (0x4)
 *(.text)
 .text          0x000000000800010c       0x88 /opt/cross/lib/gcc/arm-none-eabi/7.2.0/thumb/cortex-m3/crtbegin.o
 .text          0x0000000008000194      0x21c /opt/cross/lib/gcc/arm-none-eabi/7.2.0/thumb/cortex-m3/libgcc.a(_arm_addsubsf3.o)
                0x0000000008000194                __aeabi_frsub
                0x000000000800019c                __subsf3
                0x000000000800019c                __aeabi_fsub
                0x00000000080001a0                __aeabi_fadd
                0x00000000080001a0                __addsf3
                0x0000000008000300                __aeabi_ui2f
                0x0000000008000300                __floatunsisf
                0x0000000008000308                __aeabi_i2f
                0x0000000008000308                __floatsisf
                0x0000000008000324                __floatundisf
                0x0000000008000324                __aeabi_ul2f
                0x0000000008000334                __floatdisf
                0x0000000008000334                __aeabi_l2f
 .text          0x00000000080003b0      0x2a0 /opt/cross/lib/gcc/arm-none-eabi/7.2.0/thumb/cortex-m3/libgcc.a(_arm_muldivsf3.o)
                0x00000000080003b0                __mulsf3
                0x00000000080003b0                __aeabi_fmul
                0x0000000008000518                __divsf3
                0x0000000008000518                __aeabi_fdiv
 .text          0x0000000008000650       0xec /opt/cross/lib/gcc/arm-none-eabi/7.2.0/thumb/cortex-m3/libgcc.a(_arm_cmpsf2.o)
                0x0000000008000650                __gtsf2
                0x0000000008000650                __gesf2
                0x0000000008000658                __lesf2
                0x0000000008000658                __ltsf2
                0x0000000008000660                __nesf2
                0x0000000008000660                __eqsf2
                0x0000000008000660                __cmpsf2
                0x00000000080006c0                __aeabi_cfrcmple
                0x00000000080006c8                __aeabi_cfcmple
                0x00000000080006c8                __aeabi_cfcmpeq
                0x00000000080006d8                __aeabi_fcmpeq
                0x00000000080006ec                __aeabi_fcmplt
                0x0000000008000700                __aeabi_fcmple
                0x0000000008000714                __aeabi_fcmpge
                0x0000000008000728                __aeabi_fcmpgt
 .text          0x000000000800073c       0x40 /opt/cross/lib/gcc/arm-none-eabi/7.2.0/thumb/cortex-m3/libgcc.a(_arm_fixunssfsi.o)
                0x000000000800073c                __aeabi_f2uiz
                0x000000000800073c                __fixunssfsi
 .text          0x000000000800077c       0x48 /opt/cross/lib/gcc/arm-none-eabi/7.2.0/../../../../arm-none-eabi/lib/thumb/cortex-m3/libg.a(lib_a-init.o)
                0x000000000800077c                __libc_init_array
 *(.text*)
 .text.main     0x00000000080007c4       0x1e CMakeFiles/blink.elf.dir/Src/main.c.obj
                0x00000000080007c4                main
 *fill*         0x00000000080007e2        0x2 
 .text.SystemClock_Config
                0x00000000080007e4       0xa4 CMakeFiles/blink.elf.dir/Src/main.c.obj
                0x00000000080007e4                SystemClock_Config
 .text.MX_I2C1_Init
                0x0000000008000888       0x64 CMakeFiles/blink.elf.dir/Src/main.c.obj
 .text.MX_TIM2_Init
                0x00000000080008ec       0xa0 CMakeFiles/blink.elf.dir/Src/main.c.obj
 .text.MX_GPIO_Init
                0x000000000800098c       0x9c CMakeFiles/blink.elf.dir/Src/main.c.obj
 .text._Error_Handler
                0x0000000008000a28        0xc CMakeFiles/blink.elf.dir/Src/main.c.obj
                0x0000000008000a28                _Error_Handler
 .text.HAL_MspInit
                0x0000000008000a34       0xa0 CMakeFiles/blink.elf.dir/Src/stm32f1xx_hal_msp.c.obj
                0x0000000008000a34                HAL_MspInit
 .text.HAL_I2C_MspInit
                0x0000000008000ad4       0x58 CMakeFiles/blink.elf.dir/Src/stm32f1xx_hal_msp.c.obj
                0x0000000008000ad4                HAL_I2C_MspInit
 .text.HAL_TIM_IC_MspInit
                0x0000000008000b2c       0x64 CMakeFiles/blink.elf.dir/Src/stm32f1xx_hal_msp.c.obj
                0x0000000008000b2c                HAL_TIM_IC_MspInit
 .text.NMI_Handler
                0x0000000008000b90        0xc CMakeFiles/blink.elf.dir/Src/stm32f1xx_it.c.obj
                0x0000000008000b90                NMI_Handler
 .text.HardFault_Handler
                0x0000000008000b9c        0x6 CMakeFiles/blink.elf.dir/Src/stm32f1xx_it.c.obj
                0x0000000008000b9c                HardFault_Handler
 .text.MemManage_Handler
                0x0000000008000ba2        0x6 CMakeFiles/blink.elf.dir/Src/stm32f1xx_it.c.obj
                0x0000000008000ba2                MemManage_Handler
 .text.BusFault_Handler
                0x0000000008000ba8        0x6 CMakeFiles/blink.elf.dir/Src/stm32f1xx_it.c.obj
                0x0000000008000ba8                BusFault_Handler
 .text.UsageFault_Handler
                0x0000000008000bae        0x6 CMakeFiles/blink.elf.dir/Src/stm32f1xx_it.c.obj
                0x0000000008000bae                UsageFault_Handler
 .text.SVC_Handler
                0x0000000008000bb4        0xc CMakeFiles/blink.elf.dir/Src/stm32f1xx_it.c.obj
                0x0000000008000bb4                SVC_Handler
 .text.DebugMon_Handler
                0x0000000008000bc0        0xc CMakeFiles/blink.elf.dir/Src/stm32f1xx_it.c.obj
                0x0000000008000bc0                DebugMon_Handler
 .text.PendSV_Handler
                0x0000000008000bcc        0xc CMakeFiles/blink.elf.dir/Src/stm32f1xx_it.c.obj
                0x0000000008000bcc                PendSV_Handler
 .text.SysTick_Handler
                0x0000000008000bd8       0x10 CMakeFiles/blink.elf.dir/Src/stm32f1xx_it.c.obj
                0x0000000008000bd8                SysTick_Handler
 .text.TIM2_IRQHandler
                0x0000000008000be8       0x1c CMakeFiles/blink.elf.dir/Src/stm32f1xx_it.c.obj
                0x0000000008000be8                TIM2_IRQHandler
 .text.SystemInit
                0x0000000008000c04       0x68 CMakeFiles/blink.elf.dir/Src/system_stm32f1xx.c.obj
                0x0000000008000c04                SystemInit
 .text.HAL_Init
                0x0000000008000c6c       0x2c CMakeFiles/blink.elf.dir/Drivers/STM32F1xx_HAL_Driver/Src/stm32f1xx_hal.c.obj
                0x0000000008000c6c                HAL_Init
 .text.HAL_InitTick
                0x0000000008000c98       0x38 CMakeFiles/blink.elf.dir/Drivers/STM32F1xx_HAL_Driver/Src/stm32f1xx_hal.c.obj
                0x0000000008000c98                HAL_InitTick
 .text.HAL_IncTick
                0x0000000008000cd0       0x1c CMakeFiles/blink.elf.dir/Drivers/STM32F1xx_HAL_Driver/Src/stm32f1xx_hal.c.obj
                0x0000000008000cd0                HAL_IncTick
 .text.HAL_GetTick
                0x0000000008000cec       0x14 CMakeFiles/blink.elf.dir/Drivers/STM32F1xx_HAL_Driver/Src/stm32f1xx_hal.c.obj
                0x0000000008000cec                HAL_GetTick
 .text.HAL_Delay
                0x0000000008000d00       0x3a CMakeFiles/blink.elf.dir/Drivers/STM32F1xx_HAL_Driver/Src/stm32f1xx_hal.c.obj
                0x0000000008000d00                HAL_Delay
 *fill*         0x0000000008000d3a        0x2 
 .text.NVIC_SetPriorityGrouping
                0x0000000008000d3c       0x48 CMakeFiles/blink.elf.dir/Drivers/STM32F1xx_HAL_Driver/Src/stm32f1xx_hal_cortex.c.obj
 .text.NVIC_GetPriorityGrouping
                0x0000000008000d84       0x1c CMakeFiles/blink.elf.dir/Drivers/STM32F1xx_HAL_Driver/Src/stm32f1xx_hal_cortex.c.obj
 .text.NVIC_EnableIRQ
                0x0000000008000da0       0x30 CMakeFiles/blink.elf.dir/Drivers/STM32F1xx_HAL_Driver/Src/stm32f1xx_hal_cortex.c.obj
 .text.NVIC_SetPriority
                0x0000000008000dd0       0x54 CMakeFiles/blink.elf.dir/Drivers/STM32F1xx_HAL_Driver/Src/stm32f1xx_hal_cortex.c.obj
 .text.NVIC_EncodePriority
                0x0000000008000e24       0x64 CMakeFiles/blink.elf.dir/Drivers/STM32F1xx_HAL_Driver/Src/stm32f1xx_hal_cortex.c.obj
 .text.SysTick_Config
                0x0000000008000e88       0x44 CMakeFiles/blink.elf.dir/Drivers/STM32F1xx_HAL_Driver/Src/stm32f1xx_hal_cortex.c.obj
 .text.HAL_NVIC_SetPriorityGrouping
                0x0000000008000ecc       0x16 CMakeFiles/blink.elf.dir/Drivers/STM32F1xx_HAL_Driver/Src/stm32f1xx_hal_cortex.c.obj
                0x0000000008000ecc                HAL_NVIC_SetPriorityGrouping
 .text.HAL_NVIC_SetPriority
                0x0000000008000ee2       0x38 CMakeFiles/blink.elf.dir/Drivers/STM32F1xx_HAL_Driver/Src/stm32f1xx_hal_cortex.c.obj
                0x0000000008000ee2                HAL_NVIC_SetPriority
 .text.HAL_NVIC_EnableIRQ
                0x0000000008000f1a       0x1c CMakeFiles/blink.elf.dir/Drivers/STM32F1xx_HAL_Driver/Src/stm32f1xx_hal_cortex.c.obj
                0x0000000008000f1a                HAL_NVIC_EnableIRQ
 .text.HAL_SYSTICK_Config
                0x0000000008000f36       0x18 CMakeFiles/blink.elf.dir/Drivers/STM32F1xx_HAL_Driver/Src/stm32f1xx_hal_cortex.c.obj
                0x0000000008000f36                HAL_SYSTICK_Config
 *fill*         0x0000000008000f4e        0x2 
 .text.HAL_SYSTICK_CLKSourceConfig
                0x0000000008000f50       0x38 CMakeFiles/blink.elf.dir/Drivers/STM32F1xx_HAL_Driver/Src/stm32f1xx_hal_cortex.c.obj
                0x0000000008000f50                HAL_SYSTICK_CLKSourceConfig
 .text.HAL_SYSTICK_IRQHandler
                0x0000000008000f88        0xc CMakeFiles/blink.elf.dir/Drivers/STM32F1xx_HAL_Driver/Src/stm32f1xx_hal_cortex.c.obj
                0x0000000008000f88                HAL_SYSTICK_IRQHandler
 .text.HAL_SYSTICK_Callback
                0x0000000008000f94        0xc CMakeFiles/blink.elf.dir/Drivers/STM32F1xx_HAL_Driver/Src/stm32f1xx_hal_cortex.c.obj
                0x0000000008000f94                HAL_SYSTICK_Callback
 .text.HAL_GPIO_Init
                0x0000000008000fa0      0x2bc CMakeFiles/blink.elf.dir/Drivers/STM32F1xx_HAL_Driver/Src/stm32f1xx_hal_gpio.c.obj
                0x0000000008000fa0                HAL_GPIO_Init
 .text.HAL_GPIO_WritePin
                0x000000000800125c       0x30 CMakeFiles/blink.elf.dir/Drivers/STM32F1xx_HAL_Driver/Src/stm32f1xx_hal_gpio.c.obj
                0x000000000800125c                HAL_GPIO_WritePin
 .text.HAL_I2C_Init
                0x000000000800128c      0x1c0 CMakeFiles/blink.elf.dir/Drivers/STM32F1xx_HAL_Driver/Src/stm32f1xx_hal_i2c.c.obj
                0x000000000800128c                HAL_I2C_Init
 .text.HAL_I2C_Mem_Write
                0x000000000800144c      0x214 CMakeFiles/blink.elf.dir/Drivers/STM32F1xx_HAL_Driver/Src/stm32f1xx_hal_i2c.c.obj
                0x000000000800144c                HAL_I2C_Mem_Write
 .text.I2C_RequestMemoryWrite
                0x0000000008001660      0x128 CMakeFiles/blink.elf.dir/Drivers/STM32F1xx_HAL_Driver/Src/stm32f1xx_hal_i2c.c.obj
 .text.I2C_WaitOnFlagUntilTimeout
                0x0000000008001788       0xa2 CMakeFiles/blink.elf.dir/Drivers/STM32F1xx_HAL_Driver/Src/stm32f1xx_hal_i2c.c.obj
 .text.I2C_WaitOnMasterAddressFlagUntilTimeout
                0x000000000800182a       0xdc CMakeFiles/blink.elf.dir/Drivers/STM32F1xx_HAL_Driver/Src/stm32f1xx_hal_i2c.c.obj
 .text.I2C_WaitOnTXEFlagUntilTimeout
                0x0000000008001906       0x7a CMakeFiles/blink.elf.dir/Drivers/STM32F1xx_HAL_Driver/Src/stm32f1xx_hal_i2c.c.obj
 .text.I2C_WaitOnBTFFlagUntilTimeout
                0x0000000008001980       0x7a CMakeFiles/blink.elf.dir/Drivers/STM32F1xx_HAL_Driver/Src/stm32f1xx_hal_i2c.c.obj
 .text.I2C_IsAcknowledgeFailed
                0x00000000080019fa       0x4e CMakeFiles/blink.elf.dir/Drivers/STM32F1xx_HAL_Driver/Src/stm32f1xx_hal_i2c.c.obj
 .text.HAL_RCC_OscConfig
                0x0000000008001a48      0x4c8 CMakeFiles/blink.elf.dir/Drivers/STM32F1xx_HAL_Driver/Src/stm32f1xx_hal_rcc.c.obj
                0x0000000008001a48                HAL_RCC_OscConfig
 .text.HAL_RCC_ClockConfig
                0x0000000008001f10      0x1e8 CMakeFiles/blink.elf.dir/Drivers/STM32F1xx_HAL_Driver/Src/stm32f1xx_hal_rcc.c.obj
                0x0000000008001f10                HAL_RCC_ClockConfig
 .text.HAL_RCC_GetSysClockFreq
                0x00000000080020f8       0xc4 CMakeFiles/blink.elf.dir/Drivers/STM32F1xx_HAL_Driver/Src/stm32f1xx_hal_rcc.c.obj
                0x00000000080020f8                HAL_RCC_GetSysClockFreq
 .text.HAL_RCC_GetHCLKFreq
                0x00000000080021bc       0x14 CMakeFiles/blink.elf.dir/Drivers/STM32F1xx_HAL_Driver/Src/stm32f1xx_hal_rcc.c.obj
                0x00000000080021bc                HAL_RCC_GetHCLKFreq
 .text.HAL_RCC_GetPCLK1Freq
                0x00000000080021d0       0x28 CMakeFiles/blink.elf.dir/Drivers/STM32F1xx_HAL_Driver/Src/stm32f1xx_hal_rcc.c.obj
                0x00000000080021d0                HAL_RCC_GetPCLK1Freq
 .text.RCC_Delay
                0x00000000080021f8       0x3c CMakeFiles/blink.elf.dir/Drivers/STM32F1xx_HAL_Driver/Src/stm32f1xx_hal_rcc.c.obj
 .text.HAL_TIM_IC_Init
                0x0000000008002234       0x56 CMakeFiles/blink.elf.dir/Drivers/STM32F1xx_HAL_Driver/Src/stm32f1xx_hal_tim.c.obj
                0x0000000008002234                HAL_TIM_IC_Init
 *fill*         0x000000000800228a        0x2 
 .text.HAL_TIM_IC_Start_IT
                0x000000000800228c       0xc0 CMakeFiles/blink.elf.dir/Drivers/STM32F1xx_HAL_Driver/Src/stm32f1xx_hal_tim.c.obj
                0x000000000800228c                HAL_TIM_IC_Start_IT
 .text.HAL_TIM_IC_Stop_IT
                0x000000000800234c       0xe0 CMakeFiles/blink.elf.dir/Drivers/STM32F1xx_HAL_Driver/Src/stm32f1xx_hal_tim.c.obj
                0x000000000800234c                HAL_TIM_IC_Stop_IT
 .text.HAL_TIM_IRQHandler
                0x000000000800242c      0x210 CMakeFiles/blink.elf.dir/Drivers/STM32F1xx_HAL_Driver/Src/stm32f1xx_hal_tim.c.obj
                0x000000000800242c                HAL_TIM_IRQHandler
 .text.HAL_TIM_IC_ConfigChannel
                0x000000000800263c      0x138 CMakeFiles/blink.elf.dir/Drivers/STM32F1xx_HAL_Driver/Src/stm32f1xx_hal_tim.c.obj
                0x000000000800263c                HAL_TIM_IC_ConfigChannel
 .text.HAL_TIM_ReadCapturedValue
                0x0000000008002774       0xa4 CMakeFiles/blink.elf.dir/Drivers/STM32F1xx_HAL_Driver/Src/stm32f1xx_hal_tim.c.obj
                0x0000000008002774                HAL_TIM_ReadCapturedValue
 .text.HAL_TIM_PeriodElapsedCallback
                0x0000000008002818       0x12 CMakeFiles/blink.elf.dir/Drivers/STM32F1xx_HAL_Driver/Src/stm32f1xx_hal_tim.c.obj
                0x0000000008002818                HAL_TIM_PeriodElapsedCallback
 .text.HAL_TIM_OC_DelayElapsedCallback
                0x000000000800282a       0x12 CMakeFiles/blink.elf.dir/Drivers/STM32F1xx_HAL_Driver/Src/stm32f1xx_hal_tim.c.obj
                0x000000000800282a                HAL_TIM_OC_DelayElapsedCallback
 .text.HAL_TIM_IC_CaptureCallback
                0x000000000800283c       0x12 CMakeFiles/blink.elf.dir/Drivers/STM32F1xx_HAL_Driver/Src/stm32f1xx_hal_tim.c.obj
                0x000000000800283c                HAL_TIM_IC_CaptureCallback
 .text.HAL_TIM_PWM_PulseFinishedCallback
                0x000000000800284e       0x12 CMakeFiles/blink.elf.dir/Drivers/STM32F1xx_HAL_Driver/Src/stm32f1xx_hal_tim.c.obj
                0x000000000800284e                HAL_TIM_PWM_PulseFinishedCallback
 .text.HAL_TIM_TriggerCallback
                0x0000000008002860       0x12 CMakeFiles/blink.elf.dir/Drivers/STM32F1xx_HAL_Driver/Src/stm32f1xx_hal_tim.c.obj
                0x0000000008002860                HAL_TIM_TriggerCallback
 *fill*         0x0000000008002872        0x2 
 .text.TIM_Base_SetConfig
                0x0000000008002874       0xcc CMakeFiles/blink.elf.dir/Drivers/STM32F1xx_HAL_Driver/Src/stm32f1xx_hal_tim.c.obj
                0x0000000008002874                TIM_Base_SetConfig
 .text.TIM_TI1_SetConfig
                0x0000000008002940       0xbc CMakeFiles/blink.elf.dir/Drivers/STM32F1xx_HAL_Driver/Src/stm32f1xx_hal_tim.c.obj
                0x0000000008002940                TIM_TI1_SetConfig
 .text.TIM_TI2_SetConfig
                0x00000000080029fc       0x80 CMakeFiles/blink.elf.dir/Drivers/STM32F1xx_HAL_Driver/Src/stm32f1xx_hal_tim.c.obj
 .text.TIM_TI3_SetConfig
                0x0000000008002a7c       0x7e CMakeFiles/blink.elf.dir/Drivers/STM32F1xx_HAL_Driver/Src/stm32f1xx_hal_tim.c.obj
 .text.TIM_TI4_SetConfig
                0x0000000008002afa       0x80 CMakeFiles/blink.elf.dir/Drivers/STM32F1xx_HAL_Driver/Src/stm32f1xx_hal_tim.c.obj
 .text.TIM_CCxChannelCmd
                0x0000000008002b7a       0x44 CMakeFiles/blink.elf.dir/Drivers/STM32F1xx_HAL_Driver/Src/stm32f1xx_hal_tim.c.obj
                0x0000000008002b7a                TIM_CCxChannelCmd
 .text.HAL_TIMEx_MasterConfigSynchronization
                0x0000000008002bbe       0x88 CMakeFiles/blink.elf.dir/Drivers/STM32F1xx_HAL_Driver/Src/stm32f1xx_hal_tim_ex.c.obj
                0x0000000008002bbe                HAL_TIMEx_MasterConfigSynchronization
 .text.HAL_TIMEx_CommutationCallback
                0x0000000008002c46       0x12 CMakeFiles/blink.elf.dir/Drivers/STM32F1xx_HAL_Driver/Src/stm32f1xx_hal_tim_ex.c.obj
                0x0000000008002c46                HAL_TIMEx_CommutationCallback
 .text.HAL_TIMEx_BreakCallback
                0x0000000008002c58       0x12 CMakeFiles/blink.elf.dir/Drivers/STM32F1xx_HAL_Driver/Src/stm32f1xx_hal_tim_ex.c.obj
                0x0000000008002c58                HAL_TIMEx_BreakCallback
 *fill*         0x0000000008002c6a        0x2 
 .text.error    0x0000000008002c6c       0x28 CMakeFiles/blink.elf.dir/UserSrc/Src/lesson5.c.obj
 .text.int_to_string
                0x0000000008002c94       0xb0 CMakeFiles/blink.elf.dir/UserSrc/Src/lesson5.c.obj
                0x0000000008002c94                int_to_string
 .text.lesson5  0x0000000008002d44       0x9c CMakeFiles/blink.elf.dir/UserSrc/Src/lesson5.c.obj
                0x0000000008002d44                lesson5
 .text.set_pin_out
                0x0000000008002de0       0x32 CMakeFiles/blink.elf.dir/UserSrc/Lib/dh11/Src/dht11.c.obj
 .text.set_pin_in
                0x0000000008002e12       0x32 CMakeFiles/blink.elf.dir/UserSrc/Lib/dh11/Src/dht11.c.obj
 .text.dht11_read_data
                0x0000000008002e44      0x12e CMakeFiles/blink.elf.dir/UserSrc/Lib/dh11/Src/dht11.c.obj
                0x0000000008002e44                dht11_read_data
 .text.dht11_init
                0x0000000008002f72       0x26 CMakeFiles/blink.elf.dir/UserSrc/Lib/dh11/Src/dht11.c.obj
                0x0000000008002f72                dht11_init
 .text.write_bit
                0x0000000008002f98       0x8e CMakeFiles/blink.elf.dir/UserSrc/Lib/dh11/Src/dht11.c.obj
 *fill*         0x0000000008003026        0x2 
 .text.get_float
                0x0000000008003028       0x68 CMakeFiles/blink.elf.dir/UserSrc/Lib/dh11/Src/dht11.c.obj
 .text.finish_rx
                0x0000000008003090       0x6e CMakeFiles/blink.elf.dir/UserSrc/Lib/dh11/Src/dht11.c.obj
 .text.dht11_interrupt_handler
                0x00000000080030fe       0xe8 CMakeFiles/blink.elf.dir/UserSrc/Lib/dh11/Src/dht11.c.obj
                0x00000000080030fe                dht11_interrupt_handler
 *fill*         0x00000000080031e6        0x2 
 .text.ssd1306_WriteCommand
                0x00000000080031e8       0x30 CMakeFiles/blink.elf.dir/UserSrc/Lib/ssd1306/Src/ssd1306.c.obj
 .text.ssd1306_Init
                0x0000000008003218       0xd8 CMakeFiles/blink.elf.dir/UserSrc/Lib/ssd1306/Src/ssd1306.c.obj
                0x0000000008003218                ssd1306_Init
 .text.ssd1306_Fill
                0x00000000080032f0       0x44 CMakeFiles/blink.elf.dir/UserSrc/Lib/ssd1306/Src/ssd1306.c.obj
                0x00000000080032f0                ssd1306_Fill
 .text.ssd1306_UpdateScreen
                0x0000000008003334       0x60 CMakeFiles/blink.elf.dir/UserSrc/Lib/ssd1306/Src/ssd1306.c.obj
                0x0000000008003334                ssd1306_UpdateScreen
 .text.ssd1306_DrawPixel
                0x0000000008003394       0xc0 CMakeFiles/blink.elf.dir/UserSrc/Lib/ssd1306/Src/ssd1306.c.obj
                0x0000000008003394                ssd1306_DrawPixel
 .text.ssd1306_WriteChar
                0x0000000008003454      0x100 CMakeFiles/blink.elf.dir/UserSrc/Lib/ssd1306/Src/ssd1306.c.obj
                0x0000000008003454                ssd1306_WriteChar
 .text.ssd1306_WriteString
                0x0000000008003554       0x4c CMakeFiles/blink.elf.dir/UserSrc/Lib/ssd1306/Src/ssd1306.c.obj
                0x0000000008003554                ssd1306_WriteString
 .text.ssd1306_SetCursor
                0x00000000080035a0       0x30 CMakeFiles/blink.elf.dir/UserSrc/Lib/ssd1306/Src/ssd1306.c.obj
                0x00000000080035a0                ssd1306_SetCursor
 .text.Reset_Handler
                0x00000000080035d0       0x48 libCMSIS.a(startup_stm32f103xb.s.obj)
                0x00000000080035d0                Reset_Handler
 .text.Default_Handler
                0x0000000008003618        0x2 libCMSIS.a(startup_stm32f103xb.s.obj)
                0x0000000008003618                RTC_Alarm_IRQHandler
                0x0000000008003618                EXTI2_IRQHandler
                0x0000000008003618                TIM1_CC_IRQHandler
                0x0000000008003618                PVD_IRQHandler
                0x0000000008003618                EXTI3_IRQHandler
                0x0000000008003618                EXTI0_IRQHandler
                0x0000000008003618                I2C2_EV_IRQHandler
                0x0000000008003618                ADC1_2_IRQHandler
                0x0000000008003618                SPI1_IRQHandler
                0x0000000008003618                TAMPER_IRQHandler
                0x0000000008003618                DMA1_Channel4_IRQHandler
                0x0000000008003618                USART3_IRQHandler
                0x0000000008003618                RTC_IRQHandler
                0x0000000008003618                DMA1_Channel7_IRQHandler
                0x0000000008003618                CAN1_RX1_IRQHandler
                0x0000000008003618                TIM4_IRQHandler
                0x0000000008003618                I2C1_EV_IRQHandler
                0x0000000008003618                DMA1_Channel6_IRQHandler
                0x0000000008003618                TIM3_IRQHandler
                0x0000000008003618                RCC_IRQHandler
                0x0000000008003618                TIM1_TRG_COM_IRQHandler
                0x0000000008003618                DMA1_Channel1_IRQHandler
                0x0000000008003618                Default_Handler
                0x0000000008003618                EXTI15_10_IRQHandler
                0x0000000008003618                EXTI9_5_IRQHandler
                0x0000000008003618                SPI2_IRQHandler
                0x0000000008003618                DMA1_Channel5_IRQHandler
                0x0000000008003618                EXTI4_IRQHandler
                0x0000000008003618                USB_LP_CAN1_RX0_IRQHandler
                0x0000000008003618                USB_HP_CAN1_TX_IRQHandler
                0x0000000008003618                DMA1_Channel3_IRQHandler
                0x0000000008003618                TIM1_UP_IRQHandler
                0x0000000008003618                WWDG_IRQHandler
                0x0000000008003618                TIM1_BRK_IRQHandler
                0x0000000008003618                EXTI1_IRQHandler
                0x0000000008003618                USART2_IRQHandler
                0x0000000008003618                I2C2_ER_IRQHandler
                0x0000000008003618                DMA1_Channel2_IRQHandler
                0x0000000008003618                CAN1_SCE_IRQHandler
                0x0000000008003618                FLASH_IRQHandler
                0x0000000008003618                USART1_IRQHandler
                0x0000000008003618                I2C1_ER_IRQHandler
                0x0000000008003618                USBWakeUp_IRQHandler
 *(.glue_7)
 .glue_7        0x000000000800361a        0x0 linker stubs
 *(.glue_7t)
 .glue_7t       0x000000000800361a        0x0 linker stubs
 *(.eh_frame)
 *fill*         0x000000000800361a        0x2 
 .eh_frame      0x000000000800361c        0x0 /opt/cross/lib/gcc/arm-none-eabi/7.2.0/thumb/cortex-m3/crtbegin.o
 *(.init)
 .init          0x000000000800361c        0x4 /opt/cross/lib/gcc/arm-none-eabi/7.2.0/thumb/cortex-m3/crti.o
                0x000000000800361c                _init
 .init          0x0000000008003620        0x8 /opt/cross/lib/gcc/arm-none-eabi/7.2.0/thumb/cortex-m3/crtn.o
 *(.fini)
 .fini          0x0000000008003628        0x4 /opt/cross/lib/gcc/arm-none-eabi/7.2.0/thumb/cortex-m3/crti.o
                0x0000000008003628                _fini
 .fini          0x000000000800362c        0x8 /opt/cross/lib/gcc/arm-none-eabi/7.2.0/thumb/cortex-m3/crtn.o
                0x0000000008003634                . = ALIGN (0x4)
                0x0000000008003634                _etext = .

.vfp11_veneer   0x0000000008003634        0x0
 .vfp11_veneer  0x0000000008003634        0x0 linker stubs

.v4_bx          0x0000000008003634        0x0
 .v4_bx         0x0000000008003634        0x0 linker stubs

.iplt           0x0000000008003634        0x0
 .iplt          0x0000000008003634        0x0 /opt/cross/lib/gcc/arm-none-eabi/7.2.0/thumb/cortex-m3/crtbegin.o

.rodata         0x0000000008003634      0xdc4
                0x0000000008003634                . = ALIGN (0x4)
 *(.rodata)
 .rodata        0x0000000008003634       0x34 CMakeFiles/blink.elf.dir/Src/main.c.obj
 .rodata        0x0000000008003668       0x12 CMakeFiles/blink.elf.dir/Drivers/STM32F1xx_HAL_Driver/Src/stm32f1xx_hal_rcc.c.obj
 *fill*         0x000000000800367a        0x2 
 .rodata        0x000000000800367c        0x6 CMakeFiles/blink.elf.dir/UserSrc/Src/lesson5.c.obj
 *(.rodata*)
 *fill*         0x0000000008003682        0x2 
 .rodata.AHBPrescTable
                0x0000000008003684       0x10 CMakeFiles/blink.elf.dir/Src/system_stm32f1xx.c.obj
                0x0000000008003684                AHBPrescTable
 .rodata.APBPrescTable
                0x0000000008003694        0x8 CMakeFiles/blink.elf.dir/Src/system_stm32f1xx.c.obj
                0x0000000008003694                APBPrescTable
 .rodata.Font11x18
                0x000000000800369c      0xd5c CMakeFiles/blink.elf.dir/UserSrc/Lib/ssd1306/Src/fonts.c.obj
                0x00000000080043f8                . = ALIGN (0x4)

.rel.dyn        0x00000000080043f8        0x0
 .rel.iplt      0x00000000080043f8        0x0 /opt/cross/lib/gcc/arm-none-eabi/7.2.0/thumb/cortex-m3/crtbegin.o

.ARM.extab
 *(.ARM.extab* .gnu.linkonce.armextab.*)

.ARM            0x00000000080043f8        0x0
                0x00000000080043f8                __exidx_start = .
 *(.ARM.exidx*)
                0x00000000080043f8                __exidx_end = .

.preinit_array  0x00000000080043f8        0x0
                0x00000000080043f8                PROVIDE (__preinit_array_start, .)
 *(.preinit_array*)
                0x00000000080043f8                PROVIDE (__preinit_array_end, .)

.init_array     0x00000000080043f8        0x4
                0x00000000080043f8                PROVIDE (__init_array_start, .)
 *(SORT(.init_array.*))
 *(.init_array*)
 .init_array    0x00000000080043f8        0x4 /opt/cross/lib/gcc/arm-none-eabi/7.2.0/thumb/cortex-m3/crtbegin.o
                0x00000000080043fc                PROVIDE (__init_array_end, .)

.fini_array     0x00000000080043fc        0x4
                0x00000000080043fc                PROVIDE (__fini_array_start, .)
 *(SORT(.fini_array.*))
 *(.fini_array*)
 .fini_array    0x00000000080043fc        0x4 /opt/cross/lib/gcc/arm-none-eabi/7.2.0/thumb/cortex-m3/crtbegin.o
                0x0000000008004400                PROVIDE (__fini_array_end, .)
                0x0000000008004400                _sidata = LOADADDR (.data)

.data           0x0000000020000000        0xc load address 0x0000000008004400
                0x0000000020000000                . = ALIGN (0x4)
                0x0000000020000000                _sdata = .
 *(.data)
 *(.data*)
 .data.SystemCoreClock
                0x0000000020000000        0x4 CMakeFiles/blink.elf.dir/Src/system_stm32f1xx.c.obj
                0x0000000020000000                SystemCoreClock
 .data.Font_11x18
                0x0000000020000004        0x8 CMakeFiles/blink.elf.dir/UserSrc/Lib/ssd1306/Src/fonts.c.obj
                0x0000000020000004                Font_11x18
                0x000000002000000c                . = ALIGN (0x4)
                0x000000002000000c                _edata = .

.tm_clone_table
                0x000000002000000c        0x0 load address 0x000000000800440c
 .tm_clone_table
                0x000000002000000c        0x0 /opt/cross/lib/gcc/arm-none-eabi/7.2.0/thumb/cortex-m3/crtbegin.o
 .tm_clone_table
                0x000000002000000c        0x0 /opt/cross/lib/gcc/arm-none-eabi/7.2.0/thumb/cortex-m3/crtend.o

.igot.plt       0x000000002000000c        0x0 load address 0x000000000800440c
 .igot.plt      0x000000002000000c        0x0 /opt/cross/lib/gcc/arm-none-eabi/7.2.0/thumb/cortex-m3/crtbegin.o
                0x000000002000000c                . = ALIGN (0x4)

.bss            0x000000002000000c      0x4e0 load address 0x000000000800440c
                0x000000002000000c                _sbss = .
                0x000000002000000c                __bss_start__ = _sbss
 *(.bss)
 .bss           0x000000002000000c       0x1c /opt/cross/lib/gcc/arm-none-eabi/7.2.0/thumb/cortex-m3/crtbegin.o
 *(.bss*)
 .bss.hi2c1     0x0000000020000028       0x54 CMakeFiles/blink.elf.dir/Src/main.c.obj
                0x0000000020000028                hi2c1
 .bss.htim2     0x000000002000007c       0x40 CMakeFiles/blink.elf.dir/Src/main.c.obj
                0x000000002000007c                htim2
 .bss.uwTick    0x00000000200000bc        0x4 CMakeFiles/blink.elf.dir/Drivers/STM32F1xx_HAL_Driver/Src/stm32f1xx_hal.c.obj
                0x00000000200000bc                uwTick
 .bss.dht       0x00000000200000c0       0x24 CMakeFiles/blink.elf.dir/UserSrc/Src/lesson5.c.obj
                0x00000000200000c0                dht
 .bss.SSD1306_Buffer
                0x00000000200000e4      0x400 CMakeFiles/blink.elf.dir/UserSrc/Lib/ssd1306/Src/ssd1306.c.obj
 .bss.SSD1306   0x00000000200004e4        0x6 CMakeFiles/blink.elf.dir/UserSrc/Lib/ssd1306/Src/ssd1306.c.obj
 *(COMMON)
                0x00000000200004ec                . = ALIGN (0x4)
 *fill*         0x00000000200004ea        0x2 
                0x00000000200004ec                _ebss = .
                0x00000000200004ec                __bss_end__ = _ebss

._user_heap_stack
                0x00000000200004ec      0x604 load address 0x000000000800440c
                0x00000000200004f0                . = ALIGN (0x8)
 *fill*         0x00000000200004ec        0x4 
                [!provide]                        PROVIDE (end, .)
                [!provide]                        PROVIDE (_end, .)
                0x00000000200006f0                . = (. + _Min_Heap_Size)
 *fill*         0x00000000200004f0      0x200 
                0x0000000020000af0                . = (. + _Min_Stack_Size)
 *fill*         0x00000000200006f0      0x400 
                0x0000000020000af0                . = ALIGN (0x8)

/DISCARD/
 libc.a(*)
 libm.a(*)
 libgcc.a(*)

.ARM.attributes
                0x0000000000000000       0x2f
 *(.ARM.attributes)
 .ARM.attributes
                0x0000000000000000       0x23 /opt/cross/lib/gcc/arm-none-eabi/7.2.0/thumb/cortex-m3/crti.o
 .ARM.attributes
                0x0000000000000023       0x33 /opt/cross/lib/gcc/arm-none-eabi/7.2.0/thumb/cortex-m3/crtbegin.o
 .ARM.attributes
                0x0000000000000056       0x33 CMakeFiles/blink.elf.dir/Src/main.c.obj
 .ARM.attributes
                0x0000000000000089       0x33 CMakeFiles/blink.elf.dir/Src/stm32f1xx_hal_msp.c.obj
 .ARM.attributes
                0x00000000000000bc       0x33 CMakeFiles/blink.elf.dir/Src/stm32f1xx_it.c.obj
 .ARM.attributes
                0x00000000000000ef       0x33 CMakeFiles/blink.elf.dir/Src/system_stm32f1xx.c.obj
 .ARM.attributes
                0x0000000000000122       0x33 CMakeFiles/blink.elf.dir/Drivers/STM32F1xx_HAL_Driver/Src/stm32f1xx_hal.c.obj
 .ARM.attributes
                0x0000000000000155       0x33 CMakeFiles/blink.elf.dir/Drivers/STM32F1xx_HAL_Driver/Src/stm32f1xx_hal_cortex.c.obj
 .ARM.attributes
                0x0000000000000188       0x33 CMakeFiles/blink.elf.dir/Drivers/STM32F1xx_HAL_Driver/Src/stm32f1xx_hal_gpio.c.obj
 .ARM.attributes
                0x00000000000001bb       0x33 CMakeFiles/blink.elf.dir/Drivers/STM32F1xx_HAL_Driver/Src/stm32f1xx_hal_i2c.c.obj
 .ARM.attributes
                0x00000000000001ee       0x33 CMakeFiles/blink.elf.dir/Drivers/STM32F1xx_HAL_Driver/Src/stm32f1xx_hal_rcc.c.obj
 .ARM.attributes
                0x0000000000000221       0x33 CMakeFiles/blink.elf.dir/Drivers/STM32F1xx_HAL_Driver/Src/stm32f1xx_hal_tim.c.obj
 .ARM.attributes
                0x0000000000000254       0x33 CMakeFiles/blink.elf.dir/Drivers/STM32F1xx_HAL_Driver/Src/stm32f1xx_hal_tim_ex.c.obj
 .ARM.attributes
                0x0000000000000287       0x33 CMakeFiles/blink.elf.dir/UserSrc/Src/lesson5.c.obj
 .ARM.attributes
                0x00000000000002ba       0x33 CMakeFiles/blink.elf.dir/UserSrc/Lib/dh11/Src/dht11.c.obj
 .ARM.attributes
                0x00000000000002ed       0x33 CMakeFiles/blink.elf.dir/UserSrc/Lib/ssd1306/Src/fonts.c.obj
 .ARM.attributes
                0x0000000000000320       0x33 CMakeFiles/blink.elf.dir/UserSrc/Lib/ssd1306/Src/ssd1306.c.obj
 .ARM.attributes
                0x0000000000000353       0x21 libCMSIS.a(startup_stm32f103xb.s.obj)
 .ARM.attributes
                0x0000000000000374       0x23 /opt/cross/lib/gcc/arm-none-eabi/7.2.0/thumb/cortex-m3/libgcc.a(_arm_addsubsf3.o)
 .ARM.attributes
                0x0000000000000397       0x23 /opt/cross/lib/gcc/arm-none-eabi/7.2.0/thumb/cortex-m3/libgcc.a(_arm_muldivsf3.o)
 .ARM.attributes
                0x00000000000003ba       0x23 /opt/cross/lib/gcc/arm-none-eabi/7.2.0/thumb/cortex-m3/libgcc.a(_arm_cmpsf2.o)
 .ARM.attributes
                0x00000000000003dd       0x23 /opt/cross/lib/gcc/arm-none-eabi/7.2.0/thumb/cortex-m3/libgcc.a(_arm_fixunssfsi.o)
 .ARM.attributes
                0x0000000000000400       0x33 /opt/cross/lib/gcc/arm-none-eabi/7.2.0/../../../../arm-none-eabi/lib/thumb/cortex-m3/libg.a(lib_a-init.o)
 .ARM.attributes
                0x0000000000000433       0x33 /opt/cross/lib/gcc/arm-none-eabi/7.2.0/thumb/cortex-m3/crtend.o
 .ARM.attributes
                0x0000000000000466       0x23 /opt/cross/lib/gcc/arm-none-eabi/7.2.0/thumb/cortex-m3/crtn.o
OUTPUT(blink.elf elf32-littlearm)

.comment        0x0000000000000000       0x11
 .comment       0x0000000000000000       0x11 /opt/cross/lib/gcc/arm-none-eabi/7.2.0/thumb/cortex-m3/crtbegin.o
                                         0x12 (size before relaxing)
 .comment       0x0000000000000011       0x12 CMakeFiles/blink.elf.dir/Src/main.c.obj
 .comment       0x0000000000000011       0x12 CMakeFiles/blink.elf.dir/Src/stm32f1xx_hal_msp.c.obj
 .comment       0x0000000000000011       0x12 CMakeFiles/blink.elf.dir/Src/stm32f1xx_it.c.obj
 .comment       0x0000000000000011       0x12 CMakeFiles/blink.elf.dir/Src/system_stm32f1xx.c.obj
 .comment       0x0000000000000011       0x12 CMakeFiles/blink.elf.dir/Drivers/STM32F1xx_HAL_Driver/Src/stm32f1xx_hal.c.obj
 .comment       0x0000000000000011       0x12 CMakeFiles/blink.elf.dir/Drivers/STM32F1xx_HAL_Driver/Src/stm32f1xx_hal_cortex.c.obj
 .comment       0x0000000000000011       0x12 CMakeFiles/blink.elf.dir/Drivers/STM32F1xx_HAL_Driver/Src/stm32f1xx_hal_gpio.c.obj
 .comment       0x0000000000000011       0x12 CMakeFiles/blink.elf.dir/Drivers/STM32F1xx_HAL_Driver/Src/stm32f1xx_hal_i2c.c.obj
 .comment       0x0000000000000011       0x12 CMakeFiles/blink.elf.dir/Drivers/STM32F1xx_HAL_Driver/Src/stm32f1xx_hal_rcc.c.obj
 .comment       0x0000000000000011       0x12 CMakeFiles/blink.elf.dir/Drivers/STM32F1xx_HAL_Driver/Src/stm32f1xx_hal_tim.c.obj
 .comment       0x0000000000000011       0x12 CMakeFiles/blink.elf.dir/Drivers/STM32F1xx_HAL_Driver/Src/stm32f1xx_hal_tim_ex.c.obj
 .comment       0x0000000000000011       0x12 CMakeFiles/blink.elf.dir/UserSrc/Src/lesson5.c.obj
 .comment       0x0000000000000011       0x12 CMakeFiles/blink.elf.dir/UserSrc/Lib/dh11/Src/dht11.c.obj
 .comment       0x0000000000000011       0x12 CMakeFiles/blink.elf.dir/UserSrc/Lib/ssd1306/Src/fonts.c.obj
 .comment       0x0000000000000011       0x12 CMakeFiles/blink.elf.dir/UserSrc/Lib/ssd1306/Src/ssd1306.c.obj
 .comment       0x0000000000000011       0x12 /opt/cross/lib/gcc/arm-none-eabi/7.2.0/../../../../arm-none-eabi/lib/thumb/cortex-m3/libg.a(lib_a-init.o)
 .comment       0x0000000000000011       0x12 /opt/cross/lib/gcc/arm-none-eabi/7.2.0/thumb/cortex-m3/crtend.o

.debug_info     0x0000000000000000    0x12a86
 .debug_info    0x0000000000000000     0x15f9 CMakeFiles/blink.elf.dir/Src/main.c.obj
 .debug_info    0x00000000000015f9     0x1451 CMakeFiles/blink.elf.dir/Src/stm32f1xx_hal_msp.c.obj
 .debug_info    0x0000000000002a4a     0x1037 CMakeFiles/blink.elf.dir/Src/stm32f1xx_it.c.obj
 .debug_info    0x0000000000003a81      0x3e5 CMakeFiles/blink.elf.dir/Src/system_stm32f1xx.c.obj
 .debug_info    0x0000000000003e66      0xe2e CMakeFiles/blink.elf.dir/Drivers/STM32F1xx_HAL_Driver/Src/stm32f1xx_hal.c.obj
 .debug_info    0x0000000000004c94     0x12fb CMakeFiles/blink.elf.dir/Drivers/STM32F1xx_HAL_Driver/Src/stm32f1xx_hal_cortex.c.obj
 .debug_info    0x0000000000005f8f      0xe60 CMakeFiles/blink.elf.dir/Drivers/STM32F1xx_HAL_Driver/Src/stm32f1xx_hal_gpio.c.obj
 .debug_info    0x0000000000006def     0x2972 CMakeFiles/blink.elf.dir/Drivers/STM32F1xx_HAL_Driver/Src/stm32f1xx_hal_i2c.c.obj
 .debug_info    0x0000000000009761      0xfc6 CMakeFiles/blink.elf.dir/Drivers/STM32F1xx_HAL_Driver/Src/stm32f1xx_hal_rcc.c.obj
 .debug_info    0x000000000000a727     0x29c9 CMakeFiles/blink.elf.dir/Drivers/STM32F1xx_HAL_Driver/Src/stm32f1xx_hal_tim.c.obj
 .debug_info    0x000000000000d0f0     0x1778 CMakeFiles/blink.elf.dir/Drivers/STM32F1xx_HAL_Driver/Src/stm32f1xx_hal_tim_ex.c.obj
 .debug_info    0x000000000000e868     0x1371 CMakeFiles/blink.elf.dir/UserSrc/Src/lesson5.c.obj
 .debug_info    0x000000000000fbd9     0x125f CMakeFiles/blink.elf.dir/UserSrc/Lib/dh11/Src/dht11.c.obj
 .debug_info    0x0000000000010e38      0xa37 CMakeFiles/blink.elf.dir/UserSrc/Lib/ssd1306/Src/fonts.c.obj
 .debug_info    0x000000000001186f     0x1076 CMakeFiles/blink.elf.dir/UserSrc/Lib/ssd1306/Src/ssd1306.c.obj
 .debug_info    0x00000000000128e5       0x26 /opt/cross/lib/gcc/arm-none-eabi/7.2.0/thumb/cortex-m3/libgcc.a(_arm_addsubsf3.o)
 .debug_info    0x000000000001290b       0x26 /opt/cross/lib/gcc/arm-none-eabi/7.2.0/thumb/cortex-m3/libgcc.a(_arm_muldivsf3.o)
 .debug_info    0x0000000000012931       0x26 /opt/cross/lib/gcc/arm-none-eabi/7.2.0/thumb/cortex-m3/libgcc.a(_arm_cmpsf2.o)
 .debug_info    0x0000000000012957       0x26 /opt/cross/lib/gcc/arm-none-eabi/7.2.0/thumb/cortex-m3/libgcc.a(_arm_fixunssfsi.o)
 .debug_info    0x000000000001297d      0x109 /opt/cross/lib/gcc/arm-none-eabi/7.2.0/../../../../arm-none-eabi/lib/thumb/cortex-m3/libg.a(lib_a-init.o)

.debug_abbrev   0x0000000000000000     0x2726
 .debug_abbrev  0x0000000000000000      0x298 CMakeFiles/blink.elf.dir/Src/main.c.obj
 .debug_abbrev  0x0000000000000298      0x232 CMakeFiles/blink.elf.dir/Src/stm32f1xx_hal_msp.c.obj
 .debug_abbrev  0x00000000000004ca      0x226 CMakeFiles/blink.elf.dir/Src/stm32f1xx_it.c.obj
 .debug_abbrev  0x00000000000006f0      0x131 CMakeFiles/blink.elf.dir/Src/system_stm32f1xx.c.obj
 .debug_abbrev  0x0000000000000821      0x2c9 CMakeFiles/blink.elf.dir/Drivers/STM32F1xx_HAL_Driver/Src/stm32f1xx_hal.c.obj
 .debug_abbrev  0x0000000000000aea      0x393 CMakeFiles/blink.elf.dir/Drivers/STM32F1xx_HAL_Driver/Src/stm32f1xx_hal_cortex.c.obj
 .debug_abbrev  0x0000000000000e7d      0x286 CMakeFiles/blink.elf.dir/Drivers/STM32F1xx_HAL_Driver/Src/stm32f1xx_hal_gpio.c.obj
 .debug_abbrev  0x0000000000001103      0x2df CMakeFiles/blink.elf.dir/Drivers/STM32F1xx_HAL_Driver/Src/stm32f1xx_hal_i2c.c.obj
 .debug_abbrev  0x00000000000013e2      0x30d CMakeFiles/blink.elf.dir/Drivers/STM32F1xx_HAL_Driver/Src/stm32f1xx_hal_rcc.c.obj
 .debug_abbrev  0x00000000000016ef      0x2e7 CMakeFiles/blink.elf.dir/Drivers/STM32F1xx_HAL_Driver/Src/stm32f1xx_hal_tim.c.obj
 .debug_abbrev  0x00000000000019d6      0x2c4 CMakeFiles/blink.elf.dir/Drivers/STM32F1xx_HAL_Driver/Src/stm32f1xx_hal_tim_ex.c.obj
 .debug_abbrev  0x0000000000001c9a      0x26b CMakeFiles/blink.elf.dir/UserSrc/Src/lesson5.c.obj
 .debug_abbrev  0x0000000000001f05      0x2dc CMakeFiles/blink.elf.dir/UserSrc/Lib/dh11/Src/dht11.c.obj
 .debug_abbrev  0x00000000000021e1      0x1b7 CMakeFiles/blink.elf.dir/UserSrc/Lib/ssd1306/Src/fonts.c.obj
 .debug_abbrev  0x0000000000002398      0x284 CMakeFiles/blink.elf.dir/UserSrc/Lib/ssd1306/Src/ssd1306.c.obj
 .debug_abbrev  0x000000000000261c       0x14 /opt/cross/lib/gcc/arm-none-eabi/7.2.0/thumb/cortex-m3/libgcc.a(_arm_addsubsf3.o)
 .debug_abbrev  0x0000000000002630       0x14 /opt/cross/lib/gcc/arm-none-eabi/7.2.0/thumb/cortex-m3/libgcc.a(_arm_muldivsf3.o)
 .debug_abbrev  0x0000000000002644       0x14 /opt/cross/lib/gcc/arm-none-eabi/7.2.0/thumb/cortex-m3/libgcc.a(_arm_cmpsf2.o)
 .debug_abbrev  0x0000000000002658       0x14 /opt/cross/lib/gcc/arm-none-eabi/7.2.0/thumb/cortex-m3/libgcc.a(_arm_fixunssfsi.o)
 .debug_abbrev  0x000000000000266c       0xba /opt/cross/lib/gcc/arm-none-eabi/7.2.0/../../../../arm-none-eabi/lib/thumb/cortex-m3/libg.a(lib_a-init.o)

.debug_aranges  0x0000000000000000      0xc60
 .debug_aranges
                0x0000000000000000       0x48 CMakeFiles/blink.elf.dir/Src/main.c.obj
 .debug_aranges
                0x0000000000000048       0x40 CMakeFiles/blink.elf.dir/Src/stm32f1xx_hal_msp.c.obj
 .debug_aranges
                0x0000000000000088       0x68 CMakeFiles/blink.elf.dir/Src/stm32f1xx_it.c.obj
 .debug_aranges
                0x00000000000000f0       0x28 CMakeFiles/blink.elf.dir/Src/system_stm32f1xx.c.obj
 .debug_aranges
                0x0000000000000118       0xb8 CMakeFiles/blink.elf.dir/Drivers/STM32F1xx_HAL_Driver/Src/stm32f1xx_hal.c.obj
 .debug_aranges
                0x00000000000001d0      0x100 CMakeFiles/blink.elf.dir/Drivers/STM32F1xx_HAL_Driver/Src/stm32f1xx_hal_cortex.c.obj
 .debug_aranges
                0x00000000000002d0       0x58 CMakeFiles/blink.elf.dir/Drivers/STM32F1xx_HAL_Driver/Src/stm32f1xx_hal_gpio.c.obj
 .debug_aranges
                0x0000000000000328      0x268 CMakeFiles/blink.elf.dir/Drivers/STM32F1xx_HAL_Driver/Src/stm32f1xx_hal_i2c.c.obj
 .debug_aranges
                0x0000000000000590       0x90 CMakeFiles/blink.elf.dir/Drivers/STM32F1xx_HAL_Driver/Src/stm32f1xx_hal_rcc.c.obj
 .debug_aranges
                0x0000000000000620      0x368 CMakeFiles/blink.elf.dir/Drivers/STM32F1xx_HAL_Driver/Src/stm32f1xx_hal_tim.c.obj
 .debug_aranges
                0x0000000000000988      0x138 CMakeFiles/blink.elf.dir/Drivers/STM32F1xx_HAL_Driver/Src/stm32f1xx_hal_tim_ex.c.obj
 .debug_aranges
                0x0000000000000ac0       0x30 CMakeFiles/blink.elf.dir/UserSrc/Src/lesson5.c.obj
 .debug_aranges
                0x0000000000000af0       0x60 CMakeFiles/blink.elf.dir/UserSrc/Lib/dh11/Src/dht11.c.obj
 .debug_aranges
                0x0000000000000b50       0x18 CMakeFiles/blink.elf.dir/UserSrc/Lib/ssd1306/Src/fonts.c.obj
 .debug_aranges
                0x0000000000000b68       0x58 CMakeFiles/blink.elf.dir/UserSrc/Lib/ssd1306/Src/ssd1306.c.obj
 .debug_aranges
                0x0000000000000bc0       0x20 /opt/cross/lib/gcc/arm-none-eabi/7.2.0/thumb/cortex-m3/libgcc.a(_arm_addsubsf3.o)
 .debug_aranges
                0x0000000000000be0       0x20 /opt/cross/lib/gcc/arm-none-eabi/7.2.0/thumb/cortex-m3/libgcc.a(_arm_muldivsf3.o)
 .debug_aranges
                0x0000000000000c00       0x20 /opt/cross/lib/gcc/arm-none-eabi/7.2.0/thumb/cortex-m3/libgcc.a(_arm_cmpsf2.o)
 .debug_aranges
                0x0000000000000c20       0x20 /opt/cross/lib/gcc/arm-none-eabi/7.2.0/thumb/cortex-m3/libgcc.a(_arm_fixunssfsi.o)
 .debug_aranges
                0x0000000000000c40       0x20 /opt/cross/lib/gcc/arm-none-eabi/7.2.0/../../../../arm-none-eabi/lib/thumb/cortex-m3/libg.a(lib_a-init.o)

.debug_ranges   0x0000000000000000      0xac8
 .debug_ranges  0x0000000000000000       0x38 CMakeFiles/blink.elf.dir/Src/main.c.obj
 .debug_ranges  0x0000000000000038       0x30 CMakeFiles/blink.elf.dir/Src/stm32f1xx_hal_msp.c.obj
 .debug_ranges  0x0000000000000068       0x58 CMakeFiles/blink.elf.dir/Src/stm32f1xx_it.c.obj
 .debug_ranges  0x00000000000000c0       0x18 CMakeFiles/blink.elf.dir/Src/system_stm32f1xx.c.obj
 .debug_ranges  0x00000000000000d8       0xa8 CMakeFiles/blink.elf.dir/Drivers/STM32F1xx_HAL_Driver/Src/stm32f1xx_hal.c.obj
 .debug_ranges  0x0000000000000180       0xf0 CMakeFiles/blink.elf.dir/Drivers/STM32F1xx_HAL_Driver/Src/stm32f1xx_hal_cortex.c.obj
 .debug_ranges  0x0000000000000270       0x48 CMakeFiles/blink.elf.dir/Drivers/STM32F1xx_HAL_Driver/Src/stm32f1xx_hal_gpio.c.obj
 .debug_ranges  0x00000000000002b8      0x258 CMakeFiles/blink.elf.dir/Drivers/STM32F1xx_HAL_Driver/Src/stm32f1xx_hal_i2c.c.obj
 .debug_ranges  0x0000000000000510       0x80 CMakeFiles/blink.elf.dir/Drivers/STM32F1xx_HAL_Driver/Src/stm32f1xx_hal_rcc.c.obj
 .debug_ranges  0x0000000000000590      0x358 CMakeFiles/blink.elf.dir/Drivers/STM32F1xx_HAL_Driver/Src/stm32f1xx_hal_tim.c.obj
 .debug_ranges  0x00000000000008e8      0x128 CMakeFiles/blink.elf.dir/Drivers/STM32F1xx_HAL_Driver/Src/stm32f1xx_hal_tim_ex.c.obj
 .debug_ranges  0x0000000000000a10       0x20 CMakeFiles/blink.elf.dir/UserSrc/Src/lesson5.c.obj
 .debug_ranges  0x0000000000000a30       0x50 CMakeFiles/blink.elf.dir/UserSrc/Lib/dh11/Src/dht11.c.obj
 .debug_ranges  0x0000000000000a80       0x48 CMakeFiles/blink.elf.dir/UserSrc/Lib/ssd1306/Src/ssd1306.c.obj

.debug_line     0x0000000000000000     0x5efd
 .debug_line    0x0000000000000000      0x39f CMakeFiles/blink.elf.dir/Src/main.c.obj
 .debug_line    0x000000000000039f      0x326 CMakeFiles/blink.elf.dir/Src/stm32f1xx_hal_msp.c.obj
 .debug_line    0x00000000000006c5      0x383 CMakeFiles/blink.elf.dir/Src/stm32f1xx_it.c.obj
 .debug_line    0x0000000000000a48      0x1f4 CMakeFiles/blink.elf.dir/Src/system_stm32f1xx.c.obj
 .debug_line    0x0000000000000c3c      0x3ed CMakeFiles/blink.elf.dir/Drivers/STM32F1xx_HAL_Driver/Src/stm32f1xx_hal.c.obj
 .debug_line    0x0000000000001029      0x4c8 CMakeFiles/blink.elf.dir/Drivers/STM32F1xx_HAL_Driver/Src/stm32f1xx_hal_cortex.c.obj
 .debug_line    0x00000000000014f1      0x48b CMakeFiles/blink.elf.dir/Drivers/STM32F1xx_HAL_Driver/Src/stm32f1xx_hal_gpio.c.obj
 .debug_line    0x000000000000197c     0x1368 CMakeFiles/blink.elf.dir/Drivers/STM32F1xx_HAL_Driver/Src/stm32f1xx_hal_i2c.c.obj
 .debug_line    0x0000000000002ce4      0x555 CMakeFiles/blink.elf.dir/Drivers/STM32F1xx_HAL_Driver/Src/stm32f1xx_hal_rcc.c.obj
 .debug_line    0x0000000000003239     0x1233 CMakeFiles/blink.elf.dir/Drivers/STM32F1xx_HAL_Driver/Src/stm32f1xx_hal_tim.c.obj
 .debug_line    0x000000000000446c      0x83e CMakeFiles/blink.elf.dir/Drivers/STM32F1xx_HAL_Driver/Src/stm32f1xx_hal_tim_ex.c.obj
 .debug_line    0x0000000000004caa      0x3b0 CMakeFiles/blink.elf.dir/UserSrc/Src/lesson5.c.obj
 .debug_line    0x000000000000505a      0x41c CMakeFiles/blink.elf.dir/UserSrc/Lib/dh11/Src/dht11.c.obj
 .debug_line    0x0000000000005476      0x236 CMakeFiles/blink.elf.dir/UserSrc/Lib/ssd1306/Src/fonts.c.obj
 .debug_line    0x00000000000056ac      0x423 CMakeFiles/blink.elf.dir/UserSrc/Lib/ssd1306/Src/ssd1306.c.obj
 .debug_line    0x0000000000005acf      0x116 /opt/cross/lib/gcc/arm-none-eabi/7.2.0/thumb/cortex-m3/libgcc.a(_arm_addsubsf3.o)
 .debug_line    0x0000000000005be5      0x139 /opt/cross/lib/gcc/arm-none-eabi/7.2.0/thumb/cortex-m3/libgcc.a(_arm_muldivsf3.o)
 .debug_line    0x0000000000005d1e       0xae /opt/cross/lib/gcc/arm-none-eabi/7.2.0/thumb/cortex-m3/libgcc.a(_arm_cmpsf2.o)
 .debug_line    0x0000000000005dcc       0x72 /opt/cross/lib/gcc/arm-none-eabi/7.2.0/thumb/cortex-m3/libgcc.a(_arm_fixunssfsi.o)
 .debug_line    0x0000000000005e3e       0xbf /opt/cross/lib/gcc/arm-none-eabi/7.2.0/../../../../arm-none-eabi/lib/thumb/cortex-m3/libg.a(lib_a-init.o)

.debug_str      0x0000000000000000     0x3c0d
 .debug_str     0x0000000000000000     0x10c3 CMakeFiles/blink.elf.dir/Src/main.c.obj
                                       0x11c2 (size before relaxing)
 .debug_str     0x00000000000010c3       0xd2 CMakeFiles/blink.elf.dir/Src/stm32f1xx_hal_msp.c.obj
                                       0x1017 (size before relaxing)
 .debug_str     0x0000000000001195      0x191 CMakeFiles/blink.elf.dir/Src/stm32f1xx_it.c.obj
                                        0xb30 (size before relaxing)
 .debug_str     0x0000000000001326       0xc7 CMakeFiles/blink.elf.dir/Src/system_stm32f1xx.c.obj
                                        0x2d4 (size before relaxing)
 .debug_str     0x00000000000013ed      0x246 CMakeFiles/blink.elf.dir/Drivers/STM32F1xx_HAL_Driver/Src/stm32f1xx_hal.c.obj
                                        0xb39 (size before relaxing)
 .debug_str     0x0000000000001633      0x2ee CMakeFiles/blink.elf.dir/Drivers/STM32F1xx_HAL_Driver/Src/stm32f1xx_hal_cortex.c.obj
                                        0xce2 (size before relaxing)
 .debug_str     0x0000000000001921      0x16b CMakeFiles/blink.elf.dir/Drivers/STM32F1xx_HAL_Driver/Src/stm32f1xx_hal_gpio.c.obj
                                        0x84f (size before relaxing)
 .debug_str     0x0000000000001a8c      0x7fa CMakeFiles/blink.elf.dir/Drivers/STM32F1xx_HAL_Driver/Src/stm32f1xx_hal_i2c.c.obj
                                       0x12a2 (size before relaxing)
 .debug_str     0x0000000000002286      0x22a CMakeFiles/blink.elf.dir/Drivers/STM32F1xx_HAL_Driver/Src/stm32f1xx_hal_rcc.c.obj
                                        0x9ff (size before relaxing)
 .debug_str     0x00000000000024b0      0xcf2 CMakeFiles/blink.elf.dir/Drivers/STM32F1xx_HAL_Driver/Src/stm32f1xx_hal_tim.c.obj
                                       0x1729 (size before relaxing)
 .debug_str     0x00000000000031a2      0x503 CMakeFiles/blink.elf.dir/Drivers/STM32F1xx_HAL_Driver/Src/stm32f1xx_hal_tim_ex.c.obj
                                        0xfc6 (size before relaxing)
 .debug_str     0x00000000000036a5       0xf4 CMakeFiles/blink.elf.dir/UserSrc/Src/lesson5.c.obj
                                        0xdd2 (size before relaxing)
 .debug_str     0x0000000000003799       0xe7 CMakeFiles/blink.elf.dir/UserSrc/Lib/dh11/Src/dht11.c.obj
                                        0xbed (size before relaxing)
 .debug_str     0x0000000000003880       0x66 CMakeFiles/blink.elf.dir/UserSrc/Lib/ssd1306/Src/fonts.c.obj
                                        0x65e (size before relaxing)
 .debug_str     0x00000000000038e6      0x142 CMakeFiles/blink.elf.dir/UserSrc/Lib/ssd1306/Src/ssd1306.c.obj
                                        0xba2 (size before relaxing)
 .debug_str     0x0000000000003a28       0x8b /opt/cross/lib/gcc/arm-none-eabi/7.2.0/thumb/cortex-m3/libgcc.a(_arm_addsubsf3.o)
 .debug_str     0x0000000000003ab3       0x8b /opt/cross/lib/gcc/arm-none-eabi/7.2.0/thumb/cortex-m3/libgcc.a(_arm_muldivsf3.o)
 .debug_str     0x0000000000003ab3       0x8b /opt/cross/lib/gcc/arm-none-eabi/7.2.0/thumb/cortex-m3/libgcc.a(_arm_cmpsf2.o)
 .debug_str     0x0000000000003ab3       0x8b /opt/cross/lib/gcc/arm-none-eabi/7.2.0/thumb/cortex-m3/libgcc.a(_arm_fixunssfsi.o)
 .debug_str     0x0000000000003ab3      0x15a /opt/cross/lib/gcc/arm-none-eabi/7.2.0/../../../../arm-none-eabi/lib/thumb/cortex-m3/libg.a(lib_a-init.o)
                                        0x1ef (size before relaxing)

.debug_frame    0x0000000000000000     0x3210
 .debug_frame   0x0000000000000000       0xd0 CMakeFiles/blink.elf.dir/Src/main.c.obj
 .debug_frame   0x00000000000000d0       0xc4 CMakeFiles/blink.elf.dir/Src/stm32f1xx_hal_msp.c.obj
 .debug_frame   0x0000000000000194      0x128 CMakeFiles/blink.elf.dir/Src/stm32f1xx_it.c.obj
 .debug_frame   0x00000000000002bc       0x58 CMakeFiles/blink.elf.dir/Src/system_stm32f1xx.c.obj
 .debug_frame   0x0000000000000314      0x298 CMakeFiles/blink.elf.dir/Drivers/STM32F1xx_HAL_Driver/Src/stm32f1xx_hal.c.obj
 .debug_frame   0x00000000000005ac      0x428 CMakeFiles/blink.elf.dir/Drivers/STM32F1xx_HAL_Driver/Src/stm32f1xx_hal_cortex.c.obj
 .debug_frame   0x00000000000009d4      0x14c CMakeFiles/blink.elf.dir/Drivers/STM32F1xx_HAL_Driver/Src/stm32f1xx_hal_gpio.c.obj
 .debug_frame   0x0000000000000b20      0xb30 CMakeFiles/blink.elf.dir/Drivers/STM32F1xx_HAL_Driver/Src/stm32f1xx_hal_i2c.c.obj
 .debug_frame   0x0000000000001650      0x218 CMakeFiles/blink.elf.dir/Drivers/STM32F1xx_HAL_Driver/Src/stm32f1xx_hal_rcc.c.obj
 .debug_frame   0x0000000000001868      0xfb4 CMakeFiles/blink.elf.dir/Drivers/STM32F1xx_HAL_Driver/Src/stm32f1xx_hal_tim.c.obj
 .debug_frame   0x000000000000281c      0x54c CMakeFiles/blink.elf.dir/Drivers/STM32F1xx_HAL_Driver/Src/stm32f1xx_hal_tim_ex.c.obj
 .debug_frame   0x0000000000002d68       0x74 CMakeFiles/blink.elf.dir/UserSrc/Src/lesson5.c.obj
 .debug_frame   0x0000000000002ddc      0x160 CMakeFiles/blink.elf.dir/UserSrc/Lib/dh11/Src/dht11.c.obj
 .debug_frame   0x0000000000002f3c      0x138 CMakeFiles/blink.elf.dir/UserSrc/Lib/ssd1306/Src/ssd1306.c.obj
 .debug_frame   0x0000000000003074       0x4c /opt/cross/lib/gcc/arm-none-eabi/7.2.0/thumb/cortex-m3/libgcc.a(_arm_addsubsf3.o)
 .debug_frame   0x00000000000030c0       0x38 /opt/cross/lib/gcc/arm-none-eabi/7.2.0/thumb/cortex-m3/libgcc.a(_arm_muldivsf3.o)
 .debug_frame   0x00000000000030f8       0xc8 /opt/cross/lib/gcc/arm-none-eabi/7.2.0/thumb/cortex-m3/libgcc.a(_arm_cmpsf2.o)
 .debug_frame   0x00000000000031c0       0x24 /opt/cross/lib/gcc/arm-none-eabi/7.2.0/thumb/cortex-m3/libgcc.a(_arm_fixunssfsi.o)
 .debug_frame   0x00000000000031e4       0x2c /opt/cross/lib/gcc/arm-none-eabi/7.2.0/../../../../arm-none-eabi/lib/thumb/cortex-m3/libg.a(lib_a-init.o)

.debug_loc      0x0000000000000000       0xa2
 .debug_loc     0x0000000000000000       0xa2 /opt/cross/lib/gcc/arm-none-eabi/7.2.0/../../../../arm-none-eabi/lib/thumb/cortex-m3/libg.a(lib_a-init.o)
