Archive member included to satisfy reference by file (symbol)

libCMSIS.a(startup_stm32f103xb.s.obj)
                              (Reset_Handler)
libFREERTOS.a(cmsis_os.c.obj)
                              CMakeFiles/blink.elf.dir/Src/main.c.obj (osKernelStart)
libFREERTOS.a(port.c.obj)     libFREERTOS.a(cmsis_os.c.obj) (vPortEnterCritical)
libFREERTOS.a(heap_4.c.obj)   libFREERTOS.a(cmsis_os.c.obj) (pvPortMalloc)
libFREERTOS.a(queue.c.obj)    libFREERTOS.a(cmsis_os.c.obj) (xQueueGenericCreate)
libFREERTOS.a(tasks.c.obj)    libFREERTOS.a(port.c.obj) (pxCurrentTCB)
libFREERTOS.a(list.c.obj)     libFREERTOS.a(queue.c.obj) (vListInitialise)
/opt/cross/lib/gcc/arm-none-eabi/7.2.0/../../../../arm-none-eabi/lib/thumb/cortex-m3/libg.a(lib_a-atexit.o)
                              /opt/cross/lib/gcc/arm-none-eabi/7.2.0/../../../../arm-none-eabi/lib/thumb/cortex-m3/crt0.o (atexit)
/opt/cross/lib/gcc/arm-none-eabi/7.2.0/../../../../arm-none-eabi/lib/thumb/cortex-m3/libg.a(lib_a-exit.o)
                              /opt/cross/lib/gcc/arm-none-eabi/7.2.0/../../../../arm-none-eabi/lib/thumb/cortex-m3/crt0.o (exit)
/opt/cross/lib/gcc/arm-none-eabi/7.2.0/../../../../arm-none-eabi/lib/thumb/cortex-m3/libg.a(lib_a-fini.o)
                              /opt/cross/lib/gcc/arm-none-eabi/7.2.0/../../../../arm-none-eabi/lib/thumb/cortex-m3/crt0.o (__libc_fini_array)
/opt/cross/lib/gcc/arm-none-eabi/7.2.0/../../../../arm-none-eabi/lib/thumb/cortex-m3/libg.a(lib_a-impure.o)
                              /opt/cross/lib/gcc/arm-none-eabi/7.2.0/../../../../arm-none-eabi/lib/thumb/cortex-m3/libg.a(lib_a-exit.o) (_global_impure_ptr)
/opt/cross/lib/gcc/arm-none-eabi/7.2.0/../../../../arm-none-eabi/lib/thumb/cortex-m3/libg.a(lib_a-init.o)
                              /opt/cross/lib/gcc/arm-none-eabi/7.2.0/../../../../arm-none-eabi/lib/thumb/cortex-m3/crt0.o (__libc_init_array)
/opt/cross/lib/gcc/arm-none-eabi/7.2.0/../../../../arm-none-eabi/lib/thumb/cortex-m3/libg.a(lib_a-memcpy.o)
                              libFREERTOS.a(queue.c.obj) (memcpy)
/opt/cross/lib/gcc/arm-none-eabi/7.2.0/../../../../arm-none-eabi/lib/thumb/cortex-m3/libg.a(lib_a-memset.o)
                              /opt/cross/lib/gcc/arm-none-eabi/7.2.0/../../../../arm-none-eabi/lib/thumb/cortex-m3/crt0.o (memset)
/opt/cross/lib/gcc/arm-none-eabi/7.2.0/../../../../arm-none-eabi/lib/thumb/cortex-m3/libg.a(lib_a-snprintf.o)
                              CMakeFiles/blink.elf.dir/UserSrc/Src/lesson5.c.obj (snprintf)
/opt/cross/lib/gcc/arm-none-eabi/7.2.0/../../../../arm-none-eabi/lib/thumb/cortex-m3/libg.a(lib_a-sprintf.o)
                              CMakeFiles/blink.elf.dir/UserSrc/Src/lesson5.c.obj (sprintf)
/opt/cross/lib/gcc/arm-none-eabi/7.2.0/../../../../arm-none-eabi/lib/thumb/cortex-m3/libg.a(lib_a-svfprintf.o)
                              /opt/cross/lib/gcc/arm-none-eabi/7.2.0/../../../../arm-none-eabi/lib/thumb/cortex-m3/libg.a(lib_a-snprintf.o) (_svfprintf_r)
/opt/cross/lib/gcc/arm-none-eabi/7.2.0/../../../../arm-none-eabi/lib/thumb/cortex-m3/libg.a(lib_a-__atexit.o)
                              /opt/cross/lib/gcc/arm-none-eabi/7.2.0/../../../../arm-none-eabi/lib/thumb/cortex-m3/libg.a(lib_a-atexit.o) (__register_exitproc)
/opt/cross/lib/gcc/arm-none-eabi/7.2.0/../../../../arm-none-eabi/lib/thumb/cortex-m3/libg.a(lib_a-__call_atexit.o)
                              /opt/cross/lib/gcc/arm-none-eabi/7.2.0/../../../../arm-none-eabi/lib/thumb/cortex-m3/libg.a(lib_a-exit.o) (__call_exitprocs)
/opt/cross/lib/gcc/arm-none-eabi/7.2.0/../../../../arm-none-eabi/lib/thumb/cortex-m3/libg.a(lib_a-mallocr.o)
                              /opt/cross/lib/gcc/arm-none-eabi/7.2.0/../../../../arm-none-eabi/lib/thumb/cortex-m3/libg.a(lib_a-svfprintf.o) (_malloc_r)
/opt/cross/lib/gcc/arm-none-eabi/7.2.0/../../../../arm-none-eabi/lib/thumb/cortex-m3/libg.a(lib_a-memchr-stub.o)
                              /opt/cross/lib/gcc/arm-none-eabi/7.2.0/../../../../arm-none-eabi/lib/thumb/cortex-m3/libg.a(lib_a-svfprintf.o) (memchr)
/opt/cross/lib/gcc/arm-none-eabi/7.2.0/../../../../arm-none-eabi/lib/thumb/cortex-m3/libg.a(lib_a-mlock.o)
                              /opt/cross/lib/gcc/arm-none-eabi/7.2.0/../../../../arm-none-eabi/lib/thumb/cortex-m3/libg.a(lib_a-mallocr.o) (__malloc_lock)
/opt/cross/lib/gcc/arm-none-eabi/7.2.0/../../../../arm-none-eabi/lib/thumb/cortex-m3/libg.a(lib_a-sbrkr.o)
                              /opt/cross/lib/gcc/arm-none-eabi/7.2.0/../../../../arm-none-eabi/lib/thumb/cortex-m3/libg.a(lib_a-mallocr.o) (_sbrk_r)
/opt/cross/lib/gcc/arm-none-eabi/7.2.0/../../../../arm-none-eabi/lib/thumb/cortex-m3/libg.a(lib_a-strlen-stub.o)
                              /opt/cross/lib/gcc/arm-none-eabi/7.2.0/../../../../arm-none-eabi/lib/thumb/cortex-m3/libg.a(lib_a-svfprintf.o) (strlen)
/opt/cross/lib/gcc/arm-none-eabi/7.2.0/../../../../arm-none-eabi/lib/thumb/cortex-m3/libg.a(lib_a-svfiprintf.o)
[...]
Memory Configuration

Name             Origin             Length             Attributes
RAM              0x0000000020000000 0x0000000000005000 xrw
FLASH            0x0000000008000000 0x0000000000010000 xr
*default*        0x0000000000000000 0xffffffffffffffff

Linker script and memory map

LOAD /opt/cross/lib/gcc/arm-none-eabi/7.2.0/thumb/cortex-m3/crti.o
LOAD /opt/cross/lib/gcc/arm-none-eabi/7.2.0/thumb/cortex-m3/crtbegin.o
LOAD /opt/cross/lib/gcc/arm-none-eabi/7.2.0/../../../../arm-none-eabi/lib/thumb/cortex-m3/crt0.o
LOAD CMakeFiles/blink.elf.dir/Src/freertos.c.obj
LOAD CMakeFiles/blink.elf.dir/Src/main.c.obj
LOAD CMakeFiles/blink.elf.dir/Src/stm32f1xx_hal_msp.c.obj
LOAD CMakeFiles/blink.elf.dir/Src/stm32f1xx_hal_timebase_TIM.c.obj
LOAD CMakeFiles/blink.elf.dir/Src/stm32f1xx_it.c.obj
LOAD CMakeFiles/blink.elf.dir/Src/system_stm32f1xx.c.obj
LOAD CMakeFiles/blink.elf.dir/Drivers/STM32F1xx_HAL_Driver/Src/stm32f1xx_hal.c.obj
LOAD CMakeFiles/blink.elf.dir/Drivers/STM32F1xx_HAL_Driver/Src/stm32f1xx_hal_cortex.c.obj
LOAD CMakeFiles/blink.elf.dir/Drivers/STM32F1xx_HAL_Driver/Src/stm32f1xx_hal_dma.c.obj
LOAD CMakeFiles/blink.elf.dir/Drivers/STM32F1xx_HAL_Driver/Src/stm32f1xx_hal_flash.c.obj
LOAD CMakeFiles/blink.elf.dir/Drivers/STM32F1xx_HAL_Driver/Src/stm32f1xx_hal_flash_ex.c.obj
LOAD CMakeFiles/blink.elf.dir/Drivers/STM32F1xx_HAL_Driver/Src/stm32f1xx_hal_gpio.c.obj
LOAD CMakeFiles/blink.elf.dir/Drivers/STM32F1xx_HAL_Driver/Src/stm32f1xx_hal_gpio_ex.c.obj
LOAD CMakeFiles/blink.elf.dir/Drivers/STM32F1xx_HAL_Driver/Src/stm32f1xx_hal_i2c.c.obj
LOAD CMakeFiles/blink.elf.dir/Drivers/STM32F1xx_HAL_Driver/Src/stm32f1xx_hal_pwr.c.obj
LOAD CMakeFiles/blink.elf.dir/Drivers/STM32F1xx_HAL_Driver/Src/stm32f1xx_hal_rcc.c.obj
LOAD CMakeFiles/blink.elf.dir/Drivers/STM32F1xx_HAL_Driver/Src/stm32f1xx_hal_rcc_ex.c.obj
LOAD CMakeFiles/blink.elf.dir/Drivers/STM32F1xx_HAL_Driver/Src/stm32f1xx_hal_tim.c.obj
LOAD CMakeFiles/blink.elf.dir/Drivers/STM32F1xx_HAL_Driver/Src/stm32f1xx_hal_tim_ex.c.obj
LOAD CMakeFiles/blink.elf.dir/UserSrc/Src/lesson3.c.obj
LOAD CMakeFiles/blink.elf.dir/UserSrc/Src/lesson4.c.obj
LOAD CMakeFiles/blink.elf.dir/UserSrc/Src/lesson5.c.obj
LOAD CMakeFiles/blink.elf.dir/UserSrc/Lib/dh11/Src/dht11.c.obj
LOAD CMakeFiles/blink.elf.dir/UserSrc/Lib/ssd1306/Src/fonts.c.obj
LOAD CMakeFiles/blink.elf.dir/UserSrc/Lib/ssd1306/Src/ssd1306.c.obj
LOAD CMakeFiles/blink.elf.dir/UserSrc/Lib/syscall/Src/syscalls.c.obj
LOAD libHAL.a
LOAD libCMSIS.a
LOAD libUSERSRC.a
LOAD libLIBS.a
LOAD libFREERTOS.a
START GROUP
LOAD /opt/cross/lib/gcc/arm-none-eabi/7.2.0/thumb/cortex-m3/libgcc.a
LOAD /opt/cross/lib/gcc/arm-none-eabi/7.2.0/../../../../arm-none-eabi/lib/thumb/cortex-m3/libg.a
LOAD /opt/cross/lib/gcc/arm-none-eabi/7.2.0/../../../../arm-none-eabi/lib/thumb/cortex-m3/libc.a
END GROUP
LOAD /opt/cross/lib/gcc/arm-none-eabi/7.2.0/thumb/cortex-m3/crtend.o
LOAD /opt/cross/lib/gcc/arm-none-eabi/7.2.0/thumb/cortex-m3/crtn.o
                0x0000000020005000                _estack = 0x20005000
                0x0000000000000200                _Min_Heap_Size = 0x200
                0x0000000000000400                _Min_Stack_Size = 0x400

.isr_vector     0x0000000008000000      0x10c
                0x0000000008000000                . = ALIGN (0x4)
 *(.isr_vector)
 .isr_vector    0x0000000008000000      0x10c libCMSIS.a(startup_stm32f103xb.s.obj)
                0x0000000008000000                g_pfnVectors
                0x000000000800010c                . = ALIGN (0x4)

.text           0x0000000008000110     0x6298
                0x0000000008000110                . = ALIGN (0x4)
 *(.text)
 .text          0x0000000008000110       0x88 /opt/cross/lib/gcc/arm-none-eabi/7.2.0/thumb/cortex-m3/crtbegin.o
 .text          0x0000000008000198       0x48 /opt/cross/lib/gcc/arm-none-eabi/7.2.0/../../../../arm-none-eabi/lib/thumb/cortex-m3/libg.a(lib_a-init.o)
                0x0000000008000198                __libc_init_array
 .text          0x00000000080001e0       0xec /opt/cross/lib/gcc/arm-none-eabi/7.2.0/../../../../arm-none-eabi/lib/thumb/cortex-m3/libg.a(lib_a-memcpy.o)
                0x00000000080001e0                memcpy
 .text          0x00000000080002cc      0x10c /opt/cross/lib/gcc/arm-none-eabi/7.2.0/../../../../arm-none-eabi/lib/thumb/cortex-m3/libg.a(lib_a-snprintf.o)
                0x00000000080002cc                _snprintf_r
                0x000000000800034c                snprintf
 .text          0x00000000080003d8       0x80 /opt/cross/lib/gcc/arm-none-eabi/7.2.0/../../../../arm-none-eabi/lib/thumb/cortex-m3/libg.a(lib_a-sprintf.o)
                0x00000000080003d8                _sprintf_r
                0x0000000008000414                sprintf
 .text          0x0000000008000458      0x6d4 /opt/cross/lib/gcc/arm-none-eabi/7.2.0/../../../../arm-none-eabi/lib/thumb/cortex-m3/libg.a(lib_a-svfprintf.o)
                0x0000000008000458                _svfprintf_r
 .text          0x0000000008000b2c      0x518 /opt/cross/lib/gcc/arm-none-eabi/7.2.0/../../../../arm-none-eabi/lib/thumb/cortex-m3/libg.a(lib_a-mallocr.o)
                0x0000000008000b2c                _malloc_r
 .text          0x0000000008001044       0x8c /opt/cross/lib/gcc/arm-none-eabi/7.2.0/../../../../arm-none-eabi/lib/thumb/cortex-m3/libg.a(lib_a-memchr-stub.o)
                0x0000000008001044                memchr
 .text          0x00000000080010d0        0x8 /opt/cross/lib/gcc/arm-none-eabi/7.2.0/../../../../arm-none-eabi/lib/thumb/cortex-m3/libg.a(lib_a-mlock.o)
                0x00000000080010d0                __malloc_lock
                0x00000000080010d4                __malloc_unlock
 .text          0x00000000080010d8       0x24 /opt/cross/lib/gcc/arm-none-eabi/7.2.0/../../../../arm-none-eabi/lib/thumb/cortex-m3/libg.a(lib_a-sbrkr.o)
                0x00000000080010d8                _sbrk_r
 .text          0x00000000080010fc       0x5c /opt/cross/lib/gcc/arm-none-eabi/7.2.0/../../../../arm-none-eabi/lib/thumb/cortex-m3/libg.a(lib_a-strlen-stub.o)
                0x00000000080010fc                strlen
 .text          0x0000000008001158      0x880 /opt/cross/lib/gcc/arm-none-eabi/7.2.0/../../../../arm-none-eabi/lib/thumb/cortex-m3/libg.a(lib_a-svfiprintf.o)
                0x0000000008001158                __ssputs_r
                0x000000000800121c                __ssprint_r
                0x0000000008001310                _svfiprintf_r
 .text          0x00000000080019d8      0x288 /opt/cross/lib/gcc/arm-none-eabi/7.2.0/../../../../arm-none-eabi/lib/thumb/cortex-m3/libg.a(lib_a-freer.o)
                0x00000000080019d8                _malloc_trim_r
                0x0000000008001a78                _free_r
 .text          0x0000000008001c60       0xc4 /opt/cross/lib/gcc/arm-none-eabi/7.2.0/../../../../arm-none-eabi/lib/thumb/cortex-m3/libg.a(lib_a-memmove.o)
                0x0000000008001c60                memmove
 .text          0x0000000008001d24      0x374 /opt/cross/lib/gcc/arm-none-eabi/7.2.0/../../../../arm-none-eabi/lib/thumb/cortex-m3/libg.a(lib_a-reallocr.o)
                0x0000000008001d24                _realloc_r
 *(.text*)
 .text.main     0x0000000008002098       0x9c CMakeFiles/blink.elf.dir/Src/main.c.obj
                0x0000000008002098                main
 .text.SystemClock_Config
                0x0000000008002134       0xa4 CMakeFiles/blink.elf.dir/Src/main.c.obj
                0x0000000008002134                SystemClock_Config
 .text.MX_I2C1_Init
                0x00000000080021d8       0x64 CMakeFiles/blink.elf.dir/Src/main.c.obj
 .text.MX_TIM3_Init
                0x000000000800223c       0xa4 CMakeFiles/blink.elf.dir/Src/main.c.obj
 .text.MX_GPIO_Init
                0x00000000080022e0       0x9c CMakeFiles/blink.elf.dir/Src/main.c.obj
 .text.HAL_TIM_PeriodElapsedCallback
                0x000000000800237c       0x24 CMakeFiles/blink.elf.dir/Src/main.c.obj
                0x000000000800237c                HAL_TIM_PeriodElapsedCallback
 .text._Error_Handler
                0x00000000080023a0        0xc CMakeFiles/blink.elf.dir/Src/main.c.obj
                0x00000000080023a0                _Error_Handler
 .text.HAL_MspInit
                0x00000000080023ac       0xa0 CMakeFiles/blink.elf.dir/Src/stm32f1xx_hal_msp.c.obj
                0x00000000080023ac                HAL_MspInit
 .text.HAL_I2C_MspInit
                0x000000000800244c       0x58 CMakeFiles/blink.elf.dir/Src/stm32f1xx_hal_msp.c.obj
                0x000000000800244c                HAL_I2C_MspInit
 .text.HAL_TIM_IC_MspInit
                0x00000000080024a4       0x68 CMakeFiles/blink.elf.dir/Src/stm32f1xx_hal_msp.c.obj
                0x00000000080024a4                HAL_TIM_IC_MspInit
 .text.HAL_InitTick
                0x000000000800250c       0xb0 CMakeFiles/blink.elf.dir/Src/stm32f1xx_hal_timebase_TIM.c.obj
                0x000000000800250c                HAL_InitTick
 .text.NMI_Handler
                0x00000000080025bc        0xc CMakeFiles/blink.elf.dir/Src/stm32f1xx_it.c.obj
                0x00000000080025bc                NMI_Handler
 .text.HardFault_Handler
                0x00000000080025c8        0x6 CMakeFiles/blink.elf.dir/Src/stm32f1xx_it.c.obj
                0x00000000080025c8                HardFault_Handler
 .text.MemManage_Handler
                0x00000000080025ce        0x6 CMakeFiles/blink.elf.dir/Src/stm32f1xx_it.c.obj
                0x00000000080025ce                MemManage_Handler
 .text.BusFault_Handler
                0x00000000080025d4        0x6 CMakeFiles/blink.elf.dir/Src/stm32f1xx_it.c.obj
                0x00000000080025d4                BusFault_Handler
 .text.UsageFault_Handler
                0x00000000080025da        0x6 CMakeFiles/blink.elf.dir/Src/stm32f1xx_it.c.obj
                0x00000000080025da                UsageFault_Handler
 .text.DebugMon_Handler
                0x00000000080025e0        0xc CMakeFiles/blink.elf.dir/Src/stm32f1xx_it.c.obj
                0x00000000080025e0                DebugMon_Handler
 .text.SysTick_Handler
                0x00000000080025ec        0xc CMakeFiles/blink.elf.dir/Src/stm32f1xx_it.c.obj
                0x00000000080025ec                SysTick_Handler
 .text.TIM3_IRQHandler
                0x00000000080025f8       0x20 CMakeFiles/blink.elf.dir/Src/stm32f1xx_it.c.obj
                0x00000000080025f8                TIM3_IRQHandler
 .text.TIM4_IRQHandler
                0x0000000008002618       0x14 CMakeFiles/blink.elf.dir/Src/stm32f1xx_it.c.obj
                0x0000000008002618                TIM4_IRQHandler
 .text.SystemInit
                0x000000000800262c       0x68 CMakeFiles/blink.elf.dir/Src/system_stm32f1xx.c.obj
                0x000000000800262c                SystemInit
 .text.HAL_Init
                0x0000000008002694       0x2c CMakeFiles/blink.elf.dir/Drivers/STM32F1xx_HAL_Driver/Src/stm32f1xx_hal.c.obj
                0x0000000008002694                HAL_Init
 .text.HAL_IncTick
                0x00000000080026c0       0x1c CMakeFiles/blink.elf.dir/Drivers/STM32F1xx_HAL_Driver/Src/stm32f1xx_hal.c.obj
                0x00000000080026c0                HAL_IncTick
 .text.HAL_GetTick
                0x00000000080026dc       0x14 CMakeFiles/blink.elf.dir/Drivers/STM32F1xx_HAL_Driver/Src/stm32f1xx_hal.c.obj
                0x00000000080026dc                HAL_GetTick
 .text.HAL_Delay
                0x00000000080026f0       0x3a CMakeFiles/blink.elf.dir/Drivers/STM32F1xx_HAL_Driver/Src/stm32f1xx_hal.c.obj
                0x00000000080026f0                HAL_Delay
 *fill*         0x000000000800272a        0x2 
 .text.NVIC_SetPriorityGrouping
                0x000000000800272c       0x48 CMakeFiles/blink.elf.dir/Drivers/STM32F1xx_HAL_Driver/Src/stm32f1xx_hal_cortex.c.obj
 .text.NVIC_GetPriorityGrouping
                0x0000000008002774       0x1c CMakeFiles/blink.elf.dir/Drivers/STM32F1xx_HAL_Driver/Src/stm32f1xx_hal_cortex.c.obj
 .text.NVIC_EnableIRQ
                0x0000000008002790       0x30 CMakeFiles/blink.elf.dir/Drivers/STM32F1xx_HAL_Driver/Src/stm32f1xx_hal_cortex.c.obj
 .text.NVIC_SetPriority
                0x00000000080027c0       0x54 CMakeFiles/blink.elf.dir/Drivers/STM32F1xx_HAL_Driver/Src/stm32f1xx_hal_cortex.c.obj
 .text.NVIC_EncodePriority
                0x0000000008002814       0x64 CMakeFiles/blink.elf.dir/Drivers/STM32F1xx_HAL_Driver/Src/stm32f1xx_hal_cortex.c.obj
 .text.SysTick_Config
                0x0000000008002878       0x44 CMakeFiles/blink.elf.dir/Drivers/STM32F1xx_HAL_Driver/Src/stm32f1xx_hal_cortex.c.obj
 .text.HAL_NVIC_SetPriorityGrouping
                0x00000000080028bc       0x16 CMakeFiles/blink.elf.dir/Drivers/STM32F1xx_HAL_Driver/Src/stm32f1xx_hal_cortex.c.obj
                0x00000000080028bc                HAL_NVIC_SetPriorityGrouping
 .text.HAL_NVIC_SetPriority
                0x00000000080028d2       0x38 CMakeFiles/blink.elf.dir/Drivers/STM32F1xx_HAL_Driver/Src/stm32f1xx_hal_cortex.c.obj
                0x00000000080028d2                HAL_NVIC_SetPriority
 .text.HAL_NVIC_EnableIRQ
                0x000000000800290a       0x1c CMakeFiles/blink.elf.dir/Drivers/STM32F1xx_HAL_Driver/Src/stm32f1xx_hal_cortex.c.obj
                0x000000000800290a                HAL_NVIC_EnableIRQ
 .text.HAL_SYSTICK_Config
                0x0000000008002926       0x18 CMakeFiles/blink.elf.dir/Drivers/STM32F1xx_HAL_Driver/Src/stm32f1xx_hal_cortex.c.obj
                0x0000000008002926                HAL_SYSTICK_Config
 *fill*         0x000000000800293e        0x2 
 .text.HAL_SYSTICK_CLKSourceConfig
                0x0000000008002940       0x38 CMakeFiles/blink.elf.dir/Drivers/STM32F1xx_HAL_Driver/Src/stm32f1xx_hal_cortex.c.obj
                0x0000000008002940                HAL_SYSTICK_CLKSourceConfig
 .text.HAL_GPIO_Init
                0x0000000008002978      0x2bc CMakeFiles/blink.elf.dir/Drivers/STM32F1xx_HAL_Driver/Src/stm32f1xx_hal_gpio.c.obj
                0x0000000008002978                HAL_GPIO_Init
 .text.HAL_GPIO_WritePin
                0x0000000008002c34       0x30 CMakeFiles/blink.elf.dir/Drivers/STM32F1xx_HAL_Driver/Src/stm32f1xx_hal_gpio.c.obj
                0x0000000008002c34                HAL_GPIO_WritePin
 .text.HAL_I2C_Init
                0x0000000008002c64      0x1c0 CMakeFiles/blink.elf.dir/Drivers/STM32F1xx_HAL_Driver/Src/stm32f1xx_hal_i2c.c.obj
                0x0000000008002c64                HAL_I2C_Init
 .text.HAL_I2C_Mem_Write
                0x0000000008002e24      0x214 CMakeFiles/blink.elf.dir/Drivers/STM32F1xx_HAL_Driver/Src/stm32f1xx_hal_i2c.c.obj
                0x0000000008002e24                HAL_I2C_Mem_Write
 .text.I2C_RequestMemoryWrite
                0x0000000008003038      0x128 CMakeFiles/blink.elf.dir/Drivers/STM32F1xx_HAL_Driver/Src/stm32f1xx_hal_i2c.c.obj
 .text.I2C_WaitOnFlagUntilTimeout
                0x0000000008003160       0xa2 CMakeFiles/blink.elf.dir/Drivers/STM32F1xx_HAL_Driver/Src/stm32f1xx_hal_i2c.c.obj
 .text.I2C_WaitOnMasterAddressFlagUntilTimeout
                0x0000000008003202       0xdc CMakeFiles/blink.elf.dir/Drivers/STM32F1xx_HAL_Driver/Src/stm32f1xx_hal_i2c.c.obj
 .text.I2C_WaitOnTXEFlagUntilTimeout
                0x00000000080032de       0x7a CMakeFiles/blink.elf.dir/Drivers/STM32F1xx_HAL_Driver/Src/stm32f1xx_hal_i2c.c.obj
 .text.I2C_WaitOnBTFFlagUntilTimeout
                0x0000000008003358       0x7a CMakeFiles/blink.elf.dir/Drivers/STM32F1xx_HAL_Driver/Src/stm32f1xx_hal_i2c.c.obj
 .text.I2C_IsAcknowledgeFailed
                0x00000000080033d2       0x4e CMakeFiles/blink.elf.dir/Drivers/STM32F1xx_HAL_Driver/Src/stm32f1xx_hal_i2c.c.obj
 .text.HAL_RCC_OscConfig
                0x0000000008003420      0x4c8 CMakeFiles/blink.elf.dir/Drivers/STM32F1xx_HAL_Driver/Src/stm32f1xx_hal_rcc.c.obj
                0x0000000008003420                HAL_RCC_OscConfig
 .text.HAL_RCC_ClockConfig
                0x00000000080038e8      0x1e8 CMakeFiles/blink.elf.dir/Drivers/STM32F1xx_HAL_Driver/Src/stm32f1xx_hal_rcc.c.obj
                0x00000000080038e8                HAL_RCC_ClockConfig
 .text.HAL_RCC_GetSysClockFreq
                0x0000000008003ad0       0xc4 CMakeFiles/blink.elf.dir/Drivers/STM32F1xx_HAL_Driver/Src/stm32f1xx_hal_rcc.c.obj
                0x0000000008003ad0                HAL_RCC_GetSysClockFreq
 .text.HAL_RCC_GetHCLKFreq
                0x0000000008003b94       0x14 CMakeFiles/blink.elf.dir/Drivers/STM32F1xx_HAL_Driver/Src/stm32f1xx_hal_rcc.c.obj
                0x0000000008003b94                HAL_RCC_GetHCLKFreq
 .text.HAL_RCC_GetPCLK1Freq
                0x0000000008003ba8       0x28 CMakeFiles/blink.elf.dir/Drivers/STM32F1xx_HAL_Driver/Src/stm32f1xx_hal_rcc.c.obj
                0x0000000008003ba8                HAL_RCC_GetPCLK1Freq
 .text.HAL_RCC_GetClockConfig
                0x0000000008003bd0       0x60 CMakeFiles/blink.elf.dir/Drivers/STM32F1xx_HAL_Driver/Src/stm32f1xx_hal_rcc.c.obj
                0x0000000008003bd0                HAL_RCC_GetClockConfig
 .text.RCC_Delay
                0x0000000008003c30       0x3c CMakeFiles/blink.elf.dir/Drivers/STM32F1xx_HAL_Driver/Src/stm32f1xx_hal_rcc.c.obj
 .text.HAL_TIM_Base_Init
                0x0000000008003c6c       0x56 CMakeFiles/blink.elf.dir/Drivers/STM32F1xx_HAL_Driver/Src/stm32f1xx_hal_tim.c.obj
                0x0000000008003c6c                HAL_TIM_Base_Init
 .text.HAL_TIM_Base_MspInit
                0x0000000008003cc2       0x12 CMakeFiles/blink.elf.dir/Drivers/STM32F1xx_HAL_Driver/Src/stm32f1xx_hal_tim.c.obj
                0x0000000008003cc2                HAL_TIM_Base_MspInit
 .text.HAL_TIM_Base_Start_IT
                0x0000000008003cd4       0x34 CMakeFiles/blink.elf.dir/Drivers/STM32F1xx_HAL_Driver/Src/stm32f1xx_hal_tim.c.obj
                0x0000000008003cd4                HAL_TIM_Base_Start_IT
 .text.HAL_TIM_IC_Init
                0x0000000008003d08       0x56 CMakeFiles/blink.elf.dir/Drivers/STM32F1xx_HAL_Driver/Src/stm32f1xx_hal_tim.c.obj
                0x0000000008003d08                HAL_TIM_IC_Init
 *fill*         0x0000000008003d5e        0x2 
 .text.HAL_TIM_IC_Start_IT
                0x0000000008003d60       0xc0 CMakeFiles/blink.elf.dir/Drivers/STM32F1xx_HAL_Driver/Src/stm32f1xx_hal_tim.c.obj
                0x0000000008003d60                HAL_TIM_IC_Start_IT
 .text.HAL_TIM_IC_Stop_IT
                0x0000000008003e20       0xe0 CMakeFiles/blink.elf.dir/Drivers/STM32F1xx_HAL_Driver/Src/stm32f1xx_hal_tim.c.obj
                0x0000000008003e20                HAL_TIM_IC_Stop_IT
 .text.HAL_TIM_IRQHandler
                0x0000000008003f00      0x210 CMakeFiles/blink.elf.dir/Drivers/STM32F1xx_HAL_Driver/Src/stm32f1xx_hal_tim.c.obj
                0x0000000008003f00                HAL_TIM_IRQHandler
 .text.HAL_TIM_IC_ConfigChannel
                0x0000000008004110      0x138 CMakeFiles/blink.elf.dir/Drivers/STM32F1xx_HAL_Driver/Src/stm32f1xx_hal_tim.c.obj
                0x0000000008004110                HAL_TIM_IC_ConfigChannel
 .text.HAL_TIM_ReadCapturedValue
                0x0000000008004248       0xa4 CMakeFiles/blink.elf.dir/Drivers/STM32F1xx_HAL_Driver/Src/stm32f1xx_hal_tim.c.obj
                0x0000000008004248                HAL_TIM_ReadCapturedValue
 .text.HAL_TIM_OC_DelayElapsedCallback
                0x00000000080042ec       0x12 CMakeFiles/blink.elf.dir/Drivers/STM32F1xx_HAL_Driver/Src/stm32f1xx_hal_tim.c.obj
                0x00000000080042ec                HAL_TIM_OC_DelayElapsedCallback
 .text.HAL_TIM_IC_CaptureCallback
                0x00000000080042fe       0x12 CMakeFiles/blink.elf.dir/Drivers/STM32F1xx_HAL_Driver/Src/stm32f1xx_hal_tim.c.obj
                0x00000000080042fe                HAL_TIM_IC_CaptureCallback
 .text.HAL_TIM_PWM_PulseFinishedCallback
                0x0000000008004310       0x12 CMakeFiles/blink.elf.dir/Drivers/STM32F1xx_HAL_Driver/Src/stm32f1xx_hal_tim.c.obj
                0x0000000008004310                HAL_TIM_PWM_PulseFinishedCallback
 .text.HAL_TIM_TriggerCallback
                0x0000000008004322       0x12 CMakeFiles/blink.elf.dir/Drivers/STM32F1xx_HAL_Driver/Src/stm32f1xx_hal_tim.c.obj
                0x0000000008004322                HAL_TIM_TriggerCallback
 .text.TIM_Base_SetConfig
                0x0000000008004334       0xcc CMakeFiles/blink.elf.dir/Drivers/STM32F1xx_HAL_Driver/Src/stm32f1xx_hal_tim.c.obj
                0x0000000008004334                TIM_Base_SetConfig
 .text.TIM_TI1_SetConfig
                0x0000000008004400       0xbc CMakeFiles/blink.elf.dir/Drivers/STM32F1xx_HAL_Driver/Src/stm32f1xx_hal_tim.c.obj
                0x0000000008004400                TIM_TI1_SetConfig
 .text.TIM_TI2_SetConfig
                0x00000000080044bc       0x80 CMakeFiles/blink.elf.dir/Drivers/STM32F1xx_HAL_Driver/Src/stm32f1xx_hal_tim.c.obj
 .text.TIM_TI3_SetConfig
                0x000000000800453c       0x7e CMakeFiles/blink.elf.dir/Drivers/STM32F1xx_HAL_Driver/Src/stm32f1xx_hal_tim.c.obj
 .text.TIM_TI4_SetConfig
                0x00000000080045ba       0x80 CMakeFiles/blink.elf.dir/Drivers/STM32F1xx_HAL_Driver/Src/stm32f1xx_hal_tim.c.obj
 .text.TIM_CCxChannelCmd
                0x000000000800463a       0x44 CMakeFiles/blink.elf.dir/Drivers/STM32F1xx_HAL_Driver/Src/stm32f1xx_hal_tim.c.obj
                0x000000000800463a                TIM_CCxChannelCmd
 .text.HAL_TIMEx_MasterConfigSynchronization
                0x000000000800467e       0x88 CMakeFiles/blink.elf.dir/Drivers/STM32F1xx_HAL_Driver/Src/stm32f1xx_hal_tim_ex.c.obj
                0x000000000800467e                HAL_TIMEx_MasterConfigSynchronization
 .text.HAL_TIMEx_CommutationCallback
                0x0000000008004706       0x12 CMakeFiles/blink.elf.dir/Drivers/STM32F1xx_HAL_Driver/Src/stm32f1xx_hal_tim_ex.c.obj
                0x0000000008004706                HAL_TIMEx_CommutationCallback
 .text.HAL_TIMEx_BreakCallback
                0x0000000008004718       0x12 CMakeFiles/blink.elf.dir/Drivers/STM32F1xx_HAL_Driver/Src/stm32f1xx_hal_tim_ex.c.obj
                0x0000000008004718                HAL_TIMEx_BreakCallback
 *fill*         0x000000000800472a        0x2 
 .text.DisplayOutputTask
                0x000000000800472c       0xc0 CMakeFiles/blink.elf.dir/UserSrc/Src/lesson5.c.obj
                0x000000000800472c                DisplayOutputTask
 .text.TemperatureTask
                0x00000000080047ec       0x74 CMakeFiles/blink.elf.dir/UserSrc/Src/lesson5.c.obj
                0x00000000080047ec                TemperatureTask
 .text.LedTask  0x0000000008004860       0x34 CMakeFiles/blink.elf.dir/UserSrc/Src/lesson5.c.obj
                0x0000000008004860                LedTask
 .text.error    0x0000000008004894       0x50 CMakeFiles/blink.elf.dir/UserSrc/Src/lesson5.c.obj
 .text.set_pin_out
                0x00000000080048e4       0x32 CMakeFiles/blink.elf.dir/UserSrc/Lib/dh11/Src/dht11.c.obj
 .text.set_pin_in
                0x0000000008004916       0x32 CMakeFiles/blink.elf.dir/UserSrc/Lib/dh11/Src/dht11.c.obj
 .text.dht11_read_data
                0x0000000008004948      0x154 CMakeFiles/blink.elf.dir/UserSrc/Lib/dh11/Src/dht11.c.obj
                0x0000000008004948                dht11_read_data
 .text.dht11_init
                0x0000000008004a9c       0x26 CMakeFiles/blink.elf.dir/UserSrc/Lib/dh11/Src/dht11.c.obj
                0x0000000008004a9c                dht11_init
 .text.write_bit
                0x0000000008004ac2       0x8e CMakeFiles/blink.elf.dir/UserSrc/Lib/dh11/Src/dht11.c.obj
 .text.get_float
                0x0000000008004b50       0x30 CMakeFiles/blink.elf.dir/UserSrc/Lib/dh11/Src/dht11.c.obj
 .text.finish_rx
                0x0000000008004b80       0x6e CMakeFiles/blink.elf.dir/UserSrc/Lib/dh11/Src/dht11.c.obj
 .text.dht11_interrupt_handler
                0x0000000008004bee       0xe6 CMakeFiles/blink.elf.dir/UserSrc/Lib/dh11/Src/dht11.c.obj
                0x0000000008004bee                dht11_interrupt_handler
 .text.ssd1306_WriteCommand
                0x0000000008004cd4       0x30 CMakeFiles/blink.elf.dir/UserSrc/Lib/ssd1306/Src/ssd1306.c.obj
 .text.ssd1306_Init
                0x0000000008004d04       0xd8 CMakeFiles/blink.elf.dir/UserSrc/Lib/ssd1306/Src/ssd1306.c.obj
                0x0000000008004d04                ssd1306_Init
 .text.ssd1306_Fill
                0x0000000008004ddc       0x44 CMakeFiles/blink.elf.dir/UserSrc/Lib/ssd1306/Src/ssd1306.c.obj
                0x0000000008004ddc                ssd1306_Fill
 .text.ssd1306_UpdateScreen
                0x0000000008004e20       0x60 CMakeFiles/blink.elf.dir/UserSrc/Lib/ssd1306/Src/ssd1306.c.obj
                0x0000000008004e20                ssd1306_UpdateScreen
 .text.ssd1306_DrawPixel
                0x0000000008004e80       0xc0 CMakeFiles/blink.elf.dir/UserSrc/Lib/ssd1306/Src/ssd1306.c.obj
                0x0000000008004e80                ssd1306_DrawPixel
 .text.ssd1306_WriteChar
                0x0000000008004f40      0x100 CMakeFiles/blink.elf.dir/UserSrc/Lib/ssd1306/Src/ssd1306.c.obj
                0x0000000008004f40                ssd1306_WriteChar
 .text.ssd1306_WriteString
                0x0000000008005040       0x4c CMakeFiles/blink.elf.dir/UserSrc/Lib/ssd1306/Src/ssd1306.c.obj
                0x0000000008005040                ssd1306_WriteString
 .text.ssd1306_SetCursor
                0x000000000800508c       0x30 CMakeFiles/blink.elf.dir/UserSrc/Lib/ssd1306/Src/ssd1306.c.obj
                0x000000000800508c                ssd1306_SetCursor
 .text._sbrk    0x00000000080050bc       0x3c CMakeFiles/blink.elf.dir/UserSrc/Lib/syscall/Src/syscalls.c.obj
                0x00000000080050bc                _sbrk
 .text.Reset_Handler
                0x00000000080050f8       0x48 libCMSIS.a(startup_stm32f103xb.s.obj)
                0x00000000080050f8                Reset_Handler
 .text.Default_Handler
                0x0000000008005140        0x2 libCMSIS.a(startup_stm32f103xb.s.obj)
                0x0000000008005140                RTC_Alarm_IRQHandler
                0x0000000008005140                EXTI2_IRQHandler
                0x0000000008005140                TIM1_CC_IRQHandler
                0x0000000008005140                PVD_IRQHandler
                0x0000000008005140                EXTI3_IRQHandler
                0x0000000008005140                EXTI0_IRQHandler
                0x0000000008005140                I2C2_EV_IRQHandler
                0x0000000008005140                ADC1_2_IRQHandler
                0x0000000008005140                SPI1_IRQHandler
                0x0000000008005140                TAMPER_IRQHandler
                0x0000000008005140                DMA1_Channel4_IRQHandler
                0x0000000008005140                USART3_IRQHandler
                0x0000000008005140                RTC_IRQHandler
                0x0000000008005140                DMA1_Channel7_IRQHandler
                0x0000000008005140                CAN1_RX1_IRQHandler
                0x0000000008005140                I2C1_EV_IRQHandler
                0x0000000008005140                DMA1_Channel6_IRQHandler
                0x0000000008005140                RCC_IRQHandler
                0x0000000008005140                TIM1_TRG_COM_IRQHandler
                0x0000000008005140                DMA1_Channel1_IRQHandler
                0x0000000008005140                Default_Handler
                0x0000000008005140                EXTI15_10_IRQHandler
                0x0000000008005140                EXTI9_5_IRQHandler
                0x0000000008005140                SPI2_IRQHandler
                0x0000000008005140                DMA1_Channel5_IRQHandler
                0x0000000008005140                EXTI4_IRQHandler
                0x0000000008005140                USB_LP_CAN1_RX0_IRQHandler
                0x0000000008005140                USB_HP_CAN1_TX_IRQHandler
                0x0000000008005140                DMA1_Channel3_IRQHandler
                0x0000000008005140                TIM1_UP_IRQHandler
                0x0000000008005140                WWDG_IRQHandler
                0x0000000008005140                TIM2_IRQHandler
                0x0000000008005140                TIM1_BRK_IRQHandler
                0x0000000008005140                EXTI1_IRQHandler
                0x0000000008005140                USART2_IRQHandler
                0x0000000008005140                I2C2_ER_IRQHandler
                0x0000000008005140                DMA1_Channel2_IRQHandler
                0x0000000008005140                CAN1_SCE_IRQHandler
                0x0000000008005140                FLASH_IRQHandler
                0x0000000008005140                USART1_IRQHandler
                0x0000000008005140                I2C1_ER_IRQHandler
                0x0000000008005140                USBWakeUp_IRQHandler
 .text.makeFreeRtosPriority
                0x0000000008005142       0x2e libFREERTOS.a(cmsis_os.c.obj)
 .text.osKernelStart
                0x0000000008005170        0xe libFREERTOS.a(cmsis_os.c.obj)
                0x0000000008005170                osKernelStart
 .text.osThreadCreate
                0x000000000800517e       0x4e libFREERTOS.a(cmsis_os.c.obj)
                0x000000000800517e                osThreadCreate
 .text.osDelay  0x00000000080051cc       0x28 libFREERTOS.a(cmsis_os.c.obj)
                0x00000000080051cc                osDelay
 .text.osSystickHandler
                0x00000000080051f4       0x16 libFREERTOS.a(cmsis_os.c.obj)
                0x00000000080051f4                osSystickHandler
 *fill*         0x000000000800520a        0x2 
 .text.pxPortInitialiseStack
                0x000000000800520c       0x58 libFREERTOS.a(port.c.obj)
                0x000000000800520c                pxPortInitialiseStack
 .text.prvTaskExitError
                0x0000000008005264       0x3c libFREERTOS.a(port.c.obj)
 .text.SVC_Handler
                0x00000000080052a0       0x28 libFREERTOS.a(port.c.obj)
                0x00000000080052a0                SVC_Handler
 .text.prvPortStartFirstTask
                0x00000000080052c8       0x20 libFREERTOS.a(port.c.obj)
 .text.xPortStartScheduler
                0x00000000080052e8       0xbc libFREERTOS.a(port.c.obj)
                0x00000000080052e8                xPortStartScheduler
 .text.vPortEnterCritical
                0x00000000080053a4       0x5c libFREERTOS.a(port.c.obj)
                0x00000000080053a4                vPortEnterCritical
 .text.vPortExitCritical
                0x0000000008005400       0x4c libFREERTOS.a(port.c.obj)
                0x0000000008005400                vPortExitCritical
 *fill*         0x000000000800544c        0x4 
 .text.PendSV_Handler
                0x0000000008005450       0x48 libFREERTOS.a(port.c.obj)
                0x0000000008005450                PendSV_Handler
 .text.xPortSysTickHandler
                0x0000000008005498       0x40 libFREERTOS.a(port.c.obj)
                0x0000000008005498                xPortSysTickHandler
 .text.vPortSetupTimerInterrupt
                0x00000000080054d8       0x34 libFREERTOS.a(port.c.obj)
                0x00000000080054d8                vPortSetupTimerInterrupt
 .text.pvPortMalloc
                0x000000000800550c      0x184 libFREERTOS.a(heap_4.c.obj)
                0x000000000800550c                pvPortMalloc
 .text.vPortFree
                0x0000000008005690       0xb0 libFREERTOS.a(heap_4.c.obj)
                0x0000000008005690                vPortFree
 .text.prvHeapInit
                0x0000000008005740       0xc4 libFREERTOS.a(heap_4.c.obj)
 .text.prvInsertBlockIntoFreeList
                0x0000000008005804       0xb0 libFREERTOS.a(heap_4.c.obj)
 .text.xTaskCreate
                0x00000000080058b4       0x82 libFREERTOS.a(tasks.c.obj)
                0x00000000080058b4                xTaskCreate
 .text.prvInitialiseNewTask
                0x0000000008005936       0xfc libFREERTOS.a(tasks.c.obj)
 *fill*         0x0000000008005a32        0x2 
 .text.prvAddNewTaskToReadyList
                0x0000000008005a34       0xd4 libFREERTOS.a(tasks.c.obj)
 .text.vTaskDelay
                0x0000000008005b08       0x68 libFREERTOS.a(tasks.c.obj)
                0x0000000008005b08                vTaskDelay
 .text.vTaskStartScheduler
                0x0000000008005b70       0x8c libFREERTOS.a(tasks.c.obj)
                0x0000000008005b70                vTaskStartScheduler
 .text.vTaskSuspendAll
                0x0000000008005bfc       0x1c libFREERTOS.a(tasks.c.obj)
                0x0000000008005bfc                vTaskSuspendAll
 .text.xTaskResumeAll
                0x0000000008005c18      0x138 libFREERTOS.a(tasks.c.obj)
                0x0000000008005c18                xTaskResumeAll
 .text.xTaskGetTickCount
                0x0000000008005d50       0x1c libFREERTOS.a(tasks.c.obj)
                0x0000000008005d50                xTaskGetTickCount
 .text.xTaskIncrementTick
                0x0000000008005d6c      0x178 libFREERTOS.a(tasks.c.obj)
                0x0000000008005d6c                xTaskIncrementTick
 .text.vTaskSwitchContext
                0x0000000008005ee4       0xb4 libFREERTOS.a(tasks.c.obj)
                0x0000000008005ee4                vTaskSwitchContext
 .text.prvIdleTask
                0x0000000008005f98       0x30 libFREERTOS.a(tasks.c.obj)
 .text.prvInitialiseTaskLists
                0x0000000008005fc8       0x80 libFREERTOS.a(tasks.c.obj)
 .text.prvCheckTasksWaitingTermination
                0x0000000008006048       0x78 libFREERTOS.a(tasks.c.obj)
 .text.prvDeleteTCB
                0x00000000080060c0       0x20 libFREERTOS.a(tasks.c.obj)
 .text.prvResetNextTaskUnblockTime
                0x00000000080060e0       0x48 libFREERTOS.a(tasks.c.obj)
 .text.xTaskGetSchedulerState
                0x0000000008006128       0x3c libFREERTOS.a(tasks.c.obj)
                0x0000000008006128                xTaskGetSchedulerState
 .text.prvAddCurrentTaskToDelayedList
                0x0000000008006164       0xcc libFREERTOS.a(tasks.c.obj)
 .text.vListInitialise
                0x0000000008006230       0x3e libFREERTOS.a(list.c.obj)
                0x0000000008006230                vListInitialise
 .text.vListInitialiseItem
                0x000000000800626e       0x18 libFREERTOS.a(list.c.obj)
                0x000000000800626e                vListInitialiseItem
 .text.vListInsertEnd
                0x0000000008006286       0x46 libFREERTOS.a(list.c.obj)
                0x0000000008006286                vListInsertEnd
 .text.vListInsert
                0x00000000080062cc       0x70 libFREERTOS.a(list.c.obj)
                0x00000000080062cc                vListInsert
 .text.uxListRemove
                0x000000000800633c       0x52 libFREERTOS.a(list.c.obj)
                0x000000000800633c                uxListRemove
 *(.glue_7)
 .glue_7        0x000000000800638e        0x0 linker stubs
 *(.glue_7t)
 .glue_7t       0x000000000800638e        0x0 linker stubs
 *(.eh_frame)
 *fill*         0x000000000800638e        0x2 
 .eh_frame      0x0000000008006390        0x0 /opt/cross/lib/gcc/arm-none-eabi/7.2.0/thumb/cortex-m3/crtbegin.o
 *(.init)
 .init          0x0000000008006390        0x4 /opt/cross/lib/gcc/arm-none-eabi/7.2.0/thumb/cortex-m3/crti.o
                0x0000000008006390                _init
 .init          0x0000000008006394        0x8 /opt/cross/lib/gcc/arm-none-eabi/7.2.0/thumb/cortex-m3/crtn.o
 *(.fini)
 .fini          0x000000000800639c        0x4 /opt/cross/lib/gcc/arm-none-eabi/7.2.0/thumb/cortex-m3/crti.o
                0x000000000800639c                _fini
 .fini          0x00000000080063a0        0x8 /opt/cross/lib/gcc/arm-none-eabi/7.2.0/thumb/cortex-m3/crtn.o
                0x00000000080063a8                . = ALIGN (0x4)
                0x00000000080063a8                _etext = .

.vfp11_veneer   0x00000000080063a8        0x0
 .vfp11_veneer  0x00000000080063a8        0x0 linker stubs

.v4_bx          0x00000000080063a8        0x0
 .v4_bx         0x00000000080063a8        0x0 linker stubs

.iplt           0x00000000080063a8        0x0
 .iplt          0x00000000080063a8        0x0 /opt/cross/lib/gcc/arm-none-eabi/7.2.0/thumb/cortex-m3/crtbegin.o

.rodata         0x00000000080063a8     0x162c
                0x00000000080063a8                . = ALIGN (0x4)
 *(.rodata)
 .rodata        0x00000000080063a8       0x9c CMakeFiles/blink.elf.dir/Src/main.c.obj
 .rodata        0x0000000008006444       0x12 CMakeFiles/blink.elf.dir/Drivers/STM32F1xx_HAL_Driver/Src/stm32f1xx_hal_rcc.c.obj
 *fill*         0x0000000008006456        0x2 
 .rodata        0x0000000008006458       0x23 CMakeFiles/blink.elf.dir/UserSrc/Src/lesson5.c.obj
 *fill*         0x000000000800647b        0x1 
 .rodata        0x000000000800647c        0x5 libFREERTOS.a(tasks.c.obj)
 *fill*         0x0000000008006481        0x3 
 .rodata        0x0000000008006484       0x20 /opt/cross/lib/gcc/arm-none-eabi/7.2.0/../../../../arm-none-eabi/lib/thumb/cortex-m3/libg.a(lib_a-svfprintf.o)
 .rodata        0x00000000080064a4       0x20 /opt/cross/lib/gcc/arm-none-eabi/7.2.0/../../../../arm-none-eabi/lib/thumb/cortex-m3/libg.a(lib_a-svfiprintf.o)
 *(.rodata*)
 .rodata.AHBPrescTable
                0x00000000080064c4       0x10 CMakeFiles/blink.elf.dir/Src/system_stm32f1xx.c.obj
                0x00000000080064c4                AHBPrescTable
 .rodata.APBPrescTable
                0x00000000080064d4        0x8 CMakeFiles/blink.elf.dir/Src/system_stm32f1xx.c.obj
                0x00000000080064d4                APBPrescTable
 .rodata.Font7x10
                0x00000000080064dc      0x76c CMakeFiles/blink.elf.dir/UserSrc/Lib/ssd1306/Src/fonts.c.obj
 .rodata.Font11x18
                0x0000000008006c48      0xd5c CMakeFiles/blink.elf.dir/UserSrc/Lib/ssd1306/Src/fonts.c.obj
 .rodata.str1.4
                0x00000000080079a4       0x30 /opt/cross/lib/gcc/arm-none-eabi/7.2.0/../../../../arm-none-eabi/lib/thumb/cortex-m3/libg.a(lib_a-svfprintf.o)
                                         0x2f (size before relaxing)
 .rodata.str1.4
                0x00000000080079d4       0x2f /opt/cross/lib/gcc/arm-none-eabi/7.2.0/../../../../arm-none-eabi/lib/thumb/cortex-m3/libg.a(lib_a-svfiprintf.o)
                0x0000000008007a04                . = ALIGN (0x4)

.rel.dyn        0x00000000080079d4        0x0
 .rel.iplt      0x00000000080079d4        0x0 /opt/cross/lib/gcc/arm-none-eabi/7.2.0/thumb/cortex-m3/crtbegin.o

.ARM.extab
 *(.ARM.extab* .gnu.linkonce.armextab.*)

.ARM            0x00000000080079d4        0x0
                0x00000000080079d4                __exidx_start = .
 *(.ARM.exidx*)
                0x00000000080079d4                __exidx_end = .

.preinit_array  0x00000000080079d4        0x0
                0x00000000080079d4                PROVIDE (__preinit_array_start, .)
 *(.preinit_array*)
                0x00000000080079d4                PROVIDE (__preinit_array_end, .)

.init_array     0x00000000080079d4        0x4
                0x00000000080079d4                PROVIDE (__init_array_start, .)
 *(SORT(.init_array.*))
 *(.init_array*)
 .init_array    0x00000000080079d4        0x4 /opt/cross/lib/gcc/arm-none-eabi/7.2.0/thumb/cortex-m3/crtbegin.o
                0x00000000080079d8                PROVIDE (__init_array_end, .)

.fini_array     0x00000000080079d8        0x4
                0x00000000080079d8                PROVIDE (__fini_array_start, .)
 *(SORT(.fini_array.*))
 *(.fini_array*)
 .fini_array    0x00000000080079d8        0x4 /opt/cross/lib/gcc/arm-none-eabi/7.2.0/thumb/cortex-m3/crtbegin.o
                0x00000000080079dc                PROVIDE (__fini_array_end, .)
                0x00000000080079dc                _sidata = LOADADDR (.data)

.data           0x0000000020000000      0x858 load address 0x00000000080079dc
                0x0000000020000000                . = ALIGN (0x4)
                0x0000000020000000                _sdata = .
 *(.data)
 .data          0x0000000020000000      0x430 /opt/cross/lib/gcc/arm-none-eabi/7.2.0/../../../../arm-none-eabi/lib/thumb/cortex-m3/libg.a(lib_a-impure.o)
                0x0000000020000000                _impure_ptr
 .data          0x0000000020000430      0x410 /opt/cross/lib/gcc/arm-none-eabi/7.2.0/../../../../arm-none-eabi/lib/thumb/cortex-m3/libg.a(lib_a-mallocr.o)
                0x0000000020000430                __malloc_av_
                0x0000000020000838                __malloc_sbrk_base
                0x000000002000083c                __malloc_trim_threshold
 *(.data*)
 .data.SystemCoreClock
                0x0000000020000840        0x4 CMakeFiles/blink.elf.dir/Src/system_stm32f1xx.c.obj
                0x0000000020000840                SystemCoreClock
 .data.Font_7x10
                0x0000000020000844        0x8 CMakeFiles/blink.elf.dir/UserSrc/Lib/ssd1306/Src/fonts.c.obj
                0x0000000020000844                Font_7x10
 .data.Font_11x18
                0x000000002000084c        0x8 CMakeFiles/blink.elf.dir/UserSrc/Lib/ssd1306/Src/fonts.c.obj
                0x000000002000084c                Font_11x18
 .data.uxCriticalNesting
                0x0000000020000854        0x4 libFREERTOS.a(port.c.obj)
                0x0000000020000858                . = ALIGN (0x4)
                0x0000000020000858                _edata = .

.tm_clone_table
                0x0000000020000858        0x0 load address 0x0000000008008234
 .tm_clone_table
                0x0000000020000858        0x0 /opt/cross/lib/gcc/arm-none-eabi/7.2.0/thumb/cortex-m3/crtbegin.o
 .tm_clone_table
                0x0000000020000858        0x0 /opt/cross/lib/gcc/arm-none-eabi/7.2.0/thumb/cortex-m3/crtend.o

.igot.plt       0x0000000020000858        0x0 load address 0x0000000008008234
 .igot.plt      0x0000000020000858        0x0 /opt/cross/lib/gcc/arm-none-eabi/7.2.0/thumb/cortex-m3/crtbegin.o
                0x0000000020000858                . = ALIGN (0x4)

.bss            0x0000000020000858     0x1eb8 load address 0x0000000008008234
                0x0000000020000858                _sbss = .
                0x0000000020000858                __bss_start__ = _sbss
 *(.bss)
 .bss           0x0000000020000858       0x1c /opt/cross/lib/gcc/arm-none-eabi/7.2.0/thumb/cortex-m3/crtbegin.o
 .bss           0x0000000020000874       0x34 /opt/cross/lib/gcc/arm-none-eabi/7.2.0/../../../../arm-none-eabi/lib/thumb/cortex-m3/libg.a(lib_a-mallocr.o)
                0x0000000020000874                __malloc_top_pad
                0x0000000020000878                __malloc_current_mallinfo
                0x00000000200008a0                __malloc_max_sbrked_mem
                0x00000000200008a4                __malloc_max_total_mem
 *(.bss*)
 .bss.hi2c1     0x00000000200008a8       0x54 CMakeFiles/blink.elf.dir/Src/main.c.obj
                0x00000000200008a8                hi2c1
 .bss.htim3     0x00000000200008fc       0x40 CMakeFiles/blink.elf.dir/Src/main.c.obj
                0x00000000200008fc                htim3
 .bss.displayOutputTask
                0x000000002000093c        0x4 CMakeFiles/blink.elf.dir/Src/main.c.obj
                0x000000002000093c                displayOutputTask
 .bss.tempratureTask
                0x0000000020000940        0x4 CMakeFiles/blink.elf.dir/Src/main.c.obj
                0x0000000020000940                tempratureTask
 .bss.ledTask   0x0000000020000944        0x4 CMakeFiles/blink.elf.dir/Src/main.c.obj
                0x0000000020000944                ledTask
 .bss.htim4     0x0000000020000948       0x40 CMakeFiles/blink.elf.dir/Src/stm32f1xx_hal_timebase_TIM.c.obj
                0x0000000020000948                htim4
 .bss.uwTick    0x0000000020000988        0x4 CMakeFiles/blink.elf.dir/Drivers/STM32F1xx_HAL_Driver/Src/stm32f1xx_hal.c.obj
                0x0000000020000988                uwTick
 .bss.dht       0x000000002000098c       0x28 CMakeFiles/blink.elf.dir/UserSrc/Src/lesson5.c.obj
                0x000000002000098c                dht
 .bss.SSD1306_Buffer
                0x00000000200009b4      0x400 CMakeFiles/blink.elf.dir/UserSrc/Lib/ssd1306/Src/ssd1306.c.obj
 .bss.SSD1306   0x0000000020000db4        0x6 CMakeFiles/blink.elf.dir/UserSrc/Lib/ssd1306/Src/ssd1306.c.obj
 *fill*         0x0000000020000dba        0x2 
 .bss.heap.5237
                0x0000000020000dbc        0x4 CMakeFiles/blink.elf.dir/UserSrc/Lib/syscall/Src/syscalls.c.obj
 .bss.ucMaxSysCallPriority
                0x0000000020000dc0        0x1 libFREERTOS.a(port.c.obj)
 *fill*         0x0000000020000dc1        0x3 
 .bss.ulMaxPRIGROUPValue
                0x0000000020000dc4        0x4 libFREERTOS.a(port.c.obj)
 .bss.ucHeap    0x0000000020000dc8     0x1800 libFREERTOS.a(heap_4.c.obj)
 .bss.xStart    0x00000000200025c8        0x8 libFREERTOS.a(heap_4.c.obj)
 .bss.pxEnd     0x00000000200025d0        0x4 libFREERTOS.a(heap_4.c.obj)
 .bss.xFreeBytesRemaining
                0x00000000200025d4        0x4 libFREERTOS.a(heap_4.c.obj)
 .bss.xMinimumEverFreeBytesRemaining
                0x00000000200025d8        0x4 libFREERTOS.a(heap_4.c.obj)
 .bss.xBlockAllocatedBit
                0x00000000200025dc        0x4 libFREERTOS.a(heap_4.c.obj)
 .bss.pxCurrentTCB
                0x00000000200025e0        0x4 libFREERTOS.a(tasks.c.obj)
                0x00000000200025e0                pxCurrentTCB
 .bss.pxReadyTasksLists
                0x00000000200025e4       0x8c libFREERTOS.a(tasks.c.obj)
 .bss.xDelayedTaskList1
                0x0000000020002670       0x14 libFREERTOS.a(tasks.c.obj)
 .bss.xDelayedTaskList2
                0x0000000020002684       0x14 libFREERTOS.a(tasks.c.obj)
 .bss.pxDelayedTaskList
                0x0000000020002698        0x4 libFREERTOS.a(tasks.c.obj)
 .bss.pxOverflowDelayedTaskList
                0x000000002000269c        0x4 libFREERTOS.a(tasks.c.obj)
 .bss.xPendingReadyList
                0x00000000200026a0       0x14 libFREERTOS.a(tasks.c.obj)
 .bss.xTasksWaitingTermination
                0x00000000200026b4       0x14 libFREERTOS.a(tasks.c.obj)
 .bss.uxDeletedTasksWaitingCleanUp
                0x00000000200026c8        0x4 libFREERTOS.a(tasks.c.obj)
 .bss.xSuspendedTaskList
                0x00000000200026cc       0x14 libFREERTOS.a(tasks.c.obj)
 .bss.uxCurrentNumberOfTasks
                0x00000000200026e0        0x4 libFREERTOS.a(tasks.c.obj)
 .bss.xTickCount
                0x00000000200026e4        0x4 libFREERTOS.a(tasks.c.obj)
 .bss.uxTopReadyPriority
                0x00000000200026e8        0x4 libFREERTOS.a(tasks.c.obj)
 .bss.xSchedulerRunning
                0x00000000200026ec        0x4 libFREERTOS.a(tasks.c.obj)
 .bss.uxPendedTicks
                0x00000000200026f0        0x4 libFREERTOS.a(tasks.c.obj)
 .bss.xYieldPending
                0x00000000200026f4        0x4 libFREERTOS.a(tasks.c.obj)
 .bss.xNumOfOverflows
                0x00000000200026f8        0x4 libFREERTOS.a(tasks.c.obj)
 .bss.uxTaskNumber
                0x00000000200026fc        0x4 libFREERTOS.a(tasks.c.obj)
 .bss.xNextTaskUnblockTime
                0x0000000020002700        0x4 libFREERTOS.a(tasks.c.obj)
 .bss.xIdleTaskHandle
                0x0000000020002704        0x4 libFREERTOS.a(tasks.c.obj)
 .bss.uxSchedulerSuspended
                0x0000000020002708        0x4 libFREERTOS.a(tasks.c.obj)
 *(COMMON)
 COMMON         0x000000002000270c        0x4 /opt/cross/lib/gcc/arm-none-eabi/7.2.0/../../../../arm-none-eabi/lib/thumb/cortex-m3/libg.a(lib_a-reent.o)
                0x000000002000270c                errno
                0x0000000020002710                . = ALIGN (0x4)
                0x0000000020002710                _ebss = .
                0x0000000020002710                __bss_end__ = _ebss

._user_heap_stack
                0x0000000020002710      0x600 load address 0x0000000008008234
                0x0000000020002710                . = ALIGN (0x8)
                [!provide]                        PROVIDE (end, .)
                0x0000000020002710                PROVIDE (_end, .)
                0x0000000020002910                . = (. + _Min_Heap_Size)
 *fill*         0x0000000020002710      0x200 
                0x0000000020002d10                . = (. + _Min_Stack_Size)
 *fill*         0x0000000020002910      0x400 
                0x0000000020002d10                . = ALIGN (0x8)

/DISCARD/
 libc.a(*)
 libm.a(*)
 libgcc.a(*)

.ARM.attributes
                0x0000000000000000       0x2f
 *(.ARM.attributes)
 .ARM.attributes
                0x0000000000000000       0x23 /opt/cross/lib/gcc/arm-none-eabi/7.2.0/thumb/cortex-m3/crti.o
 .ARM.attributes
                0x0000000000000023       0x33 /opt/cross/lib/gcc/arm-none-eabi/7.2.0/thumb/cortex-m3/crtbegin.o
 .ARM.attributes
                0x0000000000000056       0x33 CMakeFiles/blink.elf.dir/Src/main.c.obj
 .ARM.attributes
                0x0000000000000089       0x33 CMakeFiles/blink.elf.dir/Src/stm32f1xx_hal_msp.c.obj
 .ARM.attributes
                0x00000000000000bc       0x33 CMakeFiles/blink.elf.dir/Src/stm32f1xx_hal_timebase_TIM.c.obj
 .ARM.attributes
                0x00000000000000ef       0x33 CMakeFiles/blink.elf.dir/Src/stm32f1xx_it.c.obj
 .ARM.attributes
                0x0000000000000122       0x33 CMakeFiles/blink.elf.dir/Src/system_stm32f1xx.c.obj
 .ARM.attributes
                0x0000000000000155       0x33 CMakeFiles/blink.elf.dir/Drivers/STM32F1xx_HAL_Driver/Src/stm32f1xx_hal.c.obj
 .ARM.attributes
                0x0000000000000188       0x33 CMakeFiles/blink.elf.dir/Drivers/STM32F1xx_HAL_Driver/Src/stm32f1xx_hal_cortex.c.obj
 .ARM.attributes
                0x00000000000001bb       0x33 CMakeFiles/blink.elf.dir/Drivers/STM32F1xx_HAL_Driver/Src/stm32f1xx_hal_gpio.c.obj
 .ARM.attributes
                0x00000000000001ee       0x33 CMakeFiles/blink.elf.dir/Drivers/STM32F1xx_HAL_Driver/Src/stm32f1xx_hal_i2c.c.obj
 .ARM.attributes
                0x0000000000000221       0x33 CMakeFiles/blink.elf.dir/Drivers/STM32F1xx_HAL_Driver/Src/stm32f1xx_hal_rcc.c.obj
 .ARM.attributes
                0x0000000000000254       0x33 CMakeFiles/blink.elf.dir/Drivers/STM32F1xx_HAL_Driver/Src/stm32f1xx_hal_tim.c.obj
 .ARM.attributes
                0x0000000000000287       0x33 CMakeFiles/blink.elf.dir/Drivers/STM32F1xx_HAL_Driver/Src/stm32f1xx_hal_tim_ex.c.obj
 .ARM.attributes
                0x00000000000002ba       0x33 CMakeFiles/blink.elf.dir/UserSrc/Src/lesson5.c.obj
 .ARM.attributes
                0x00000000000002ed       0x33 CMakeFiles/blink.elf.dir/UserSrc/Lib/dh11/Src/dht11.c.obj
 .ARM.attributes
                0x0000000000000320       0x33 CMakeFiles/blink.elf.dir/UserSrc/Lib/ssd1306/Src/fonts.c.obj
 .ARM.attributes
                0x0000000000000353       0x33 CMakeFiles/blink.elf.dir/UserSrc/Lib/ssd1306/Src/ssd1306.c.obj
 .ARM.attributes
                0x0000000000000386       0x33 CMakeFiles/blink.elf.dir/UserSrc/Lib/syscall/Src/syscalls.c.obj
 .ARM.attributes
                0x00000000000003b9       0x21 libCMSIS.a(startup_stm32f103xb.s.obj)
 .ARM.attributes
                0x00000000000003da       0x33 libFREERTOS.a(cmsis_os.c.obj)
 .ARM.attributes
                0x000000000000040d       0x33 libFREERTOS.a(port.c.obj)
 .ARM.attributes
                0x0000000000000440       0x33 libFREERTOS.a(heap_4.c.obj)
 .ARM.attributes
                0x0000000000000473       0x33 libFREERTOS.a(tasks.c.obj)
 .ARM.attributes
                0x00000000000004a6       0x33 libFREERTOS.a(list.c.obj)
 .ARM.attributes
                0x00000000000004d9       0x33 /opt/cross/lib/gcc/arm-none-eabi/7.2.0/../../../../arm-none-eabi/lib/thumb/cortex-m3/libg.a(lib_a-impure.o)
 .ARM.attributes
                0x000000000000050c       0x33 /opt/cross/lib/gcc/arm-none-eabi/7.2.0/../../../../arm-none-eabi/lib/thumb/cortex-m3/libg.a(lib_a-init.o)
 .ARM.attributes
                0x000000000000053f       0x21 /opt/cross/lib/gcc/arm-none-eabi/7.2.0/../../../../arm-none-eabi/lib/thumb/cortex-m3/libg.a(lib_a-memcpy.o)
 .ARM.attributes
                0x0000000000000560       0x33 /opt/cross/lib/gcc/arm-none-eabi/7.2.0/../../../../arm-none-eabi/lib/thumb/cortex-m3/libg.a(lib_a-snprintf.o)
 .ARM.attributes
                0x0000000000000593       0x33 /opt/cross/lib/gcc/arm-none-eabi/7.2.0/../../../../arm-none-eabi/lib/thumb/cortex-m3/libg.a(lib_a-sprintf.o)
 .ARM.attributes
                0x00000000000005c6       0x33 /opt/cross/lib/gcc/arm-none-eabi/7.2.0/../../../../arm-none-eabi/lib/thumb/cortex-m3/libg.a(lib_a-svfprintf.o)
 .ARM.attributes
                0x00000000000005f9       0x33 /opt/cross/lib/gcc/arm-none-eabi/7.2.0/../../../../arm-none-eabi/lib/thumb/cortex-m3/libg.a(lib_a-mallocr.o)
 .ARM.attributes
                0x000000000000062c       0x33 /opt/cross/lib/gcc/arm-none-eabi/7.2.0/../../../../arm-none-eabi/lib/thumb/cortex-m3/libg.a(lib_a-memchr-stub.o)
 .ARM.attributes
                0x000000000000065f       0x33 /opt/cross/lib/gcc/arm-none-eabi/7.2.0/../../../../arm-none-eabi/lib/thumb/cortex-m3/libg.a(lib_a-mlock.o)
 .ARM.attributes
                0x0000000000000692       0x33 /opt/cross/lib/gcc/arm-none-eabi/7.2.0/../../../../arm-none-eabi/lib/thumb/cortex-m3/libg.a(lib_a-sbrkr.o)
 .ARM.attributes
                0x00000000000006c5       0x33 /opt/cross/lib/gcc/arm-none-eabi/7.2.0/../../../../arm-none-eabi/lib/thumb/cortex-m3/libg.a(lib_a-strlen-stub.o)
 .ARM.attributes
                0x00000000000006f8       0x33 /opt/cross/lib/gcc/arm-none-eabi/7.2.0/../../../../arm-none-eabi/lib/thumb/cortex-m3/libg.a(lib_a-svfiprintf.o)
 .ARM.attributes
                0x000000000000072b       0x33 /opt/cross/lib/gcc/arm-none-eabi/7.2.0/../../../../arm-none-eabi/lib/thumb/cortex-m3/libg.a(lib_a-freer.o)
 .ARM.attributes
                0x000000000000075e       0x33 /opt/cross/lib/gcc/arm-none-eabi/7.2.0/../../../../arm-none-eabi/lib/thumb/cortex-m3/libg.a(lib_a-memmove.o)
 .ARM.attributes
                0x0000000000000791       0x33 /opt/cross/lib/gcc/arm-none-eabi/7.2.0/../../../../arm-none-eabi/lib/thumb/cortex-m3/libg.a(lib_a-reallocr.o)
 .ARM.attributes
                0x00000000000007c4       0x33 /opt/cross/lib/gcc/arm-none-eabi/7.2.0/../../../../arm-none-eabi/lib/thumb/cortex-m3/libg.a(lib_a-reent.o)
 .ARM.attributes
                0x00000000000007f7       0x33 /opt/cross/lib/gcc/arm-none-eabi/7.2.0/thumb/cortex-m3/crtend.o
 .ARM.attributes
                0x000000000000082a       0x23 /opt/cross/lib/gcc/arm-none-eabi/7.2.0/thumb/cortex-m3/crtn.o
OUTPUT(blink.elf elf32-littlearm)

.comment        0x0000000000000000       0x11
 .comment       0x0000000000000000       0x11 /opt/cross/lib/gcc/arm-none-eabi/7.2.0/thumb/cortex-m3/crtbegin.o
                                         0x12 (size before relaxing)
 .comment       0x0000000000000011       0x12 CMakeFiles/blink.elf.dir/Src/main.c.obj
 .comment       0x0000000000000011       0x12 CMakeFiles/blink.elf.dir/Src/stm32f1xx_hal_msp.c.obj
 .comment       0x0000000000000011       0x12 CMakeFiles/blink.elf.dir/Src/stm32f1xx_hal_timebase_TIM.c.obj
 .comment       0x0000000000000011       0x12 CMakeFiles/blink.elf.dir/Src/stm32f1xx_it.c.obj
 .comment       0x0000000000000011       0x12 CMakeFiles/blink.elf.dir/Src/system_stm32f1xx.c.obj
 .comment       0x0000000000000011       0x12 CMakeFiles/blink.elf.dir/Drivers/STM32F1xx_HAL_Driver/Src/stm32f1xx_hal.c.obj
 .comment       0x0000000000000011       0x12 CMakeFiles/blink.elf.dir/Drivers/STM32F1xx_HAL_Driver/Src/stm32f1xx_hal_cortex.c.obj
 .comment       0x0000000000000011       0x12 CMakeFiles/blink.elf.dir/Drivers/STM32F1xx_HAL_Driver/Src/stm32f1xx_hal_gpio.c.obj
 .comment       0x0000000000000011       0x12 CMakeFiles/blink.elf.dir/Drivers/STM32F1xx_HAL_Driver/Src/stm32f1xx_hal_i2c.c.obj
 .comment       0x0000000000000011       0x12 CMakeFiles/blink.elf.dir/Drivers/STM32F1xx_HAL_Driver/Src/stm32f1xx_hal_rcc.c.obj
 .comment       0x0000000000000011       0x12 CMakeFiles/blink.elf.dir/Drivers/STM32F1xx_HAL_Driver/Src/stm32f1xx_hal_tim.c.obj
 .comment       0x0000000000000011       0x12 CMakeFiles/blink.elf.dir/Drivers/STM32F1xx_HAL_Driver/Src/stm32f1xx_hal_tim_ex.c.obj
 .comment       0x0000000000000011       0x12 CMakeFiles/blink.elf.dir/UserSrc/Src/lesson5.c.obj
 .comment       0x0000000000000011       0x12 CMakeFiles/blink.elf.dir/UserSrc/Lib/dh11/Src/dht11.c.obj
 .comment       0x0000000000000011       0x12 CMakeFiles/blink.elf.dir/UserSrc/Lib/ssd1306/Src/fonts.c.obj
 .comment       0x0000000000000011       0x12 CMakeFiles/blink.elf.dir/UserSrc/Lib/ssd1306/Src/ssd1306.c.obj
 .comment       0x0000000000000011       0x12 CMakeFiles/blink.elf.dir/UserSrc/Lib/syscall/Src/syscalls.c.obj
 .comment       0x0000000000000011       0x12 libFREERTOS.a(cmsis_os.c.obj)
 .comment       0x0000000000000011       0x12 libFREERTOS.a(port.c.obj)
 .comment       0x0000000000000011       0x12 libFREERTOS.a(heap_4.c.obj)
 .comment       0x0000000000000011       0x12 libFREERTOS.a(tasks.c.obj)
 .comment       0x0000000000000011       0x12 libFREERTOS.a(list.c.obj)
 .comment       0x0000000000000011       0x12 /opt/cross/lib/gcc/arm-none-eabi/7.2.0/../../../../arm-none-eabi/lib/thumb/cortex-m3/libg.a(lib_a-impure.o)
 .comment       0x0000000000000011       0x12 /opt/cross/lib/gcc/arm-none-eabi/7.2.0/../../../../arm-none-eabi/lib/thumb/cortex-m3/libg.a(lib_a-init.o)
 .comment       0x0000000000000011       0x12 /opt/cross/lib/gcc/arm-none-eabi/7.2.0/../../../../arm-none-eabi/lib/thumb/cortex-m3/libg.a(lib_a-snprintf.o)
 .comment       0x0000000000000011       0x12 /opt/cross/lib/gcc/arm-none-eabi/7.2.0/../../../../arm-none-eabi/lib/thumb/cortex-m3/libg.a(lib_a-sprintf.o)
 .comment       0x0000000000000011       0x12 /opt/cross/lib/gcc/arm-none-eabi/7.2.0/../../../../arm-none-eabi/lib/thumb/cortex-m3/libg.a(lib_a-svfprintf.o)
 .comment       0x0000000000000011       0x12 /opt/cross/lib/gcc/arm-none-eabi/7.2.0/../../../../arm-none-eabi/lib/thumb/cortex-m3/libg.a(lib_a-mallocr.o)
 .comment       0x0000000000000011       0x12 /opt/cross/lib/gcc/arm-none-eabi/7.2.0/../../../../arm-none-eabi/lib/thumb/cortex-m3/libg.a(lib_a-memchr-stub.o)
 .comment       0x0000000000000011       0x12 /opt/cross/lib/gcc/arm-none-eabi/7.2.0/../../../../arm-none-eabi/lib/thumb/cortex-m3/libg.a(lib_a-mlock.o)
 .comment       0x0000000000000011       0x12 /opt/cross/lib/gcc/arm-none-eabi/7.2.0/../../../../arm-none-eabi/lib/thumb/cortex-m3/libg.a(lib_a-sbrkr.o)
 .comment       0x0000000000000011       0x12 /opt/cross/lib/gcc/arm-none-eabi/7.2.0/../../../../arm-none-eabi/lib/thumb/cortex-m3/libg.a(lib_a-strlen-stub.o)
 .comment       0x0000000000000011       0x12 /opt/cross/lib/gcc/arm-none-eabi/7.2.0/../../../../arm-none-eabi/lib/thumb/cortex-m3/libg.a(lib_a-svfiprintf.o)
 .comment       0x0000000000000011       0x12 /opt/cross/lib/gcc/arm-none-eabi/7.2.0/../../../../arm-none-eabi/lib/thumb/cortex-m3/libg.a(lib_a-freer.o)
 .comment       0x0000000000000011       0x12 /opt/cross/lib/gcc/arm-none-eabi/7.2.0/../../../../arm-none-eabi/lib/thumb/cortex-m3/libg.a(lib_a-memmove.o)
 .comment       0x0000000000000011       0x12 /opt/cross/lib/gcc/arm-none-eabi/7.2.0/../../../../arm-none-eabi/lib/thumb/cortex-m3/libg.a(lib_a-reallocr.o)
 .comment       0x0000000000000011       0x12 /opt/cross/lib/gcc/arm-none-eabi/7.2.0/../../../../arm-none-eabi/lib/thumb/cortex-m3/libg.a(lib_a-reent.o)
 .comment       0x0000000000000011       0x12 /opt/cross/lib/gcc/arm-none-eabi/7.2.0/thumb/cortex-m3/crtend.o

.debug_info     0x0000000000000000    0x254aa
 .debug_info    0x0000000000000000     0x17b3 CMakeFiles/blink.elf.dir/Src/main.c.obj
 .debug_info    0x00000000000017b3     0x1451 CMakeFiles/blink.elf.dir/Src/stm32f1xx_hal_msp.c.obj
 .debug_info    0x0000000000002c04     0x10bc CMakeFiles/blink.elf.dir/Src/stm32f1xx_hal_timebase_TIM.c.obj
 .debug_info    0x0000000000003cc0     0x1083 CMakeFiles/blink.elf.dir/Src/stm32f1xx_it.c.obj
 .debug_info    0x0000000000004d43      0x3e5 CMakeFiles/blink.elf.dir/Src/system_stm32f1xx.c.obj
 .debug_info    0x0000000000005128      0xe2e CMakeFiles/blink.elf.dir/Drivers/STM32F1xx_HAL_Driver/Src/stm32f1xx_hal.c.obj
 .debug_info    0x0000000000005f56     0x12fb CMakeFiles/blink.elf.dir/Drivers/STM32F1xx_HAL_Driver/Src/stm32f1xx_hal_cortex.c.obj
 .debug_info    0x0000000000007251      0xe60 CMakeFiles/blink.elf.dir/Drivers/STM32F1xx_HAL_Driver/Src/stm32f1xx_hal_gpio.c.obj
 .debug_info    0x00000000000080b1     0x2972 CMakeFiles/blink.elf.dir/Drivers/STM32F1xx_HAL_Driver/Src/stm32f1xx_hal_i2c.c.obj
 .debug_info    0x000000000000aa23      0xfc6 CMakeFiles/blink.elf.dir/Drivers/STM32F1xx_HAL_Driver/Src/stm32f1xx_hal_rcc.c.obj
 .debug_info    0x000000000000b9e9     0x29c9 CMakeFiles/blink.elf.dir/Drivers/STM32F1xx_HAL_Driver/Src/stm32f1xx_hal_tim.c.obj
 .debug_info    0x000000000000e3b2     0x1778 CMakeFiles/blink.elf.dir/Drivers/STM32F1xx_HAL_Driver/Src/stm32f1xx_hal_tim_ex.c.obj
 .debug_info    0x000000000000fb2a     0x145b CMakeFiles/blink.elf.dir/UserSrc/Src/lesson5.c.obj
 .debug_info    0x0000000000010f85     0x12c1 CMakeFiles/blink.elf.dir/UserSrc/Lib/dh11/Src/dht11.c.obj
 .debug_info    0x0000000000012246      0xa37 CMakeFiles/blink.elf.dir/UserSrc/Lib/ssd1306/Src/fonts.c.obj
 .debug_info    0x0000000000012c7d     0x1076 CMakeFiles/blink.elf.dir/UserSrc/Lib/ssd1306/Src/ssd1306.c.obj
 .debug_info    0x0000000000013cf3      0xc7b CMakeFiles/blink.elf.dir/UserSrc/Lib/syscall/Src/syscalls.c.obj
 .debug_info    0x000000000001496e     0x1aec libFREERTOS.a(cmsis_os.c.obj)
 .debug_info    0x000000000001645a      0x499 libFREERTOS.a(port.c.obj)
 .debug_info    0x00000000000168f3      0xbe4 libFREERTOS.a(heap_4.c.obj)
 .debug_info    0x00000000000174d7     0x20ad libFREERTOS.a(tasks.c.obj)
 .debug_info    0x0000000000019584      0xaba libFREERTOS.a(list.c.obj)
 .debug_info    0x000000000001a03e      0x8a9 /opt/cross/lib/gcc/arm-none-eabi/7.2.0/../../../../arm-none-eabi/lib/thumb/cortex-m3/libg.a(lib_a-impure.o)
 .debug_info    0x000000000001a8e7      0x109 /opt/cross/lib/gcc/arm-none-eabi/7.2.0/../../../../arm-none-eabi/lib/thumb/cortex-m3/libg.a(lib_a-init.o)
 .debug_info    0x000000000001a9f0       0x26 /opt/cross/lib/gcc/arm-none-eabi/7.2.0/../../../../arm-none-eabi/lib/thumb/cortex-m3/libg.a(lib_a-memcpy.o)
 .debug_info    0x000000000001aa16      0xc83 /opt/cross/lib/gcc/arm-none-eabi/7.2.0/../../../../arm-none-eabi/lib/thumb/cortex-m3/libg.a(lib_a-snprintf.o)
 .debug_info    0x000000000001b699      0xbd7 /opt/cross/lib/gcc/arm-none-eabi/7.2.0/../../../../arm-none-eabi/lib/thumb/cortex-m3/libg.a(lib_a-sprintf.o)
 .debug_info    0x000000000001c270     0x1534 /opt/cross/lib/gcc/arm-none-eabi/7.2.0/../../../../arm-none-eabi/lib/thumb/cortex-m3/libg.a(lib_a-svfprintf.o)
 .debug_info    0x000000000001d7a4      0xde1 /opt/cross/lib/gcc/arm-none-eabi/7.2.0/../../../../arm-none-eabi/lib/thumb/cortex-m3/libg.a(lib_a-mallocr.o)
 .debug_info    0x000000000001e585      0x939 /opt/cross/lib/gcc/arm-none-eabi/7.2.0/../../../../arm-none-eabi/lib/thumb/cortex-m3/libg.a(lib_a-memchr-stub.o)
 .debug_info    0x000000000001eebe      0x8dc /opt/cross/lib/gcc/arm-none-eabi/7.2.0/../../../../arm-none-eabi/lib/thumb/cortex-m3/libg.a(lib_a-mlock.o)
 .debug_info    0x000000000001f79a      0x95e /opt/cross/lib/gcc/arm-none-eabi/7.2.0/../../../../arm-none-eabi/lib/thumb/cortex-m3/libg.a(lib_a-sbrkr.o)
 .debug_info    0x00000000000200f8      0x8ba /opt/cross/lib/gcc/arm-none-eabi/7.2.0/../../../../arm-none-eabi/lib/thumb/cortex-m3/libg.a(lib_a-strlen-stub.o)
 .debug_info    0x00000000000209b2     0x1801 /opt/cross/lib/gcc/arm-none-eabi/7.2.0/../../../../arm-none-eabi/lib/thumb/cortex-m3/libg.a(lib_a-svfiprintf.o)
 .debug_info    0x00000000000221b3      0xcc2 /opt/cross/lib/gcc/arm-none-eabi/7.2.0/../../../../arm-none-eabi/lib/thumb/cortex-m3/libg.a(lib_a-freer.o)
 .debug_info    0x0000000000022e75      0xe31 /opt/cross/lib/gcc/arm-none-eabi/7.2.0/../../../../arm-none-eabi/lib/thumb/cortex-m3/libg.a(lib_a-memmove.o)
 .debug_info    0x0000000000023ca6      0xdd7 /opt/cross/lib/gcc/arm-none-eabi/7.2.0/../../../../arm-none-eabi/lib/thumb/cortex-m3/libg.a(lib_a-reallocr.o)
 .debug_info    0x0000000000024a7d      0xa2d /opt/cross/lib/gcc/arm-none-eabi/7.2.0/../../../../arm-none-eabi/lib/thumb/cortex-m3/libg.a(lib_a-reent.o)

.debug_abbrev   0x0000000000000000     0x598a
 .debug_abbrev  0x0000000000000000      0x2eb CMakeFiles/blink.elf.dir/Src/main.c.obj
 .debug_abbrev  0x00000000000002eb      0x232 CMakeFiles/blink.elf.dir/Src/stm32f1xx_hal_msp.c.obj
 .debug_abbrev  0x000000000000051d      0x243 CMakeFiles/blink.elf.dir/Src/stm32f1xx_hal_timebase_TIM.c.obj
 .debug_abbrev  0x0000000000000760      0x226 CMakeFiles/blink.elf.dir/Src/stm32f1xx_it.c.obj
 .debug_abbrev  0x0000000000000986      0x131 CMakeFiles/blink.elf.dir/Src/system_stm32f1xx.c.obj
 .debug_abbrev  0x0000000000000ab7      0x2c9 CMakeFiles/blink.elf.dir/Drivers/STM32F1xx_HAL_Driver/Src/stm32f1xx_hal.c.obj
 .debug_abbrev  0x0000000000000d80      0x393 CMakeFiles/blink.elf.dir/Drivers/STM32F1xx_HAL_Driver/Src/stm32f1xx_hal_cortex.c.obj
 .debug_abbrev  0x0000000000001113      0x286 CMakeFiles/blink.elf.dir/Drivers/STM32F1xx_HAL_Driver/Src/stm32f1xx_hal_gpio.c.obj
 .debug_abbrev  0x0000000000001399      0x2df CMakeFiles/blink.elf.dir/Drivers/STM32F1xx_HAL_Driver/Src/stm32f1xx_hal_i2c.c.obj
 .debug_abbrev  0x0000000000001678      0x30d CMakeFiles/blink.elf.dir/Drivers/STM32F1xx_HAL_Driver/Src/stm32f1xx_hal_rcc.c.obj
 .debug_abbrev  0x0000000000001985      0x2e7 CMakeFiles/blink.elf.dir/Drivers/STM32F1xx_HAL_Driver/Src/stm32f1xx_hal_tim.c.obj
 .debug_abbrev  0x0000000000001c6c      0x2c4 CMakeFiles/blink.elf.dir/Drivers/STM32F1xx_HAL_Driver/Src/stm32f1xx_hal_tim_ex.c.obj
 .debug_abbrev  0x0000000000001f30      0x279 CMakeFiles/blink.elf.dir/UserSrc/Src/lesson5.c.obj
 .debug_abbrev  0x00000000000021a9      0x2ed CMakeFiles/blink.elf.dir/UserSrc/Lib/dh11/Src/dht11.c.obj
 .debug_abbrev  0x0000000000002496      0x1b7 CMakeFiles/blink.elf.dir/UserSrc/Lib/ssd1306/Src/fonts.c.obj
 .debug_abbrev  0x000000000000264d      0x284 CMakeFiles/blink.elf.dir/UserSrc/Lib/ssd1306/Src/ssd1306.c.obj
 .debug_abbrev  0x00000000000028d1      0x20d CMakeFiles/blink.elf.dir/UserSrc/Lib/syscall/Src/syscalls.c.obj
 .debug_abbrev  0x0000000000002ade      0x3a5 libFREERTOS.a(cmsis_os.c.obj)
 .debug_abbrev  0x0000000000002e83      0x202 libFREERTOS.a(port.c.obj)
 .debug_abbrev  0x0000000000003085      0x2d1 libFREERTOS.a(heap_4.c.obj)
 .debug_abbrev  0x0000000000003356      0x389 libFREERTOS.a(tasks.c.obj)
 .debug_abbrev  0x00000000000036df      0x1fb libFREERTOS.a(list.c.obj)
 .debug_abbrev  0x00000000000038da      0x192 /opt/cross/lib/gcc/arm-none-eabi/7.2.0/../../../../arm-none-eabi/lib/thumb/cortex-m3/libg.a(lib_a-impure.o)
 .debug_abbrev  0x0000000000003a6c       0xba /opt/cross/lib/gcc/arm-none-eabi/7.2.0/../../../../arm-none-eabi/lib/thumb/cortex-m3/libg.a(lib_a-init.o)
 .debug_abbrev  0x0000000000003b26       0x14 /opt/cross/lib/gcc/arm-none-eabi/7.2.0/../../../../arm-none-eabi/lib/thumb/cortex-m3/libg.a(lib_a-memcpy.o)
 .debug_abbrev  0x0000000000003b3a      0x26c /opt/cross/lib/gcc/arm-none-eabi/7.2.0/../../../../arm-none-eabi/lib/thumb/cortex-m3/libg.a(lib_a-snprintf.o)
 .debug_abbrev  0x0000000000003da6      0x258 /opt/cross/lib/gcc/arm-none-eabi/7.2.0/../../../../arm-none-eabi/lib/thumb/cortex-m3/libg.a(lib_a-sprintf.o)
 .debug_abbrev  0x0000000000003ffe      0x2d0 /opt/cross/lib/gcc/arm-none-eabi/7.2.0/../../../../arm-none-eabi/lib/thumb/cortex-m3/libg.a(lib_a-svfprintf.o)
 .debug_abbrev  0x00000000000042ce      0x2cd /opt/cross/lib/gcc/arm-none-eabi/7.2.0/../../../../arm-none-eabi/lib/thumb/cortex-m3/libg.a(lib_a-mallocr.o)
 .debug_abbrev  0x000000000000459b      0x1db /opt/cross/lib/gcc/arm-none-eabi/7.2.0/../../../../arm-none-eabi/lib/thumb/cortex-m3/libg.a(lib_a-memchr-stub.o)
 .debug_abbrev  0x0000000000004776      0x1d3 /opt/cross/lib/gcc/arm-none-eabi/7.2.0/../../../../arm-none-eabi/lib/thumb/cortex-m3/libg.a(lib_a-mlock.o)
 .debug_abbrev  0x0000000000004949      0x215 /opt/cross/lib/gcc/arm-none-eabi/7.2.0/../../../../arm-none-eabi/lib/thumb/cortex-m3/libg.a(lib_a-sbrkr.o)
 .debug_abbrev  0x0000000000004b5e      0x1a7 /opt/cross/lib/gcc/arm-none-eabi/7.2.0/../../../../arm-none-eabi/lib/thumb/cortex-m3/libg.a(lib_a-strlen-stub.o)
 .debug_abbrev  0x0000000000004d05      0x31e /opt/cross/lib/gcc/arm-none-eabi/7.2.0/../../../../arm-none-eabi/lib/thumb/cortex-m3/libg.a(lib_a-svfiprintf.o)
 .debug_abbrev  0x0000000000005023      0x291 /opt/cross/lib/gcc/arm-none-eabi/7.2.0/../../../../arm-none-eabi/lib/thumb/cortex-m3/libg.a(lib_a-freer.o)
 .debug_abbrev  0x00000000000052b4      0x1e3 /opt/cross/lib/gcc/arm-none-eabi/7.2.0/../../../../arm-none-eabi/lib/thumb/cortex-m3/libg.a(lib_a-memmove.o)
 .debug_abbrev  0x0000000000005497      0x262 /opt/cross/lib/gcc/arm-none-eabi/7.2.0/../../../../arm-none-eabi/lib/thumb/cortex-m3/libg.a(lib_a-reallocr.o)
 .debug_abbrev  0x00000000000056f9      0x291 /opt/cross/lib/gcc/arm-none-eabi/7.2.0/../../../../arm-none-eabi/lib/thumb/cortex-m3/libg.a(lib_a-reent.o)

.debug_aranges  0x0000000000000000     0x12c8
 .debug_aranges
                0x0000000000000000       0x58 CMakeFiles/blink.elf.dir/Src/main.c.obj
 .debug_aranges
                0x0000000000000058       0x40 CMakeFiles/blink.elf.dir/Src/stm32f1xx_hal_msp.c.obj
 .debug_aranges
                0x0000000000000098       0x30 CMakeFiles/blink.elf.dir/Src/stm32f1xx_hal_timebase_TIM.c.obj
 .debug_aranges
                0x00000000000000c8       0x60 CMakeFiles/blink.elf.dir/Src/stm32f1xx_it.c.obj
 .debug_aranges
                0x0000000000000128       0x28 CMakeFiles/blink.elf.dir/Src/system_stm32f1xx.c.obj
 .debug_aranges
                0x0000000000000150       0xb8 CMakeFiles/blink.elf.dir/Drivers/STM32F1xx_HAL_Driver/Src/stm32f1xx_hal.c.obj
 .debug_aranges
                0x0000000000000208      0x100 CMakeFiles/blink.elf.dir/Drivers/STM32F1xx_HAL_Driver/Src/stm32f1xx_hal_cortex.c.obj
 .debug_aranges
                0x0000000000000308       0x58 CMakeFiles/blink.elf.dir/Drivers/STM32F1xx_HAL_Driver/Src/stm32f1xx_hal_gpio.c.obj
 .debug_aranges
                0x0000000000000360      0x268 CMakeFiles/blink.elf.dir/Drivers/STM32F1xx_HAL_Driver/Src/stm32f1xx_hal_i2c.c.obj
 .debug_aranges
                0x00000000000005c8       0x90 CMakeFiles/blink.elf.dir/Drivers/STM32F1xx_HAL_Driver/Src/stm32f1xx_hal_rcc.c.obj
 .debug_aranges
                0x0000000000000658      0x368 CMakeFiles/blink.elf.dir/Drivers/STM32F1xx_HAL_Driver/Src/stm32f1xx_hal_tim.c.obj
 .debug_aranges
                0x00000000000009c0      0x138 CMakeFiles/blink.elf.dir/Drivers/STM32F1xx_HAL_Driver/Src/stm32f1xx_hal_tim_ex.c.obj
 .debug_aranges
                0x0000000000000af8       0x38 CMakeFiles/blink.elf.dir/UserSrc/Src/lesson5.c.obj
 .debug_aranges
                0x0000000000000b30       0x60 CMakeFiles/blink.elf.dir/UserSrc/Lib/dh11/Src/dht11.c.obj
 .debug_aranges
                0x0000000000000b90       0x18 CMakeFiles/blink.elf.dir/UserSrc/Lib/ssd1306/Src/fonts.c.obj
 .debug_aranges
                0x0000000000000ba8       0x58 CMakeFiles/blink.elf.dir/UserSrc/Lib/ssd1306/Src/ssd1306.c.obj
 .debug_aranges
                0x0000000000000c00       0x60 CMakeFiles/blink.elf.dir/UserSrc/Lib/syscall/Src/syscalls.c.obj
 .debug_aranges
                0x0000000000000c60      0x1d8 libFREERTOS.a(cmsis_os.c.obj)
 .debug_aranges
                0x0000000000000e38       0x78 libFREERTOS.a(port.c.obj)
 .debug_aranges
                0x0000000000000eb0       0x50 libFREERTOS.a(heap_4.c.obj)
 .debug_aranges
                0x0000000000000f00      0x190 libFREERTOS.a(tasks.c.obj)
 .debug_aranges
                0x0000000000001090       0x40 libFREERTOS.a(list.c.obj)
 .debug_aranges
                0x00000000000010d0       0x18 /opt/cross/lib/gcc/arm-none-eabi/7.2.0/../../../../arm-none-eabi/lib/thumb/cortex-m3/libg.a(lib_a-impure.o)
 .debug_aranges
                0x00000000000010e8       0x20 /opt/cross/lib/gcc/arm-none-eabi/7.2.0/../../../../arm-none-eabi/lib/thumb/cortex-m3/libg.a(lib_a-init.o)
 .debug_aranges
                0x0000000000001108       0x20 /opt/cross/lib/gcc/arm-none-eabi/7.2.0/../../../../arm-none-eabi/lib/thumb/cortex-m3/libg.a(lib_a-memcpy.o)
 .debug_aranges
                0x0000000000001128       0x20 /opt/cross/lib/gcc/arm-none-eabi/7.2.0/../../../../arm-none-eabi/lib/thumb/cortex-m3/libg.a(lib_a-snprintf.o)
 .debug_aranges
                0x0000000000001148       0x20 /opt/cross/lib/gcc/arm-none-eabi/7.2.0/../../../../arm-none-eabi/lib/thumb/cortex-m3/libg.a(lib_a-sprintf.o)
 .debug_aranges
                0x0000000000001168       0x20 /opt/cross/lib/gcc/arm-none-eabi/7.2.0/../../../../arm-none-eabi/lib/thumb/cortex-m3/libg.a(lib_a-svfprintf.o)
 .debug_aranges
                0x0000000000001188       0x20 /opt/cross/lib/gcc/arm-none-eabi/7.2.0/../../../../arm-none-eabi/lib/thumb/cortex-m3/libg.a(lib_a-mallocr.o)
 .debug_aranges
                0x00000000000011a8       0x20 /opt/cross/lib/gcc/arm-none-eabi/7.2.0/../../../../arm-none-eabi/lib/thumb/cortex-m3/libg.a(lib_a-memchr-stub.o)
 .debug_aranges
                0x00000000000011c8       0x20 /opt/cross/lib/gcc/arm-none-eabi/7.2.0/../../../../arm-none-eabi/lib/thumb/cortex-m3/libg.a(lib_a-mlock.o)
 .debug_aranges
                0x00000000000011e8       0x20 /opt/cross/lib/gcc/arm-none-eabi/7.2.0/../../../../arm-none-eabi/lib/thumb/cortex-m3/libg.a(lib_a-sbrkr.o)
 .debug_aranges
                0x0000000000001208       0x20 /opt/cross/lib/gcc/arm-none-eabi/7.2.0/../../../../arm-none-eabi/lib/thumb/cortex-m3/libg.a(lib_a-strlen-stub.o)
 .debug_aranges
                0x0000000000001228       0x20 /opt/cross/lib/gcc/arm-none-eabi/7.2.0/../../../../arm-none-eabi/lib/thumb/cortex-m3/libg.a(lib_a-svfiprintf.o)
 .debug_aranges
                0x0000000000001248       0x20 /opt/cross/lib/gcc/arm-none-eabi/7.2.0/../../../../arm-none-eabi/lib/thumb/cortex-m3/libg.a(lib_a-freer.o)
 .debug_aranges
                0x0000000000001268       0x20 /opt/cross/lib/gcc/arm-none-eabi/7.2.0/../../../../arm-none-eabi/lib/thumb/cortex-m3/libg.a(lib_a-memmove.o)
 .debug_aranges
                0x0000000000001288       0x20 /opt/cross/lib/gcc/arm-none-eabi/7.2.0/../../../../arm-none-eabi/lib/thumb/cortex-m3/libg.a(lib_a-reallocr.o)
 .debug_aranges
                0x00000000000012a8       0x20 /opt/cross/lib/gcc/arm-none-eabi/7.2.0/../../../../arm-none-eabi/lib/thumb/cortex-m3/libg.a(lib_a-reent.o)

.debug_ranges   0x0000000000000000     0x1180
 .debug_ranges  0x0000000000000000       0x48 CMakeFiles/blink.elf.dir/Src/main.c.obj
 .debug_ranges  0x0000000000000048       0x30 CMakeFiles/blink.elf.dir/Src/stm32f1xx_hal_msp.c.obj
 .debug_ranges  0x0000000000000078       0x20 CMakeFiles/blink.elf.dir/Src/stm32f1xx_hal_timebase_TIM.c.obj
 .debug_ranges  0x0000000000000098       0x50 CMakeFiles/blink.elf.dir/Src/stm32f1xx_it.c.obj
 .debug_ranges  0x00000000000000e8       0x18 CMakeFiles/blink.elf.dir/Src/system_stm32f1xx.c.obj
 .debug_ranges  0x0000000000000100       0xa8 CMakeFiles/blink.elf.dir/Drivers/STM32F1xx_HAL_Driver/Src/stm32f1xx_hal.c.obj
 .debug_ranges  0x00000000000001a8       0xf0 CMakeFiles/blink.elf.dir/Drivers/STM32F1xx_HAL_Driver/Src/stm32f1xx_hal_cortex.c.obj
 .debug_ranges  0x0000000000000298       0x48 CMakeFiles/blink.elf.dir/Drivers/STM32F1xx_HAL_Driver/Src/stm32f1xx_hal_gpio.c.obj
 .debug_ranges  0x00000000000002e0      0x258 CMakeFiles/blink.elf.dir/Drivers/STM32F1xx_HAL_Driver/Src/stm32f1xx_hal_i2c.c.obj
 .debug_ranges  0x0000000000000538       0x80 CMakeFiles/blink.elf.dir/Drivers/STM32F1xx_HAL_Driver/Src/stm32f1xx_hal_rcc.c.obj
 .debug_ranges  0x00000000000005b8      0x358 CMakeFiles/blink.elf.dir/Drivers/STM32F1xx_HAL_Driver/Src/stm32f1xx_hal_tim.c.obj
 .debug_ranges  0x0000000000000910      0x128 CMakeFiles/blink.elf.dir/Drivers/STM32F1xx_HAL_Driver/Src/stm32f1xx_hal_tim_ex.c.obj
 .debug_ranges  0x0000000000000a38       0x28 CMakeFiles/blink.elf.dir/UserSrc/Src/lesson5.c.obj
 .debug_ranges  0x0000000000000a60       0x50 CMakeFiles/blink.elf.dir/UserSrc/Lib/dh11/Src/dht11.c.obj
 .debug_ranges  0x0000000000000ab0       0x48 CMakeFiles/blink.elf.dir/UserSrc/Lib/ssd1306/Src/ssd1306.c.obj
 .debug_ranges  0x0000000000000af8       0x50 CMakeFiles/blink.elf.dir/UserSrc/Lib/syscall/Src/syscalls.c.obj
 .debug_ranges  0x0000000000000b48      0x1c8 libFREERTOS.a(cmsis_os.c.obj)
 .debug_ranges  0x0000000000000d10       0x68 libFREERTOS.a(port.c.obj)
 .debug_ranges  0x0000000000000d78       0x40 libFREERTOS.a(heap_4.c.obj)
 .debug_ranges  0x0000000000000db8      0x180 libFREERTOS.a(tasks.c.obj)
 .debug_ranges  0x0000000000000f38       0x30 libFREERTOS.a(list.c.obj)
 .debug_ranges  0x0000000000000f68       0x28 /opt/cross/lib/gcc/arm-none-eabi/7.2.0/../../../../arm-none-eabi/lib/thumb/cortex-m3/libg.a(lib_a-svfprintf.o)
 .debug_ranges  0x0000000000000f90       0x40 /opt/cross/lib/gcc/arm-none-eabi/7.2.0/../../../../arm-none-eabi/lib/thumb/cortex-m3/libg.a(lib_a-mallocr.o)
 .debug_ranges  0x0000000000000fd0       0x10 /opt/cross/lib/gcc/arm-none-eabi/7.2.0/../../../../arm-none-eabi/lib/thumb/cortex-m3/libg.a(lib_a-strlen-stub.o)
 .debug_ranges  0x0000000000000fe0       0x70 /opt/cross/lib/gcc/arm-none-eabi/7.2.0/../../../../arm-none-eabi/lib/thumb/cortex-m3/libg.a(lib_a-svfiprintf.o)
 .debug_ranges  0x0000000000001050      0x130 /opt/cross/lib/gcc/arm-none-eabi/7.2.0/../../../../arm-none-eabi/lib/thumb/cortex-m3/libg.a(lib_a-reallocr.o)

.debug_line     0x0000000000000000     0xa3c9
 .debug_line    0x0000000000000000      0x4df CMakeFiles/blink.elf.dir/Src/main.c.obj
 .debug_line    0x00000000000004df      0x326 CMakeFiles/blink.elf.dir/Src/stm32f1xx_hal_msp.c.obj
 .debug_line    0x0000000000000805      0x2eb CMakeFiles/blink.elf.dir/Src/stm32f1xx_hal_timebase_TIM.c.obj
 .debug_line    0x0000000000000af0      0x372 CMakeFiles/blink.elf.dir/Src/stm32f1xx_it.c.obj
 .debug_line    0x0000000000000e62      0x1f4 CMakeFiles/blink.elf.dir/Src/system_stm32f1xx.c.obj
 .debug_line    0x0000000000001056      0x3ed CMakeFiles/blink.elf.dir/Drivers/STM32F1xx_HAL_Driver/Src/stm32f1xx_hal.c.obj
 .debug_line    0x0000000000001443      0x4c8 CMakeFiles/blink.elf.dir/Drivers/STM32F1xx_HAL_Driver/Src/stm32f1xx_hal_cortex.c.obj
 .debug_line    0x000000000000190b      0x48b CMakeFiles/blink.elf.dir/Drivers/STM32F1xx_HAL_Driver/Src/stm32f1xx_hal_gpio.c.obj
 .debug_line    0x0000000000001d96     0x1368 CMakeFiles/blink.elf.dir/Drivers/STM32F1xx_HAL_Driver/Src/stm32f1xx_hal_i2c.c.obj
 .debug_line    0x00000000000030fe      0x555 CMakeFiles/blink.elf.dir/Drivers/STM32F1xx_HAL_Driver/Src/stm32f1xx_hal_rcc.c.obj
 .debug_line    0x0000000000003653     0x1233 CMakeFiles/blink.elf.dir/Drivers/STM32F1xx_HAL_Driver/Src/stm32f1xx_hal_tim.c.obj
 .debug_line    0x0000000000004886      0x83e CMakeFiles/blink.elf.dir/Drivers/STM32F1xx_HAL_Driver/Src/stm32f1xx_hal_tim_ex.c.obj
 .debug_line    0x00000000000050c4      0x424 CMakeFiles/blink.elf.dir/UserSrc/Src/lesson5.c.obj
 .debug_line    0x00000000000054e8      0x424 CMakeFiles/blink.elf.dir/UserSrc/Lib/dh11/Src/dht11.c.obj
 .debug_line    0x000000000000590c      0x236 CMakeFiles/blink.elf.dir/UserSrc/Lib/ssd1306/Src/fonts.c.obj
 .debug_line    0x0000000000005b42      0x423 CMakeFiles/blink.elf.dir/UserSrc/Lib/ssd1306/Src/ssd1306.c.obj
 .debug_line    0x0000000000005f65      0x21a CMakeFiles/blink.elf.dir/UserSrc/Lib/syscall/Src/syscalls.c.obj
 .debug_line    0x000000000000617f      0x928 libFREERTOS.a(cmsis_os.c.obj)
 .debug_line    0x0000000000006aa7      0x369 libFREERTOS.a(port.c.obj)
 .debug_line    0x0000000000006e10      0x386 libFREERTOS.a(heap_4.c.obj)
 .debug_line    0x0000000000007196      0xcd4 libFREERTOS.a(tasks.c.obj)
 .debug_line    0x0000000000007e6a      0x30f libFREERTOS.a(list.c.obj)
 .debug_line    0x0000000000008179       0xec /opt/cross/lib/gcc/arm-none-eabi/7.2.0/../../../../arm-none-eabi/lib/thumb/cortex-m3/libg.a(lib_a-impure.o)
 .debug_line    0x0000000000008265       0xbf /opt/cross/lib/gcc/arm-none-eabi/7.2.0/../../../../arm-none-eabi/lib/thumb/cortex-m3/libg.a(lib_a-init.o)
 .debug_line    0x0000000000008324       0xbd /opt/cross/lib/gcc/arm-none-eabi/7.2.0/../../../../arm-none-eabi/lib/thumb/cortex-m3/libg.a(lib_a-memcpy.o)
 .debug_line    0x00000000000083e1      0x21f /opt/cross/lib/gcc/arm-none-eabi/7.2.0/../../../../arm-none-eabi/lib/thumb/cortex-m3/libg.a(lib_a-snprintf.o)
 .debug_line    0x0000000000008600      0x1a6 /opt/cross/lib/gcc/arm-none-eabi/7.2.0/../../../../arm-none-eabi/lib/thumb/cortex-m3/libg.a(lib_a-sprintf.o)
 .debug_line    0x00000000000087a6      0x521 /opt/cross/lib/gcc/arm-none-eabi/7.2.0/../../../../arm-none-eabi/lib/thumb/cortex-m3/libg.a(lib_a-svfprintf.o)
 .debug_line    0x0000000000008cc7      0x395 /opt/cross/lib/gcc/arm-none-eabi/7.2.0/../../../../arm-none-eabi/lib/thumb/cortex-m3/libg.a(lib_a-mallocr.o)
 .debug_line    0x000000000000905c      0x189 /opt/cross/lib/gcc/arm-none-eabi/7.2.0/../../../../arm-none-eabi/lib/thumb/cortex-m3/libg.a(lib_a-memchr-stub.o)
 .debug_line    0x00000000000091e5       0xfc /opt/cross/lib/gcc/arm-none-eabi/7.2.0/../../../../arm-none-eabi/lib/thumb/cortex-m3/libg.a(lib_a-mlock.o)
 .debug_line    0x00000000000092e1      0x15b /opt/cross/lib/gcc/arm-none-eabi/7.2.0/../../../../arm-none-eabi/lib/thumb/cortex-m3/libg.a(lib_a-sbrkr.o)
 .debug_line    0x000000000000943c      0x153 /opt/cross/lib/gcc/arm-none-eabi/7.2.0/../../../../arm-none-eabi/lib/thumb/cortex-m3/libg.a(lib_a-strlen-stub.o)
 .debug_line    0x000000000000958f      0x5c8 /opt/cross/lib/gcc/arm-none-eabi/7.2.0/../../../../arm-none-eabi/lib/thumb/cortex-m3/libg.a(lib_a-svfiprintf.o)
 .debug_line    0x0000000000009b57      0x28a /opt/cross/lib/gcc/arm-none-eabi/7.2.0/../../../../arm-none-eabi/lib/thumb/cortex-m3/libg.a(lib_a-freer.o)
 .debug_line    0x0000000000009de1      0x1f1 /opt/cross/lib/gcc/arm-none-eabi/7.2.0/../../../../arm-none-eabi/lib/thumb/cortex-m3/libg.a(lib_a-memmove.o)
 .debug_line    0x0000000000009fd2      0x279 /opt/cross/lib/gcc/arm-none-eabi/7.2.0/../../../../arm-none-eabi/lib/thumb/cortex-m3/libg.a(lib_a-reallocr.o)
 .debug_line    0x000000000000a24b      0x17e /opt/cross/lib/gcc/arm-none-eabi/7.2.0/../../../../arm-none-eabi/lib/thumb/cortex-m3/libg.a(lib_a-reent.o)

.debug_str      0x0000000000000000     0x63d0
 .debug_str     0x0000000000000000     0x1217 CMakeFiles/blink.elf.dir/Src/main.c.obj
                                       0x1394 (size before relaxing)
 .debug_str     0x0000000000001217       0xd2 CMakeFiles/blink.elf.dir/Src/stm32f1xx_hal_msp.c.obj
                                       0x1017 (size before relaxing)
 .debug_str     0x00000000000012e9       0xdc CMakeFiles/blink.elf.dir/Src/stm32f1xx_hal_timebase_TIM.c.obj
                                        0xdc7 (size before relaxing)
 .debug_str     0x00000000000013c5      0x1c3 CMakeFiles/blink.elf.dir/Src/stm32f1xx_it.c.obj
                                        0xb6e (size before relaxing)
 .debug_str     0x0000000000001588       0xc7 CMakeFiles/blink.elf.dir/Src/system_stm32f1xx.c.obj
                                        0x2d4 (size before relaxing)
 .debug_str     0x000000000000164f      0x1fb CMakeFiles/blink.elf.dir/Drivers/STM32F1xx_HAL_Driver/Src/stm32f1xx_hal.c.obj
                                        0xb39 (size before relaxing)
 .debug_str     0x000000000000184a      0x2e5 CMakeFiles/blink.elf.dir/Drivers/STM32F1xx_HAL_Driver/Src/stm32f1xx_hal_cortex.c.obj
                                        0xce2 (size before relaxing)
 .debug_str     0x0000000000001b2f      0x16b CMakeFiles/blink.elf.dir/Drivers/STM32F1xx_HAL_Driver/Src/stm32f1xx_hal_gpio.c.obj
                                        0x84f (size before relaxing)
 .debug_str     0x0000000000001c9a      0x7fa CMakeFiles/blink.elf.dir/Drivers/STM32F1xx_HAL_Driver/Src/stm32f1xx_hal_i2c.c.obj
                                       0x12a2 (size before relaxing)
 .debug_str     0x0000000000002494      0x220 CMakeFiles/blink.elf.dir/Drivers/STM32F1xx_HAL_Driver/Src/stm32f1xx_hal_rcc.c.obj
                                        0x9ff (size before relaxing)
 .debug_str     0x00000000000026b4      0xccf CMakeFiles/blink.elf.dir/Drivers/STM32F1xx_HAL_Driver/Src/stm32f1xx_hal_tim.c.obj
                                       0x1729 (size before relaxing)
 .debug_str     0x0000000000003383      0x503 CMakeFiles/blink.elf.dir/Drivers/STM32F1xx_HAL_Driver/Src/stm32f1xx_hal_tim_ex.c.obj
                                        0xfc6 (size before relaxing)
 .debug_str     0x0000000000003886      0x114 CMakeFiles/blink.elf.dir/UserSrc/Src/lesson5.c.obj
                                        0xe5a (size before relaxing)
 .debug_str     0x000000000000399a       0xe9 CMakeFiles/blink.elf.dir/UserSrc/Lib/dh11/Src/dht11.c.obj
                                        0xc3f (size before relaxing)
 .debug_str     0x0000000000003a83       0x66 CMakeFiles/blink.elf.dir/UserSrc/Lib/ssd1306/Src/fonts.c.obj
                                        0x65e (size before relaxing)
 .debug_str     0x0000000000003ae9      0x142 CMakeFiles/blink.elf.dir/UserSrc/Lib/ssd1306/Src/ssd1306.c.obj
                                        0xba2 (size before relaxing)
 .debug_str     0x0000000000003c2b      0x18f CMakeFiles/blink.elf.dir/UserSrc/Lib/syscall/Src/syscalls.c.obj
                                        0x72a (size before relaxing)
 .debug_str     0x0000000000003dba      0x7d5 libFREERTOS.a(cmsis_os.c.obj)
                                        0xf1c (size before relaxing)
 .debug_str     0x000000000000458f      0x25a libFREERTOS.a(port.c.obj)
                                        0x43f (size before relaxing)
 .debug_str     0x00000000000047e9      0x233 libFREERTOS.a(heap_4.c.obj)
                                        0x7c0 (size before relaxing)
 .debug_str     0x0000000000004a1c      0xa3d libFREERTOS.a(tasks.c.obj)
                                       0x110e (size before relaxing)
 .debug_str     0x0000000000005459       0xe1 libFREERTOS.a(list.c.obj)
                                        0x6f6 (size before relaxing)
 .debug_str     0x000000000000553a      0x103 /opt/cross/lib/gcc/arm-none-eabi/7.2.0/../../../../arm-none-eabi/lib/thumb/cortex-m3/libg.a(lib_a-impure.o)
                                        0x56b (size before relaxing)
 .debug_str     0x000000000000563d       0xe4 /opt/cross/lib/gcc/arm-none-eabi/7.2.0/../../../../arm-none-eabi/lib/thumb/cortex-m3/libg.a(lib_a-init.o)
                                        0x1ef (size before relaxing)
 .debug_str     0x0000000000005721       0xac /opt/cross/lib/gcc/arm-none-eabi/7.2.0/../../../../arm-none-eabi/lib/thumb/cortex-m3/libg.a(lib_a-memcpy.o)
 .debug_str     0x00000000000057cd      0x201 /opt/cross/lib/gcc/arm-none-eabi/7.2.0/../../../../arm-none-eabi/lib/thumb/cortex-m3/libg.a(lib_a-snprintf.o)
                                        0x70c (size before relaxing)
 .debug_str     0x00000000000059ce       0x43 /opt/cross/lib/gcc/arm-none-eabi/7.2.0/../../../../arm-none-eabi/lib/thumb/cortex-m3/libg.a(lib_a-sprintf.o)
                                        0x6e6 (size before relaxing)
 .debug_str     0x0000000000005a11      0x42d /opt/cross/lib/gcc/arm-none-eabi/7.2.0/../../../../arm-none-eabi/lib/thumb/cortex-m3/libg.a(lib_a-svfprintf.o)
                                        0xb6e (size before relaxing)
 .debug_str     0x0000000000005e3e      0x27b /opt/cross/lib/gcc/arm-none-eabi/7.2.0/../../../../arm-none-eabi/lib/thumb/cortex-m3/libg.a(lib_a-mallocr.o)
                                        0x7d3 (size before relaxing)
 .debug_str     0x00000000000060b9       0x57 /opt/cross/lib/gcc/arm-none-eabi/7.2.0/../../../../arm-none-eabi/lib/thumb/cortex-m3/libg.a(lib_a-memchr-stub.o)
                                        0x59b (size before relaxing)
 .debug_str     0x0000000000006110       0x44 /opt/cross/lib/gcc/arm-none-eabi/7.2.0/../../../../arm-none-eabi/lib/thumb/cortex-m3/libg.a(lib_a-mlock.o)
                                        0x593 (size before relaxing)
 .debug_str     0x0000000000006154       0x38 /opt/cross/lib/gcc/arm-none-eabi/7.2.0/../../../../arm-none-eabi/lib/thumb/cortex-m3/libg.a(lib_a-sbrkr.o)
                                        0x5ae (size before relaxing)
 .debug_str     0x000000000000618c       0x3d /opt/cross/lib/gcc/arm-none-eabi/7.2.0/../../../../arm-none-eabi/lib/thumb/cortex-m3/libg.a(lib_a-strlen-stub.o)
                                        0x581 (size before relaxing)
 .debug_str     0x00000000000061c9       0x7f /opt/cross/lib/gcc/arm-none-eabi/7.2.0/../../../../arm-none-eabi/lib/thumb/cortex-m3/libg.a(lib_a-svfiprintf.o)
                                        0xbe8 (size before relaxing)
 .debug_str     0x0000000000006248       0x34 /opt/cross/lib/gcc/arm-none-eabi/7.2.0/../../../../arm-none-eabi/lib/thumb/cortex-m3/libg.a(lib_a-freer.o)
                                        0x74c (size before relaxing)
 .debug_str     0x000000000000627c       0xac /opt/cross/lib/gcc/arm-none-eabi/7.2.0/../../../../arm-none-eabi/lib/thumb/cortex-m3/libg.a(lib_a-memmove.o)
                                        0x8b7 (size before relaxing)
 .debug_str     0x0000000000006328       0x4e /opt/cross/lib/gcc/arm-none-eabi/7.2.0/../../../../arm-none-eabi/lib/thumb/cortex-m3/libg.a(lib_a-reallocr.o)
                                        0x78a (size before relaxing)
 .debug_str     0x0000000000006376       0x5a /opt/cross/lib/gcc/arm-none-eabi/7.2.0/../../../../arm-none-eabi/lib/thumb/cortex-m3/libg.a(lib_a-reent.o)
                                        0x5a7 (size before relaxing)

.debug_frame    0x0000000000000000     0x496c
 .debug_frame   0x0000000000000000      0x11c CMakeFiles/blink.elf.dir/Src/main.c.obj
 .debug_frame   0x000000000000011c       0xc4 CMakeFiles/blink.elf.dir/Src/stm32f1xx_hal_msp.c.obj
 .debug_frame   0x00000000000001e0       0x74 CMakeFiles/blink.elf.dir/Src/stm32f1xx_hal_timebase_TIM.c.obj
 .debug_frame   0x0000000000000254      0x104 CMakeFiles/blink.elf.dir/Src/stm32f1xx_it.c.obj
 .debug_frame   0x0000000000000358       0x58 CMakeFiles/blink.elf.dir/Src/system_stm32f1xx.c.obj
 .debug_frame   0x00000000000003b0      0x298 CMakeFiles/blink.elf.dir/Drivers/STM32F1xx_HAL_Driver/Src/stm32f1xx_hal.c.obj
 .debug_frame   0x0000000000000648      0x428 CMakeFiles/blink.elf.dir/Drivers/STM32F1xx_HAL_Driver/Src/stm32f1xx_hal_cortex.c.obj
 .debug_frame   0x0000000000000a70      0x14c CMakeFiles/blink.elf.dir/Drivers/STM32F1xx_HAL_Driver/Src/stm32f1xx_hal_gpio.c.obj
 .debug_frame   0x0000000000000bbc      0xb30 CMakeFiles/blink.elf.dir/Drivers/STM32F1xx_HAL_Driver/Src/stm32f1xx_hal_i2c.c.obj
 .debug_frame   0x00000000000016ec      0x218 CMakeFiles/blink.elf.dir/Drivers/STM32F1xx_HAL_Driver/Src/stm32f1xx_hal_rcc.c.obj
 .debug_frame   0x0000000000001904      0xfb4 CMakeFiles/blink.elf.dir/Drivers/STM32F1xx_HAL_Driver/Src/stm32f1xx_hal_tim.c.obj
 .debug_frame   0x00000000000028b8      0x54c CMakeFiles/blink.elf.dir/Drivers/STM32F1xx_HAL_Driver/Src/stm32f1xx_hal_tim_ex.c.obj
 .debug_frame   0x0000000000002e04       0x94 CMakeFiles/blink.elf.dir/UserSrc/Src/lesson5.c.obj
 .debug_frame   0x0000000000002e98      0x168 CMakeFiles/blink.elf.dir/UserSrc/Lib/dh11/Src/dht11.c.obj
 .debug_frame   0x0000000000003000      0x138 CMakeFiles/blink.elf.dir/UserSrc/Lib/ssd1306/Src/ssd1306.c.obj
 .debug_frame   0x0000000000003138      0x168 CMakeFiles/blink.elf.dir/UserSrc/Lib/syscall/Src/syscalls.c.obj
 .debug_frame   0x00000000000032a0      0x808 libFREERTOS.a(cmsis_os.c.obj)
 .debug_frame   0x0000000000003aa8      0x18c libFREERTOS.a(port.c.obj)
 .debug_frame   0x0000000000003c34      0x108 libFREERTOS.a(heap_4.c.obj)
 .debug_frame   0x0000000000003d3c      0x6bc libFREERTOS.a(tasks.c.obj)
 .debug_frame   0x00000000000043f8       0xd8 libFREERTOS.a(list.c.obj)
 .debug_frame   0x00000000000044d0       0x2c /opt/cross/lib/gcc/arm-none-eabi/7.2.0/../../../../arm-none-eabi/lib/thumb/cortex-m3/libg.a(lib_a-init.o)
 .debug_frame   0x00000000000044fc       0x9c /opt/cross/lib/gcc/arm-none-eabi/7.2.0/../../../../arm-none-eabi/lib/thumb/cortex-m3/libg.a(lib_a-snprintf.o)
 .debug_frame   0x0000000000004598       0x80 /opt/cross/lib/gcc/arm-none-eabi/7.2.0/../../../../arm-none-eabi/lib/thumb/cortex-m3/libg.a(lib_a-sprintf.o)
 .debug_frame   0x0000000000004618       0x40 /opt/cross/lib/gcc/arm-none-eabi/7.2.0/../../../../arm-none-eabi/lib/thumb/cortex-m3/libg.a(lib_a-svfprintf.o)
 .debug_frame   0x0000000000004658       0x4c /opt/cross/lib/gcc/arm-none-eabi/7.2.0/../../../../arm-none-eabi/lib/thumb/cortex-m3/libg.a(lib_a-mallocr.o)
 .debug_frame   0x00000000000046a4       0x34 /opt/cross/lib/gcc/arm-none-eabi/7.2.0/../../../../arm-none-eabi/lib/thumb/cortex-m3/libg.a(lib_a-memchr-stub.o)
 .debug_frame   0x00000000000046d8       0x30 /opt/cross/lib/gcc/arm-none-eabi/7.2.0/../../../../arm-none-eabi/lib/thumb/cortex-m3/libg.a(lib_a-mlock.o)
 .debug_frame   0x0000000000004708       0x2c /opt/cross/lib/gcc/arm-none-eabi/7.2.0/../../../../arm-none-eabi/lib/thumb/cortex-m3/libg.a(lib_a-sbrkr.o)
 .debug_frame   0x0000000000004734       0x20 /opt/cross/lib/gcc/arm-none-eabi/7.2.0/../../../../arm-none-eabi/lib/thumb/cortex-m3/libg.a(lib_a-strlen-stub.o)
 .debug_frame   0x0000000000004754       0x98 /opt/cross/lib/gcc/arm-none-eabi/7.2.0/../../../../arm-none-eabi/lib/thumb/cortex-m3/libg.a(lib_a-svfiprintf.o)
 .debug_frame   0x00000000000047ec       0x80 /opt/cross/lib/gcc/arm-none-eabi/7.2.0/../../../../arm-none-eabi/lib/thumb/cortex-m3/libg.a(lib_a-freer.o)
 .debug_frame   0x000000000000486c       0x40 /opt/cross/lib/gcc/arm-none-eabi/7.2.0/../../../../arm-none-eabi/lib/thumb/cortex-m3/libg.a(lib_a-memmove.o)
 .debug_frame   0x00000000000048ac       0x58 /opt/cross/lib/gcc/arm-none-eabi/7.2.0/../../../../arm-none-eabi/lib/thumb/cortex-m3/libg.a(lib_a-reallocr.o)
 .debug_frame   0x0000000000004904       0x68 /opt/cross/lib/gcc/arm-none-eabi/7.2.0/../../../../arm-none-eabi/lib/thumb/cortex-m3/libg.a(lib_a-reent.o)

.debug_loc      0x0000000000000000     0x43ba
 .debug_loc     0x0000000000000000       0xa2 /opt/cross/lib/gcc/arm-none-eabi/7.2.0/../../../../arm-none-eabi/lib/thumb/cortex-m3/libg.a(lib_a-init.o)
 .debug_loc     0x00000000000000a2      0x2c0 /opt/cross/lib/gcc/arm-none-eabi/7.2.0/../../../../arm-none-eabi/lib/thumb/cortex-m3/libg.a(lib_a-snprintf.o)
 .debug_loc     0x0000000000000362       0x93 /opt/cross/lib/gcc/arm-none-eabi/7.2.0/../../../../arm-none-eabi/lib/thumb/cortex-m3/libg.a(lib_a-sprintf.o)
 .debug_loc     0x00000000000003f5      0xb19 /opt/cross/lib/gcc/arm-none-eabi/7.2.0/../../../../arm-none-eabi/lib/thumb/cortex-m3/libg.a(lib_a-svfprintf.o)
 .debug_loc     0x0000000000000f0e      0xc98 /opt/cross/lib/gcc/arm-none-eabi/7.2.0/../../../../arm-none-eabi/lib/thumb/cortex-m3/libg.a(lib_a-mallocr.o)