Archive member included to satisfy reference by file (symbol)

libCMSIS.a(startup_stm32f103xb.s.obj)
                              (Reset_Handler)
libFREERTOS.a(cmsis_os.c.obj)
                              CMakeFiles/blink.elf.dir/Src/main.c.obj (osKernelStart)
libFREERTOS.a(port.c.obj)     libFREERTOS.a(cmsis_os.c.obj) (vPortEnterCritical)
libFREERTOS.a(heap_4.c.obj)   libFREERTOS.a(cmsis_os.c.obj) (pvPortMalloc)
libFREERTOS.a(queue.c.obj)    libFREERTOS.a(cmsis_os.c.obj) (xQueueGenericCreate)
libFREERTOS.a(tasks.c.obj)    libFREERTOS.a(port.c.obj) (pxCurrentTCB)
libFREERTOS.a(list.c.obj)     libFREERTOS.a(queue.c.obj) (vListInitialise)
/opt/cross/lib/gcc/arm-none-eabi/7.2.0/../../../../arm-none-eabi/lib/thumb/cortex-m3/libg.a(lib_a-atexit.o)
                              /opt/cross/lib/gcc/arm-none-eabi/7.2.0/../../../../arm-none-eabi/lib/thumb/cortex-m3/crt0.o (atexit)
/opt/cross/lib/gcc/arm-none-eabi/7.2.0/../../../../arm-none-eabi/lib/thumb/cortex-m3/libg.a(lib_a-exit.o)
                              /opt/cross/lib/gcc/arm-none-eabi/7.2.0/../../../../arm-none-eabi/lib/thumb/cortex-m3/crt0.o (exit)
/opt/cross/lib/gcc/arm-none-eabi/7.2.0/../../../../arm-none-eabi/lib/thumb/cortex-m3/libg.a(lib_a-fini.o)
                              /opt/cross/lib/gcc/arm-none-eabi/7.2.0/../../../../arm-none-eabi/lib/thumb/cortex-m3/crt0.o (__libc_fini_array)
/opt/cross/lib/gcc/arm-none-eabi/7.2.0/../../../../arm-none-eabi/lib/thumb/cortex-m3/libg.a(lib_a-impure.o)
                              /opt/cross/lib/gcc/arm-none-eabi/7.2.0/../../../../arm-none-eabi/lib/thumb/cortex-m3/libg.a(lib_a-exit.o) (_global_impure_ptr)
/opt/cross/lib/gcc/arm-none-eabi/7.2.0/../../../../arm-none-eabi/lib/thumb/cortex-m3/libg.a(lib_a-init.o)
                              /opt/cross/lib/gcc/arm-none-eabi/7.2.0/../../../../arm-none-eabi/lib/thumb/cortex-m3/crt0.o (__libc_init_array)
/opt/cross/lib/gcc/arm-none-eabi/7.2.0/../../../../arm-none-eabi/lib/thumb/cortex-m3/libg.a(lib_a-memcpy.o)
                              libFREERTOS.a(queue.c.obj) (memcpy)
/opt/cross/lib/gcc/arm-none-eabi/7.2.0/../../../../arm-none-eabi/lib/thumb/cortex-m3/libg.a(lib_a-memset.o)
                              /opt/cross/lib/gcc/arm-none-eabi/7.2.0/../../../../arm-none-eabi/lib/thumb/cortex-m3/crt0.o (memset)
/opt/cross/lib/gcc/arm-none-eabi/7.2.0/../../../../arm-none-eabi/lib/thumb/cortex-m3/libg.a(lib_a-snprintf.o)
                              CMakeFiles/blink.elf.dir/UserSrc/Src/lesson5.c.obj (snprintf)
/opt/cross/lib/gcc/arm-none-eabi/7.2.0/../../../../arm-none-eabi/lib/thumb/cortex-m3/libg.a(lib_a-sprintf.o)
                              CMakeFiles/blink.elf.dir/UserSrc/Src/lesson5.c.obj (sprintf)
/opt/cross/lib/gcc/arm-none-eabi/7.2.0/../../../../arm-none-eabi/lib/thumb/cortex-m3/libg.a(lib_a-svfprintf.o)
                              /opt/cross/lib/gcc/arm-none-eabi/7.2.0/../../../../arm-none-eabi/lib/thumb/cortex-m3/libg.a(lib_a-snprintf.o) (_svfprintf_r)
/opt/cross/lib/gcc/arm-none-eabi/7.2.0/../../../../arm-none-eabi/lib/thumb/cortex-m3/libg.a(lib_a-__atexit.o)
                              /opt/cross/lib/gcc/arm-none-eabi/7.2.0/../../../../arm-none-eabi/lib/thumb/cortex-m3/libg.a(lib_a-atexit.o) (__register_exitproc)
/opt/cross/lib/gcc/arm-none-eabi/7.2.0/../../../../arm-none-eabi/lib/thumb/cortex-m3/libg.a(lib_a-__call_atexit.o)
                              /opt/cross/lib/gcc/arm-none-eabi/7.2.0/../../../../arm-none-eabi/lib/thumb/cortex-m3/libg.a(lib_a-exit.o) (__call_exitprocs)
/opt/cross/lib/gcc/arm-none-eabi/7.2.0/../../../../arm-none-eabi/lib/thumb/cortex-m3/libg.a(lib_a-mallocr.o)
                              /opt/cross/lib/gcc/arm-none-eabi/7.2.0/../../../../arm-none-eabi/lib/thumb/cortex-m3/libg.a(lib_a-svfprintf.o) (_malloc_r)
/opt/cross/lib/gcc/arm-none-eabi/7.2.0/../../../../arm-none-eabi/lib/thumb/cortex-m3/libg.a(lib_a-memchr-stub.o)
                              /opt/cross/lib/gcc/arm-none-eabi/7.2.0/../../../../arm-none-eabi/lib/thumb/cortex-m3/libg.a(lib_a-svfprintf.o) (memchr)
/opt/cross/lib/gcc/arm-none-eabi/7.2.0/../../../../arm-none-eabi/lib/thumb/cortex-m3/libg.a(lib_a-mlock.o)
                              /opt/cross/lib/gcc/arm-none-eabi/7.2.0/../../../../arm-none-eabi/lib/thumb/cortex-m3/libg.a(lib_a-mallocr.o) (__malloc_lock)
/opt/cross/lib/gcc/arm-none-eabi/7.2.0/../../../../arm-none-eabi/lib/thumb/cortex-m3/libg.a(lib_a-sbrkr.o)
                              /opt/cross/lib/gcc/arm-none-eabi/7.2.0/../../../../arm-none-eabi/lib/thumb/cortex-m3/libg.a(lib_a-mallocr.o) (_sbrk_r)
/opt/cross/lib/gcc/arm-none-eabi/7.2.0/../../../../arm-none-eabi/lib/thumb/cortex-m3/libg.a(lib_a-strlen-stub.o)
                              /opt/cross/lib/gcc/arm-none-eabi/7.2.0/../../../../arm-none-eabi/lib/thumb/cortex-m3/libg.a(lib_a-svfprintf.o) (strlen)
/opt/cross/lib/gcc/arm-none-eabi/7.2.0/../../../../arm-none-eabi/lib/thumb/cortex-m3/libg.a(lib_a-svfiprintf.o)
[...]
Memory Configuration

Name             Origin             Length             Attributes
RAM              0x0000000020000000 0x0000000000005000 xrw
FLASH            0x0000000008000000 0x0000000000010000 xr
*default*        0x0000000000000000 0xffffffffffffffff

Linker script and memory map

LOAD /opt/cross/lib/gcc/arm-none-eabi/7.2.0/thumb/cortex-m3/crti.o
LOAD /opt/cross/lib/gcc/arm-none-eabi/7.2.0/thumb/cortex-m3/crtbegin.o
LOAD /opt/cross/lib/gcc/arm-none-eabi/7.2.0/../../../../arm-none-eabi/lib/thumb/cortex-m3/crt0.o
LOAD CMakeFiles/blink.elf.dir/Src/freertos.c.obj
LOAD CMakeFiles/blink.elf.dir/Src/main.c.obj
LOAD CMakeFiles/blink.elf.dir/Src/stm32f1xx_hal_msp.c.obj
LOAD CMakeFiles/blink.elf.dir/Src/stm32f1xx_hal_timebase_TIM.c.obj
LOAD CMakeFiles/blink.elf.dir/Src/stm32f1xx_it.c.obj
LOAD CMakeFiles/blink.elf.dir/Src/system_stm32f1xx.c.obj
LOAD CMakeFiles/blink.elf.dir/Drivers/STM32F1xx_HAL_Driver/Src/stm32f1xx_hal.c.obj
LOAD CMakeFiles/blink.elf.dir/Drivers/STM32F1xx_HAL_Driver/Src/stm32f1xx_hal_cortex.c.obj
LOAD CMakeFiles/blink.elf.dir/Drivers/STM32F1xx_HAL_Driver/Src/stm32f1xx_hal_dma.c.obj
LOAD CMakeFiles/blink.elf.dir/Drivers/STM32F1xx_HAL_Driver/Src/stm32f1xx_hal_flash.c.obj
LOAD CMakeFiles/blink.elf.dir/Drivers/STM32F1xx_HAL_Driver/Src/stm32f1xx_hal_flash_ex.c.obj
LOAD CMakeFiles/blink.elf.dir/Drivers/STM32F1xx_HAL_Driver/Src/stm32f1xx_hal_gpio.c.obj
LOAD CMakeFiles/blink.elf.dir/Drivers/STM32F1xx_HAL_Driver/Src/stm32f1xx_hal_gpio_ex.c.obj
LOAD CMakeFiles/blink.elf.dir/Drivers/STM32F1xx_HAL_Driver/Src/stm32f1xx_hal_i2c.c.obj
LOAD CMakeFiles/blink.elf.dir/Drivers/STM32F1xx_HAL_Driver/Src/stm32f1xx_hal_pwr.c.obj
LOAD CMakeFiles/blink.elf.dir/Drivers/STM32F1xx_HAL_Driver/Src/stm32f1xx_hal_rcc.c.obj
LOAD CMakeFiles/blink.elf.dir/Drivers/STM32F1xx_HAL_Driver/Src/stm32f1xx_hal_rcc_ex.c.obj
LOAD CMakeFiles/blink.elf.dir/Drivers/STM32F1xx_HAL_Driver/Src/stm32f1xx_hal_tim.c.obj
LOAD CMakeFiles/blink.elf.dir/Drivers/STM32F1xx_HAL_Driver/Src/stm32f1xx_hal_tim_ex.c.obj
LOAD CMakeFiles/blink.elf.dir/UserSrc/Src/lesson3.c.obj
LOAD CMakeFiles/blink.elf.dir/UserSrc/Src/lesson4.c.obj
LOAD CMakeFiles/blink.elf.dir/UserSrc/Src/lesson5.c.obj
LOAD CMakeFiles/blink.elf.dir/UserSrc/Lib/dh11/Src/dht11.c.obj
LOAD CMakeFiles/blink.elf.dir/UserSrc/Lib/ssd1306/Src/fonts.c.obj
LOAD CMakeFiles/blink.elf.dir/UserSrc/Lib/ssd1306/Src/ssd1306.c.obj
LOAD CMakeFiles/blink.elf.dir/UserSrc/Lib/syscall/Src/syscalls.c.obj
LOAD libHAL.a
LOAD libCMSIS.a
LOAD libUSERSRC.a
LOAD libLIBS.a
LOAD libFREERTOS.a
START GROUP
LOAD /opt/cross/lib/gcc/arm-none-eabi/7.2.0/thumb/cortex-m3/libgcc.a
LOAD /opt/cross/lib/gcc/arm-none-eabi/7.2.0/../../../../arm-none-eabi/lib/thumb/cortex-m3/libg.a
LOAD /opt/cross/lib/gcc/arm-none-eabi/7.2.0/../../../../arm-none-eabi/lib/thumb/cortex-m3/libc.a
END GROUP
LOAD /opt/cross/lib/gcc/arm-none-eabi/7.2.0/thumb/cortex-m3/crtend.o
LOAD /opt/cross/lib/gcc/arm-none-eabi/7.2.0/thumb/cortex-m3/crtn.o
                0x0000000020005000                _estack = 0x20005000
                0x0000000000000200                _Min_Heap_Size = 0x200
                0x0000000000000400                _Min_Stack_Size = 0x400

.isr_vector     0x0000000008000000      0x10c
                0x0000000008000000                . = ALIGN (0x4)
 *(.isr_vector)
 .isr_vector    0x0000000008000000      0x10c libCMSIS.a(startup_stm32f103xb.s.obj)
                0x0000000008000000                g_pfnVectors
                0x000000000800010c                . = ALIGN (0x4)

.text           0x0000000008000110     0x621c
                0x0000000008000110                . = ALIGN (0x4)
 *(.text)
 .text          0x0000000008000110       0x88 /opt/cross/lib/gcc/arm-none-eabi/7.2.0/thumb/cortex-m3/crtbegin.o
 .text          0x0000000008000198       0x48 /opt/cross/lib/gcc/arm-none-eabi/7.2.0/../../../../arm-none-eabi/lib/thumb/cortex-m3/libg.a(lib_a-init.o)
                0x0000000008000198                __libc_init_array
 .text          0x00000000080001e0       0xec /opt/cross/lib/gcc/arm-none-eabi/7.2.0/../../../../arm-none-eabi/lib/thumb/cortex-m3/libg.a(lib_a-memcpy.o)
                0x00000000080001e0                memcpy
 .text          0x00000000080002cc      0x10c /opt/cross/lib/gcc/arm-none-eabi/7.2.0/../../../../arm-none-eabi/lib/thumb/cortex-m3/libg.a(lib_a-snprintf.o)
                0x00000000080002cc                _snprintf_r
                0x000000000800034c                snprintf
 .text          0x00000000080003d8       0x80 /opt/cross/lib/gcc/arm-none-eabi/7.2.0/../../../../arm-none-eabi/lib/thumb/cortex-m3/libg.a(lib_a-sprintf.o)
                0x00000000080003d8                _sprintf_r
                0x0000000008000414                sprintf
 .text          0x0000000008000458      0x6d4 /opt/cross/lib/gcc/arm-none-eabi/7.2.0/../../../../arm-none-eabi/lib/thumb/cortex-m3/libg.a(lib_a-svfprintf.o)
                0x0000000008000458                _svfprintf_r
 .text          0x0000000008000b2c      0x518 /opt/cross/lib/gcc/arm-none-eabi/7.2.0/../../../../arm-none-eabi/lib/thumb/cortex-m3/libg.a(lib_a-mallocr.o)
                0x0000000008000b2c                _malloc_r
 .text          0x0000000008001044       0x8c /opt/cross/lib/gcc/arm-none-eabi/7.2.0/../../../../arm-none-eabi/lib/thumb/cortex-m3/libg.a(lib_a-memchr-stub.o)
                0x0000000008001044                memchr
 .text          0x00000000080010d0        0x8 /opt/cross/lib/gcc/arm-none-eabi/7.2.0/../../../../arm-none-eabi/lib/thumb/cortex-m3/libg.a(lib_a-mlock.o)
                0x00000000080010d0                __malloc_lock
                0x00000000080010d4                __malloc_unlock
 .text          0x00000000080010d8       0x24 /opt/cross/lib/gcc/arm-none-eabi/7.2.0/../../../../arm-none-eabi/lib/thumb/cortex-m3/libg.a(lib_a-sbrkr.o)
                0x00000000080010d8                _sbrk_r
 .text          0x00000000080010fc       0x5c /opt/cross/lib/gcc/arm-none-eabi/7.2.0/../../../../arm-none-eabi/lib/thumb/cortex-m3/libg.a(lib_a-strlen-stub.o)
                0x00000000080010fc                strlen
 .text          0x0000000008001158      0x880 /opt/cross/lib/gcc/arm-none-eabi/7.2.0/../../../../arm-none-eabi/lib/thumb/cortex-m3/libg.a(lib_a-svfiprintf.o)
                0x0000000008001158                __ssputs_r
                0x000000000800121c                __ssprint_r
                0x0000000008001310                _svfiprintf_r
 .text          0x00000000080019d8      0x288 /opt/cross/lib/gcc/arm-none-eabi/7.2.0/../../../../arm-none-eabi/lib/thumb/cortex-m3/libg.a(lib_a-freer.o)
                0x00000000080019d8                _malloc_trim_r
                0x0000000008001a78                _free_r
 .text          0x0000000008001c60       0xc4 /opt/cross/lib/gcc/arm-none-eabi/7.2.0/../../../../arm-none-eabi/lib/thumb/cortex-m3/libg.a(lib_a-memmove.o)
                0x0000000008001c60                memmove
 .text          0x0000000008001d24      0x374 /opt/cross/lib/gcc/arm-none-eabi/7.2.0/../../../../arm-none-eabi/lib/thumb/cortex-m3/libg.a(lib_a-reallocr.o)
                0x0000000008001d24                _realloc_r
 *(.text*)
 .text.main     0x0000000008002098       0x70 CMakeFiles/blink.elf.dir/Src/main.c.obj
                0x0000000008002098                main
 .text.SystemClock_Config
                0x0000000008002108       0xa4 CMakeFiles/blink.elf.dir/Src/main.c.obj
                0x0000000008002108                SystemClock_Config
 .text.MX_I2C1_Init
                0x00000000080021ac       0x64 CMakeFiles/blink.elf.dir/Src/main.c.obj
 .text.MX_TIM3_Init
                0x0000000008002210       0xa4 CMakeFiles/blink.elf.dir/Src/main.c.obj
 .text.MX_GPIO_Init
                0x00000000080022b4       0x9c CMakeFiles/blink.elf.dir/Src/main.c.obj
 .text.SecondTaskDefaultTask
                0x0000000008002350       0x34 CMakeFiles/blink.elf.dir/Src/main.c.obj
                0x0000000008002350                SecondTaskDefaultTask
 .text.StartDefaultTask
                0x0000000008002384       0x14 CMakeFiles/blink.elf.dir/Src/main.c.obj
                0x0000000008002384                StartDefaultTask
 .text.HAL_TIM_PeriodElapsedCallback
                0x0000000008002398       0x24 CMakeFiles/blink.elf.dir/Src/main.c.obj
                0x0000000008002398                HAL_TIM_PeriodElapsedCallback
 .text._Error_Handler
                0x00000000080023bc        0xc CMakeFiles/blink.elf.dir/Src/main.c.obj
                0x00000000080023bc                _Error_Handler
 .text.HAL_MspInit
                0x00000000080023c8       0xa0 CMakeFiles/blink.elf.dir/Src/stm32f1xx_hal_msp.c.obj
                0x00000000080023c8                HAL_MspInit
 .text.HAL_I2C_MspInit
                0x0000000008002468       0x58 CMakeFiles/blink.elf.dir/Src/stm32f1xx_hal_msp.c.obj
                0x0000000008002468                HAL_I2C_MspInit
 .text.HAL_TIM_IC_MspInit
                0x00000000080024c0       0x68 CMakeFiles/blink.elf.dir/Src/stm32f1xx_hal_msp.c.obj
                0x00000000080024c0                HAL_TIM_IC_MspInit
 .text.HAL_InitTick
                0x0000000008002528       0xb0 CMakeFiles/blink.elf.dir/Src/stm32f1xx_hal_timebase_TIM.c.obj
                0x0000000008002528                HAL_InitTick
 .text.NMI_Handler
                0x00000000080025d8        0xc CMakeFiles/blink.elf.dir/Src/stm32f1xx_it.c.obj
                0x00000000080025d8                NMI_Handler
 .text.HardFault_Handler
                0x00000000080025e4        0x6 CMakeFiles/blink.elf.dir/Src/stm32f1xx_it.c.obj
                0x00000000080025e4                HardFault_Handler
 .text.MemManage_Handler
                0x00000000080025ea        0x6 CMakeFiles/blink.elf.dir/Src/stm32f1xx_it.c.obj
                0x00000000080025ea                MemManage_Handler
 .text.BusFault_Handler
                0x00000000080025f0        0x6 CMakeFiles/blink.elf.dir/Src/stm32f1xx_it.c.obj
                0x00000000080025f0                BusFault_Handler
 .text.UsageFault_Handler
                0x00000000080025f6        0x6 CMakeFiles/blink.elf.dir/Src/stm32f1xx_it.c.obj
                0x00000000080025f6                UsageFault_Handler
 .text.DebugMon_Handler
                0x00000000080025fc        0xc CMakeFiles/blink.elf.dir/Src/stm32f1xx_it.c.obj
                0x00000000080025fc                DebugMon_Handler
 .text.SysTick_Handler
                0x0000000008002608        0xc CMakeFiles/blink.elf.dir/Src/stm32f1xx_it.c.obj
                0x0000000008002608                SysTick_Handler
 .text.TIM3_IRQHandler
                0x0000000008002614       0x1c CMakeFiles/blink.elf.dir/Src/stm32f1xx_it.c.obj
                0x0000000008002614                TIM3_IRQHandler
 .text.TIM4_IRQHandler
                0x0000000008002630       0x14 CMakeFiles/blink.elf.dir/Src/stm32f1xx_it.c.obj
                0x0000000008002630                TIM4_IRQHandler
 .text.SystemInit
                0x0000000008002644       0x68 CMakeFiles/blink.elf.dir/Src/system_stm32f1xx.c.obj
                0x0000000008002644                SystemInit
 .text.HAL_Init
                0x00000000080026ac       0x2c CMakeFiles/blink.elf.dir/Drivers/STM32F1xx_HAL_Driver/Src/stm32f1xx_hal.c.obj
                0x00000000080026ac                HAL_Init
 .text.HAL_IncTick
                0x00000000080026d8       0x1c CMakeFiles/blink.elf.dir/Drivers/STM32F1xx_HAL_Driver/Src/stm32f1xx_hal.c.obj
                0x00000000080026d8                HAL_IncTick
 .text.HAL_GetTick
                0x00000000080026f4       0x14 CMakeFiles/blink.elf.dir/Drivers/STM32F1xx_HAL_Driver/Src/stm32f1xx_hal.c.obj
                0x00000000080026f4                HAL_GetTick
 .text.HAL_Delay
                0x0000000008002708       0x3a CMakeFiles/blink.elf.dir/Drivers/STM32F1xx_HAL_Driver/Src/stm32f1xx_hal.c.obj
                0x0000000008002708                HAL_Delay
 *fill*         0x0000000008002742        0x2 
 .text.NVIC_SetPriorityGrouping
                0x0000000008002744       0x48 CMakeFiles/blink.elf.dir/Drivers/STM32F1xx_HAL_Driver/Src/stm32f1xx_hal_cortex.c.obj
 .text.NVIC_GetPriorityGrouping
                0x000000000800278c       0x1c CMakeFiles/blink.elf.dir/Drivers/STM32F1xx_HAL_Driver/Src/stm32f1xx_hal_cortex.c.obj
 .text.NVIC_EnableIRQ
                0x00000000080027a8       0x30 CMakeFiles/blink.elf.dir/Drivers/STM32F1xx_HAL_Driver/Src/stm32f1xx_hal_cortex.c.obj
 .text.NVIC_SetPriority
                0x00000000080027d8       0x54 CMakeFiles/blink.elf.dir/Drivers/STM32F1xx_HAL_Driver/Src/stm32f1xx_hal_cortex.c.obj
 .text.NVIC_EncodePriority
                0x000000000800282c       0x64 CMakeFiles/blink.elf.dir/Drivers/STM32F1xx_HAL_Driver/Src/stm32f1xx_hal_cortex.c.obj
 .text.SysTick_Config
                0x0000000008002890       0x44 CMakeFiles/blink.elf.dir/Drivers/STM32F1xx_HAL_Driver/Src/stm32f1xx_hal_cortex.c.obj
 .text.HAL_NVIC_SetPriorityGrouping
                0x00000000080028d4       0x16 CMakeFiles/blink.elf.dir/Drivers/STM32F1xx_HAL_Driver/Src/stm32f1xx_hal_cortex.c.obj
                0x00000000080028d4                HAL_NVIC_SetPriorityGrouping
 .text.HAL_NVIC_SetPriority
                0x00000000080028ea       0x38 CMakeFiles/blink.elf.dir/Drivers/STM32F1xx_HAL_Driver/Src/stm32f1xx_hal_cortex.c.obj
                0x00000000080028ea                HAL_NVIC_SetPriority
 .text.HAL_NVIC_EnableIRQ
                0x0000000008002922       0x1c CMakeFiles/blink.elf.dir/Drivers/STM32F1xx_HAL_Driver/Src/stm32f1xx_hal_cortex.c.obj
                0x0000000008002922                HAL_NVIC_EnableIRQ
 .text.HAL_SYSTICK_Config
                0x000000000800293e       0x18 CMakeFiles/blink.elf.dir/Drivers/STM32F1xx_HAL_Driver/Src/stm32f1xx_hal_cortex.c.obj
                0x000000000800293e                HAL_SYSTICK_Config
 *fill*         0x0000000008002956        0x2 
 .text.HAL_SYSTICK_CLKSourceConfig
                0x0000000008002958       0x38 CMakeFiles/blink.elf.dir/Drivers/STM32F1xx_HAL_Driver/Src/stm32f1xx_hal_cortex.c.obj
                0x0000000008002958                HAL_SYSTICK_CLKSourceConfig
 .text.HAL_GPIO_Init
                0x0000000008002990      0x2bc CMakeFiles/blink.elf.dir/Drivers/STM32F1xx_HAL_Driver/Src/stm32f1xx_hal_gpio.c.obj
                0x0000000008002990                HAL_GPIO_Init
 .text.HAL_GPIO_WritePin
                0x0000000008002c4c       0x30 CMakeFiles/blink.elf.dir/Drivers/STM32F1xx_HAL_Driver/Src/stm32f1xx_hal_gpio.c.obj
                0x0000000008002c4c                HAL_GPIO_WritePin
 .text.HAL_I2C_Init
                0x0000000008002c7c      0x1c0 CMakeFiles/blink.elf.dir/Drivers/STM32F1xx_HAL_Driver/Src/stm32f1xx_hal_i2c.c.obj
                0x0000000008002c7c                HAL_I2C_Init
 .text.HAL_I2C_Mem_Write
                0x0000000008002e3c      0x214 CMakeFiles/blink.elf.dir/Drivers/STM32F1xx_HAL_Driver/Src/stm32f1xx_hal_i2c.c.obj
                0x0000000008002e3c                HAL_I2C_Mem_Write
 .text.I2C_RequestMemoryWrite
                0x0000000008003050      0x128 CMakeFiles/blink.elf.dir/Drivers/STM32F1xx_HAL_Driver/Src/stm32f1xx_hal_i2c.c.obj
 .text.I2C_WaitOnFlagUntilTimeout
                0x0000000008003178       0xa2 CMakeFiles/blink.elf.dir/Drivers/STM32F1xx_HAL_Driver/Src/stm32f1xx_hal_i2c.c.obj
 .text.I2C_WaitOnMasterAddressFlagUntilTimeout
                0x000000000800321a       0xdc CMakeFiles/blink.elf.dir/Drivers/STM32F1xx_HAL_Driver/Src/stm32f1xx_hal_i2c.c.obj
 .text.I2C_WaitOnTXEFlagUntilTimeout
                0x00000000080032f6       0x7a CMakeFiles/blink.elf.dir/Drivers/STM32F1xx_HAL_Driver/Src/stm32f1xx_hal_i2c.c.obj
 .text.I2C_WaitOnBTFFlagUntilTimeout
                0x0000000008003370       0x7a CMakeFiles/blink.elf.dir/Drivers/STM32F1xx_HAL_Driver/Src/stm32f1xx_hal_i2c.c.obj
 .text.I2C_IsAcknowledgeFailed
                0x00000000080033ea       0x4e CMakeFiles/blink.elf.dir/Drivers/STM32F1xx_HAL_Driver/Src/stm32f1xx_hal_i2c.c.obj
 .text.HAL_RCC_OscConfig
                0x0000000008003438      0x4c8 CMakeFiles/blink.elf.dir/Drivers/STM32F1xx_HAL_Driver/Src/stm32f1xx_hal_rcc.c.obj
                0x0000000008003438                HAL_RCC_OscConfig
 .text.HAL_RCC_ClockConfig
                0x0000000008003900      0x1e8 CMakeFiles/blink.elf.dir/Drivers/STM32F1xx_HAL_Driver/Src/stm32f1xx_hal_rcc.c.obj
                0x0000000008003900                HAL_RCC_ClockConfig
 .text.HAL_RCC_GetSysClockFreq
                0x0000000008003ae8       0xc4 CMakeFiles/blink.elf.dir/Drivers/STM32F1xx_HAL_Driver/Src/stm32f1xx_hal_rcc.c.obj
                0x0000000008003ae8                HAL_RCC_GetSysClockFreq
 .text.HAL_RCC_GetHCLKFreq
                0x0000000008003bac       0x14 CMakeFiles/blink.elf.dir/Drivers/STM32F1xx_HAL_Driver/Src/stm32f1xx_hal_rcc.c.obj
                0x0000000008003bac                HAL_RCC_GetHCLKFreq
 .text.HAL_RCC_GetPCLK1Freq
                0x0000000008003bc0       0x28 CMakeFiles/blink.elf.dir/Drivers/STM32F1xx_HAL_Driver/Src/stm32f1xx_hal_rcc.c.obj
                0x0000000008003bc0                HAL_RCC_GetPCLK1Freq
 .text.HAL_RCC_GetClockConfig
                0x0000000008003be8       0x60 CMakeFiles/blink.elf.dir/Drivers/STM32F1xx_HAL_Driver/Src/stm32f1xx_hal_rcc.c.obj
                0x0000000008003be8                HAL_RCC_GetClockConfig
 .text.RCC_Delay
                0x0000000008003c48       0x3c CMakeFiles/blink.elf.dir/Drivers/STM32F1xx_HAL_Driver/Src/stm32f1xx_hal_rcc.c.obj
 .text.HAL_TIM_Base_Init
                0x0000000008003c84       0x56 CMakeFiles/blink.elf.dir/Drivers/STM32F1xx_HAL_Driver/Src/stm32f1xx_hal_tim.c.obj
                0x0000000008003c84                HAL_TIM_Base_Init
 .text.HAL_TIM_Base_MspInit
                0x0000000008003cda       0x12 CMakeFiles/blink.elf.dir/Drivers/STM32F1xx_HAL_Driver/Src/stm32f1xx_hal_tim.c.obj
                0x0000000008003cda                HAL_TIM_Base_MspInit
 .text.HAL_TIM_Base_Start_IT
                0x0000000008003cec       0x34 CMakeFiles/blink.elf.dir/Drivers/STM32F1xx_HAL_Driver/Src/stm32f1xx_hal_tim.c.obj
                0x0000000008003cec                HAL_TIM_Base_Start_IT
 .text.HAL_TIM_IC_Init
                0x0000000008003d20       0x56 CMakeFiles/blink.elf.dir/Drivers/STM32F1xx_HAL_Driver/Src/stm32f1xx_hal_tim.c.obj
                0x0000000008003d20                HAL_TIM_IC_Init
 *fill*         0x0000000008003d76        0x2 
 .text.HAL_TIM_IC_Start_IT
                0x0000000008003d78       0xc0 CMakeFiles/blink.elf.dir/Drivers/STM32F1xx_HAL_Driver/Src/stm32f1xx_hal_tim.c.obj
                0x0000000008003d78                HAL_TIM_IC_Start_IT
 .text.HAL_TIM_IC_Stop_IT
                0x0000000008003e38       0xe0 CMakeFiles/blink.elf.dir/Drivers/STM32F1xx_HAL_Driver/Src/stm32f1xx_hal_tim.c.obj
                0x0000000008003e38                HAL_TIM_IC_Stop_IT
 .text.HAL_TIM_IRQHandler
                0x0000000008003f18      0x210 CMakeFiles/blink.elf.dir/Drivers/STM32F1xx_HAL_Driver/Src/stm32f1xx_hal_tim.c.obj
                0x0000000008003f18                HAL_TIM_IRQHandler
 .text.HAL_TIM_IC_ConfigChannel
                0x0000000008004128      0x138 CMakeFiles/blink.elf.dir/Drivers/STM32F1xx_HAL_Driver/Src/stm32f1xx_hal_tim.c.obj
                0x0000000008004128                HAL_TIM_IC_ConfigChannel
 .text.HAL_TIM_ReadCapturedValue
                0x0000000008004260       0xa4 CMakeFiles/blink.elf.dir/Drivers/STM32F1xx_HAL_Driver/Src/stm32f1xx_hal_tim.c.obj
                0x0000000008004260                HAL_TIM_ReadCapturedValue
 .text.HAL_TIM_OC_DelayElapsedCallback
                0x0000000008004304       0x12 CMakeFiles/blink.elf.dir/Drivers/STM32F1xx_HAL_Driver/Src/stm32f1xx_hal_tim.c.obj
                0x0000000008004304                HAL_TIM_OC_DelayElapsedCallback
 .text.HAL_TIM_IC_CaptureCallback
                0x0000000008004316       0x12 CMakeFiles/blink.elf.dir/Drivers/STM32F1xx_HAL_Driver/Src/stm32f1xx_hal_tim.c.obj
                0x0000000008004316                HAL_TIM_IC_CaptureCallback
 .text.HAL_TIM_PWM_PulseFinishedCallback
                0x0000000008004328       0x12 CMakeFiles/blink.elf.dir/Drivers/STM32F1xx_HAL_Driver/Src/stm32f1xx_hal_tim.c.obj
                0x0000000008004328                HAL_TIM_PWM_PulseFinishedCallback
 .text.HAL_TIM_TriggerCallback
                0x000000000800433a       0x12 CMakeFiles/blink.elf.dir/Drivers/STM32F1xx_HAL_Driver/Src/stm32f1xx_hal_tim.c.obj
                0x000000000800433a                HAL_TIM_TriggerCallback
 .text.TIM_Base_SetConfig
                0x000000000800434c       0xcc CMakeFiles/blink.elf.dir/Drivers/STM32F1xx_HAL_Driver/Src/stm32f1xx_hal_tim.c.obj
                0x000000000800434c                TIM_Base_SetConfig
 .text.TIM_TI1_SetConfig
                0x0000000008004418       0xbc CMakeFiles/blink.elf.dir/Drivers/STM32F1xx_HAL_Driver/Src/stm32f1xx_hal_tim.c.obj
                0x0000000008004418                TIM_TI1_SetConfig
 .text.TIM_TI2_SetConfig
                0x00000000080044d4       0x80 CMakeFiles/blink.elf.dir/Drivers/STM32F1xx_HAL_Driver/Src/stm32f1xx_hal_tim.c.obj
 .text.TIM_TI3_SetConfig
                0x0000000008004554       0x7e CMakeFiles/blink.elf.dir/Drivers/STM32F1xx_HAL_Driver/Src/stm32f1xx_hal_tim.c.obj
 .text.TIM_TI4_SetConfig
                0x00000000080045d2       0x80 CMakeFiles/blink.elf.dir/Drivers/STM32F1xx_HAL_Driver/Src/stm32f1xx_hal_tim.c.obj
 .text.TIM_CCxChannelCmd
                0x0000000008004652       0x44 CMakeFiles/blink.elf.dir/Drivers/STM32F1xx_HAL_Driver/Src/stm32f1xx_hal_tim.c.obj
                0x0000000008004652                TIM_CCxChannelCmd
 .text.HAL_TIMEx_MasterConfigSynchronization
                0x0000000008004696       0x88 CMakeFiles/blink.elf.dir/Drivers/STM32F1xx_HAL_Driver/Src/stm32f1xx_hal_tim_ex.c.obj
                0x0000000008004696                HAL_TIMEx_MasterConfigSynchronization
 .text.HAL_TIMEx_CommutationCallback
                0x000000000800471e       0x12 CMakeFiles/blink.elf.dir/Drivers/STM32F1xx_HAL_Driver/Src/stm32f1xx_hal_tim_ex.c.obj
                0x000000000800471e                HAL_TIMEx_CommutationCallback
 .text.HAL_TIMEx_BreakCallback
                0x0000000008004730       0x12 CMakeFiles/blink.elf.dir/Drivers/STM32F1xx_HAL_Driver/Src/stm32f1xx_hal_tim_ex.c.obj
                0x0000000008004730                HAL_TIMEx_BreakCallback
 *fill*         0x0000000008004742        0x2 
 .text.error    0x0000000008004744       0x50 CMakeFiles/blink.elf.dir/UserSrc/Src/lesson5.c.obj
 .text.lesson5  0x0000000008004794      0x100 CMakeFiles/blink.elf.dir/UserSrc/Src/lesson5.c.obj
                0x0000000008004794                lesson5
 .text.set_pin_out
                0x0000000008004894       0x32 CMakeFiles/blink.elf.dir/UserSrc/Lib/dh11/Src/dht11.c.obj
 .text.set_pin_in
                0x00000000080048c6       0x32 CMakeFiles/blink.elf.dir/UserSrc/Lib/dh11/Src/dht11.c.obj
 .text.dht11_read_data
                0x00000000080048f8      0x13c CMakeFiles/blink.elf.dir/UserSrc/Lib/dh11/Src/dht11.c.obj
                0x00000000080048f8                dht11_read_data
 .text.dht11_init
                0x0000000008004a34       0x26 CMakeFiles/blink.elf.dir/UserSrc/Lib/dh11/Src/dht11.c.obj
                0x0000000008004a34                dht11_init
 .text.write_bit
                0x0000000008004a5a       0x8e CMakeFiles/blink.elf.dir/UserSrc/Lib/dh11/Src/dht11.c.obj
 .text.get_float
                0x0000000008004ae8       0x30 CMakeFiles/blink.elf.dir/UserSrc/Lib/dh11/Src/dht11.c.obj
 .text.finish_rx
                0x0000000008004b18       0x6e CMakeFiles/blink.elf.dir/UserSrc/Lib/dh11/Src/dht11.c.obj
 .text.dht11_interrupt_handler
                0x0000000008004b86       0xe6 CMakeFiles/blink.elf.dir/UserSrc/Lib/dh11/Src/dht11.c.obj
                0x0000000008004b86                dht11_interrupt_handler
 .text.ssd1306_WriteCommand
                0x0000000008004c6c       0x30 CMakeFiles/blink.elf.dir/UserSrc/Lib/ssd1306/Src/ssd1306.c.obj
 .text.ssd1306_Init
                0x0000000008004c9c       0xd8 CMakeFiles/blink.elf.dir/UserSrc/Lib/ssd1306/Src/ssd1306.c.obj
                0x0000000008004c9c                ssd1306_Init
 .text.ssd1306_Fill
                0x0000000008004d74       0x44 CMakeFiles/blink.elf.dir/UserSrc/Lib/ssd1306/Src/ssd1306.c.obj
                0x0000000008004d74                ssd1306_Fill
 .text.ssd1306_UpdateScreen
                0x0000000008004db8       0x60 CMakeFiles/blink.elf.dir/UserSrc/Lib/ssd1306/Src/ssd1306.c.obj
                0x0000000008004db8                ssd1306_UpdateScreen
 .text.ssd1306_DrawPixel
                0x0000000008004e18       0xc0 CMakeFiles/blink.elf.dir/UserSrc/Lib/ssd1306/Src/ssd1306.c.obj
                0x0000000008004e18                ssd1306_DrawPixel
 .text.ssd1306_WriteChar
                0x0000000008004ed8      0x100 CMakeFiles/blink.elf.dir/UserSrc/Lib/ssd1306/Src/ssd1306.c.obj
                0x0000000008004ed8                ssd1306_WriteChar
 .text.ssd1306_WriteString
                0x0000000008004fd8       0x4c CMakeFiles/blink.elf.dir/UserSrc/Lib/ssd1306/Src/ssd1306.c.obj
                0x0000000008004fd8                ssd1306_WriteString
 .text.ssd1306_SetCursor
                0x0000000008005024       0x30 CMakeFiles/blink.elf.dir/UserSrc/Lib/ssd1306/Src/ssd1306.c.obj
                0x0000000008005024                ssd1306_SetCursor
 .text._sbrk    0x0000000008005054       0x3c CMakeFiles/blink.elf.dir/UserSrc/Lib/syscall/Src/syscalls.c.obj
                0x0000000008005054                _sbrk
 .text.Reset_Handler
                0x0000000008005090       0x48 libCMSIS.a(startup_stm32f103xb.s.obj)
                0x0000000008005090                Reset_Handler
 .text.Default_Handler
                0x00000000080050d8        0x2 libCMSIS.a(startup_stm32f103xb.s.obj)
                0x00000000080050d8                RTC_Alarm_IRQHandler
                0x00000000080050d8                EXTI2_IRQHandler
                0x00000000080050d8                TIM1_CC_IRQHandler
                0x00000000080050d8                PVD_IRQHandler
                0x00000000080050d8                EXTI3_IRQHandler
                0x00000000080050d8                EXTI0_IRQHandler
                0x00000000080050d8                I2C2_EV_IRQHandler
                0x00000000080050d8                ADC1_2_IRQHandler
                0x00000000080050d8                SPI1_IRQHandler
                0x00000000080050d8                TAMPER_IRQHandler
                0x00000000080050d8                DMA1_Channel4_IRQHandler
                0x00000000080050d8                USART3_IRQHandler
                0x00000000080050d8                RTC_IRQHandler
                0x00000000080050d8                DMA1_Channel7_IRQHandler
                0x00000000080050d8                CAN1_RX1_IRQHandler
                0x00000000080050d8                I2C1_EV_IRQHandler
                0x00000000080050d8                DMA1_Channel6_IRQHandler
                0x00000000080050d8                RCC_IRQHandler
                0x00000000080050d8                TIM1_TRG_COM_IRQHandler
                0x00000000080050d8                DMA1_Channel1_IRQHandler
                0x00000000080050d8                Default_Handler
                0x00000000080050d8                EXTI15_10_IRQHandler
                0x00000000080050d8                EXTI9_5_IRQHandler
                0x00000000080050d8                SPI2_IRQHandler
                0x00000000080050d8                DMA1_Channel5_IRQHandler
                0x00000000080050d8                EXTI4_IRQHandler
                0x00000000080050d8                USB_LP_CAN1_RX0_IRQHandler
                0x00000000080050d8                USB_HP_CAN1_TX_IRQHandler
                0x00000000080050d8                DMA1_Channel3_IRQHandler
                0x00000000080050d8                TIM1_UP_IRQHandler
                0x00000000080050d8                WWDG_IRQHandler
                0x00000000080050d8                TIM2_IRQHandler
                0x00000000080050d8                TIM1_BRK_IRQHandler
                0x00000000080050d8                EXTI1_IRQHandler
                0x00000000080050d8                USART2_IRQHandler
                0x00000000080050d8                I2C2_ER_IRQHandler
                0x00000000080050d8                DMA1_Channel2_IRQHandler
                0x00000000080050d8                CAN1_SCE_IRQHandler
                0x00000000080050d8                FLASH_IRQHandler
                0x00000000080050d8                USART1_IRQHandler
                0x00000000080050d8                I2C1_ER_IRQHandler
                0x00000000080050d8                USBWakeUp_IRQHandler
 .text.makeFreeRtosPriority
                0x00000000080050da       0x2e libFREERTOS.a(cmsis_os.c.obj)
 .text.osKernelStart
                0x0000000008005108        0xe libFREERTOS.a(cmsis_os.c.obj)
                0x0000000008005108                osKernelStart
 .text.osThreadCreate
                0x0000000008005116       0x4e libFREERTOS.a(cmsis_os.c.obj)
                0x0000000008005116                osThreadCreate
 .text.osDelay  0x0000000008005164       0x28 libFREERTOS.a(cmsis_os.c.obj)
                0x0000000008005164                osDelay
 .text.osSystickHandler
                0x000000000800518c       0x16 libFREERTOS.a(cmsis_os.c.obj)
                0x000000000800518c                osSystickHandler
 *fill*         0x00000000080051a2        0x2 
 .text.pxPortInitialiseStack
                0x00000000080051a4       0x58 libFREERTOS.a(port.c.obj)
                0x00000000080051a4                pxPortInitialiseStack
 .text.prvTaskExitError
                0x00000000080051fc       0x3c libFREERTOS.a(port.c.obj)
 *fill*         0x0000000008005238        0x8 
 .text.SVC_Handler
                0x0000000008005240       0x28 libFREERTOS.a(port.c.obj)
                0x0000000008005240                SVC_Handler
 .text.prvPortStartFirstTask
                0x0000000008005268       0x20 libFREERTOS.a(port.c.obj)
 .text.xPortStartScheduler
                0x0000000008005288       0xbc libFREERTOS.a(port.c.obj)
                0x0000000008005288                xPortStartScheduler
 .text.vPortEnterCritical
                0x0000000008005344       0x5c libFREERTOS.a(port.c.obj)
                0x0000000008005344                vPortEnterCritical
 .text.vPortExitCritical
                0x00000000080053a0       0x4c libFREERTOS.a(port.c.obj)
                0x00000000080053a0                vPortExitCritical
 *fill*         0x00000000080053ec        0x4 
 .text.PendSV_Handler
                0x00000000080053f0       0x48 libFREERTOS.a(port.c.obj)
                0x00000000080053f0                PendSV_Handler
 .text.xPortSysTickHandler
                0x0000000008005438       0x40 libFREERTOS.a(port.c.obj)
                0x0000000008005438                xPortSysTickHandler
 .text.vPortSetupTimerInterrupt
                0x0000000008005478       0x34 libFREERTOS.a(port.c.obj)
                0x0000000008005478                vPortSetupTimerInterrupt
 .text.pvPortMalloc
                0x00000000080054ac      0x184 libFREERTOS.a(heap_4.c.obj)
                0x00000000080054ac                pvPortMalloc
 .text.vPortFree
                0x0000000008005630       0xb0 libFREERTOS.a(heap_4.c.obj)
                0x0000000008005630                vPortFree
 .text.prvHeapInit
                0x00000000080056e0       0xc4 libFREERTOS.a(heap_4.c.obj)
 .text.prvInsertBlockIntoFreeList
                0x00000000080057a4       0xb0 libFREERTOS.a(heap_4.c.obj)
 .text.xTaskCreate
                0x0000000008005854       0x82 libFREERTOS.a(tasks.c.obj)
                0x0000000008005854                xTaskCreate
 .text.prvInitialiseNewTask
                0x00000000080058d6       0xfc libFREERTOS.a(tasks.c.obj)
 *fill*         0x00000000080059d2        0x2 
 .text.prvAddNewTaskToReadyList
                0x00000000080059d4       0xd4 libFREERTOS.a(tasks.c.obj)
 .text.vTaskDelay
                0x0000000008005aa8       0x68 libFREERTOS.a(tasks.c.obj)
                0x0000000008005aa8                vTaskDelay
 .text.vTaskStartScheduler
                0x0000000008005b10       0x8c libFREERTOS.a(tasks.c.obj)
                0x0000000008005b10                vTaskStartScheduler
 .text.vTaskSuspendAll
                0x0000000008005b9c       0x1c libFREERTOS.a(tasks.c.obj)
                0x0000000008005b9c                vTaskSuspendAll
 .text.xTaskResumeAll
                0x0000000008005bb8      0x138 libFREERTOS.a(tasks.c.obj)
                0x0000000008005bb8                xTaskResumeAll
 .text.xTaskIncrementTick
                0x0000000008005cf0      0x178 libFREERTOS.a(tasks.c.obj)
                0x0000000008005cf0                xTaskIncrementTick
 .text.vTaskSwitchContext
                0x0000000008005e68       0xb4 libFREERTOS.a(tasks.c.obj)
                0x0000000008005e68                vTaskSwitchContext
 .text.prvIdleTask
                0x0000000008005f1c       0x30 libFREERTOS.a(tasks.c.obj)
 .text.prvInitialiseTaskLists
                0x0000000008005f4c       0x80 libFREERTOS.a(tasks.c.obj)
 .text.prvCheckTasksWaitingTermination
                0x0000000008005fcc       0x78 libFREERTOS.a(tasks.c.obj)
 .text.prvDeleteTCB
                0x0000000008006044       0x20 libFREERTOS.a(tasks.c.obj)
 .text.prvResetNextTaskUnblockTime
                0x0000000008006064       0x48 libFREERTOS.a(tasks.c.obj)
 .text.xTaskGetSchedulerState
                0x00000000080060ac       0x3c libFREERTOS.a(tasks.c.obj)
                0x00000000080060ac                xTaskGetSchedulerState
 .text.prvAddCurrentTaskToDelayedList
                0x00000000080060e8       0xcc libFREERTOS.a(tasks.c.obj)
 .text.vListInitialise
                0x00000000080061b4       0x3e libFREERTOS.a(list.c.obj)
                0x00000000080061b4                vListInitialise
 .text.vListInitialiseItem
                0x00000000080061f2       0x18 libFREERTOS.a(list.c.obj)
                0x00000000080061f2                vListInitialiseItem
 .text.vListInsertEnd
                0x000000000800620a       0x46 libFREERTOS.a(list.c.obj)
                0x000000000800620a                vListInsertEnd
 .text.vListInsert
                0x0000000008006250       0x70 libFREERTOS.a(list.c.obj)
                0x0000000008006250                vListInsert
 .text.uxListRemove
                0x00000000080062c0       0x52 libFREERTOS.a(list.c.obj)
                0x00000000080062c0                uxListRemove
 *(.glue_7)
 .glue_7        0x0000000008006312        0x0 linker stubs
 *(.glue_7t)
 .glue_7t       0x0000000008006312        0x0 linker stubs
 *(.eh_frame)
 *fill*         0x0000000008006312        0x2 
 .eh_frame      0x0000000008006314        0x0 /opt/cross/lib/gcc/arm-none-eabi/7.2.0/thumb/cortex-m3/crtbegin.o
 *(.init)
 .init          0x0000000008006314        0x4 /opt/cross/lib/gcc/arm-none-eabi/7.2.0/thumb/cortex-m3/crti.o
                0x0000000008006314                _init
 .init          0x0000000008006318        0x8 /opt/cross/lib/gcc/arm-none-eabi/7.2.0/thumb/cortex-m3/crtn.o
 *(.fini)
 .fini          0x0000000008006320        0x4 /opt/cross/lib/gcc/arm-none-eabi/7.2.0/thumb/cortex-m3/crti.o
                0x0000000008006320                _fini
 .fini          0x0000000008006324        0x8 /opt/cross/lib/gcc/arm-none-eabi/7.2.0/thumb/cortex-m3/crtn.o
                0x000000000800632c                . = ALIGN (0x4)
                0x000000000800632c                _etext = .

.vfp11_veneer   0x000000000800632c        0x0
 .vfp11_veneer  0x000000000800632c        0x0 linker stubs

.v4_bx          0x000000000800632c        0x0
 .v4_bx         0x000000000800632c        0x0 linker stubs

.iplt           0x000000000800632c        0x0
 .iplt          0x000000000800632c        0x0 /opt/cross/lib/gcc/arm-none-eabi/7.2.0/thumb/cortex-m3/crtbegin.o

.rodata         0x000000000800632c     0x1604
                0x000000000800632c                . = ALIGN (0x4)
 *(.rodata)
 .rodata        0x000000000800632c       0x74 CMakeFiles/blink.elf.dir/Src/main.c.obj
 .rodata        0x00000000080063a0       0x12 CMakeFiles/blink.elf.dir/Drivers/STM32F1xx_HAL_Driver/Src/stm32f1xx_hal_rcc.c.obj
 *fill*         0x00000000080063b2        0x2 
 .rodata        0x00000000080063b4       0x24 CMakeFiles/blink.elf.dir/UserSrc/Src/lesson5.c.obj
 .rodata        0x00000000080063d8        0x5 libFREERTOS.a(tasks.c.obj)
 *fill*         0x00000000080063dd        0x3 
 .rodata        0x00000000080063e0       0x20 /opt/cross/lib/gcc/arm-none-eabi/7.2.0/../../../../arm-none-eabi/lib/thumb/cortex-m3/libg.a(lib_a-svfprintf.o)
 .rodata        0x0000000008006400       0x20 /opt/cross/lib/gcc/arm-none-eabi/7.2.0/../../../../arm-none-eabi/lib/thumb/cortex-m3/libg.a(lib_a-svfiprintf.o)
 *(.rodata*)
 .rodata.AHBPrescTable
                0x0000000008006420       0x10 CMakeFiles/blink.elf.dir/Src/system_stm32f1xx.c.obj
                0x0000000008006420                AHBPrescTable
 .rodata.APBPrescTable
                0x0000000008006430        0x8 CMakeFiles/blink.elf.dir/Src/system_stm32f1xx.c.obj
                0x0000000008006430                APBPrescTable
 .rodata.Font7x10
                0x0000000008006438      0x76c CMakeFiles/blink.elf.dir/UserSrc/Lib/ssd1306/Src/fonts.c.obj
 .rodata.Font11x18
                0x0000000008006ba4      0xd5c CMakeFiles/blink.elf.dir/UserSrc/Lib/ssd1306/Src/fonts.c.obj
 .rodata.str1.4
                0x0000000008007900       0x30 /opt/cross/lib/gcc/arm-none-eabi/7.2.0/../../../../arm-none-eabi/lib/thumb/cortex-m3/libg.a(lib_a-svfprintf.o)
                                         0x2f (size before relaxing)
 .rodata.str1.4
                0x0000000008007930       0x2f /opt/cross/lib/gcc/arm-none-eabi/7.2.0/../../../../arm-none-eabi/lib/thumb/cortex-m3/libg.a(lib_a-svfiprintf.o)
                0x0000000008007960                . = ALIGN (0x4)

.rel.dyn        0x0000000008007930        0x0
 .rel.iplt      0x0000000008007930        0x0 /opt/cross/lib/gcc/arm-none-eabi/7.2.0/thumb/cortex-m3/crtbegin.o

.ARM.extab
 *(.ARM.extab* .gnu.linkonce.armextab.*)

.ARM            0x0000000008007930        0x0
                0x0000000008007930                __exidx_start = .
 *(.ARM.exidx*)
                0x0000000008007930                __exidx_end = .

.preinit_array  0x0000000008007930        0x0
                0x0000000008007930                PROVIDE (__preinit_array_start, .)
 *(.preinit_array*)
                0x0000000008007930                PROVIDE (__preinit_array_end, .)

.init_array     0x0000000008007930        0x4
                0x0000000008007930                PROVIDE (__init_array_start, .)
 *(SORT(.init_array.*))
 *(.init_array*)
 .init_array    0x0000000008007930        0x4 /opt/cross/lib/gcc/arm-none-eabi/7.2.0/thumb/cortex-m3/crtbegin.o
                0x0000000008007934                PROVIDE (__init_array_end, .)

.fini_array     0x0000000008007934        0x4
                0x0000000008007934                PROVIDE (__fini_array_start, .)
 *(SORT(.fini_array.*))
 *(.fini_array*)
 .fini_array    0x0000000008007934        0x4 /opt/cross/lib/gcc/arm-none-eabi/7.2.0/thumb/cortex-m3/crtbegin.o
                0x0000000008007938                PROVIDE (__fini_array_end, .)
                0x0000000008007938                _sidata = LOADADDR (.data)

.data           0x0000000020000000      0x858 load address 0x0000000008007938
                0x0000000020000000                . = ALIGN (0x4)
                0x0000000020000000                _sdata = .
 *(.data)
 .data          0x0000000020000000      0x430 /opt/cross/lib/gcc/arm-none-eabi/7.2.0/../../../../arm-none-eabi/lib/thumb/cortex-m3/libg.a(lib_a-impure.o)
                0x0000000020000000                _impure_ptr
 .data          0x0000000020000430      0x410 /opt/cross/lib/gcc/arm-none-eabi/7.2.0/../../../../arm-none-eabi/lib/thumb/cortex-m3/libg.a(lib_a-mallocr.o)
                0x0000000020000430                __malloc_av_
                0x0000000020000838                __malloc_sbrk_base
                0x000000002000083c                __malloc_trim_threshold
 *(.data*)
 .data.SystemCoreClock
                0x0000000020000840        0x4 CMakeFiles/blink.elf.dir/Src/system_stm32f1xx.c.obj
                0x0000000020000840                SystemCoreClock
 .data.Font_7x10
                0x0000000020000844        0x8 CMakeFiles/blink.elf.dir/UserSrc/Lib/ssd1306/Src/fonts.c.obj
                0x0000000020000844                Font_7x10
 .data.Font_11x18
                0x000000002000084c        0x8 CMakeFiles/blink.elf.dir/UserSrc/Lib/ssd1306/Src/fonts.c.obj
                0x000000002000084c                Font_11x18
 .data.uxCriticalNesting
                0x0000000020000854        0x4 libFREERTOS.a(port.c.obj)
                0x0000000020000858                . = ALIGN (0x4)
                0x0000000020000858                _edata = .

.tm_clone_table
                0x0000000020000858        0x0 load address 0x0000000008008190
 .tm_clone_table
                0x0000000020000858        0x0 /opt/cross/lib/gcc/arm-none-eabi/7.2.0/thumb/cortex-m3/crtbegin.o
 .tm_clone_table
                0x0000000020000858        0x0 /opt/cross/lib/gcc/arm-none-eabi/7.2.0/thumb/cortex-m3/crtend.o

.igot.plt       0x0000000020000858        0x0 load address 0x0000000008008190
 .igot.plt      0x0000000020000858        0x0 /opt/cross/lib/gcc/arm-none-eabi/7.2.0/thumb/cortex-m3/crtbegin.o
                0x0000000020000858                . = ALIGN (0x4)

.bss            0x0000000020000858     0x12b0 load address 0x0000000008008190
                0x0000000020000858                _sbss = .
                0x0000000020000858                __bss_start__ = _sbss
 *(.bss)
 .bss           0x0000000020000858       0x1c /opt/cross/lib/gcc/arm-none-eabi/7.2.0/thumb/cortex-m3/crtbegin.o
 .bss           0x0000000020000874       0x34 /opt/cross/lib/gcc/arm-none-eabi/7.2.0/../../../../arm-none-eabi/lib/thumb/cortex-m3/libg.a(lib_a-mallocr.o)
                0x0000000020000874                __malloc_top_pad
                0x0000000020000878                __malloc_current_mallinfo
                0x00000000200008a0                __malloc_max_sbrked_mem
                0x00000000200008a4                __malloc_max_total_mem
 *(.bss*)
 .bss.hi2c1     0x00000000200008a8       0x54 CMakeFiles/blink.elf.dir/Src/main.c.obj
                0x00000000200008a8                hi2c1
 .bss.htim3     0x00000000200008fc       0x40 CMakeFiles/blink.elf.dir/Src/main.c.obj
                0x00000000200008fc                htim3
 .bss.defaultTaskHandle
                0x000000002000093c        0x4 CMakeFiles/blink.elf.dir/Src/main.c.obj
                0x000000002000093c                defaultTaskHandle
 .bss.secondTaskHandle
                0x0000000020000940        0x4 CMakeFiles/blink.elf.dir/Src/main.c.obj
                0x0000000020000940                secondTaskHandle
 .bss.htim4     0x0000000020000944       0x40 CMakeFiles/blink.elf.dir/Src/stm32f1xx_hal_timebase_TIM.c.obj
                0x0000000020000944                htim4
 .bss.uwTick    0x0000000020000984        0x4 CMakeFiles/blink.elf.dir/Drivers/STM32F1xx_HAL_Driver/Src/stm32f1xx_hal.c.obj
                0x0000000020000984                uwTick
 .bss.dht       0x0000000020000988       0x24 CMakeFiles/blink.elf.dir/UserSrc/Src/lesson5.c.obj
                0x0000000020000988                dht
 .bss.SSD1306_Buffer
                0x00000000200009ac      0x400 CMakeFiles/blink.elf.dir/UserSrc/Lib/ssd1306/Src/ssd1306.c.obj
 .bss.SSD1306   0x0000000020000dac        0x6 CMakeFiles/blink.elf.dir/UserSrc/Lib/ssd1306/Src/ssd1306.c.obj
 *fill*         0x0000000020000db2        0x2 
 .bss.heap.5237
                0x0000000020000db4        0x4 CMakeFiles/blink.elf.dir/UserSrc/Lib/syscall/Src/syscalls.c.obj
 .bss.ucMaxSysCallPriority
                0x0000000020000db8        0x1 libFREERTOS.a(port.c.obj)
 *fill*         0x0000000020000db9        0x3 
 .bss.ulMaxPRIGROUPValue
                0x0000000020000dbc        0x4 libFREERTOS.a(port.c.obj)
 .bss.ucHeap    0x0000000020000dc0      0xc00 libFREERTOS.a(heap_4.c.obj)
 .bss.xStart    0x00000000200019c0        0x8 libFREERTOS.a(heap_4.c.obj)
 .bss.pxEnd     0x00000000200019c8        0x4 libFREERTOS.a(heap_4.c.obj)
 .bss.xFreeBytesRemaining
                0x00000000200019cc        0x4 libFREERTOS.a(heap_4.c.obj)
 .bss.xMinimumEverFreeBytesRemaining
                0x00000000200019d0        0x4 libFREERTOS.a(heap_4.c.obj)
 .bss.xBlockAllocatedBit
                0x00000000200019d4        0x4 libFREERTOS.a(heap_4.c.obj)
 .bss.pxCurrentTCB
                0x00000000200019d8        0x4 libFREERTOS.a(tasks.c.obj)
                0x00000000200019d8                pxCurrentTCB
 .bss.pxReadyTasksLists
                0x00000000200019dc       0x8c libFREERTOS.a(tasks.c.obj)
 .bss.xDelayedTaskList1
                0x0000000020001a68       0x14 libFREERTOS.a(tasks.c.obj)
 .bss.xDelayedTaskList2
                0x0000000020001a7c       0x14 libFREERTOS.a(tasks.c.obj)
 .bss.pxDelayedTaskList
                0x0000000020001a90        0x4 libFREERTOS.a(tasks.c.obj)
 .bss.pxOverflowDelayedTaskList
                0x0000000020001a94        0x4 libFREERTOS.a(tasks.c.obj)
 .bss.xPendingReadyList
                0x0000000020001a98       0x14 libFREERTOS.a(tasks.c.obj)
 .bss.xTasksWaitingTermination
                0x0000000020001aac       0x14 libFREERTOS.a(tasks.c.obj)
 .bss.uxDeletedTasksWaitingCleanUp
                0x0000000020001ac0        0x4 libFREERTOS.a(tasks.c.obj)
 .bss.xSuspendedTaskList
                0x0000000020001ac4       0x14 libFREERTOS.a(tasks.c.obj)
 .bss.uxCurrentNumberOfTasks
                0x0000000020001ad8        0x4 libFREERTOS.a(tasks.c.obj)
 .bss.xTickCount
                0x0000000020001adc        0x4 libFREERTOS.a(tasks.c.obj)
 .bss.uxTopReadyPriority
                0x0000000020001ae0        0x4 libFREERTOS.a(tasks.c.obj)
 .bss.xSchedulerRunning
                0x0000000020001ae4        0x4 libFREERTOS.a(tasks.c.obj)
 .bss.uxPendedTicks
                0x0000000020001ae8        0x4 libFREERTOS.a(tasks.c.obj)
 .bss.xYieldPending
                0x0000000020001aec        0x4 libFREERTOS.a(tasks.c.obj)
 .bss.xNumOfOverflows
                0x0000000020001af0        0x4 libFREERTOS.a(tasks.c.obj)
 .bss.uxTaskNumber
                0x0000000020001af4        0x4 libFREERTOS.a(tasks.c.obj)
 .bss.xNextTaskUnblockTime
                0x0000000020001af8        0x4 libFREERTOS.a(tasks.c.obj)
 .bss.xIdleTaskHandle
                0x0000000020001afc        0x4 libFREERTOS.a(tasks.c.obj)
 .bss.uxSchedulerSuspended
                0x0000000020001b00        0x4 libFREERTOS.a(tasks.c.obj)
 *(COMMON)
 COMMON         0x0000000020001b04        0x4 /opt/cross/lib/gcc/arm-none-eabi/7.2.0/../../../../arm-none-eabi/lib/thumb/cortex-m3/libg.a(lib_a-reent.o)
                0x0000000020001b04                errno
                0x0000000020001b08                . = ALIGN (0x4)
                0x0000000020001b08                _ebss = .
                0x0000000020001b08                __bss_end__ = _ebss

._user_heap_stack
                0x0000000020001b08      0x600 load address 0x0000000008008190
                0x0000000020001b08                . = ALIGN (0x8)
                [!provide]                        PROVIDE (end, .)
                0x0000000020001b08                PROVIDE (_end, .)
                0x0000000020001d08                . = (. + _Min_Heap_Size)
 *fill*         0x0000000020001b08      0x200 
                0x0000000020002108                . = (. + _Min_Stack_Size)
 *fill*         0x0000000020001d08      0x400 
                0x0000000020002108                . = ALIGN (0x8)

/DISCARD/
 libc.a(*)
 libm.a(*)
 libgcc.a(*)

.ARM.attributes
                0x0000000000000000       0x2f
 *(.ARM.attributes)
 .ARM.attributes
                0x0000000000000000       0x23 /opt/cross/lib/gcc/arm-none-eabi/7.2.0/thumb/cortex-m3/crti.o
 .ARM.attributes
                0x0000000000000023       0x33 /opt/cross/lib/gcc/arm-none-eabi/7.2.0/thumb/cortex-m3/crtbegin.o
 .ARM.attributes
                0x0000000000000056       0x33 CMakeFiles/blink.elf.dir/Src/main.c.obj
 .ARM.attributes
                0x0000000000000089       0x33 CMakeFiles/blink.elf.dir/Src/stm32f1xx_hal_msp.c.obj
 .ARM.attributes
                0x00000000000000bc       0x33 CMakeFiles/blink.elf.dir/Src/stm32f1xx_hal_timebase_TIM.c.obj
 .ARM.attributes
                0x00000000000000ef       0x33 CMakeFiles/blink.elf.dir/Src/stm32f1xx_it.c.obj
 .ARM.attributes
                0x0000000000000122       0x33 CMakeFiles/blink.elf.dir/Src/system_stm32f1xx.c.obj
 .ARM.attributes
                0x0000000000000155       0x33 CMakeFiles/blink.elf.dir/Drivers/STM32F1xx_HAL_Driver/Src/stm32f1xx_hal.c.obj
 .ARM.attributes
                0x0000000000000188       0x33 CMakeFiles/blink.elf.dir/Drivers/STM32F1xx_HAL_Driver/Src/stm32f1xx_hal_cortex.c.obj
 .ARM.attributes
                0x00000000000001bb       0x33 CMakeFiles/blink.elf.dir/Drivers/STM32F1xx_HAL_Driver/Src/stm32f1xx_hal_gpio.c.obj
 .ARM.attributes
                0x00000000000001ee       0x33 CMakeFiles/blink.elf.dir/Drivers/STM32F1xx_HAL_Driver/Src/stm32f1xx_hal_i2c.c.obj
 .ARM.attributes
                0x0000000000000221       0x33 CMakeFiles/blink.elf.dir/Drivers/STM32F1xx_HAL_Driver/Src/stm32f1xx_hal_rcc.c.obj
 .ARM.attributes
                0x0000000000000254       0x33 CMakeFiles/blink.elf.dir/Drivers/STM32F1xx_HAL_Driver/Src/stm32f1xx_hal_tim.c.obj
 .ARM.attributes
                0x0000000000000287       0x33 CMakeFiles/blink.elf.dir/Drivers/STM32F1xx_HAL_Driver/Src/stm32f1xx_hal_tim_ex.c.obj
 .ARM.attributes
                0x00000000000002ba       0x33 CMakeFiles/blink.elf.dir/UserSrc/Src/lesson5.c.obj
 .ARM.attributes
                0x00000000000002ed       0x33 CMakeFiles/blink.elf.dir/UserSrc/Lib/dh11/Src/dht11.c.obj
 .ARM.attributes
                0x0000000000000320       0x33 CMakeFiles/blink.elf.dir/UserSrc/Lib/ssd1306/Src/fonts.c.obj
 .ARM.attributes
                0x0000000000000353       0x33 CMakeFiles/blink.elf.dir/UserSrc/Lib/ssd1306/Src/ssd1306.c.obj
 .ARM.attributes
                0x0000000000000386       0x33 CMakeFiles/blink.elf.dir/UserSrc/Lib/syscall/Src/syscalls.c.obj
 .ARM.attributes
                0x00000000000003b9       0x21 libCMSIS.a(startup_stm32f103xb.s.obj)
 .ARM.attributes
                0x00000000000003da       0x33 libFREERTOS.a(cmsis_os.c.obj)
 .ARM.attributes
                0x000000000000040d       0x33 libFREERTOS.a(port.c.obj)
 .ARM.attributes
                0x0000000000000440       0x33 libFREERTOS.a(heap_4.c.obj)
 .ARM.attributes
                0x0000000000000473       0x33 libFREERTOS.a(tasks.c.obj)
 .ARM.attributes
                0x00000000000004a6       0x33 libFREERTOS.a(list.c.obj)
 .ARM.attributes
                0x00000000000004d9       0x33 /opt/cross/lib/gcc/arm-none-eabi/7.2.0/../../../../arm-none-eabi/lib/thumb/cortex-m3/libg.a(lib_a-impure.o)
 .ARM.attributes
                0x000000000000050c       0x33 /opt/cross/lib/gcc/arm-none-eabi/7.2.0/../../../../arm-none-eabi/lib/thumb/cortex-m3/libg.a(lib_a-init.o)
 .ARM.attributes
                0x000000000000053f       0x21 /opt/cross/lib/gcc/arm-none-eabi/7.2.0/../../../../arm-none-eabi/lib/thumb/cortex-m3/libg.a(lib_a-memcpy.o)
 .ARM.attributes
                0x0000000000000560       0x33 /opt/cross/lib/gcc/arm-none-eabi/7.2.0/../../../../arm-none-eabi/lib/thumb/cortex-m3/libg.a(lib_a-snprintf.o)
 .ARM.attributes
                0x0000000000000593       0x33 /opt/cross/lib/gcc/arm-none-eabi/7.2.0/../../../../arm-none-eabi/lib/thumb/cortex-m3/libg.a(lib_a-sprintf.o)
 .ARM.attributes
                0x00000000000005c6       0x33 /opt/cross/lib/gcc/arm-none-eabi/7.2.0/../../../../arm-none-eabi/lib/thumb/cortex-m3/libg.a(lib_a-svfprintf.o)
 .ARM.attributes
                0x00000000000005f9       0x33 /opt/cross/lib/gcc/arm-none-eabi/7.2.0/../../../../arm-none-eabi/lib/thumb/cortex-m3/libg.a(lib_a-mallocr.o)
 .ARM.attributes
                0x000000000000062c       0x33 /opt/cross/lib/gcc/arm-none-eabi/7.2.0/../../../../arm-none-eabi/lib/thumb/cortex-m3/libg.a(lib_a-memchr-stub.o)
 .ARM.attributes
                0x000000000000065f       0x33 /opt/cross/lib/gcc/arm-none-eabi/7.2.0/../../../../arm-none-eabi/lib/thumb/cortex-m3/libg.a(lib_a-mlock.o)
 .ARM.attributes
                0x0000000000000692       0x33 /opt/cross/lib/gcc/arm-none-eabi/7.2.0/../../../../arm-none-eabi/lib/thumb/cortex-m3/libg.a(lib_a-sbrkr.o)
 .ARM.attributes
                0x00000000000006c5       0x33 /opt/cross/lib/gcc/arm-none-eabi/7.2.0/../../../../arm-none-eabi/lib/thumb/cortex-m3/libg.a(lib_a-strlen-stub.o)
 .ARM.attributes
                0x00000000000006f8       0x33 /opt/cross/lib/gcc/arm-none-eabi/7.2.0/../../../../arm-none-eabi/lib/thumb/cortex-m3/libg.a(lib_a-svfiprintf.o)
 .ARM.attributes
                0x000000000000072b       0x33 /opt/cross/lib/gcc/arm-none-eabi/7.2.0/../../../../arm-none-eabi/lib/thumb/cortex-m3/libg.a(lib_a-freer.o)
 .ARM.attributes
                0x000000000000075e       0x33 /opt/cross/lib/gcc/arm-none-eabi/7.2.0/../../../../arm-none-eabi/lib/thumb/cortex-m3/libg.a(lib_a-memmove.o)
 .ARM.attributes
                0x0000000000000791       0x33 /opt/cross/lib/gcc/arm-none-eabi/7.2.0/../../../../arm-none-eabi/lib/thumb/cortex-m3/libg.a(lib_a-reallocr.o)
 .ARM.attributes
                0x00000000000007c4       0x33 /opt/cross/lib/gcc/arm-none-eabi/7.2.0/../../../../arm-none-eabi/lib/thumb/cortex-m3/libg.a(lib_a-reent.o)
 .ARM.attributes
                0x00000000000007f7       0x33 /opt/cross/lib/gcc/arm-none-eabi/7.2.0/thumb/cortex-m3/crtend.o
 .ARM.attributes
                0x000000000000082a       0x23 /opt/cross/lib/gcc/arm-none-eabi/7.2.0/thumb/cortex-m3/crtn.o
OUTPUT(blink.elf elf32-littlearm)

.comment        0x0000000000000000       0x11
 .comment       0x0000000000000000       0x11 /opt/cross/lib/gcc/arm-none-eabi/7.2.0/thumb/cortex-m3/crtbegin.o
                                         0x12 (size before relaxing)
 .comment       0x0000000000000011       0x12 CMakeFiles/blink.elf.dir/Src/main.c.obj
 .comment       0x0000000000000011       0x12 CMakeFiles/blink.elf.dir/Src/stm32f1xx_hal_msp.c.obj
 .comment       0x0000000000000011       0x12 CMakeFiles/blink.elf.dir/Src/stm32f1xx_hal_timebase_TIM.c.obj
 .comment       0x0000000000000011       0x12 CMakeFiles/blink.elf.dir/Src/stm32f1xx_it.c.obj
 .comment       0x0000000000000011       0x12 CMakeFiles/blink.elf.dir/Src/system_stm32f1xx.c.obj
 .comment       0x0000000000000011       0x12 CMakeFiles/blink.elf.dir/Drivers/STM32F1xx_HAL_Driver/Src/stm32f1xx_hal.c.obj
 .comment       0x0000000000000011       0x12 CMakeFiles/blink.elf.dir/Drivers/STM32F1xx_HAL_Driver/Src/stm32f1xx_hal_cortex.c.obj
 .comment       0x0000000000000011       0x12 CMakeFiles/blink.elf.dir/Drivers/STM32F1xx_HAL_Driver/Src/stm32f1xx_hal_gpio.c.obj
 .comment       0x0000000000000011       0x12 CMakeFiles/blink.elf.dir/Drivers/STM32F1xx_HAL_Driver/Src/stm32f1xx_hal_i2c.c.obj
 .comment       0x0000000000000011       0x12 CMakeFiles/blink.elf.dir/Drivers/STM32F1xx_HAL_Driver/Src/stm32f1xx_hal_rcc.c.obj
 .comment       0x0000000000000011       0x12 CMakeFiles/blink.elf.dir/Drivers/STM32F1xx_HAL_Driver/Src/stm32f1xx_hal_tim.c.obj
 .comment       0x0000000000000011       0x12 CMakeFiles/blink.elf.dir/Drivers/STM32F1xx_HAL_Driver/Src/stm32f1xx_hal_tim_ex.c.obj
 .comment       0x0000000000000011       0x12 CMakeFiles/blink.elf.dir/UserSrc/Src/lesson5.c.obj
 .comment       0x0000000000000011       0x12 CMakeFiles/blink.elf.dir/UserSrc/Lib/dh11/Src/dht11.c.obj
 .comment       0x0000000000000011       0x12 CMakeFiles/blink.elf.dir/UserSrc/Lib/ssd1306/Src/fonts.c.obj
 .comment       0x0000000000000011       0x12 CMakeFiles/blink.elf.dir/UserSrc/Lib/ssd1306/Src/ssd1306.c.obj
 .comment       0x0000000000000011       0x12 CMakeFiles/blink.elf.dir/UserSrc/Lib/syscall/Src/syscalls.c.obj
 .comment       0x0000000000000011       0x12 libFREERTOS.a(cmsis_os.c.obj)
 .comment       0x0000000000000011       0x12 libFREERTOS.a(port.c.obj)
 .comment       0x0000000000000011       0x12 libFREERTOS.a(heap_4.c.obj)
 .comment       0x0000000000000011       0x12 libFREERTOS.a(tasks.c.obj)
 .comment       0x0000000000000011       0x12 libFREERTOS.a(list.c.obj)
 .comment       0x0000000000000011       0x12 /opt/cross/lib/gcc/arm-none-eabi/7.2.0/../../../../arm-none-eabi/lib/thumb/cortex-m3/libg.a(lib_a-impure.o)
 .comment       0x0000000000000011       0x12 /opt/cross/lib/gcc/arm-none-eabi/7.2.0/../../../../arm-none-eabi/lib/thumb/cortex-m3/libg.a(lib_a-init.o)
 .comment       0x0000000000000011       0x12 /opt/cross/lib/gcc/arm-none-eabi/7.2.0/../../../../arm-none-eabi/lib/thumb/cortex-m3/libg.a(lib_a-snprintf.o)
 .comment       0x0000000000000011       0x12 /opt/cross/lib/gcc/arm-none-eabi/7.2.0/../../../../arm-none-eabi/lib/thumb/cortex-m3/libg.a(lib_a-sprintf.o)
 .comment       0x0000000000000011       0x12 /opt/cross/lib/gcc/arm-none-eabi/7.2.0/../../../../arm-none-eabi/lib/thumb/cortex-m3/libg.a(lib_a-svfprintf.o)
 .comment       0x0000000000000011       0x12 /opt/cross/lib/gcc/arm-none-eabi/7.2.0/../../../../arm-none-eabi/lib/thumb/cortex-m3/libg.a(lib_a-mallocr.o)
 .comment       0x0000000000000011       0x12 /opt/cross/lib/gcc/arm-none-eabi/7.2.0/../../../../arm-none-eabi/lib/thumb/cortex-m3/libg.a(lib_a-memchr-stub.o)
 .comment       0x0000000000000011       0x12 /opt/cross/lib/gcc/arm-none-eabi/7.2.0/../../../../arm-none-eabi/lib/thumb/cortex-m3/libg.a(lib_a-mlock.o)
 .comment       0x0000000000000011       0x12 /opt/cross/lib/gcc/arm-none-eabi/7.2.0/../../../../arm-none-eabi/lib/thumb/cortex-m3/libg.a(lib_a-sbrkr.o)
 .comment       0x0000000000000011       0x12 /opt/cross/lib/gcc/arm-none-eabi/7.2.0/../../../../arm-none-eabi/lib/thumb/cortex-m3/libg.a(lib_a-strlen-stub.o)
 .comment       0x0000000000000011       0x12 /opt/cross/lib/gcc/arm-none-eabi/7.2.0/../../../../arm-none-eabi/lib/thumb/cortex-m3/libg.a(lib_a-svfiprintf.o)
 .comment       0x0000000000000011       0x12 /opt/cross/lib/gcc/arm-none-eabi/7.2.0/../../../../arm-none-eabi/lib/thumb/cortex-m3/libg.a(lib_a-freer.o)
 .comment       0x0000000000000011       0x12 /opt/cross/lib/gcc/arm-none-eabi/7.2.0/../../../../arm-none-eabi/lib/thumb/cortex-m3/libg.a(lib_a-memmove.o)
 .comment       0x0000000000000011       0x12 /opt/cross/lib/gcc/arm-none-eabi/7.2.0/../../../../arm-none-eabi/lib/thumb/cortex-m3/libg.a(lib_a-reallocr.o)
 .comment       0x0000000000000011       0x12 /opt/cross/lib/gcc/arm-none-eabi/7.2.0/../../../../arm-none-eabi/lib/thumb/cortex-m3/libg.a(lib_a-reent.o)
 .comment       0x0000000000000011       0x12 /opt/cross/lib/gcc/arm-none-eabi/7.2.0/thumb/cortex-m3/crtend.o

.debug_info     0x0000000000000000    0x25385
 .debug_info    0x0000000000000000     0x17a8 CMakeFiles/blink.elf.dir/Src/main.c.obj
 .debug_info    0x00000000000017a8     0x1451 CMakeFiles/blink.elf.dir/Src/stm32f1xx_hal_msp.c.obj
 .debug_info    0x0000000000002bf9     0x10bc CMakeFiles/blink.elf.dir/Src/stm32f1xx_hal_timebase_TIM.c.obj
 .debug_info    0x0000000000003cb5     0x1056 CMakeFiles/blink.elf.dir/Src/stm32f1xx_it.c.obj
 .debug_info    0x0000000000004d0b      0x3e5 CMakeFiles/blink.elf.dir/Src/system_stm32f1xx.c.obj
 .debug_info    0x00000000000050f0      0xe2e CMakeFiles/blink.elf.dir/Drivers/STM32F1xx_HAL_Driver/Src/stm32f1xx_hal.c.obj
 .debug_info    0x0000000000005f1e     0x12fb CMakeFiles/blink.elf.dir/Drivers/STM32F1xx_HAL_Driver/Src/stm32f1xx_hal_cortex.c.obj
 .debug_info    0x0000000000007219      0xe60 CMakeFiles/blink.elf.dir/Drivers/STM32F1xx_HAL_Driver/Src/stm32f1xx_hal_gpio.c.obj
 .debug_info    0x0000000000008079     0x2972 CMakeFiles/blink.elf.dir/Drivers/STM32F1xx_HAL_Driver/Src/stm32f1xx_hal_i2c.c.obj
 .debug_info    0x000000000000a9eb      0xfc6 CMakeFiles/blink.elf.dir/Drivers/STM32F1xx_HAL_Driver/Src/stm32f1xx_hal_rcc.c.obj
 .debug_info    0x000000000000b9b1     0x29c9 CMakeFiles/blink.elf.dir/Drivers/STM32F1xx_HAL_Driver/Src/stm32f1xx_hal_tim.c.obj
 .debug_info    0x000000000000e37a     0x1778 CMakeFiles/blink.elf.dir/Drivers/STM32F1xx_HAL_Driver/Src/stm32f1xx_hal_tim_ex.c.obj
 .debug_info    0x000000000000faf2     0x13b7 CMakeFiles/blink.elf.dir/UserSrc/Src/lesson5.c.obj
 .debug_info    0x0000000000010ea9     0x1278 CMakeFiles/blink.elf.dir/UserSrc/Lib/dh11/Src/dht11.c.obj
 .debug_info    0x0000000000012121      0xa37 CMakeFiles/blink.elf.dir/UserSrc/Lib/ssd1306/Src/fonts.c.obj
 .debug_info    0x0000000000012b58     0x1076 CMakeFiles/blink.elf.dir/UserSrc/Lib/ssd1306/Src/ssd1306.c.obj
 .debug_info    0x0000000000013bce      0xc7b CMakeFiles/blink.elf.dir/UserSrc/Lib/syscall/Src/syscalls.c.obj
 .debug_info    0x0000000000014849     0x1aec libFREERTOS.a(cmsis_os.c.obj)
 .debug_info    0x0000000000016335      0x499 libFREERTOS.a(port.c.obj)
 .debug_info    0x00000000000167ce      0xbe4 libFREERTOS.a(heap_4.c.obj)
 .debug_info    0x00000000000173b2     0x20ad libFREERTOS.a(tasks.c.obj)
 .debug_info    0x000000000001945f      0xaba libFREERTOS.a(list.c.obj)
 .debug_info    0x0000000000019f19      0x8a9 /opt/cross/lib/gcc/arm-none-eabi/7.2.0/../../../../arm-none-eabi/lib/thumb/cortex-m3/libg.a(lib_a-impure.o)
 .debug_info    0x000000000001a7c2      0x109 /opt/cross/lib/gcc/arm-none-eabi/7.2.0/../../../../arm-none-eabi/lib/thumb/cortex-m3/libg.a(lib_a-init.o)
 .debug_info    0x000000000001a8cb       0x26 /opt/cross/lib/gcc/arm-none-eabi/7.2.0/../../../../arm-none-eabi/lib/thumb/cortex-m3/libg.a(lib_a-memcpy.o)
 .debug_info    0x000000000001a8f1      0xc83 /opt/cross/lib/gcc/arm-none-eabi/7.2.0/../../../../arm-none-eabi/lib/thumb/cortex-m3/libg.a(lib_a-snprintf.o)
 .debug_info    0x000000000001b574      0xbd7 /opt/cross/lib/gcc/arm-none-eabi/7.2.0/../../../../arm-none-eabi/lib/thumb/cortex-m3/libg.a(lib_a-sprintf.o)
 .debug_info    0x000000000001c14b     0x1534 /opt/cross/lib/gcc/arm-none-eabi/7.2.0/../../../../arm-none-eabi/lib/thumb/cortex-m3/libg.a(lib_a-svfprintf.o)
 .debug_info    0x000000000001d67f      0xde1 /opt/cross/lib/gcc/arm-none-eabi/7.2.0/../../../../arm-none-eabi/lib/thumb/cortex-m3/libg.a(lib_a-mallocr.o)
 .debug_info    0x000000000001e460      0x939 /opt/cross/lib/gcc/arm-none-eabi/7.2.0/../../../../arm-none-eabi/lib/thumb/cortex-m3/libg.a(lib_a-memchr-stub.o)
 .debug_info    0x000000000001ed99      0x8dc /opt/cross/lib/gcc/arm-none-eabi/7.2.0/../../../../arm-none-eabi/lib/thumb/cortex-m3/libg.a(lib_a-mlock.o)
 .debug_info    0x000000000001f675      0x95e /opt/cross/lib/gcc/arm-none-eabi/7.2.0/../../../../arm-none-eabi/lib/thumb/cortex-m3/libg.a(lib_a-sbrkr.o)
 .debug_info    0x000000000001ffd3      0x8ba /opt/cross/lib/gcc/arm-none-eabi/7.2.0/../../../../arm-none-eabi/lib/thumb/cortex-m3/libg.a(lib_a-strlen-stub.o)
 .debug_info    0x000000000002088d     0x1801 /opt/cross/lib/gcc/arm-none-eabi/7.2.0/../../../../arm-none-eabi/lib/thumb/cortex-m3/libg.a(lib_a-svfiprintf.o)
 .debug_info    0x000000000002208e      0xcc2 /opt/cross/lib/gcc/arm-none-eabi/7.2.0/../../../../arm-none-eabi/lib/thumb/cortex-m3/libg.a(lib_a-freer.o)
 .debug_info    0x0000000000022d50      0xe31 /opt/cross/lib/gcc/arm-none-eabi/7.2.0/../../../../arm-none-eabi/lib/thumb/cortex-m3/libg.a(lib_a-memmove.o)
 .debug_info    0x0000000000023b81      0xdd7 /opt/cross/lib/gcc/arm-none-eabi/7.2.0/../../../../arm-none-eabi/lib/thumb/cortex-m3/libg.a(lib_a-reallocr.o)
 .debug_info    0x0000000000024958      0xa2d /opt/cross/lib/gcc/arm-none-eabi/7.2.0/../../../../arm-none-eabi/lib/thumb/cortex-m3/libg.a(lib_a-reent.o)

.debug_abbrev   0x0000000000000000     0x5972
 .debug_abbrev  0x0000000000000000      0x2eb CMakeFiles/blink.elf.dir/Src/main.c.obj
 .debug_abbrev  0x00000000000002eb      0x232 CMakeFiles/blink.elf.dir/Src/stm32f1xx_hal_msp.c.obj
 .debug_abbrev  0x000000000000051d      0x243 CMakeFiles/blink.elf.dir/Src/stm32f1xx_hal_timebase_TIM.c.obj
 .debug_abbrev  0x0000000000000760      0x226 CMakeFiles/blink.elf.dir/Src/stm32f1xx_it.c.obj
 .debug_abbrev  0x0000000000000986      0x131 CMakeFiles/blink.elf.dir/Src/system_stm32f1xx.c.obj
 .debug_abbrev  0x0000000000000ab7      0x2c9 CMakeFiles/blink.elf.dir/Drivers/STM32F1xx_HAL_Driver/Src/stm32f1xx_hal.c.obj
 .debug_abbrev  0x0000000000000d80      0x393 CMakeFiles/blink.elf.dir/Drivers/STM32F1xx_HAL_Driver/Src/stm32f1xx_hal_cortex.c.obj
 .debug_abbrev  0x0000000000001113      0x286 CMakeFiles/blink.elf.dir/Drivers/STM32F1xx_HAL_Driver/Src/stm32f1xx_hal_gpio.c.obj
 .debug_abbrev  0x0000000000001399      0x2df CMakeFiles/blink.elf.dir/Drivers/STM32F1xx_HAL_Driver/Src/stm32f1xx_hal_i2c.c.obj
 .debug_abbrev  0x0000000000001678      0x30d CMakeFiles/blink.elf.dir/Drivers/STM32F1xx_HAL_Driver/Src/stm32f1xx_hal_rcc.c.obj
 .debug_abbrev  0x0000000000001985      0x2e7 CMakeFiles/blink.elf.dir/Drivers/STM32F1xx_HAL_Driver/Src/stm32f1xx_hal_tim.c.obj
 .debug_abbrev  0x0000000000001c6c      0x2c4 CMakeFiles/blink.elf.dir/Drivers/STM32F1xx_HAL_Driver/Src/stm32f1xx_hal_tim_ex.c.obj
 .debug_abbrev  0x0000000000001f30      0x272 CMakeFiles/blink.elf.dir/UserSrc/Src/lesson5.c.obj
 .debug_abbrev  0x00000000000021a2      0x2dc CMakeFiles/blink.elf.dir/UserSrc/Lib/dh11/Src/dht11.c.obj
 .debug_abbrev  0x000000000000247e      0x1b7 CMakeFiles/blink.elf.dir/UserSrc/Lib/ssd1306/Src/fonts.c.obj
 .debug_abbrev  0x0000000000002635      0x284 CMakeFiles/blink.elf.dir/UserSrc/Lib/ssd1306/Src/ssd1306.c.obj
 .debug_abbrev  0x00000000000028b9      0x20d CMakeFiles/blink.elf.dir/UserSrc/Lib/syscall/Src/syscalls.c.obj
 .debug_abbrev  0x0000000000002ac6      0x3a5 libFREERTOS.a(cmsis_os.c.obj)
 .debug_abbrev  0x0000000000002e6b      0x202 libFREERTOS.a(port.c.obj)
 .debug_abbrev  0x000000000000306d      0x2d1 libFREERTOS.a(heap_4.c.obj)
 .debug_abbrev  0x000000000000333e      0x389 libFREERTOS.a(tasks.c.obj)
 .debug_abbrev  0x00000000000036c7      0x1fb libFREERTOS.a(list.c.obj)
 .debug_abbrev  0x00000000000038c2      0x192 /opt/cross/lib/gcc/arm-none-eabi/7.2.0/../../../../arm-none-eabi/lib/thumb/cortex-m3/libg.a(lib_a-impure.o)
 .debug_abbrev  0x0000000000003a54       0xba /opt/cross/lib/gcc/arm-none-eabi/7.2.0/../../../../arm-none-eabi/lib/thumb/cortex-m3/libg.a(lib_a-init.o)
 .debug_abbrev  0x0000000000003b0e       0x14 /opt/cross/lib/gcc/arm-none-eabi/7.2.0/../../../../arm-none-eabi/lib/thumb/cortex-m3/libg.a(lib_a-memcpy.o)
 .debug_abbrev  0x0000000000003b22      0x26c /opt/cross/lib/gcc/arm-none-eabi/7.2.0/../../../../arm-none-eabi/lib/thumb/cortex-m3/libg.a(lib_a-snprintf.o)
 .debug_abbrev  0x0000000000003d8e      0x258 /opt/cross/lib/gcc/arm-none-eabi/7.2.0/../../../../arm-none-eabi/lib/thumb/cortex-m3/libg.a(lib_a-sprintf.o)
 .debug_abbrev  0x0000000000003fe6      0x2d0 /opt/cross/lib/gcc/arm-none-eabi/7.2.0/../../../../arm-none-eabi/lib/thumb/cortex-m3/libg.a(lib_a-svfprintf.o)
 .debug_abbrev  0x00000000000042b6      0x2cd /opt/cross/lib/gcc/arm-none-eabi/7.2.0/../../../../arm-none-eabi/lib/thumb/cortex-m3/libg.a(lib_a-mallocr.o)
 .debug_abbrev  0x0000000000004583      0x1db /opt/cross/lib/gcc/arm-none-eabi/7.2.0/../../../../arm-none-eabi/lib/thumb/cortex-m3/libg.a(lib_a-memchr-stub.o)
 .debug_abbrev  0x000000000000475e      0x1d3 /opt/cross/lib/gcc/arm-none-eabi/7.2.0/../../../../arm-none-eabi/lib/thumb/cortex-m3/libg.a(lib_a-mlock.o)
 .debug_abbrev  0x0000000000004931      0x215 /opt/cross/lib/gcc/arm-none-eabi/7.2.0/../../../../arm-none-eabi/lib/thumb/cortex-m3/libg.a(lib_a-sbrkr.o)
 .debug_abbrev  0x0000000000004b46      0x1a7 /opt/cross/lib/gcc/arm-none-eabi/7.2.0/../../../../arm-none-eabi/lib/thumb/cortex-m3/libg.a(lib_a-strlen-stub.o)
 .debug_abbrev  0x0000000000004ced      0x31e /opt/cross/lib/gcc/arm-none-eabi/7.2.0/../../../../arm-none-eabi/lib/thumb/cortex-m3/libg.a(lib_a-svfiprintf.o)
 .debug_abbrev  0x000000000000500b      0x291 /opt/cross/lib/gcc/arm-none-eabi/7.2.0/../../../../arm-none-eabi/lib/thumb/cortex-m3/libg.a(lib_a-freer.o)
 .debug_abbrev  0x000000000000529c      0x1e3 /opt/cross/lib/gcc/arm-none-eabi/7.2.0/../../../../arm-none-eabi/lib/thumb/cortex-m3/libg.a(lib_a-memmove.o)
 .debug_abbrev  0x000000000000547f      0x262 /opt/cross/lib/gcc/arm-none-eabi/7.2.0/../../../../arm-none-eabi/lib/thumb/cortex-m3/libg.a(lib_a-reallocr.o)
 .debug_abbrev  0x00000000000056e1      0x291 /opt/cross/lib/gcc/arm-none-eabi/7.2.0/../../../../arm-none-eabi/lib/thumb/cortex-m3/libg.a(lib_a-reent.o)

.debug_aranges  0x0000000000000000     0x12c0
 .debug_aranges
                0x0000000000000000       0x60 CMakeFiles/blink.elf.dir/Src/main.c.obj
 .debug_aranges
                0x0000000000000060       0x40 CMakeFiles/blink.elf.dir/Src/stm32f1xx_hal_msp.c.obj
 .debug_aranges
                0x00000000000000a0       0x30 CMakeFiles/blink.elf.dir/Src/stm32f1xx_hal_timebase_TIM.c.obj
 .debug_aranges
                0x00000000000000d0       0x60 CMakeFiles/blink.elf.dir/Src/stm32f1xx_it.c.obj
 .debug_aranges
                0x0000000000000130       0x28 CMakeFiles/blink.elf.dir/Src/system_stm32f1xx.c.obj
 .debug_aranges
                0x0000000000000158       0xb8 CMakeFiles/blink.elf.dir/Drivers/STM32F1xx_HAL_Driver/Src/stm32f1xx_hal.c.obj
 .debug_aranges
                0x0000000000000210      0x100 CMakeFiles/blink.elf.dir/Drivers/STM32F1xx_HAL_Driver/Src/stm32f1xx_hal_cortex.c.obj
 .debug_aranges
                0x0000000000000310       0x58 CMakeFiles/blink.elf.dir/Drivers/STM32F1xx_HAL_Driver/Src/stm32f1xx_hal_gpio.c.obj
 .debug_aranges
                0x0000000000000368      0x268 CMakeFiles/blink.elf.dir/Drivers/STM32F1xx_HAL_Driver/Src/stm32f1xx_hal_i2c.c.obj
 .debug_aranges
                0x00000000000005d0       0x90 CMakeFiles/blink.elf.dir/Drivers/STM32F1xx_HAL_Driver/Src/stm32f1xx_hal_rcc.c.obj
 .debug_aranges
                0x0000000000000660      0x368 CMakeFiles/blink.elf.dir/Drivers/STM32F1xx_HAL_Driver/Src/stm32f1xx_hal_tim.c.obj
 .debug_aranges
                0x00000000000009c8      0x138 CMakeFiles/blink.elf.dir/Drivers/STM32F1xx_HAL_Driver/Src/stm32f1xx_hal_tim_ex.c.obj
 .debug_aranges
                0x0000000000000b00       0x28 CMakeFiles/blink.elf.dir/UserSrc/Src/lesson5.c.obj
 .debug_aranges
                0x0000000000000b28       0x60 CMakeFiles/blink.elf.dir/UserSrc/Lib/dh11/Src/dht11.c.obj
 .debug_aranges
                0x0000000000000b88       0x18 CMakeFiles/blink.elf.dir/UserSrc/Lib/ssd1306/Src/fonts.c.obj
 .debug_aranges
                0x0000000000000ba0       0x58 CMakeFiles/blink.elf.dir/UserSrc/Lib/ssd1306/Src/ssd1306.c.obj
 .debug_aranges
                0x0000000000000bf8       0x60 CMakeFiles/blink.elf.dir/UserSrc/Lib/syscall/Src/syscalls.c.obj
 .debug_aranges
                0x0000000000000c58      0x1d8 libFREERTOS.a(cmsis_os.c.obj)
 .debug_aranges
                0x0000000000000e30       0x78 libFREERTOS.a(port.c.obj)
 .debug_aranges
                0x0000000000000ea8       0x50 libFREERTOS.a(heap_4.c.obj)
 .debug_aranges
                0x0000000000000ef8      0x190 libFREERTOS.a(tasks.c.obj)
 .debug_aranges
                0x0000000000001088       0x40 libFREERTOS.a(list.c.obj)
 .debug_aranges
                0x00000000000010c8       0x18 /opt/cross/lib/gcc/arm-none-eabi/7.2.0/../../../../arm-none-eabi/lib/thumb/cortex-m3/libg.a(lib_a-impure.o)
 .debug_aranges
                0x00000000000010e0       0x20 /opt/cross/lib/gcc/arm-none-eabi/7.2.0/../../../../arm-none-eabi/lib/thumb/cortex-m3/libg.a(lib_a-init.o)
 .debug_aranges
                0x0000000000001100       0x20 /opt/cross/lib/gcc/arm-none-eabi/7.2.0/../../../../arm-none-eabi/lib/thumb/cortex-m3/libg.a(lib_a-memcpy.o)
 .debug_aranges
                0x0000000000001120       0x20 /opt/cross/lib/gcc/arm-none-eabi/7.2.0/../../../../arm-none-eabi/lib/thumb/cortex-m3/libg.a(lib_a-snprintf.o)
 .debug_aranges
                0x0000000000001140       0x20 /opt/cross/lib/gcc/arm-none-eabi/7.2.0/../../../../arm-none-eabi/lib/thumb/cortex-m3/libg.a(lib_a-sprintf.o)
 .debug_aranges
                0x0000000000001160       0x20 /opt/cross/lib/gcc/arm-none-eabi/7.2.0/../../../../arm-none-eabi/lib/thumb/cortex-m3/libg.a(lib_a-svfprintf.o)
 .debug_aranges
                0x0000000000001180       0x20 /opt/cross/lib/gcc/arm-none-eabi/7.2.0/../../../../arm-none-eabi/lib/thumb/cortex-m3/libg.a(lib_a-mallocr.o)
 .debug_aranges
                0x00000000000011a0       0x20 /opt/cross/lib/gcc/arm-none-eabi/7.2.0/../../../../arm-none-eabi/lib/thumb/cortex-m3/libg.a(lib_a-memchr-stub.o)
 .debug_aranges
                0x00000000000011c0       0x20 /opt/cross/lib/gcc/arm-none-eabi/7.2.0/../../../../arm-none-eabi/lib/thumb/cortex-m3/libg.a(lib_a-mlock.o)
 .debug_aranges
                0x00000000000011e0       0x20 /opt/cross/lib/gcc/arm-none-eabi/7.2.0/../../../../arm-none-eabi/lib/thumb/cortex-m3/libg.a(lib_a-sbrkr.o)
 .debug_aranges
                0x0000000000001200       0x20 /opt/cross/lib/gcc/arm-none-eabi/7.2.0/../../../../arm-none-eabi/lib/thumb/cortex-m3/libg.a(lib_a-strlen-stub.o)
 .debug_aranges
                0x0000000000001220       0x20 /opt/cross/lib/gcc/arm-none-eabi/7.2.0/../../../../arm-none-eabi/lib/thumb/cortex-m3/libg.a(lib_a-svfiprintf.o)
 .debug_aranges
                0x0000000000001240       0x20 /opt/cross/lib/gcc/arm-none-eabi/7.2.0/../../../../arm-none-eabi/lib/thumb/cortex-m3/libg.a(lib_a-freer.o)
 .debug_aranges
                0x0000000000001260       0x20 /opt/cross/lib/gcc/arm-none-eabi/7.2.0/../../../../arm-none-eabi/lib/thumb/cortex-m3/libg.a(lib_a-memmove.o)
 .debug_aranges
                0x0000000000001280       0x20 /opt/cross/lib/gcc/arm-none-eabi/7.2.0/../../../../arm-none-eabi/lib/thumb/cortex-m3/libg.a(lib_a-reallocr.o)
 .debug_aranges
                0x00000000000012a0       0x20 /opt/cross/lib/gcc/arm-none-eabi/7.2.0/../../../../arm-none-eabi/lib/thumb/cortex-m3/libg.a(lib_a-reent.o)

.debug_ranges   0x0000000000000000     0x1178
 .debug_ranges  0x0000000000000000       0x50 CMakeFiles/blink.elf.dir/Src/main.c.obj
 .debug_ranges  0x0000000000000050       0x30 CMakeFiles/blink.elf.dir/Src/stm32f1xx_hal_msp.c.obj
 .debug_ranges  0x0000000000000080       0x20 CMakeFiles/blink.elf.dir/Src/stm32f1xx_hal_timebase_TIM.c.obj
 .debug_ranges  0x00000000000000a0       0x50 CMakeFiles/blink.elf.dir/Src/stm32f1xx_it.c.obj
 .debug_ranges  0x00000000000000f0       0x18 CMakeFiles/blink.elf.dir/Src/system_stm32f1xx.c.obj
 .debug_ranges  0x0000000000000108       0xa8 CMakeFiles/blink.elf.dir/Drivers/STM32F1xx_HAL_Driver/Src/stm32f1xx_hal.c.obj
 .debug_ranges  0x00000000000001b0       0xf0 CMakeFiles/blink.elf.dir/Drivers/STM32F1xx_HAL_Driver/Src/stm32f1xx_hal_cortex.c.obj
 .debug_ranges  0x00000000000002a0       0x48 CMakeFiles/blink.elf.dir/Drivers/STM32F1xx_HAL_Driver/Src/stm32f1xx_hal_gpio.c.obj
 .debug_ranges  0x00000000000002e8      0x258 CMakeFiles/blink.elf.dir/Drivers/STM32F1xx_HAL_Driver/Src/stm32f1xx_hal_i2c.c.obj
 .debug_ranges  0x0000000000000540       0x80 CMakeFiles/blink.elf.dir/Drivers/STM32F1xx_HAL_Driver/Src/stm32f1xx_hal_rcc.c.obj
 .debug_ranges  0x00000000000005c0      0x358 CMakeFiles/blink.elf.dir/Drivers/STM32F1xx_HAL_Driver/Src/stm32f1xx_hal_tim.c.obj
 .debug_ranges  0x0000000000000918      0x128 CMakeFiles/blink.elf.dir/Drivers/STM32F1xx_HAL_Driver/Src/stm32f1xx_hal_tim_ex.c.obj
 .debug_ranges  0x0000000000000a40       0x18 CMakeFiles/blink.elf.dir/UserSrc/Src/lesson5.c.obj
 .debug_ranges  0x0000000000000a58       0x50 CMakeFiles/blink.elf.dir/UserSrc/Lib/dh11/Src/dht11.c.obj
 .debug_ranges  0x0000000000000aa8       0x48 CMakeFiles/blink.elf.dir/UserSrc/Lib/ssd1306/Src/ssd1306.c.obj
 .debug_ranges  0x0000000000000af0       0x50 CMakeFiles/blink.elf.dir/UserSrc/Lib/syscall/Src/syscalls.c.obj
 .debug_ranges  0x0000000000000b40      0x1c8 libFREERTOS.a(cmsis_os.c.obj)
 .debug_ranges  0x0000000000000d08       0x68 libFREERTOS.a(port.c.obj)
 .debug_ranges  0x0000000000000d70       0x40 libFREERTOS.a(heap_4.c.obj)
 .debug_ranges  0x0000000000000db0      0x180 libFREERTOS.a(tasks.c.obj)
 .debug_ranges  0x0000000000000f30       0x30 libFREERTOS.a(list.c.obj)
 .debug_ranges  0x0000000000000f60       0x28 /opt/cross/lib/gcc/arm-none-eabi/7.2.0/../../../../arm-none-eabi/lib/thumb/cortex-m3/libg.a(lib_a-svfprintf.o)
 .debug_ranges  0x0000000000000f88       0x40 /opt/cross/lib/gcc/arm-none-eabi/7.2.0/../../../../arm-none-eabi/lib/thumb/cortex-m3/libg.a(lib_a-mallocr.o)
 .debug_ranges  0x0000000000000fc8       0x10 /opt/cross/lib/gcc/arm-none-eabi/7.2.0/../../../../arm-none-eabi/lib/thumb/cortex-m3/libg.a(lib_a-strlen-stub.o)
 .debug_ranges  0x0000000000000fd8       0x70 /opt/cross/lib/gcc/arm-none-eabi/7.2.0/../../../../arm-none-eabi/lib/thumb/cortex-m3/libg.a(lib_a-svfiprintf.o)
 .debug_ranges  0x0000000000001048      0x130 /opt/cross/lib/gcc/arm-none-eabi/7.2.0/../../../../arm-none-eabi/lib/thumb/cortex-m3/libg.a(lib_a-reallocr.o)

.debug_line     0x0000000000000000     0xa390
 .debug_line    0x0000000000000000      0x507 CMakeFiles/blink.elf.dir/Src/main.c.obj
 .debug_line    0x0000000000000507      0x326 CMakeFiles/blink.elf.dir/Src/stm32f1xx_hal_msp.c.obj
 .debug_line    0x000000000000082d      0x2eb CMakeFiles/blink.elf.dir/Src/stm32f1xx_hal_timebase_TIM.c.obj
 .debug_line    0x0000000000000b18      0x372 CMakeFiles/blink.elf.dir/Src/stm32f1xx_it.c.obj
 .debug_line    0x0000000000000e8a      0x1f4 CMakeFiles/blink.elf.dir/Src/system_stm32f1xx.c.obj
 .debug_line    0x000000000000107e      0x3ed CMakeFiles/blink.elf.dir/Drivers/STM32F1xx_HAL_Driver/Src/stm32f1xx_hal.c.obj
 .debug_line    0x000000000000146b      0x4c8 CMakeFiles/blink.elf.dir/Drivers/STM32F1xx_HAL_Driver/Src/stm32f1xx_hal_cortex.c.obj
 .debug_line    0x0000000000001933      0x48b CMakeFiles/blink.elf.dir/Drivers/STM32F1xx_HAL_Driver/Src/stm32f1xx_hal_gpio.c.obj
 .debug_line    0x0000000000001dbe     0x1368 CMakeFiles/blink.elf.dir/Drivers/STM32F1xx_HAL_Driver/Src/stm32f1xx_hal_i2c.c.obj
 .debug_line    0x0000000000003126      0x555 CMakeFiles/blink.elf.dir/Drivers/STM32F1xx_HAL_Driver/Src/stm32f1xx_hal_rcc.c.obj
 .debug_line    0x000000000000367b     0x1233 CMakeFiles/blink.elf.dir/Drivers/STM32F1xx_HAL_Driver/Src/stm32f1xx_hal_tim.c.obj
 .debug_line    0x00000000000048ae      0x83e CMakeFiles/blink.elf.dir/Drivers/STM32F1xx_HAL_Driver/Src/stm32f1xx_hal_tim_ex.c.obj
 .debug_line    0x00000000000050ec      0x3cd CMakeFiles/blink.elf.dir/UserSrc/Src/lesson5.c.obj
 .debug_line    0x00000000000054b9      0x41a CMakeFiles/blink.elf.dir/UserSrc/Lib/dh11/Src/dht11.c.obj
 .debug_line    0x00000000000058d3      0x236 CMakeFiles/blink.elf.dir/UserSrc/Lib/ssd1306/Src/fonts.c.obj
 .debug_line    0x0000000000005b09      0x423 CMakeFiles/blink.elf.dir/UserSrc/Lib/ssd1306/Src/ssd1306.c.obj
 .debug_line    0x0000000000005f2c      0x21a CMakeFiles/blink.elf.dir/UserSrc/Lib/syscall/Src/syscalls.c.obj
 .debug_line    0x0000000000006146      0x928 libFREERTOS.a(cmsis_os.c.obj)
 .debug_line    0x0000000000006a6e      0x369 libFREERTOS.a(port.c.obj)
 .debug_line    0x0000000000006dd7      0x386 libFREERTOS.a(heap_4.c.obj)
 .debug_line    0x000000000000715d      0xcd4 libFREERTOS.a(tasks.c.obj)
 .debug_line    0x0000000000007e31      0x30f libFREERTOS.a(list.c.obj)
 .debug_line    0x0000000000008140       0xec /opt/cross/lib/gcc/arm-none-eabi/7.2.0/../../../../arm-none-eabi/lib/thumb/cortex-m3/libg.a(lib_a-impure.o)
 .debug_line    0x000000000000822c       0xbf /opt/cross/lib/gcc/arm-none-eabi/7.2.0/../../../../arm-none-eabi/lib/thumb/cortex-m3/libg.a(lib_a-init.o)
 .debug_line    0x00000000000082eb       0xbd /opt/cross/lib/gcc/arm-none-eabi/7.2.0/../../../../arm-none-eabi/lib/thumb/cortex-m3/libg.a(lib_a-memcpy.o)
 .debug_line    0x00000000000083a8      0x21f /opt/cross/lib/gcc/arm-none-eabi/7.2.0/../../../../arm-none-eabi/lib/thumb/cortex-m3/libg.a(lib_a-snprintf.o)
 .debug_line    0x00000000000085c7      0x1a6 /opt/cross/lib/gcc/arm-none-eabi/7.2.0/../../../../arm-none-eabi/lib/thumb/cortex-m3/libg.a(lib_a-sprintf.o)
 .debug_line    0x000000000000876d      0x521 /opt/cross/lib/gcc/arm-none-eabi/7.2.0/../../../../arm-none-eabi/lib/thumb/cortex-m3/libg.a(lib_a-svfprintf.o)
 .debug_line    0x0000000000008c8e      0x395 /opt/cross/lib/gcc/arm-none-eabi/7.2.0/../../../../arm-none-eabi/lib/thumb/cortex-m3/libg.a(lib_a-mallocr.o)
 .debug_line    0x0000000000009023      0x189 /opt/cross/lib/gcc/arm-none-eabi/7.2.0/../../../../arm-none-eabi/lib/thumb/cortex-m3/libg.a(lib_a-memchr-stub.o)
 .debug_line    0x00000000000091ac       0xfc /opt/cross/lib/gcc/arm-none-eabi/7.2.0/../../../../arm-none-eabi/lib/thumb/cortex-m3/libg.a(lib_a-mlock.o)
 .debug_line    0x00000000000092a8      0x15b /opt/cross/lib/gcc/arm-none-eabi/7.2.0/../../../../arm-none-eabi/lib/thumb/cortex-m3/libg.a(lib_a-sbrkr.o)
 .debug_line    0x0000000000009403      0x153 /opt/cross/lib/gcc/arm-none-eabi/7.2.0/../../../../arm-none-eabi/lib/thumb/cortex-m3/libg.a(lib_a-strlen-stub.o)
 .debug_line    0x0000000000009556      0x5c8 /opt/cross/lib/gcc/arm-none-eabi/7.2.0/../../../../arm-none-eabi/lib/thumb/cortex-m3/libg.a(lib_a-svfiprintf.o)
 .debug_line    0x0000000000009b1e      0x28a /opt/cross/lib/gcc/arm-none-eabi/7.2.0/../../../../arm-none-eabi/lib/thumb/cortex-m3/libg.a(lib_a-freer.o)
 .debug_line    0x0000000000009da8      0x1f1 /opt/cross/lib/gcc/arm-none-eabi/7.2.0/../../../../arm-none-eabi/lib/thumb/cortex-m3/libg.a(lib_a-memmove.o)
 .debug_line    0x0000000000009f99      0x279 /opt/cross/lib/gcc/arm-none-eabi/7.2.0/../../../../arm-none-eabi/lib/thumb/cortex-m3/libg.a(lib_a-reallocr.o)
 .debug_line    0x000000000000a212      0x17e /opt/cross/lib/gcc/arm-none-eabi/7.2.0/../../../../arm-none-eabi/lib/thumb/cortex-m3/libg.a(lib_a-reent.o)

.debug_str      0x0000000000000000     0x637d
 .debug_str     0x0000000000000000     0x121e CMakeFiles/blink.elf.dir/Src/main.c.obj
                                       0x1372 (size before relaxing)
 .debug_str     0x000000000000121e       0xd2 CMakeFiles/blink.elf.dir/Src/stm32f1xx_hal_msp.c.obj
                                       0x1017 (size before relaxing)
 .debug_str     0x00000000000012f0       0xdc CMakeFiles/blink.elf.dir/Src/stm32f1xx_hal_timebase_TIM.c.obj
                                        0xdc7 (size before relaxing)
 .debug_str     0x00000000000013cc      0x19a CMakeFiles/blink.elf.dir/Src/stm32f1xx_it.c.obj
                                        0xb45 (size before relaxing)
 .debug_str     0x0000000000001566       0xc7 CMakeFiles/blink.elf.dir/Src/system_stm32f1xx.c.obj
                                        0x2d4 (size before relaxing)
 .debug_str     0x000000000000162d      0x1fb CMakeFiles/blink.elf.dir/Drivers/STM32F1xx_HAL_Driver/Src/stm32f1xx_hal.c.obj
                                        0xb39 (size before relaxing)
 .debug_str     0x0000000000001828      0x2e5 CMakeFiles/blink.elf.dir/Drivers/STM32F1xx_HAL_Driver/Src/stm32f1xx_hal_cortex.c.obj
                                        0xce2 (size before relaxing)
 .debug_str     0x0000000000001b0d      0x16b CMakeFiles/blink.elf.dir/Drivers/STM32F1xx_HAL_Driver/Src/stm32f1xx_hal_gpio.c.obj
                                        0x84f (size before relaxing)
 .debug_str     0x0000000000001c78      0x7fa CMakeFiles/blink.elf.dir/Drivers/STM32F1xx_HAL_Driver/Src/stm32f1xx_hal_i2c.c.obj
                                       0x12a2 (size before relaxing)
 .debug_str     0x0000000000002472      0x220 CMakeFiles/blink.elf.dir/Drivers/STM32F1xx_HAL_Driver/Src/stm32f1xx_hal_rcc.c.obj
                                        0x9ff (size before relaxing)
 .debug_str     0x0000000000002692      0xccf CMakeFiles/blink.elf.dir/Drivers/STM32F1xx_HAL_Driver/Src/stm32f1xx_hal_tim.c.obj
                                       0x1729 (size before relaxing)
 .debug_str     0x0000000000003361      0x503 CMakeFiles/blink.elf.dir/Drivers/STM32F1xx_HAL_Driver/Src/stm32f1xx_hal_tim_ex.c.obj
                                        0xfc6 (size before relaxing)
 .debug_str     0x0000000000003864       0xf2 CMakeFiles/blink.elf.dir/UserSrc/Src/lesson5.c.obj
                                        0xdea (size before relaxing)
 .debug_str     0x0000000000003956       0xda CMakeFiles/blink.elf.dir/UserSrc/Lib/dh11/Src/dht11.c.obj
                                        0xc07 (size before relaxing)
 .debug_str     0x0000000000003a30       0x66 CMakeFiles/blink.elf.dir/UserSrc/Lib/ssd1306/Src/fonts.c.obj
                                        0x65e (size before relaxing)
 .debug_str     0x0000000000003a96      0x142 CMakeFiles/blink.elf.dir/UserSrc/Lib/ssd1306/Src/ssd1306.c.obj
                                        0xba2 (size before relaxing)
 .debug_str     0x0000000000003bd8      0x18f CMakeFiles/blink.elf.dir/UserSrc/Lib/syscall/Src/syscalls.c.obj
                                        0x72a (size before relaxing)
 .debug_str     0x0000000000003d67      0x7d5 libFREERTOS.a(cmsis_os.c.obj)
                                        0xf1c (size before relaxing)
 .debug_str     0x000000000000453c      0x25a libFREERTOS.a(port.c.obj)
                                        0x43f (size before relaxing)
 .debug_str     0x0000000000004796      0x233 libFREERTOS.a(heap_4.c.obj)
                                        0x7c0 (size before relaxing)
 .debug_str     0x00000000000049c9      0xa3d libFREERTOS.a(tasks.c.obj)
                                       0x110e (size before relaxing)
 .debug_str     0x0000000000005406       0xe1 libFREERTOS.a(list.c.obj)
                                        0x6f6 (size before relaxing)
 .debug_str     0x00000000000054e7      0x103 /opt/cross/lib/gcc/arm-none-eabi/7.2.0/../../../../arm-none-eabi/lib/thumb/cortex-m3/libg.a(lib_a-impure.o)
                                        0x56b (size before relaxing)
 .debug_str     0x00000000000055ea       0xe4 /opt/cross/lib/gcc/arm-none-eabi/7.2.0/../../../../arm-none-eabi/lib/thumb/cortex-m3/libg.a(lib_a-init.o)
                                        0x1ef (size before relaxing)
 .debug_str     0x00000000000056ce       0xac /opt/cross/lib/gcc/arm-none-eabi/7.2.0/../../../../arm-none-eabi/lib/thumb/cortex-m3/libg.a(lib_a-memcpy.o)
 .debug_str     0x000000000000577a      0x201 /opt/cross/lib/gcc/arm-none-eabi/7.2.0/../../../../arm-none-eabi/lib/thumb/cortex-m3/libg.a(lib_a-snprintf.o)
                                        0x70c (size before relaxing)
 .debug_str     0x000000000000597b       0x43 /opt/cross/lib/gcc/arm-none-eabi/7.2.0/../../../../arm-none-eabi/lib/thumb/cortex-m3/libg.a(lib_a-sprintf.o)
                                        0x6e6 (size before relaxing)
 .debug_str     0x00000000000059be      0x42d /opt/cross/lib/gcc/arm-none-eabi/7.2.0/../../../../arm-none-eabi/lib/thumb/cortex-m3/libg.a(lib_a-svfprintf.o)
                                        0xb6e (size before relaxing)
 .debug_str     0x0000000000005deb      0x27b /opt/cross/lib/gcc/arm-none-eabi/7.2.0/../../../../arm-none-eabi/lib/thumb/cortex-m3/libg.a(lib_a-mallocr.o)
                                        0x7d3 (size before relaxing)
 .debug_str     0x0000000000006066       0x57 /opt/cross/lib/gcc/arm-none-eabi/7.2.0/../../../../arm-none-eabi/lib/thumb/cortex-m3/libg.a(lib_a-memchr-stub.o)
                                        0x59b (size before relaxing)
 .debug_str     0x00000000000060bd       0x44 /opt/cross/lib/gcc/arm-none-eabi/7.2.0/../../../../arm-none-eabi/lib/thumb/cortex-m3/libg.a(lib_a-mlock.o)
                                        0x593 (size before relaxing)
 .debug_str     0x0000000000006101       0x38 /opt/cross/lib/gcc/arm-none-eabi/7.2.0/../../../../arm-none-eabi/lib/thumb/cortex-m3/libg.a(lib_a-sbrkr.o)
                                        0x5ae (size before relaxing)
 .debug_str     0x0000000000006139       0x3d /opt/cross/lib/gcc/arm-none-eabi/7.2.0/../../../../arm-none-eabi/lib/thumb/cortex-m3/libg.a(lib_a-strlen-stub.o)
                                        0x581 (size before relaxing)
 .debug_str     0x0000000000006176       0x7f /opt/cross/lib/gcc/arm-none-eabi/7.2.0/../../../../arm-none-eabi/lib/thumb/cortex-m3/libg.a(lib_a-svfiprintf.o)
                                        0xbe8 (size before relaxing)
 .debug_str     0x00000000000061f5       0x34 /opt/cross/lib/gcc/arm-none-eabi/7.2.0/../../../../arm-none-eabi/lib/thumb/cortex-m3/libg.a(lib_a-freer.o)
                                        0x74c (size before relaxing)
 .debug_str     0x0000000000006229       0xac /opt/cross/lib/gcc/arm-none-eabi/7.2.0/../../../../arm-none-eabi/lib/thumb/cortex-m3/libg.a(lib_a-memmove.o)
                                        0x8b7 (size before relaxing)
 .debug_str     0x00000000000062d5       0x4e /opt/cross/lib/gcc/arm-none-eabi/7.2.0/../../../../arm-none-eabi/lib/thumb/cortex-m3/libg.a(lib_a-reallocr.o)
                                        0x78a (size before relaxing)
 .debug_str     0x0000000000006323       0x5a /opt/cross/lib/gcc/arm-none-eabi/7.2.0/../../../../arm-none-eabi/lib/thumb/cortex-m3/libg.a(lib_a-reent.o)
                                        0x5a7 (size before relaxing)

.debug_frame    0x0000000000000000     0x494c
 .debug_frame   0x0000000000000000      0x13c CMakeFiles/blink.elf.dir/Src/main.c.obj
 .debug_frame   0x000000000000013c       0xc4 CMakeFiles/blink.elf.dir/Src/stm32f1xx_hal_msp.c.obj
 .debug_frame   0x0000000000000200       0x74 CMakeFiles/blink.elf.dir/Src/stm32f1xx_hal_timebase_TIM.c.obj
 .debug_frame   0x0000000000000274      0x104 CMakeFiles/blink.elf.dir/Src/stm32f1xx_it.c.obj
 .debug_frame   0x0000000000000378       0x58 CMakeFiles/blink.elf.dir/Src/system_stm32f1xx.c.obj
 .debug_frame   0x00000000000003d0      0x298 CMakeFiles/blink.elf.dir/Drivers/STM32F1xx_HAL_Driver/Src/stm32f1xx_hal.c.obj
 .debug_frame   0x0000000000000668      0x428 CMakeFiles/blink.elf.dir/Drivers/STM32F1xx_HAL_Driver/Src/stm32f1xx_hal_cortex.c.obj
 .debug_frame   0x0000000000000a90      0x14c CMakeFiles/blink.elf.dir/Drivers/STM32F1xx_HAL_Driver/Src/stm32f1xx_hal_gpio.c.obj
 .debug_frame   0x0000000000000bdc      0xb30 CMakeFiles/blink.elf.dir/Drivers/STM32F1xx_HAL_Driver/Src/stm32f1xx_hal_i2c.c.obj
 .debug_frame   0x000000000000170c      0x218 CMakeFiles/blink.elf.dir/Drivers/STM32F1xx_HAL_Driver/Src/stm32f1xx_hal_rcc.c.obj
 .debug_frame   0x0000000000001924      0xfb4 CMakeFiles/blink.elf.dir/Drivers/STM32F1xx_HAL_Driver/Src/stm32f1xx_hal_tim.c.obj
 .debug_frame   0x00000000000028d8      0x54c CMakeFiles/blink.elf.dir/Drivers/STM32F1xx_HAL_Driver/Src/stm32f1xx_hal_tim_ex.c.obj
 .debug_frame   0x0000000000002e24       0x54 CMakeFiles/blink.elf.dir/UserSrc/Src/lesson5.c.obj
 .debug_frame   0x0000000000002e78      0x168 CMakeFiles/blink.elf.dir/UserSrc/Lib/dh11/Src/dht11.c.obj
 .debug_frame   0x0000000000002fe0      0x138 CMakeFiles/blink.elf.dir/UserSrc/Lib/ssd1306/Src/ssd1306.c.obj
 .debug_frame   0x0000000000003118      0x168 CMakeFiles/blink.elf.dir/UserSrc/Lib/syscall/Src/syscalls.c.obj
 .debug_frame   0x0000000000003280      0x808 libFREERTOS.a(cmsis_os.c.obj)
 .debug_frame   0x0000000000003a88      0x18c libFREERTOS.a(port.c.obj)
 .debug_frame   0x0000000000003c14      0x108 libFREERTOS.a(heap_4.c.obj)
 .debug_frame   0x0000000000003d1c      0x6bc libFREERTOS.a(tasks.c.obj)
 .debug_frame   0x00000000000043d8       0xd8 libFREERTOS.a(list.c.obj)
 .debug_frame   0x00000000000044b0       0x2c /opt/cross/lib/gcc/arm-none-eabi/7.2.0/../../../../arm-none-eabi/lib/thumb/cortex-m3/libg.a(lib_a-init.o)
 .debug_frame   0x00000000000044dc       0x9c /opt/cross/lib/gcc/arm-none-eabi/7.2.0/../../../../arm-none-eabi/lib/thumb/cortex-m3/libg.a(lib_a-snprintf.o)
 .debug_frame   0x0000000000004578       0x80 /opt/cross/lib/gcc/arm-none-eabi/7.2.0/../../../../arm-none-eabi/lib/thumb/cortex-m3/libg.a(lib_a-sprintf.o)
 .debug_frame   0x00000000000045f8       0x40 /opt/cross/lib/gcc/arm-none-eabi/7.2.0/../../../../arm-none-eabi/lib/thumb/cortex-m3/libg.a(lib_a-svfprintf.o)
 .debug_frame   0x0000000000004638       0x4c /opt/cross/lib/gcc/arm-none-eabi/7.2.0/../../../../arm-none-eabi/lib/thumb/cortex-m3/libg.a(lib_a-mallocr.o)
 .debug_frame   0x0000000000004684       0x34 /opt/cross/lib/gcc/arm-none-eabi/7.2.0/../../../../arm-none-eabi/lib/thumb/cortex-m3/libg.a(lib_a-memchr-stub.o)
 .debug_frame   0x00000000000046b8       0x30 /opt/cross/lib/gcc/arm-none-eabi/7.2.0/../../../../arm-none-eabi/lib/thumb/cortex-m3/libg.a(lib_a-mlock.o)
 .debug_frame   0x00000000000046e8       0x2c /opt/cross/lib/gcc/arm-none-eabi/7.2.0/../../../../arm-none-eabi/lib/thumb/cortex-m3/libg.a(lib_a-sbrkr.o)
 .debug_frame   0x0000000000004714       0x20 /opt/cross/lib/gcc/arm-none-eabi/7.2.0/../../../../arm-none-eabi/lib/thumb/cortex-m3/libg.a(lib_a-strlen-stub.o)
 .debug_frame   0x0000000000004734       0x98 /opt/cross/lib/gcc/arm-none-eabi/7.2.0/../../../../arm-none-eabi/lib/thumb/cortex-m3/libg.a(lib_a-svfiprintf.o)
 .debug_frame   0x00000000000047cc       0x80 /opt/cross/lib/gcc/arm-none-eabi/7.2.0/../../../../arm-none-eabi/lib/thumb/cortex-m3/libg.a(lib_a-freer.o)
 .debug_frame   0x000000000000484c       0x40 /opt/cross/lib/gcc/arm-none-eabi/7.2.0/../../../../arm-none-eabi/lib/thumb/cortex-m3/libg.a(lib_a-memmove.o)
 .debug_frame   0x000000000000488c       0x58 /opt/cross/lib/gcc/arm-none-eabi/7.2.0/../../../../arm-none-eabi/lib/thumb/cortex-m3/libg.a(lib_a-reallocr.o)
 .debug_frame   0x00000000000048e4       0x68 /opt/cross/lib/gcc/arm-none-eabi/7.2.0/../../../../arm-none-eabi/lib/thumb/cortex-m3/libg.a(lib_a-reent.o)

.debug_loc      0x0000000000000000     0x43ba
 .debug_loc     0x0000000000000000       0xa2 /opt/cross/lib/gcc/arm-none-eabi/7.2.0/../../../../arm-none-eabi/lib/thumb/cortex-m3/libg.a(lib_a-init.o)
 .debug_loc     0x00000000000000a2      0x2c0 /opt/cross/lib/gcc/arm-none-eabi/7.2.0/../../../../arm-none-eabi/lib/thumb/cortex-m3/libg.a(lib_a-snprintf.o)
 .debug_loc     0x0000000000000362       0x93 /opt/cross/lib/gcc/arm-none-eabi/7.2.0/../../../../arm-none-eabi/lib/thumb/cortex-m3/libg.a(lib_a-sprintf.o)
 .debug_loc     0x00000000000003f5      0xb19 /opt/cross/lib/gcc/arm-none-eabi/7.2.0/../../../../arm-none-eabi/lib/thumb/cortex-m3/libg.a(lib_a-svfprintf.o)
 .debug_loc     0x0000000000000f0e      0xc98 /opt/cross/lib/gcc/arm-none-eabi/7.2.0/../../../../arm-none-eabi/lib/thumb/cortex-m3/libg.a(lib_a-mallocr.o)
 .debug_loc     0x0000000000001ba6      0x1e0 /opt/cross/lib/gcc/arm-none-eabi/7.2.0/../../../../arm-none-eabi/lib/thumb/cortex-m3/libg.a(lib_a-memchr-stub.o)
 .debug_loc     0x0000000000001d86       0x4d /opt/cross/lib/gcc/arm-none-eabi/7.2.0/../../../../arm-none-eabi/lib/thumb/cortex-m3/libg.a(lib_a-sbrkr.o)