Archive member included to satisfy reference by file (symbol)

libCMSIS.a(startup_stm32f103xb.s.obj)
                              (Reset_Handler)
libFREERTOS.a(cmsis_os.c.obj)
                              CMakeFiles/blink.elf.dir/Src/main.c.obj (osKernelStart)
libFREERTOS.a(port.c.obj)     libFREERTOS.a(cmsis_os.c.obj) (vPortEnterCritical)
libFREERTOS.a(heap_4.c.obj)   libFREERTOS.a(cmsis_os.c.obj) (pvPortMalloc)
libFREERTOS.a(queue.c.obj)    libFREERTOS.a(cmsis_os.c.obj) (xQueueGenericCreate)
libFREERTOS.a(tasks.c.obj)    libFREERTOS.a(port.c.obj) (pxCurrentTCB)
libFREERTOS.a(list.c.obj)     libFREERTOS.a(queue.c.obj) (vListInitialise)
libUSB.a(usbd_cdc.c.obj)      CMakeFiles/blink.elf.dir/Src/usb_device.c.obj (USBD_CDC)
libUSB.a(usbd_core.c.obj)     CMakeFiles/blink.elf.dir/Src/usb_device.c.obj (USBD_Init)
libUSB.a(usbd_ctlreq.c.obj)   libUSB.a(usbd_core.c.obj) (USBD_StdDevReq)
libUSB.a(usbd_ioreq.c.obj)    libUSB.a(usbd_cdc.c.obj) (USBD_CtlSendData)
/opt/cross/lib/gcc/arm-none-eabi/7.2.0/../../../../arm-none-eabi/lib/thumb/cortex-m3/libg.a(lib_a-atexit.o)
                              /opt/cross/lib/gcc/arm-none-eabi/7.2.0/../../../../arm-none-eabi/lib/thumb/cortex-m3/crt0.o (atexit)
/opt/cross/lib/gcc/arm-none-eabi/7.2.0/../../../../arm-none-eabi/lib/thumb/cortex-m3/libg.a(lib_a-exit.o)
                              /opt/cross/lib/gcc/arm-none-eabi/7.2.0/../../../../arm-none-eabi/lib/thumb/cortex-m3/crt0.o (exit)
/opt/cross/lib/gcc/arm-none-eabi/7.2.0/../../../../arm-none-eabi/lib/thumb/cortex-m3/libg.a(lib_a-fini.o)
                              /opt/cross/lib/gcc/arm-none-eabi/7.2.0/../../../../arm-none-eabi/lib/thumb/cortex-m3/crt0.o (__libc_fini_array)
/opt/cross/lib/gcc/arm-none-eabi/7.2.0/../../../../arm-none-eabi/lib/thumb/cortex-m3/libg.a(lib_a-impure.o)
                              /opt/cross/lib/gcc/arm-none-eabi/7.2.0/../../../../arm-none-eabi/lib/thumb/cortex-m3/libg.a(lib_a-exit.o) (_global_impure_ptr)
/opt/cross/lib/gcc/arm-none-eabi/7.2.0/../../../../arm-none-eabi/lib/thumb/cortex-m3/libg.a(lib_a-init.o)
                              /opt/cross/lib/gcc/arm-none-eabi/7.2.0/../../../../arm-none-eabi/lib/thumb/cortex-m3/crt0.o (__libc_init_array)
/opt/cross/lib/gcc/arm-none-eabi/7.2.0/../../../../arm-none-eabi/lib/thumb/cortex-m3/libg.a(lib_a-memcpy.o)
                              libFREERTOS.a(queue.c.obj) (memcpy)
/opt/cross/lib/gcc/arm-none-eabi/7.2.0/../../../../arm-none-eabi/lib/thumb/cortex-m3/libg.a(lib_a-memset.o)
                              /opt/cross/lib/gcc/arm-none-eabi/7.2.0/../../../../arm-none-eabi/lib/thumb/cortex-m3/crt0.o (memset)
/opt/cross/lib/gcc/arm-none-eabi/7.2.0/../../../../arm-none-eabi/lib/thumb/cortex-m3/libg.a(lib_a-snprintf.o)
                              CMakeFiles/blink.elf.dir/UserSrc/Src/lesson5.c.obj (snprintf)
/opt/cross/lib/gcc/arm-none-eabi/7.2.0/../../../../arm-none-eabi/lib/thumb/cortex-m3/libg.a(lib_a-sprintf.o)
                              CMakeFiles/blink.elf.dir/UserSrc/Src/lesson5.c.obj (sprintf)
/opt/cross/lib/gcc/arm-none-eabi/7.2.0/../../../../arm-none-eabi/lib/thumb/cortex-m3/libg.a(lib_a-strncpy.o)
                              CMakeFiles/blink.elf.dir/Src/usbd_cdc_if.c.obj (strncpy)
/opt/cross/lib/gcc/arm-none-eabi/7.2.0/../../../../arm-none-eabi/lib/thumb/cortex-m3/libg.a(lib_a-svfprintf.o)
                              /opt/cross/lib/gcc/arm-none-eabi/7.2.0/../../../../arm-none-eabi/lib/thumb/cortex-m3/libg.a(lib_a-snprintf.o) (_svfprintf_r)
/opt/cross/lib/gcc/arm-none-eabi/7.2.0/../../../../arm-none-eabi/lib/thumb/cortex-m3/libg.a(lib_a-__atexit.o)
                              /opt/cross/lib/gcc/arm-none-eabi/7.2.0/../../../../arm-none-eabi/lib/thumb/cortex-m3/libg.a(lib_a-atexit.o) (__register_exitproc)
/opt/cross/lib/gcc/arm-none-eabi/7.2.0/../../../../arm-none-eabi/lib/thumb/cortex-m3/libg.a(lib_a-__call_atexit.o)
                              /opt/cross/lib/gcc/arm-none-eabi/7.2.0/../../../../arm-none-eabi/lib/thumb/cortex-m3/libg.a(lib_a-exit.o) (__call_exitprocs)
/opt/cross/lib/gcc/arm-none-eabi/7.2.0/../../../../arm-none-eabi/lib/thumb/cortex-m3/libg.a(lib_a-mallocr.o)
                              /opt/cross/lib/gcc/arm-none-eabi/7.2.0/../../../../arm-none-eabi/lib/thumb/cortex-m3/libg.a(lib_a-svfprintf.o) (_malloc_r)
/opt/cross/lib/gcc/arm-none-eabi/7.2.0/../../../../arm-none-eabi/lib/thumb/cortex-m3/libg.a(lib_a-memchr-stub.o)
                              /opt/cross/lib/gcc/arm-none-eabi/7.2.0/../../../../arm-none-eabi/lib/thumb/cortex-m3/libg.a(lib_a-svfprintf.o) (memchr)
/opt/cross/lib/gcc/arm-none-eabi/7.2.0/../../../../arm-none-eabi/lib/thumb/cortex-m3/libg.a(lib_a-mlock.o)
                              /opt/cross/lib/gcc/arm-none-eabi/7.2.0/../../../../arm-none-eabi/lib/thumb/cortex-m3/libg.a(lib_a-mallocr.o) (__malloc_lock)
/opt/cross/lib/gcc/arm-none-eabi/7.2.0/../../../../arm-none-eabi/lib/thumb/cortex-m3/libg.a(lib_a-sbrkr.o)
[...]
Memory Configuration

Name             Origin             Length             Attributes
RAM              0x0000000020000000 0x0000000000005000 xrw
FLASH            0x0000000008000000 0x0000000000010000 xr
*default*        0x0000000000000000 0xffffffffffffffff

Linker script and memory map

LOAD /opt/cross/lib/gcc/arm-none-eabi/7.2.0/thumb/cortex-m3/crti.o
LOAD /opt/cross/lib/gcc/arm-none-eabi/7.2.0/thumb/cortex-m3/crtbegin.o
LOAD /opt/cross/lib/gcc/arm-none-eabi/7.2.0/../../../../arm-none-eabi/lib/thumb/cortex-m3/crt0.o
LOAD CMakeFiles/blink.elf.dir/Src/freertos.c.obj
LOAD CMakeFiles/blink.elf.dir/Src/main.c.obj
LOAD CMakeFiles/blink.elf.dir/Src/stm32f1xx_hal_msp.c.obj
LOAD CMakeFiles/blink.elf.dir/Src/stm32f1xx_hal_timebase_TIM.c.obj
LOAD CMakeFiles/blink.elf.dir/Src/stm32f1xx_it.c.obj
LOAD CMakeFiles/blink.elf.dir/Src/system_stm32f1xx.c.obj
LOAD CMakeFiles/blink.elf.dir/Src/usb_device.c.obj
LOAD CMakeFiles/blink.elf.dir/Src/usbd_cdc_if.c.obj
LOAD CMakeFiles/blink.elf.dir/Src/usbd_conf.c.obj
LOAD CMakeFiles/blink.elf.dir/Src/usbd_desc.c.obj
LOAD CMakeFiles/blink.elf.dir/Drivers/STM32F1xx_HAL_Driver/Src/stm32f1xx_hal.c.obj
LOAD CMakeFiles/blink.elf.dir/Drivers/STM32F1xx_HAL_Driver/Src/stm32f1xx_hal_cortex.c.obj
LOAD CMakeFiles/blink.elf.dir/Drivers/STM32F1xx_HAL_Driver/Src/stm32f1xx_hal_dma.c.obj
LOAD CMakeFiles/blink.elf.dir/Drivers/STM32F1xx_HAL_Driver/Src/stm32f1xx_hal_flash.c.obj
LOAD CMakeFiles/blink.elf.dir/Drivers/STM32F1xx_HAL_Driver/Src/stm32f1xx_hal_flash_ex.c.obj
LOAD CMakeFiles/blink.elf.dir/Drivers/STM32F1xx_HAL_Driver/Src/stm32f1xx_hal_gpio.c.obj
LOAD CMakeFiles/blink.elf.dir/Drivers/STM32F1xx_HAL_Driver/Src/stm32f1xx_hal_gpio_ex.c.obj
LOAD CMakeFiles/blink.elf.dir/Drivers/STM32F1xx_HAL_Driver/Src/stm32f1xx_hal_i2c.c.obj
LOAD CMakeFiles/blink.elf.dir/Drivers/STM32F1xx_HAL_Driver/Src/stm32f1xx_hal_pcd.c.obj
LOAD CMakeFiles/blink.elf.dir/Drivers/STM32F1xx_HAL_Driver/Src/stm32f1xx_hal_pcd_ex.c.obj
LOAD CMakeFiles/blink.elf.dir/Drivers/STM32F1xx_HAL_Driver/Src/stm32f1xx_hal_pwr.c.obj
LOAD CMakeFiles/blink.elf.dir/Drivers/STM32F1xx_HAL_Driver/Src/stm32f1xx_hal_rcc.c.obj
LOAD CMakeFiles/blink.elf.dir/Drivers/STM32F1xx_HAL_Driver/Src/stm32f1xx_hal_rcc_ex.c.obj
LOAD CMakeFiles/blink.elf.dir/Drivers/STM32F1xx_HAL_Driver/Src/stm32f1xx_hal_tim.c.obj
LOAD CMakeFiles/blink.elf.dir/Drivers/STM32F1xx_HAL_Driver/Src/stm32f1xx_hal_tim_ex.c.obj
LOAD CMakeFiles/blink.elf.dir/Drivers/STM32F1xx_HAL_Driver/Src/stm32f1xx_ll_usb.c.obj
LOAD CMakeFiles/blink.elf.dir/UserSrc/Src/lesson3.c.obj
LOAD CMakeFiles/blink.elf.dir/UserSrc/Src/lesson4.c.obj
LOAD CMakeFiles/blink.elf.dir/UserSrc/Src/lesson5.c.obj
LOAD CMakeFiles/blink.elf.dir/UserSrc/Lib/dh11/Src/dht11.c.obj
LOAD CMakeFiles/blink.elf.dir/UserSrc/Lib/ssd1306/Src/fonts.c.obj
LOAD CMakeFiles/blink.elf.dir/UserSrc/Lib/ssd1306/Src/ssd1306.c.obj
LOAD CMakeFiles/blink.elf.dir/UserSrc/Lib/syscall/Src/syscalls.c.obj
LOAD libHAL.a
LOAD libCMSIS.a
LOAD libUSERSRC.a
LOAD libLIBS.a
LOAD libFREERTOS.a
LOAD libUSB.a
START GROUP
LOAD /opt/cross/lib/gcc/arm-none-eabi/7.2.0/thumb/cortex-m3/libgcc.a
LOAD /opt/cross/lib/gcc/arm-none-eabi/7.2.0/../../../../arm-none-eabi/lib/thumb/cortex-m3/libg.a
LOAD /opt/cross/lib/gcc/arm-none-eabi/7.2.0/../../../../arm-none-eabi/lib/thumb/cortex-m3/libc.a
END GROUP
LOAD /opt/cross/lib/gcc/arm-none-eabi/7.2.0/thumb/cortex-m3/crtend.o
LOAD /opt/cross/lib/gcc/arm-none-eabi/7.2.0/thumb/cortex-m3/crtn.o
                0x0000000020005000                _estack = 0x20005000
                0x0000000000000200                _Min_Heap_Size = 0x200
                0x0000000000000400                _Min_Stack_Size = 0x400

.isr_vector     0x0000000008000000      0x10c
                0x0000000008000000                . = ALIGN (0x4)
 *(.isr_vector)
 .isr_vector    0x0000000008000000      0x10c libCMSIS.a(startup_stm32f103xb.s.obj)
                0x0000000008000000                g_pfnVectors
                0x000000000800010c                . = ALIGN (0x4)

.text           0x0000000008000110     0xa1dc
                0x0000000008000110                . = ALIGN (0x4)
 *(.text)
 .text          0x0000000008000110       0x88 /opt/cross/lib/gcc/arm-none-eabi/7.2.0/thumb/cortex-m3/crtbegin.o
 .text          0x0000000008000198       0x48 /opt/cross/lib/gcc/arm-none-eabi/7.2.0/../../../../arm-none-eabi/lib/thumb/cortex-m3/libg.a(lib_a-init.o)
                0x0000000008000198                __libc_init_array
 .text          0x00000000080001e0       0xec /opt/cross/lib/gcc/arm-none-eabi/7.2.0/../../../../arm-none-eabi/lib/thumb/cortex-m3/libg.a(lib_a-memcpy.o)
                0x00000000080001e0                memcpy
 .text          0x00000000080002cc       0x94 /opt/cross/lib/gcc/arm-none-eabi/7.2.0/../../../../arm-none-eabi/lib/thumb/cortex-m3/libg.a(lib_a-memset.o)
                0x00000000080002cc                memset
 .text          0x0000000008000360      0x10c /opt/cross/lib/gcc/arm-none-eabi/7.2.0/../../../../arm-none-eabi/lib/thumb/cortex-m3/libg.a(lib_a-snprintf.o)
                0x0000000008000360                _snprintf_r
                0x00000000080003e0                snprintf
 .text          0x000000000800046c       0x80 /opt/cross/lib/gcc/arm-none-eabi/7.2.0/../../../../arm-none-eabi/lib/thumb/cortex-m3/libg.a(lib_a-sprintf.o)
                0x000000000800046c                _sprintf_r
                0x00000000080004a8                sprintf
 .text          0x00000000080004ec       0x64 /opt/cross/lib/gcc/arm-none-eabi/7.2.0/../../../../arm-none-eabi/lib/thumb/cortex-m3/libg.a(lib_a-strncpy.o)
                0x00000000080004ec                strncpy
 .text          0x0000000008000550      0x6d4 /opt/cross/lib/gcc/arm-none-eabi/7.2.0/../../../../arm-none-eabi/lib/thumb/cortex-m3/libg.a(lib_a-svfprintf.o)
                0x0000000008000550                _svfprintf_r
 .text          0x0000000008000c24      0x518 /opt/cross/lib/gcc/arm-none-eabi/7.2.0/../../../../arm-none-eabi/lib/thumb/cortex-m3/libg.a(lib_a-mallocr.o)
                0x0000000008000c24                _malloc_r
 .text          0x000000000800113c       0x8c /opt/cross/lib/gcc/arm-none-eabi/7.2.0/../../../../arm-none-eabi/lib/thumb/cortex-m3/libg.a(lib_a-memchr-stub.o)
                0x000000000800113c                memchr
 .text          0x00000000080011c8        0x8 /opt/cross/lib/gcc/arm-none-eabi/7.2.0/../../../../arm-none-eabi/lib/thumb/cortex-m3/libg.a(lib_a-mlock.o)
                0x00000000080011c8                __malloc_lock
                0x00000000080011cc                __malloc_unlock
 .text          0x00000000080011d0       0x24 /opt/cross/lib/gcc/arm-none-eabi/7.2.0/../../../../arm-none-eabi/lib/thumb/cortex-m3/libg.a(lib_a-sbrkr.o)
                0x00000000080011d0                _sbrk_r
 .text          0x00000000080011f4       0x5c /opt/cross/lib/gcc/arm-none-eabi/7.2.0/../../../../arm-none-eabi/lib/thumb/cortex-m3/libg.a(lib_a-strlen-stub.o)
                0x00000000080011f4                strlen
 .text          0x0000000008001250      0x880 /opt/cross/lib/gcc/arm-none-eabi/7.2.0/../../../../arm-none-eabi/lib/thumb/cortex-m3/libg.a(lib_a-svfiprintf.o)
                0x0000000008001250                __ssputs_r
                0x0000000008001314                __ssprint_r
                0x0000000008001408                _svfiprintf_r
 .text          0x0000000008001ad0      0x288 /opt/cross/lib/gcc/arm-none-eabi/7.2.0/../../../../arm-none-eabi/lib/thumb/cortex-m3/libg.a(lib_a-freer.o)
                0x0000000008001ad0                _malloc_trim_r
                0x0000000008001b70                _free_r
 .text          0x0000000008001d58       0xc4 /opt/cross/lib/gcc/arm-none-eabi/7.2.0/../../../../arm-none-eabi/lib/thumb/cortex-m3/libg.a(lib_a-memmove.o)
                0x0000000008001d58                memmove
 .text          0x0000000008001e1c      0x374 /opt/cross/lib/gcc/arm-none-eabi/7.2.0/../../../../arm-none-eabi/lib/thumb/cortex-m3/libg.a(lib_a-reallocr.o)
                0x0000000008001e1c                _realloc_r
 *(.text*)
 .text.main     0x0000000008002190       0xc4 CMakeFiles/blink.elf.dir/Src/main.c.obj
                0x0000000008002190                main
 .text.SystemClock_Config
                0x0000000008002254       0xc4 CMakeFiles/blink.elf.dir/Src/main.c.obj
                0x0000000008002254                SystemClock_Config
 .text.MX_I2C1_Init
                0x0000000008002318       0x64 CMakeFiles/blink.elf.dir/Src/main.c.obj
 .text.MX_TIM3_Init
                0x000000000800237c       0xa8 CMakeFiles/blink.elf.dir/Src/main.c.obj
 .text.MX_GPIO_Init
                0x0000000008002424       0x9c CMakeFiles/blink.elf.dir/Src/main.c.obj
 .text.StartDefaultTask
                0x00000000080024c0       0x14 CMakeFiles/blink.elf.dir/Src/main.c.obj
                0x00000000080024c0                StartDefaultTask
 .text.HAL_TIM_PeriodElapsedCallback
                0x00000000080024d4       0x24 CMakeFiles/blink.elf.dir/Src/main.c.obj
                0x00000000080024d4                HAL_TIM_PeriodElapsedCallback
 .text._Error_Handler
                0x00000000080024f8        0xc CMakeFiles/blink.elf.dir/Src/main.c.obj
                0x00000000080024f8                _Error_Handler
 .text.HAL_MspInit
                0x0000000008002504       0xa0 CMakeFiles/blink.elf.dir/Src/stm32f1xx_hal_msp.c.obj
                0x0000000008002504                HAL_MspInit
 .text.HAL_I2C_MspInit
                0x00000000080025a4       0x58 CMakeFiles/blink.elf.dir/Src/stm32f1xx_hal_msp.c.obj
                0x00000000080025a4                HAL_I2C_MspInit
 .text.HAL_TIM_IC_MspInit
                0x00000000080025fc       0x68 CMakeFiles/blink.elf.dir/Src/stm32f1xx_hal_msp.c.obj
                0x00000000080025fc                HAL_TIM_IC_MspInit
 .text.HAL_InitTick
                0x0000000008002664       0xb0 CMakeFiles/blink.elf.dir/Src/stm32f1xx_hal_timebase_TIM.c.obj
                0x0000000008002664                HAL_InitTick
 .text.NMI_Handler
                0x0000000008002714        0xc CMakeFiles/blink.elf.dir/Src/stm32f1xx_it.c.obj
                0x0000000008002714                NMI_Handler
 .text.HardFault_Handler
                0x0000000008002720        0x6 CMakeFiles/blink.elf.dir/Src/stm32f1xx_it.c.obj
                0x0000000008002720                HardFault_Handler
 .text.MemManage_Handler
                0x0000000008002726        0x6 CMakeFiles/blink.elf.dir/Src/stm32f1xx_it.c.obj
                0x0000000008002726                MemManage_Handler
 .text.BusFault_Handler
                0x000000000800272c        0x6 CMakeFiles/blink.elf.dir/Src/stm32f1xx_it.c.obj
                0x000000000800272c                BusFault_Handler
 .text.UsageFault_Handler
                0x0000000008002732        0x6 CMakeFiles/blink.elf.dir/Src/stm32f1xx_it.c.obj
                0x0000000008002732                UsageFault_Handler
 .text.DebugMon_Handler
                0x0000000008002738        0xc CMakeFiles/blink.elf.dir/Src/stm32f1xx_it.c.obj
                0x0000000008002738                DebugMon_Handler
 .text.SysTick_Handler
                0x0000000008002744        0xc CMakeFiles/blink.elf.dir/Src/stm32f1xx_it.c.obj
                0x0000000008002744                SysTick_Handler
 .text.USB_LP_CAN1_RX0_IRQHandler
                0x0000000008002750       0x14 CMakeFiles/blink.elf.dir/Src/stm32f1xx_it.c.obj
                0x0000000008002750                USB_LP_CAN1_RX0_IRQHandler
 .text.TIM3_IRQHandler
                0x0000000008002764       0x20 CMakeFiles/blink.elf.dir/Src/stm32f1xx_it.c.obj
                0x0000000008002764                TIM3_IRQHandler
 .text.TIM4_IRQHandler
                0x0000000008002784       0x14 CMakeFiles/blink.elf.dir/Src/stm32f1xx_it.c.obj
                0x0000000008002784                TIM4_IRQHandler
 .text.SystemInit
                0x0000000008002798       0x68 CMakeFiles/blink.elf.dir/Src/system_stm32f1xx.c.obj
                0x0000000008002798                SystemInit
 .text.MX_USB_DEVICE_Init
                0x0000000008002800       0x38 CMakeFiles/blink.elf.dir/Src/usb_device.c.obj
                0x0000000008002800                MX_USB_DEVICE_Init
 .text.CDC_Init_FS
                0x0000000008002838       0x28 CMakeFiles/blink.elf.dir/Src/usbd_cdc_if.c.obj
 .text.CDC_DeInit_FS
                0x0000000008002860        0xe CMakeFiles/blink.elf.dir/Src/usbd_cdc_if.c.obj
 *fill*         0x000000000800286e        0x2 
 .text.CDC_Control_FS
                0x0000000008002870       0xbc CMakeFiles/blink.elf.dir/Src/usbd_cdc_if.c.obj
 .text.CDC_Receive_FS
                0x000000000800292c       0x60 CMakeFiles/blink.elf.dir/Src/usbd_cdc_if.c.obj
 .text.HAL_PCD_MspInit
                0x000000000800298c       0x4c CMakeFiles/blink.elf.dir/Src/usbd_conf.c.obj
                0x000000000800298c                HAL_PCD_MspInit
 .text.HAL_PCD_SetupStageCallback
                0x00000000080029d8       0x24 CMakeFiles/blink.elf.dir/Src/usbd_conf.c.obj
                0x00000000080029d8                HAL_PCD_SetupStageCallback
 .text.HAL_PCD_DataOutStageCallback
                0x00000000080029fc       0x30 CMakeFiles/blink.elf.dir/Src/usbd_conf.c.obj
                0x00000000080029fc                HAL_PCD_DataOutStageCallback
 .text.HAL_PCD_DataInStageCallback
                0x0000000008002a2c       0x2e CMakeFiles/blink.elf.dir/Src/usbd_conf.c.obj
                0x0000000008002a2c                HAL_PCD_DataInStageCallback
 .text.HAL_PCD_SOFCallback
                0x0000000008002a5a       0x1c CMakeFiles/blink.elf.dir/Src/usbd_conf.c.obj
                0x0000000008002a5a                HAL_PCD_SOFCallback
 .text.HAL_PCD_ResetCallback
                0x0000000008002a76       0x44 CMakeFiles/blink.elf.dir/Src/usbd_conf.c.obj
                0x0000000008002a76                HAL_PCD_ResetCallback
 *fill*         0x0000000008002aba        0x2 
 .text.HAL_PCD_SuspendCallback
                0x0000000008002abc       0x34 CMakeFiles/blink.elf.dir/Src/usbd_conf.c.obj
                0x0000000008002abc                HAL_PCD_SuspendCallback
 .text.HAL_PCD_ResumeCallback
                0x0000000008002af0       0x1c CMakeFiles/blink.elf.dir/Src/usbd_conf.c.obj
                0x0000000008002af0                HAL_PCD_ResumeCallback
 .text.USBD_LL_Init
                0x0000000008002b0c       0xc4 CMakeFiles/blink.elf.dir/Src/usbd_conf.c.obj
                0x0000000008002b0c                USBD_LL_Init
 .text.USBD_LL_Start
                0x0000000008002bd0       0x64 CMakeFiles/blink.elf.dir/Src/usbd_conf.c.obj
                0x0000000008002bd0                USBD_LL_Start
 .text.USBD_LL_OpenEP
                0x0000000008002c34       0x7c CMakeFiles/blink.elf.dir/Src/usbd_conf.c.obj
                0x0000000008002c34                USBD_LL_OpenEP
 .text.USBD_LL_CloseEP
                0x0000000008002cb0       0x6c CMakeFiles/blink.elf.dir/Src/usbd_conf.c.obj
                0x0000000008002cb0                USBD_LL_CloseEP
 .text.USBD_LL_StallEP
                0x0000000008002d1c       0x6c CMakeFiles/blink.elf.dir/Src/usbd_conf.c.obj
                0x0000000008002d1c                USBD_LL_StallEP
 .text.USBD_LL_ClearStallEP
                0x0000000008002d88       0x6c CMakeFiles/blink.elf.dir/Src/usbd_conf.c.obj
                0x0000000008002d88                USBD_LL_ClearStallEP
 .text.USBD_LL_IsStallEP
                0x0000000008002df4       0x4a CMakeFiles/blink.elf.dir/Src/usbd_conf.c.obj
                0x0000000008002df4                USBD_LL_IsStallEP
 *fill*         0x0000000008002e3e        0x2 
 .text.USBD_LL_SetUSBAddress
                0x0000000008002e40       0x6c CMakeFiles/blink.elf.dir/Src/usbd_conf.c.obj
                0x0000000008002e40                USBD_LL_SetUSBAddress
 .text.USBD_LL_Transmit
                0x0000000008002eac       0x74 CMakeFiles/blink.elf.dir/Src/usbd_conf.c.obj
                0x0000000008002eac                USBD_LL_Transmit
 .text.USBD_LL_PrepareReceive
                0x0000000008002f20       0x74 CMakeFiles/blink.elf.dir/Src/usbd_conf.c.obj
                0x0000000008002f20                USBD_LL_PrepareReceive
 .text.USBD_LL_GetRxDataSize
                0x0000000008002f94       0x26 CMakeFiles/blink.elf.dir/Src/usbd_conf.c.obj
                0x0000000008002f94                USBD_LL_GetRxDataSize
 *fill*         0x0000000008002fba        0x2 
 .text.USBD_static_malloc
                0x0000000008002fbc       0x18 CMakeFiles/blink.elf.dir/Src/usbd_conf.c.obj
                0x0000000008002fbc                USBD_static_malloc
 .text.USBD_static_free
                0x0000000008002fd4       0x12 CMakeFiles/blink.elf.dir/Src/usbd_conf.c.obj
                0x0000000008002fd4                USBD_static_free
 .text.HAL_PCDEx_SetConnectionState
                0x0000000008002fe6       0x16 CMakeFiles/blink.elf.dir/Src/usbd_conf.c.obj
                0x0000000008002fe6                HAL_PCDEx_SetConnectionState
 .text.USBD_FS_DeviceDescriptor
                0x0000000008002ffc       0x24 CMakeFiles/blink.elf.dir/Src/usbd_desc.c.obj
                0x0000000008002ffc                USBD_FS_DeviceDescriptor
 .text.USBD_FS_LangIDStrDescriptor
                0x0000000008003020       0x24 CMakeFiles/blink.elf.dir/Src/usbd_desc.c.obj
                0x0000000008003020                USBD_FS_LangIDStrDescriptor
 .text.USBD_FS_ProductStrDescriptor
                0x0000000008003044       0x3c CMakeFiles/blink.elf.dir/Src/usbd_desc.c.obj
                0x0000000008003044                USBD_FS_ProductStrDescriptor
 .text.USBD_FS_ManufacturerStrDescriptor
                0x0000000008003080       0x28 CMakeFiles/blink.elf.dir/Src/usbd_desc.c.obj
                0x0000000008003080                USBD_FS_ManufacturerStrDescriptor
 .text.USBD_FS_SerialStrDescriptor
                0x00000000080030a8       0x3c CMakeFiles/blink.elf.dir/Src/usbd_desc.c.obj
                0x00000000080030a8                USBD_FS_SerialStrDescriptor
 .text.USBD_FS_ConfigStrDescriptor
                0x00000000080030e4       0x3c CMakeFiles/blink.elf.dir/Src/usbd_desc.c.obj
                0x00000000080030e4                USBD_FS_ConfigStrDescriptor
 .text.USBD_FS_InterfaceStrDescriptor
                0x0000000008003120       0x3c CMakeFiles/blink.elf.dir/Src/usbd_desc.c.obj
                0x0000000008003120                USBD_FS_InterfaceStrDescriptor
 .text.HAL_Init
                0x000000000800315c       0x2c CMakeFiles/blink.elf.dir/Drivers/STM32F1xx_HAL_Driver/Src/stm32f1xx_hal.c.obj
                0x000000000800315c                HAL_Init
 .text.HAL_IncTick
                0x0000000008003188       0x1c CMakeFiles/blink.elf.dir/Drivers/STM32F1xx_HAL_Driver/Src/stm32f1xx_hal.c.obj
                0x0000000008003188                HAL_IncTick
 .text.HAL_GetTick
                0x00000000080031a4       0x14 CMakeFiles/blink.elf.dir/Drivers/STM32F1xx_HAL_Driver/Src/stm32f1xx_hal.c.obj
                0x00000000080031a4                HAL_GetTick
 .text.HAL_Delay
                0x00000000080031b8       0x3a CMakeFiles/blink.elf.dir/Drivers/STM32F1xx_HAL_Driver/Src/stm32f1xx_hal.c.obj
                0x00000000080031b8                HAL_Delay
 *fill*         0x00000000080031f2        0x2 
 .text.NVIC_SetPriorityGrouping
                0x00000000080031f4       0x48 CMakeFiles/blink.elf.dir/Drivers/STM32F1xx_HAL_Driver/Src/stm32f1xx_hal_cortex.c.obj
 .text.NVIC_GetPriorityGrouping
                0x000000000800323c       0x1c CMakeFiles/blink.elf.dir/Drivers/STM32F1xx_HAL_Driver/Src/stm32f1xx_hal_cortex.c.obj
 .text.NVIC_EnableIRQ
                0x0000000008003258       0x30 CMakeFiles/blink.elf.dir/Drivers/STM32F1xx_HAL_Driver/Src/stm32f1xx_hal_cortex.c.obj
 .text.NVIC_SetPriority
                0x0000000008003288       0x54 CMakeFiles/blink.elf.dir/Drivers/STM32F1xx_HAL_Driver/Src/stm32f1xx_hal_cortex.c.obj
 .text.NVIC_EncodePriority
                0x00000000080032dc       0x64 CMakeFiles/blink.elf.dir/Drivers/STM32F1xx_HAL_Driver/Src/stm32f1xx_hal_cortex.c.obj
 .text.SysTick_Config
                0x0000000008003340       0x44 CMakeFiles/blink.elf.dir/Drivers/STM32F1xx_HAL_Driver/Src/stm32f1xx_hal_cortex.c.obj
 .text.HAL_NVIC_SetPriorityGrouping
                0x0000000008003384       0x16 CMakeFiles/blink.elf.dir/Drivers/STM32F1xx_HAL_Driver/Src/stm32f1xx_hal_cortex.c.obj
                0x0000000008003384                HAL_NVIC_SetPriorityGrouping
 .text.HAL_NVIC_SetPriority
                0x000000000800339a       0x38 CMakeFiles/blink.elf.dir/Drivers/STM32F1xx_HAL_Driver/Src/stm32f1xx_hal_cortex.c.obj
                0x000000000800339a                HAL_NVIC_SetPriority
 .text.HAL_NVIC_EnableIRQ
                0x00000000080033d2       0x1c CMakeFiles/blink.elf.dir/Drivers/STM32F1xx_HAL_Driver/Src/stm32f1xx_hal_cortex.c.obj
                0x00000000080033d2                HAL_NVIC_EnableIRQ
 .text.HAL_SYSTICK_Config
                0x00000000080033ee       0x18 CMakeFiles/blink.elf.dir/Drivers/STM32F1xx_HAL_Driver/Src/stm32f1xx_hal_cortex.c.obj
                0x00000000080033ee                HAL_SYSTICK_Config
 *fill*         0x0000000008003406        0x2 
 .text.HAL_SYSTICK_CLKSourceConfig
                0x0000000008003408       0x38 CMakeFiles/blink.elf.dir/Drivers/STM32F1xx_HAL_Driver/Src/stm32f1xx_hal_cortex.c.obj
                0x0000000008003408                HAL_SYSTICK_CLKSourceConfig
 .text.HAL_GPIO_Init
                0x0000000008003440      0x2bc CMakeFiles/blink.elf.dir/Drivers/STM32F1xx_HAL_Driver/Src/stm32f1xx_hal_gpio.c.obj
                0x0000000008003440                HAL_GPIO_Init
 .text.HAL_GPIO_WritePin
                0x00000000080036fc       0x30 CMakeFiles/blink.elf.dir/Drivers/STM32F1xx_HAL_Driver/Src/stm32f1xx_hal_gpio.c.obj
                0x00000000080036fc                HAL_GPIO_WritePin
 .text.HAL_I2C_Init
                0x000000000800372c      0x1c0 CMakeFiles/blink.elf.dir/Drivers/STM32F1xx_HAL_Driver/Src/stm32f1xx_hal_i2c.c.obj
                0x000000000800372c                HAL_I2C_Init
 .text.HAL_I2C_Mem_Write
                0x00000000080038ec      0x214 CMakeFiles/blink.elf.dir/Drivers/STM32F1xx_HAL_Driver/Src/stm32f1xx_hal_i2c.c.obj
                0x00000000080038ec                HAL_I2C_Mem_Write
 .text.I2C_RequestMemoryWrite
                0x0000000008003b00      0x128 CMakeFiles/blink.elf.dir/Drivers/STM32F1xx_HAL_Driver/Src/stm32f1xx_hal_i2c.c.obj
 .text.I2C_WaitOnFlagUntilTimeout
                0x0000000008003c28       0xa2 CMakeFiles/blink.elf.dir/Drivers/STM32F1xx_HAL_Driver/Src/stm32f1xx_hal_i2c.c.obj
 .text.I2C_WaitOnMasterAddressFlagUntilTimeout
                0x0000000008003cca       0xdc CMakeFiles/blink.elf.dir/Drivers/STM32F1xx_HAL_Driver/Src/stm32f1xx_hal_i2c.c.obj
 .text.I2C_WaitOnTXEFlagUntilTimeout
                0x0000000008003da6       0x7a CMakeFiles/blink.elf.dir/Drivers/STM32F1xx_HAL_Driver/Src/stm32f1xx_hal_i2c.c.obj
 .text.I2C_WaitOnBTFFlagUntilTimeout
                0x0000000008003e20       0x7a CMakeFiles/blink.elf.dir/Drivers/STM32F1xx_HAL_Driver/Src/stm32f1xx_hal_i2c.c.obj
 .text.I2C_IsAcknowledgeFailed
                0x0000000008003e9a       0x4e CMakeFiles/blink.elf.dir/Drivers/STM32F1xx_HAL_Driver/Src/stm32f1xx_hal_i2c.c.obj
 .text.HAL_PCD_Init
                0x0000000008003ee8      0x1b4 CMakeFiles/blink.elf.dir/Drivers/STM32F1xx_HAL_Driver/Src/stm32f1xx_hal_pcd.c.obj
                0x0000000008003ee8                HAL_PCD_Init
 .text.HAL_PCD_Start
                0x000000000800409c       0x4c CMakeFiles/blink.elf.dir/Drivers/STM32F1xx_HAL_Driver/Src/stm32f1xx_hal_pcd.c.obj
                0x000000000800409c                HAL_PCD_Start
 .text.HAL_PCD_IRQHandler
                0x00000000080040e8      0x204 CMakeFiles/blink.elf.dir/Drivers/STM32F1xx_HAL_Driver/Src/stm32f1xx_hal_pcd.c.obj
                0x00000000080040e8                HAL_PCD_IRQHandler
 .text.HAL_PCD_SetAddress
                0x00000000080042ec       0x4a CMakeFiles/blink.elf.dir/Drivers/STM32F1xx_HAL_Driver/Src/stm32f1xx_hal_pcd.c.obj
                0x00000000080042ec                HAL_PCD_SetAddress
 .text.HAL_PCD_EP_Open
                0x0000000008004336       0xaa CMakeFiles/blink.elf.dir/Drivers/STM32F1xx_HAL_Driver/Src/stm32f1xx_hal_pcd.c.obj
                0x0000000008004336                HAL_PCD_EP_Open
 .text.HAL_PCD_EP_Close
                0x00000000080043e0       0x8c CMakeFiles/blink.elf.dir/Drivers/STM32F1xx_HAL_Driver/Src/stm32f1xx_hal_pcd.c.obj
                0x00000000080043e0                HAL_PCD_EP_Close
 .text.HAL_PCD_EP_Receive
                0x000000000800446c       0x78 CMakeFiles/blink.elf.dir/Drivers/STM32F1xx_HAL_Driver/Src/stm32f1xx_hal_pcd.c.obj
                0x000000000800446c                HAL_PCD_EP_Receive
 .text.HAL_PCD_EP_GetRxCount
                0x00000000080044e4       0x2a CMakeFiles/blink.elf.dir/Drivers/STM32F1xx_HAL_Driver/Src/stm32f1xx_hal_pcd.c.obj
                0x00000000080044e4                HAL_PCD_EP_GetRxCount
 .text.HAL_PCD_EP_Transmit
                0x000000000800450e       0x76 CMakeFiles/blink.elf.dir/Drivers/STM32F1xx_HAL_Driver/Src/stm32f1xx_hal_pcd.c.obj
                0x000000000800450e                HAL_PCD_EP_Transmit
 .text.HAL_PCD_EP_SetStall
                0x0000000008004584       0xaa CMakeFiles/blink.elf.dir/Drivers/STM32F1xx_HAL_Driver/Src/stm32f1xx_hal_pcd.c.obj
                0x0000000008004584                HAL_PCD_EP_SetStall
 .text.HAL_PCD_EP_ClrStall
                0x000000000800462e       0x8e CMakeFiles/blink.elf.dir/Drivers/STM32F1xx_HAL_Driver/Src/stm32f1xx_hal_pcd.c.obj
                0x000000000800462e                HAL_PCD_EP_ClrStall
 .text.PCD_EP_ISR_Handler
                0x00000000080046bc      0x654 CMakeFiles/blink.elf.dir/Drivers/STM32F1xx_HAL_Driver/Src/stm32f1xx_hal_pcd.c.obj
 .text.HAL_PCDEx_PMAConfig
                0x0000000008004d10       0x7a CMakeFiles/blink.elf.dir/Drivers/STM32F1xx_HAL_Driver/Src/stm32f1xx_hal_pcd_ex.c.obj
                0x0000000008004d10                HAL_PCDEx_PMAConfig
 *fill*         0x0000000008004d8a        0x2 
 .text.HAL_RCC_OscConfig
                0x0000000008004d8c      0x4c8 CMakeFiles/blink.elf.dir/Drivers/STM32F1xx_HAL_Driver/Src/stm32f1xx_hal_rcc.c.obj
                0x0000000008004d8c                HAL_RCC_OscConfig
 .text.HAL_RCC_ClockConfig
                0x0000000008005254      0x1e8 CMakeFiles/blink.elf.dir/Drivers/STM32F1xx_HAL_Driver/Src/stm32f1xx_hal_rcc.c.obj
                0x0000000008005254                HAL_RCC_ClockConfig
 .text.HAL_RCC_GetSysClockFreq
                0x000000000800543c       0xc4 CMakeFiles/blink.elf.dir/Drivers/STM32F1xx_HAL_Driver/Src/stm32f1xx_hal_rcc.c.obj
                0x000000000800543c                HAL_RCC_GetSysClockFreq
 .text.HAL_RCC_GetHCLKFreq
                0x0000000008005500       0x14 CMakeFiles/blink.elf.dir/Drivers/STM32F1xx_HAL_Driver/Src/stm32f1xx_hal_rcc.c.obj
                0x0000000008005500                HAL_RCC_GetHCLKFreq
 .text.HAL_RCC_GetPCLK1Freq
                0x0000000008005514       0x28 CMakeFiles/blink.elf.dir/Drivers/STM32F1xx_HAL_Driver/Src/stm32f1xx_hal_rcc.c.obj
                0x0000000008005514                HAL_RCC_GetPCLK1Freq
 .text.HAL_RCC_GetClockConfig
                0x000000000800553c       0x60 CMakeFiles/blink.elf.dir/Drivers/STM32F1xx_HAL_Driver/Src/stm32f1xx_hal_rcc.c.obj
                0x000000000800553c                HAL_RCC_GetClockConfig
 .text.RCC_Delay
                0x000000000800559c       0x3c CMakeFiles/blink.elf.dir/Drivers/STM32F1xx_HAL_Driver/Src/stm32f1xx_hal_rcc.c.obj
 .text.HAL_RCCEx_PeriphCLKConfig
                0x00000000080055d8      0x16c CMakeFiles/blink.elf.dir/Drivers/STM32F1xx_HAL_Driver/Src/stm32f1xx_hal_rcc_ex.c.obj
                0x00000000080055d8                HAL_RCCEx_PeriphCLKConfig
 .text.HAL_TIM_Base_Init
                0x0000000008005744       0x56 CMakeFiles/blink.elf.dir/Drivers/STM32F1xx_HAL_Driver/Src/stm32f1xx_hal_tim.c.obj
                0x0000000008005744                HAL_TIM_Base_Init
 .text.HAL_TIM_Base_MspInit
                0x000000000800579a       0x12 CMakeFiles/blink.elf.dir/Drivers/STM32F1xx_HAL_Driver/Src/stm32f1xx_hal_tim.c.obj
                0x000000000800579a                HAL_TIM_Base_MspInit
 .text.HAL_TIM_Base_Start_IT
                0x00000000080057ac       0x34 CMakeFiles/blink.elf.dir/Drivers/STM32F1xx_HAL_Driver/Src/stm32f1xx_hal_tim.c.obj
                0x00000000080057ac                HAL_TIM_Base_Start_IT
 .text.HAL_TIM_IC_Init
                0x00000000080057e0       0x56 CMakeFiles/blink.elf.dir/Drivers/STM32F1xx_HAL_Driver/Src/stm32f1xx_hal_tim.c.obj
                0x00000000080057e0                HAL_TIM_IC_Init
 *fill*         0x0000000008005836        0x2 
 .text.HAL_TIM_IC_Start_IT
                0x0000000008005838       0xc0 CMakeFiles/blink.elf.dir/Drivers/STM32F1xx_HAL_Driver/Src/stm32f1xx_hal_tim.c.obj
                0x0000000008005838                HAL_TIM_IC_Start_IT
 .text.HAL_TIM_IC_Stop_IT
                0x00000000080058f8       0xe0 CMakeFiles/blink.elf.dir/Drivers/STM32F1xx_HAL_Driver/Src/stm32f1xx_hal_tim.c.obj
                0x00000000080058f8                HAL_TIM_IC_Stop_IT
 .text.HAL_TIM_IRQHandler
                0x00000000080059d8      0x210 CMakeFiles/blink.elf.dir/Drivers/STM32F1xx_HAL_Driver/Src/stm32f1xx_hal_tim.c.obj
                0x00000000080059d8                HAL_TIM_IRQHandler
 .text.HAL_TIM_IC_ConfigChannel
                0x0000000008005be8      0x138 CMakeFiles/blink.elf.dir/Drivers/STM32F1xx_HAL_Driver/Src/stm32f1xx_hal_tim.c.obj
                0x0000000008005be8                HAL_TIM_IC_ConfigChannel
 .text.HAL_TIM_ReadCapturedValue
                0x0000000008005d20       0xa4 CMakeFiles/blink.elf.dir/Drivers/STM32F1xx_HAL_Driver/Src/stm32f1xx_hal_tim.c.obj
                0x0000000008005d20                HAL_TIM_ReadCapturedValue
 .text.HAL_TIM_OC_DelayElapsedCallback
                0x0000000008005dc4       0x12 CMakeFiles/blink.elf.dir/Drivers/STM32F1xx_HAL_Driver/Src/stm32f1xx_hal_tim.c.obj
                0x0000000008005dc4                HAL_TIM_OC_DelayElapsedCallback
 .text.HAL_TIM_IC_CaptureCallback
                0x0000000008005dd6       0x12 CMakeFiles/blink.elf.dir/Drivers/STM32F1xx_HAL_Driver/Src/stm32f1xx_hal_tim.c.obj
                0x0000000008005dd6                HAL_TIM_IC_CaptureCallback
 .text.HAL_TIM_PWM_PulseFinishedCallback
                0x0000000008005de8       0x12 CMakeFiles/blink.elf.dir/Drivers/STM32F1xx_HAL_Driver/Src/stm32f1xx_hal_tim.c.obj
                0x0000000008005de8                HAL_TIM_PWM_PulseFinishedCallback
 .text.HAL_TIM_TriggerCallback
                0x0000000008005dfa       0x12 CMakeFiles/blink.elf.dir/Drivers/STM32F1xx_HAL_Driver/Src/stm32f1xx_hal_tim.c.obj
                0x0000000008005dfa                HAL_TIM_TriggerCallback
 .text.TIM_Base_SetConfig
                0x0000000008005e0c       0xcc CMakeFiles/blink.elf.dir/Drivers/STM32F1xx_HAL_Driver/Src/stm32f1xx_hal_tim.c.obj
                0x0000000008005e0c                TIM_Base_SetConfig
 .text.TIM_TI1_SetConfig
                0x0000000008005ed8       0xbc CMakeFiles/blink.elf.dir/Drivers/STM32F1xx_HAL_Driver/Src/stm32f1xx_hal_tim.c.obj
                0x0000000008005ed8                TIM_TI1_SetConfig
 .text.TIM_TI2_SetConfig
                0x0000000008005f94       0x80 CMakeFiles/blink.elf.dir/Drivers/STM32F1xx_HAL_Driver/Src/stm32f1xx_hal_tim.c.obj
 .text.TIM_TI3_SetConfig
                0x0000000008006014       0x7e CMakeFiles/blink.elf.dir/Drivers/STM32F1xx_HAL_Driver/Src/stm32f1xx_hal_tim.c.obj
 .text.TIM_TI4_SetConfig
                0x0000000008006092       0x80 CMakeFiles/blink.elf.dir/Drivers/STM32F1xx_HAL_Driver/Src/stm32f1xx_hal_tim.c.obj
 .text.TIM_CCxChannelCmd
                0x0000000008006112       0x44 CMakeFiles/blink.elf.dir/Drivers/STM32F1xx_HAL_Driver/Src/stm32f1xx_hal_tim.c.obj
                0x0000000008006112                TIM_CCxChannelCmd
 .text.HAL_TIMEx_MasterConfigSynchronization
                0x0000000008006156       0x88 CMakeFiles/blink.elf.dir/Drivers/STM32F1xx_HAL_Driver/Src/stm32f1xx_hal_tim_ex.c.obj
                0x0000000008006156                HAL_TIMEx_MasterConfigSynchronization
 .text.HAL_TIMEx_CommutationCallback
                0x00000000080061de       0x12 CMakeFiles/blink.elf.dir/Drivers/STM32F1xx_HAL_Driver/Src/stm32f1xx_hal_tim_ex.c.obj
                0x00000000080061de                HAL_TIMEx_CommutationCallback
 .text.HAL_TIMEx_BreakCallback
                0x00000000080061f0       0x12 CMakeFiles/blink.elf.dir/Drivers/STM32F1xx_HAL_Driver/Src/stm32f1xx_hal_tim_ex.c.obj
                0x00000000080061f0                HAL_TIMEx_BreakCallback
 .text.USB_CoreInit
                0x0000000008006202       0x20 CMakeFiles/blink.elf.dir/Drivers/STM32F1xx_HAL_Driver/Src/stm32f1xx_ll_usb.c.obj
                0x0000000008006202                USB_CoreInit
 .text.USB_EnableGlobalInt
                0x0000000008006222       0x34 CMakeFiles/blink.elf.dir/Drivers/STM32F1xx_HAL_Driver/Src/stm32f1xx_ll_usb.c.obj
                0x0000000008006222                USB_EnableGlobalInt
 .text.USB_DisableGlobalInt
                0x0000000008006256       0x38 CMakeFiles/blink.elf.dir/Drivers/STM32F1xx_HAL_Driver/Src/stm32f1xx_ll_usb.c.obj
                0x0000000008006256                USB_DisableGlobalInt
 .text.USB_SetCurrentMode
                0x000000000800628e       0x18 CMakeFiles/blink.elf.dir/Drivers/STM32F1xx_HAL_Driver/Src/stm32f1xx_ll_usb.c.obj
                0x000000000800628e                USB_SetCurrentMode
 .text.USB_DevInit
                0x00000000080062a6       0x48 CMakeFiles/blink.elf.dir/Drivers/STM32F1xx_HAL_Driver/Src/stm32f1xx_ll_usb.c.obj
                0x00000000080062a6                USB_DevInit
 *fill*         0x00000000080062ee        0x2 
 .text.USB_ActivateEndpoint
                0x00000000080062f0      0x584 CMakeFiles/blink.elf.dir/Drivers/STM32F1xx_HAL_Driver/Src/stm32f1xx_ll_usb.c.obj
                0x00000000080062f0                USB_ActivateEndpoint
 .text.USB_DeactivateEndpoint
                0x0000000008006874      0x310 CMakeFiles/blink.elf.dir/Drivers/STM32F1xx_HAL_Driver/Src/stm32f1xx_ll_usb.c.obj
                0x0000000008006874                USB_DeactivateEndpoint
 .text.USB_EPStartXfer
                0x0000000008006b84      0x504 CMakeFiles/blink.elf.dir/Drivers/STM32F1xx_HAL_Driver/Src/stm32f1xx_ll_usb.c.obj
                0x0000000008006b84                USB_EPStartXfer
 .text.USB_EPSetStall
                0x0000000008007088       0xc0 CMakeFiles/blink.elf.dir/Drivers/STM32F1xx_HAL_Driver/Src/stm32f1xx_ll_usb.c.obj
                0x0000000008007088                USB_EPSetStall
 .text.USB_EPClearStall
                0x0000000008007148      0x114 CMakeFiles/blink.elf.dir/Drivers/STM32F1xx_HAL_Driver/Src/stm32f1xx_ll_usb.c.obj
                0x0000000008007148                USB_EPClearStall
 .text.USB_SetDevAddress
                0x000000000800725c       0x26 CMakeFiles/blink.elf.dir/Drivers/STM32F1xx_HAL_Driver/Src/stm32f1xx_ll_usb.c.obj
                0x000000000800725c                USB_SetDevAddress
 .text.USB_DevConnect
                0x0000000008007282       0x14 CMakeFiles/blink.elf.dir/Drivers/STM32F1xx_HAL_Driver/Src/stm32f1xx_ll_usb.c.obj
                0x0000000008007282                USB_DevConnect
 .text.USB_DevDisconnect
                0x0000000008007296       0x14 CMakeFiles/blink.elf.dir/Drivers/STM32F1xx_HAL_Driver/Src/stm32f1xx_ll_usb.c.obj
                0x0000000008007296                USB_DevDisconnect
 .text.USB_ReadInterrupts
                0x00000000080072aa       0x22 CMakeFiles/blink.elf.dir/Drivers/STM32F1xx_HAL_Driver/Src/stm32f1xx_ll_usb.c.obj
                0x00000000080072aa                USB_ReadInterrupts
 .text.USB_EP0_OutStart
                0x00000000080072cc       0x16 CMakeFiles/blink.elf.dir/Drivers/STM32F1xx_HAL_Driver/Src/stm32f1xx_ll_usb.c.obj
                0x00000000080072cc                USB_EP0_OutStart
 .text.USB_WritePMA
                0x00000000080072e2       0x8c CMakeFiles/blink.elf.dir/Drivers/STM32F1xx_HAL_Driver/Src/stm32f1xx_ll_usb.c.obj
                0x00000000080072e2                USB_WritePMA
 .text.USB_ReadPMA
                0x000000000800736e       0x6a CMakeFiles/blink.elf.dir/Drivers/STM32F1xx_HAL_Driver/Src/stm32f1xx_ll_usb.c.obj
                0x000000000800736e                USB_ReadPMA
 .text.DisplayOutputTask
                0x00000000080073d8       0xec CMakeFiles/blink.elf.dir/UserSrc/Src/lesson5.c.obj
                0x00000000080073d8                DisplayOutputTask
 .text.TemperatureTask
                0x00000000080074c4       0x74 CMakeFiles/blink.elf.dir/UserSrc/Src/lesson5.c.obj
                0x00000000080074c4                TemperatureTask
 .text.LedTask  0x0000000008007538       0x34 CMakeFiles/blink.elf.dir/UserSrc/Src/lesson5.c.obj
                0x0000000008007538                LedTask
 .text.error    0x000000000800756c       0x50 CMakeFiles/blink.elf.dir/UserSrc/Src/lesson5.c.obj
 .text.set_pin_out
                0x00000000080075bc       0x32 CMakeFiles/blink.elf.dir/UserSrc/Lib/dh11/Src/dht11.c.obj
 .text.set_pin_in
                0x00000000080075ee       0x32 CMakeFiles/blink.elf.dir/UserSrc/Lib/dh11/Src/dht11.c.obj
 .text.dht11_read_data
                0x0000000008007620      0x15c CMakeFiles/blink.elf.dir/UserSrc/Lib/dh11/Src/dht11.c.obj
                0x0000000008007620                dht11_read_data
 .text.dht11_init
                0x000000000800777c       0x26 CMakeFiles/blink.elf.dir/UserSrc/Lib/dh11/Src/dht11.c.obj
                0x000000000800777c                dht11_init
 .text.write_bit
                0x00000000080077a2       0x8e CMakeFiles/blink.elf.dir/UserSrc/Lib/dh11/Src/dht11.c.obj
 .text.get_float
                0x0000000008007830       0x30 CMakeFiles/blink.elf.dir/UserSrc/Lib/dh11/Src/dht11.c.obj
 .text.finish_rx
                0x0000000008007860       0x76 CMakeFiles/blink.elf.dir/UserSrc/Lib/dh11/Src/dht11.c.obj
 .text.dht11_interrupt_handler
                0x00000000080078d6       0xe6 CMakeFiles/blink.elf.dir/UserSrc/Lib/dh11/Src/dht11.c.obj
                0x00000000080078d6                dht11_interrupt_handler
 .text.ssd1306_WriteCommand
                0x00000000080079bc       0x30 CMakeFiles/blink.elf.dir/UserSrc/Lib/ssd1306/Src/ssd1306.c.obj
 .text.ssd1306_Init
                0x00000000080079ec       0xd8 CMakeFiles/blink.elf.dir/UserSrc/Lib/ssd1306/Src/ssd1306.c.obj
                0x00000000080079ec                ssd1306_Init
 .text.ssd1306_Fill
                0x0000000008007ac4       0x44 CMakeFiles/blink.elf.dir/UserSrc/Lib/ssd1306/Src/ssd1306.c.obj
                0x0000000008007ac4                ssd1306_Fill
 .text.ssd1306_UpdateScreen
                0x0000000008007b08       0x60 CMakeFiles/blink.elf.dir/UserSrc/Lib/ssd1306/Src/ssd1306.c.obj
                0x0000000008007b08                ssd1306_UpdateScreen
 .text.ssd1306_DrawPixel
                0x0000000008007b68       0xc0 CMakeFiles/blink.elf.dir/UserSrc/Lib/ssd1306/Src/ssd1306.c.obj
                0x0000000008007b68                ssd1306_DrawPixel
 .text.ssd1306_WriteChar
                0x0000000008007c28      0x100 CMakeFiles/blink.elf.dir/UserSrc/Lib/ssd1306/Src/ssd1306.c.obj
                0x0000000008007c28                ssd1306_WriteChar
 .text.ssd1306_WriteString
                0x0000000008007d28       0x4c CMakeFiles/blink.elf.dir/UserSrc/Lib/ssd1306/Src/ssd1306.c.obj
                0x0000000008007d28                ssd1306_WriteString
 .text.ssd1306_SetCursor
                0x0000000008007d74       0x30 CMakeFiles/blink.elf.dir/UserSrc/Lib/ssd1306/Src/ssd1306.c.obj
                0x0000000008007d74                ssd1306_SetCursor
 .text._sbrk    0x0000000008007da4       0x3c CMakeFiles/blink.elf.dir/UserSrc/Lib/syscall/Src/syscalls.c.obj
                0x0000000008007da4                _sbrk
 .text.Reset_Handler
                0x0000000008007de0       0x48 libCMSIS.a(startup_stm32f103xb.s.obj)
                0x0000000008007de0                Reset_Handler
 .text.Default_Handler
                0x0000000008007e28        0x2 libCMSIS.a(startup_stm32f103xb.s.obj)
                0x0000000008007e28                RTC_Alarm_IRQHandler
                0x0000000008007e28                EXTI2_IRQHandler
                0x0000000008007e28                TIM1_CC_IRQHandler
                0x0000000008007e28                PVD_IRQHandler
                0x0000000008007e28                EXTI3_IRQHandler
                0x0000000008007e28                EXTI0_IRQHandler
                0x0000000008007e28                I2C2_EV_IRQHandler
                0x0000000008007e28                ADC1_2_IRQHandler
                0x0000000008007e28                SPI1_IRQHandler
                0x0000000008007e28                TAMPER_IRQHandler
                0x0000000008007e28                DMA1_Channel4_IRQHandler
                0x0000000008007e28                USART3_IRQHandler
                0x0000000008007e28                RTC_IRQHandler
                0x0000000008007e28                DMA1_Channel7_IRQHandler
                0x0000000008007e28                CAN1_RX1_IRQHandler
                0x0000000008007e28                I2C1_EV_IRQHandler
                0x0000000008007e28                DMA1_Channel6_IRQHandler
                0x0000000008007e28                RCC_IRQHandler
                0x0000000008007e28                TIM1_TRG_COM_IRQHandler
                0x0000000008007e28                DMA1_Channel1_IRQHandler
                0x0000000008007e28                Default_Handler
                0x0000000008007e28                EXTI15_10_IRQHandler
                0x0000000008007e28                EXTI9_5_IRQHandler
                0x0000000008007e28                SPI2_IRQHandler
                0x0000000008007e28                DMA1_Channel5_IRQHandler
                0x0000000008007e28                EXTI4_IRQHandler
                0x0000000008007e28                USB_HP_CAN1_TX_IRQHandler
                0x0000000008007e28                DMA1_Channel3_IRQHandler
                0x0000000008007e28                TIM1_UP_IRQHandler
                0x0000000008007e28                WWDG_IRQHandler
                0x0000000008007e28                TIM2_IRQHandler
                0x0000000008007e28                TIM1_BRK_IRQHandler
                0x0000000008007e28                EXTI1_IRQHandler
                0x0000000008007e28                USART2_IRQHandler
                0x0000000008007e28                I2C2_ER_IRQHandler
                0x0000000008007e28                DMA1_Channel2_IRQHandler
                0x0000000008007e28                CAN1_SCE_IRQHandler
                0x0000000008007e28                FLASH_IRQHandler
                0x0000000008007e28                USART1_IRQHandler
                0x0000000008007e28                I2C1_ER_IRQHandler
                0x0000000008007e28                USBWakeUp_IRQHandler
 .text.makeFreeRtosPriority
                0x0000000008007e2a       0x2e libFREERTOS.a(cmsis_os.c.obj)
 .text.osKernelStart
                0x0000000008007e58        0xe libFREERTOS.a(cmsis_os.c.obj)
                0x0000000008007e58                osKernelStart
 .text.osThreadCreate
                0x0000000008007e66       0x4e libFREERTOS.a(cmsis_os.c.obj)
                0x0000000008007e66                osThreadCreate
 .text.osDelay  0x0000000008007eb4       0x28 libFREERTOS.a(cmsis_os.c.obj)
                0x0000000008007eb4                osDelay
 .text.osSystickHandler
                0x0000000008007edc       0x16 libFREERTOS.a(cmsis_os.c.obj)
                0x0000000008007edc                osSystickHandler
 *fill*         0x0000000008007ef2        0x2 
 .text.pxPortInitialiseStack
                0x0000000008007ef4       0x58 libFREERTOS.a(port.c.obj)
                0x0000000008007ef4                pxPortInitialiseStack
 .text.prvTaskExitError
                0x0000000008007f4c       0x3c libFREERTOS.a(port.c.obj)
 *fill*         0x0000000008007f88        0x8 
 .text.SVC_Handler
                0x0000000008007f90       0x28 libFREERTOS.a(port.c.obj)
                0x0000000008007f90                SVC_Handler
 .text.prvPortStartFirstTask
                0x0000000008007fb8       0x20 libFREERTOS.a(port.c.obj)
 .text.xPortStartScheduler
                0x0000000008007fd8       0xbc libFREERTOS.a(port.c.obj)
                0x0000000008007fd8                xPortStartScheduler
 .text.vPortEnterCritical
                0x0000000008008094       0x5c libFREERTOS.a(port.c.obj)
                0x0000000008008094                vPortEnterCritical
 .text.vPortExitCritical
                0x00000000080080f0       0x4c libFREERTOS.a(port.c.obj)
                0x00000000080080f0                vPortExitCritical
 *fill*         0x000000000800813c        0x4 
 .text.PendSV_Handler
                0x0000000008008140       0x48 libFREERTOS.a(port.c.obj)
                0x0000000008008140                PendSV_Handler
 .text.xPortSysTickHandler
                0x0000000008008188       0x40 libFREERTOS.a(port.c.obj)
                0x0000000008008188                xPortSysTickHandler
 .text.vPortSetupTimerInterrupt
                0x00000000080081c8       0x34 libFREERTOS.a(port.c.obj)
                0x00000000080081c8                vPortSetupTimerInterrupt
 .text.pvPortMalloc
                0x00000000080081fc      0x184 libFREERTOS.a(heap_4.c.obj)
                0x00000000080081fc                pvPortMalloc
 .text.vPortFree
                0x0000000008008380       0xb0 libFREERTOS.a(heap_4.c.obj)
                0x0000000008008380                vPortFree
 .text.prvHeapInit
                0x0000000008008430       0xc4 libFREERTOS.a(heap_4.c.obj)
 .text.prvInsertBlockIntoFreeList
                0x00000000080084f4       0xb0 libFREERTOS.a(heap_4.c.obj)
 .text.xTaskCreate
                0x00000000080085a4       0x82 libFREERTOS.a(tasks.c.obj)
                0x00000000080085a4                xTaskCreate
 .text.prvInitialiseNewTask
                0x0000000008008626       0xfc libFREERTOS.a(tasks.c.obj)
 *fill*         0x0000000008008722        0x2 
 .text.prvAddNewTaskToReadyList
                0x0000000008008724       0xd4 libFREERTOS.a(tasks.c.obj)
 .text.vTaskDelay
                0x00000000080087f8       0x68 libFREERTOS.a(tasks.c.obj)
                0x00000000080087f8                vTaskDelay
 .text.vTaskStartScheduler
                0x0000000008008860       0x8c libFREERTOS.a(tasks.c.obj)
                0x0000000008008860                vTaskStartScheduler
 .text.vTaskSuspendAll
                0x00000000080088ec       0x1c libFREERTOS.a(tasks.c.obj)
                0x00000000080088ec                vTaskSuspendAll
 .text.xTaskResumeAll
                0x0000000008008908      0x138 libFREERTOS.a(tasks.c.obj)
                0x0000000008008908                xTaskResumeAll
 .text.xTaskGetTickCount
                0x0000000008008a40       0x1c libFREERTOS.a(tasks.c.obj)
                0x0000000008008a40                xTaskGetTickCount
 .text.xTaskIncrementTick
                0x0000000008008a5c      0x178 libFREERTOS.a(tasks.c.obj)
                0x0000000008008a5c                xTaskIncrementTick
 .text.vTaskSwitchContext
                0x0000000008008bd4       0xb4 libFREERTOS.a(tasks.c.obj)
                0x0000000008008bd4                vTaskSwitchContext
 .text.prvIdleTask
                0x0000000008008c88       0x30 libFREERTOS.a(tasks.c.obj)
 .text.prvInitialiseTaskLists
                0x0000000008008cb8       0x80 libFREERTOS.a(tasks.c.obj)
 .text.prvCheckTasksWaitingTermination
                0x0000000008008d38       0x78 libFREERTOS.a(tasks.c.obj)
 .text.prvDeleteTCB
                0x0000000008008db0       0x20 libFREERTOS.a(tasks.c.obj)
 .text.prvResetNextTaskUnblockTime
                0x0000000008008dd0       0x48 libFREERTOS.a(tasks.c.obj)
 .text.xTaskGetSchedulerState
                0x0000000008008e18       0x3c libFREERTOS.a(tasks.c.obj)
                0x0000000008008e18                xTaskGetSchedulerState
 .text.prvAddCurrentTaskToDelayedList
                0x0000000008008e54       0xcc libFREERTOS.a(tasks.c.obj)
 .text.vListInitialise
                0x0000000008008f20       0x3e libFREERTOS.a(list.c.obj)
                0x0000000008008f20                vListInitialise
 .text.vListInitialiseItem
                0x0000000008008f5e       0x18 libFREERTOS.a(list.c.obj)
                0x0000000008008f5e                vListInitialiseItem
 .text.vListInsertEnd
                0x0000000008008f76       0x46 libFREERTOS.a(list.c.obj)
                0x0000000008008f76                vListInsertEnd
 .text.vListInsert
                0x0000000008008fbc       0x70 libFREERTOS.a(list.c.obj)
                0x0000000008008fbc                vListInsert
 .text.uxListRemove
                0x000000000800902c       0x52 libFREERTOS.a(list.c.obj)
                0x000000000800902c                uxListRemove
 .text.USBD_CDC_Init
                0x000000000800907e       0xd2 libUSB.a(usbd_cdc.c.obj)
 .text.USBD_CDC_DeInit
                0x0000000008009150       0x5a libUSB.a(usbd_cdc.c.obj)
 *fill*         0x00000000080091aa        0x2 
 .text.USBD_CDC_Setup
                0x00000000080091ac       0xbc libUSB.a(usbd_cdc.c.obj)
 .text.USBD_CDC_DataIn
                0x0000000008009268       0x36 libUSB.a(usbd_cdc.c.obj)
 .text.USBD_CDC_DataOut
                0x000000000800929e       0x56 libUSB.a(usbd_cdc.c.obj)
 .text.USBD_CDC_EP0_RxReady
                0x00000000080092f4       0x50 libUSB.a(usbd_cdc.c.obj)
 .text.USBD_CDC_GetFSCfgDesc
                0x0000000008009344       0x20 libUSB.a(usbd_cdc.c.obj)
 .text.USBD_CDC_GetHSCfgDesc
                0x0000000008009364       0x20 libUSB.a(usbd_cdc.c.obj)
 .text.USBD_CDC_GetOtherSpeedCfgDesc
                0x0000000008009384       0x20 libUSB.a(usbd_cdc.c.obj)
 .text.USBD_CDC_GetDeviceQualifierDescriptor
                0x00000000080093a4       0x20 libUSB.a(usbd_cdc.c.obj)
                0x00000000080093a4                USBD_CDC_GetDeviceQualifierDescriptor
 .text.USBD_CDC_RegisterInterface
                0x00000000080093c4       0x2c libUSB.a(usbd_cdc.c.obj)
                0x00000000080093c4                USBD_CDC_RegisterInterface
 .text.USBD_CDC_SetTxBuffer
                0x00000000080093f0       0x32 libUSB.a(usbd_cdc.c.obj)
                0x00000000080093f0                USBD_CDC_SetTxBuffer
 .text.USBD_CDC_SetRxBuffer
                0x0000000008009422       0x26 libUSB.a(usbd_cdc.c.obj)
                0x0000000008009422                USBD_CDC_SetRxBuffer
 .text.USBD_CDC_ReceivePacket
                0x0000000008009448       0x54 libUSB.a(usbd_cdc.c.obj)
                0x0000000008009448                USBD_CDC_ReceivePacket
 .text.USBD_Init
                0x000000000800949c       0x56 libUSB.a(usbd_core.c.obj)
                0x000000000800949c                USBD_Init
 .text.USBD_RegisterClass
                0x00000000080094f2       0x32 libUSB.a(usbd_core.c.obj)
                0x00000000080094f2                USBD_RegisterClass
 .text.USBD_Start
                0x0000000008009524       0x18 libUSB.a(usbd_core.c.obj)
                0x0000000008009524                USBD_Start
 .text.USBD_RunTestMode
                0x000000000800953c       0x14 libUSB.a(usbd_core.c.obj)
                0x000000000800953c                USBD_RunTestMode
 .text.USBD_SetClassConfig
                0x0000000008009550       0x3e libUSB.a(usbd_core.c.obj)
                0x0000000008009550                USBD_SetClassConfig
 .text.USBD_ClrClassConfig
                0x000000000800958e       0x26 libUSB.a(usbd_core.c.obj)
                0x000000000800958e                USBD_ClrClassConfig
 .text.USBD_LL_SetupStage
                0x00000000080095b4       0x94 libUSB.a(usbd_core.c.obj)
                0x00000000080095b4                USBD_LL_SetupStage
 .text.USBD_LL_DataOutStage
                0x0000000008009648       0xb6 libUSB.a(usbd_core.c.obj)
                0x0000000008009648                USBD_LL_DataOutStage
 .text.USBD_LL_DataInStage
                0x00000000080096fe      0x11e libUSB.a(usbd_core.c.obj)
                0x00000000080096fe                USBD_LL_DataInStage
 .text.USBD_LL_Reset
                0x000000000800981c       0x5e libUSB.a(usbd_core.c.obj)
                0x000000000800981c                USBD_LL_Reset
 .text.USBD_LL_SetSpeed
                0x000000000800987a       0x1e libUSB.a(usbd_core.c.obj)
                0x000000000800987a                USBD_LL_SetSpeed
 .text.USBD_LL_Suspend
                0x0000000008009898       0x28 libUSB.a(usbd_core.c.obj)
                0x0000000008009898                USBD_LL_Suspend
 .text.USBD_LL_Resume
                0x00000000080098c0       0x20 libUSB.a(usbd_core.c.obj)
                0x00000000080098c0                USBD_LL_Resume
 .text.USBD_LL_SOF
                0x00000000080098e0       0x34 libUSB.a(usbd_core.c.obj)
                0x00000000080098e0                USBD_LL_SOF
 .text.USBD_StdDevReq
                0x0000000008009914       0xa0 libUSB.a(usbd_ctlreq.c.obj)
                0x0000000008009914                USBD_StdDevReq
 .text.USBD_StdItfReq
                0x00000000080099b4       0x66 libUSB.a(usbd_ctlreq.c.obj)
                0x00000000080099b4                USBD_StdItfReq
 .text.USBD_StdEPReq
                0x0000000008009a1a      0x1b0 libUSB.a(usbd_ctlreq.c.obj)
                0x0000000008009a1a                USBD_StdEPReq
 *fill*         0x0000000008009bca        0x2 
 .text.USBD_GetDescriptor
                0x0000000008009bcc      0x1e8 libUSB.a(usbd_ctlreq.c.obj)
 .text.USBD_SetAddress
                0x0000000008009db4       0x7c libUSB.a(usbd_ctlreq.c.obj)
 .text.USBD_SetConfig
                0x0000000008009e30      0x110 libUSB.a(usbd_ctlreq.c.obj)
 .text.USBD_GetConfig
                0x0000000008009f40       0x64 libUSB.a(usbd_ctlreq.c.obj)
 .text.USBD_GetStatus
                0x0000000008009fa4       0x54 libUSB.a(usbd_ctlreq.c.obj)
 .text.USBD_SetFeature
                0x0000000008009ff8       0x36 libUSB.a(usbd_ctlreq.c.obj)
 .text.USBD_ClrFeature
                0x000000000800a02e       0x50 libUSB.a(usbd_ctlreq.c.obj)
 .text.USBD_ParseSetupRequest
                0x000000000800a07e       0x78 libUSB.a(usbd_ctlreq.c.obj)
                0x000000000800a07e                USBD_ParseSetupRequest
 .text.USBD_CtlError
                0x000000000800a0f6       0x22 libUSB.a(usbd_ctlreq.c.obj)
                0x000000000800a0f6                USBD_CtlError
 .text.USBD_GetString
                0x000000000800a118       0x86 libUSB.a(usbd_ctlreq.c.obj)
                0x000000000800a118                USBD_GetString
 .text.USBD_GetLen
                0x000000000800a19e       0x2e libUSB.a(usbd_ctlreq.c.obj)
 .text.USBD_CtlSendData
                0x000000000800a1cc       0x38 libUSB.a(usbd_ioreq.c.obj)
                0x000000000800a1cc                USBD_CtlSendData
 .text.USBD_CtlContinueSendData
                0x000000000800a204       0x24 libUSB.a(usbd_ioreq.c.obj)
                0x000000000800a204                USBD_CtlContinueSendData
 .text.USBD_CtlPrepareRx
                0x000000000800a228       0x3c libUSB.a(usbd_ioreq.c.obj)
                0x000000000800a228                USBD_CtlPrepareRx
 .text.USBD_CtlContinueRx
                0x000000000800a264       0x24 libUSB.a(usbd_ioreq.c.obj)
                0x000000000800a264                USBD_CtlContinueRx
 .text.USBD_CtlSendStatus
                0x000000000800a288       0x26 libUSB.a(usbd_ioreq.c.obj)
                0x000000000800a288                USBD_CtlSendStatus
 .text.USBD_CtlReceiveStatus
                0x000000000800a2ae       0x26 libUSB.a(usbd_ioreq.c.obj)
                0x000000000800a2ae                USBD_CtlReceiveStatus
 *(.glue_7)
 .glue_7        0x000000000800a2d4        0x0 linker stubs
 *(.glue_7t)
 .glue_7t       0x000000000800a2d4        0x0 linker stubs
 *(.eh_frame)
 .eh_frame      0x000000000800a2d4        0x0 /opt/cross/lib/gcc/arm-none-eabi/7.2.0/thumb/cortex-m3/crtbegin.o
 *(.init)
 .init          0x000000000800a2d4        0x4 /opt/cross/lib/gcc/arm-none-eabi/7.2.0/thumb/cortex-m3/crti.o
                0x000000000800a2d4                _init
 .init          0x000000000800a2d8        0x8 /opt/cross/lib/gcc/arm-none-eabi/7.2.0/thumb/cortex-m3/crtn.o
 *(.fini)
 .fini          0x000000000800a2e0        0x4 /opt/cross/lib/gcc/arm-none-eabi/7.2.0/thumb/cortex-m3/crti.o
                0x000000000800a2e0                _fini
 .fini          0x000000000800a2e4        0x8 /opt/cross/lib/gcc/arm-none-eabi/7.2.0/thumb/cortex-m3/crtn.o
                0x000000000800a2ec                . = ALIGN (0x4)
                0x000000000800a2ec                _etext = .

.vfp11_veneer   0x000000000800a2ec        0x0
 .vfp11_veneer  0x000000000800a2ec        0x0 linker stubs

.v4_bx          0x000000000800a2ec        0x0
 .v4_bx         0x000000000800a2ec        0x0 linker stubs

.iplt           0x000000000800a2ec        0x0
 .iplt          0x000000000800a2ec        0x0 /opt/cross/lib/gcc/arm-none-eabi/7.2.0/thumb/cortex-m3/crtbegin.o

.rodata         0x000000000800a2ec     0x16e8
                0x000000000800a2ec                . = ALIGN (0x4)
 *(.rodata)
 .rodata        0x000000000800a2ec       0xbc CMakeFiles/blink.elf.dir/Src/main.c.obj
 .rodata        0x000000000800a3a8       0x39 CMakeFiles/blink.elf.dir/Src/usbd_conf.c.obj
 *fill*         0x000000000800a3e1        0x3 
 .rodata        0x000000000800a3e4       0x56 CMakeFiles/blink.elf.dir/Src/usbd_desc.c.obj
 *fill*         0x000000000800a43a        0x2 
 .rodata        0x000000000800a43c       0x12 CMakeFiles/blink.elf.dir/Drivers/STM32F1xx_HAL_Driver/Src/stm32f1xx_hal_rcc.c.obj
 *fill*         0x000000000800a44e        0x2 
 .rodata        0x000000000800a450       0x2b CMakeFiles/blink.elf.dir/UserSrc/Src/lesson5.c.obj
 *fill*         0x000000000800a47b        0x1 
 .rodata        0x000000000800a47c        0x5 libFREERTOS.a(tasks.c.obj)
 *fill*         0x000000000800a481        0x3 
 .rodata        0x000000000800a484       0x20 /opt/cross/lib/gcc/arm-none-eabi/7.2.0/../../../../arm-none-eabi/lib/thumb/cortex-m3/libg.a(lib_a-svfprintf.o)
 .rodata        0x000000000800a4a4       0x20 /opt/cross/lib/gcc/arm-none-eabi/7.2.0/../../../../arm-none-eabi/lib/thumb/cortex-m3/libg.a(lib_a-svfiprintf.o)
 *(.rodata*)
 .rodata.AHBPrescTable
                0x000000000800a4c4       0x10 CMakeFiles/blink.elf.dir/Src/system_stm32f1xx.c.obj
                0x000000000800a4c4                AHBPrescTable
 .rodata.APBPrescTable
                0x000000000800a4d4        0x8 CMakeFiles/blink.elf.dir/Src/system_stm32f1xx.c.obj
                0x000000000800a4d4                APBPrescTable
 .rodata.Font7x10
                0x000000000800a4dc      0x76c CMakeFiles/blink.elf.dir/UserSrc/Lib/ssd1306/Src/fonts.c.obj
 .rodata.Font11x18
                0x000000000800ac48      0xd5c CMakeFiles/blink.elf.dir/UserSrc/Lib/ssd1306/Src/fonts.c.obj
 .rodata.str1.4
                0x000000000800b9a4       0x30 /opt/cross/lib/gcc/arm-none-eabi/7.2.0/../../../../arm-none-eabi/lib/thumb/cortex-m3/libg.a(lib_a-svfprintf.o)
                                         0x2f (size before relaxing)
 .rodata.str1.4
                0x000000000800b9d4       0x2f /opt/cross/lib/gcc/arm-none-eabi/7.2.0/../../../../arm-none-eabi/lib/thumb/cortex-m3/libg.a(lib_a-svfiprintf.o)
                0x000000000800ba04                . = ALIGN (0x4)

.rel.dyn        0x000000000800b9d4        0x0
 .rel.iplt      0x000000000800b9d4        0x0 /opt/cross/lib/gcc/arm-none-eabi/7.2.0/thumb/cortex-m3/crtbegin.o

.ARM.extab
 *(.ARM.extab* .gnu.linkonce.armextab.*)

.ARM            0x000000000800b9d4        0x0
                0x000000000800b9d4                __exidx_start = .
 *(.ARM.exidx*)
                0x000000000800b9d4                __exidx_end = .

.preinit_array  0x000000000800b9d4        0x0
                0x000000000800b9d4                PROVIDE (__preinit_array_start, .)
 *(.preinit_array*)
                0x000000000800b9d4                PROVIDE (__preinit_array_end, .)

.init_array     0x000000000800b9d4        0x4
                0x000000000800b9d4                PROVIDE (__init_array_start, .)
 *(SORT(.init_array.*))
 *(.init_array*)
 .init_array    0x000000000800b9d4        0x4 /opt/cross/lib/gcc/arm-none-eabi/7.2.0/thumb/cortex-m3/crtbegin.o
                0x000000000800b9d8                PROVIDE (__init_array_end, .)

.fini_array     0x000000000800b9d8        0x4
                0x000000000800b9d8                PROVIDE (__fini_array_start, .)
 *(SORT(.fini_array.*))
 *(.fini_array*)
 .fini_array    0x000000000800b9d8        0x4 /opt/cross/lib/gcc/arm-none-eabi/7.2.0/thumb/cortex-m3/crtbegin.o
                0x000000000800b9dc                PROVIDE (__fini_array_end, .)
                0x000000000800b9dc                _sidata = LOADADDR (.data)

.data           0x0000000020000000      0x9ac load address 0x000000000800b9dc
                0x0000000020000000                . = ALIGN (0x4)
                0x0000000020000000                _sdata = .
 *(.data)
 .data          0x0000000020000000      0x430 /opt/cross/lib/gcc/arm-none-eabi/7.2.0/../../../../arm-none-eabi/lib/thumb/cortex-m3/libg.a(lib_a-impure.o)
                0x0000000020000000                _impure_ptr
 .data          0x0000000020000430      0x410 /opt/cross/lib/gcc/arm-none-eabi/7.2.0/../../../../arm-none-eabi/lib/thumb/cortex-m3/libg.a(lib_a-mallocr.o)
                0x0000000020000430                __malloc_av_
                0x0000000020000838                __malloc_sbrk_base
                0x000000002000083c                __malloc_trim_threshold
 *(.data*)
 .data.SystemCoreClock
                0x0000000020000840        0x4 CMakeFiles/blink.elf.dir/Src/system_stm32f1xx.c.obj
                0x0000000020000840                SystemCoreClock
 .data.USBD_Interface_fops_FS
                0x0000000020000844       0x10 CMakeFiles/blink.elf.dir/Src/usbd_cdc_if.c.obj
                0x0000000020000844                USBD_Interface_fops_FS
 .data.FS_Desc  0x0000000020000854       0x1c CMakeFiles/blink.elf.dir/Src/usbd_desc.c.obj
                0x0000000020000854                FS_Desc
 .data.USBD_FS_DeviceDesc
                0x0000000020000870       0x12 CMakeFiles/blink.elf.dir/Src/usbd_desc.c.obj
                0x0000000020000870                USBD_FS_DeviceDesc
 *fill*         0x0000000020000882        0x2 
 .data.USBD_LangIDDesc
                0x0000000020000884        0x4 CMakeFiles/blink.elf.dir/Src/usbd_desc.c.obj
                0x0000000020000884                USBD_LangIDDesc
 .data.Font_7x10
                0x0000000020000888        0x8 CMakeFiles/blink.elf.dir/UserSrc/Lib/ssd1306/Src/fonts.c.obj
                0x0000000020000888                Font_7x10
 .data.Font_11x18
                0x0000000020000890        0x8 CMakeFiles/blink.elf.dir/UserSrc/Lib/ssd1306/Src/fonts.c.obj
                0x0000000020000890                Font_11x18
 .data.uxCriticalNesting
                0x0000000020000898        0x4 libFREERTOS.a(port.c.obj)
 .data.USBD_CDC_DeviceQualifierDesc
                0x000000002000089c        0xa libUSB.a(usbd_cdc.c.obj)
 *fill*         0x00000000200008a6        0x2 
 .data.USBD_CDC
                0x00000000200008a8       0x38 libUSB.a(usbd_cdc.c.obj)
                0x00000000200008a8                USBD_CDC
 .data.USBD_CDC_CfgHSDesc
                0x00000000200008e0       0x43 libUSB.a(usbd_cdc.c.obj)
                0x00000000200008e0                USBD_CDC_CfgHSDesc
 *fill*         0x0000000020000923        0x1 
 .data.USBD_CDC_CfgFSDesc
                0x0000000020000924       0x43 libUSB.a(usbd_cdc.c.obj)
                0x0000000020000924                USBD_CDC_CfgFSDesc
 *fill*         0x0000000020000967        0x1 
 .data.USBD_CDC_OtherSpeedCfgDesc
                0x0000000020000968       0x43 libUSB.a(usbd_cdc.c.obj)
                0x0000000020000968                USBD_CDC_OtherSpeedCfgDesc
                0x00000000200009ac                . = ALIGN (0x4)
 *fill*         0x00000000200009ab        0x1 
                0x00000000200009ac                _edata = .

.tm_clone_table
                0x00000000200009ac        0x0 load address 0x000000000800c388
 .tm_clone_table
                0x00000000200009ac        0x0 /opt/cross/lib/gcc/arm-none-eabi/7.2.0/thumb/cortex-m3/crtbegin.o
 .tm_clone_table
                0x00000000200009ac        0x0 /opt/cross/lib/gcc/arm-none-eabi/7.2.0/thumb/cortex-m3/crtend.o

.igot.plt       0x00000000200009ac        0x0 load address 0x000000000800c388
 .igot.plt      0x00000000200009ac        0x0 /opt/cross/lib/gcc/arm-none-eabi/7.2.0/thumb/cortex-m3/crtbegin.o
                0x00000000200009ac                . = ALIGN (0x4)

.bss            0x00000000200009ac     0x3970 load address 0x000000000800c388
                0x00000000200009ac                _sbss = .
                0x00000000200009ac                __bss_start__ = _sbss
 *(.bss)
 .bss           0x00000000200009ac       0x1c /opt/cross/lib/gcc/arm-none-eabi/7.2.0/thumb/cortex-m3/crtbegin.o
 .bss           0x00000000200009c8       0x34 /opt/cross/lib/gcc/arm-none-eabi/7.2.0/../../../../arm-none-eabi/lib/thumb/cortex-m3/libg.a(lib_a-mallocr.o)
                0x00000000200009c8                __malloc_top_pad
                0x00000000200009cc                __malloc_current_mallinfo
                0x00000000200009f4                __malloc_max_sbrked_mem
                0x00000000200009f8                __malloc_max_total_mem
 *(.bss*)
 .bss.hi2c1     0x00000000200009fc       0x54 CMakeFiles/blink.elf.dir/Src/main.c.obj
                0x00000000200009fc                hi2c1
 .bss.htim3     0x0000000020000a50       0x40 CMakeFiles/blink.elf.dir/Src/main.c.obj
                0x0000000020000a50                htim3
 .bss.defaultTaskHandle
                0x0000000020000a90        0x4 CMakeFiles/blink.elf.dir/Src/main.c.obj
                0x0000000020000a90                defaultTaskHandle
 .bss.displayOutputTask
                0x0000000020000a94        0x4 CMakeFiles/blink.elf.dir/Src/main.c.obj
                0x0000000020000a94                displayOutputTask
 .bss.tempratureTask
                0x0000000020000a98        0x4 CMakeFiles/blink.elf.dir/Src/main.c.obj
                0x0000000020000a98                tempratureTask
 .bss.ledTask   0x0000000020000a9c        0x4 CMakeFiles/blink.elf.dir/Src/main.c.obj
                0x0000000020000a9c                ledTask
 .bss.htim4     0x0000000020000aa0       0x40 CMakeFiles/blink.elf.dir/Src/stm32f1xx_hal_timebase_TIM.c.obj
                0x0000000020000aa0                htim4
 .bss.hUsbDeviceFS
                0x0000000020000ae0      0x224 CMakeFiles/blink.elf.dir/Src/usb_device.c.obj
                0x0000000020000ae0                hUsbDeviceFS
 .bss.UserRxBufferFS
                0x0000000020000d04      0x800 CMakeFiles/blink.elf.dir/Src/usbd_cdc_if.c.obj
                0x0000000020000d04                UserRxBufferFS
 .bss.UserTxBufferFS
                0x0000000020001504      0x800 CMakeFiles/blink.elf.dir/Src/usbd_cdc_if.c.obj
                0x0000000020001504                UserTxBufferFS
 .bss.hpcd_USB_FS
                0x0000000020001d04      0x460 CMakeFiles/blink.elf.dir/Src/usbd_conf.c.obj
                0x0000000020001d04                hpcd_USB_FS
 .bss.mem.8295  0x0000000020002164      0x220 CMakeFiles/blink.elf.dir/Src/usbd_conf.c.obj
 .bss.USBD_StrDesc
                0x0000000020002384      0x200 CMakeFiles/blink.elf.dir/Src/usbd_desc.c.obj
                0x0000000020002384                USBD_StrDesc
 .bss.uwTick    0x0000000020002584        0x4 CMakeFiles/blink.elf.dir/Drivers/STM32F1xx_HAL_Driver/Src/stm32f1xx_hal.c.obj
                0x0000000020002584                uwTick
 .bss.dht       0x0000000020002588       0x28 CMakeFiles/blink.elf.dir/UserSrc/Src/lesson5.c.obj
                0x0000000020002588                dht
 .bss.messageFromUsbComPort
                0x00000000200025b0        0xb CMakeFiles/blink.elf.dir/UserSrc/Src/lesson5.c.obj
                0x00000000200025b0                messageFromUsbComPort
 *fill*         0x00000000200025bb        0x1 
 .bss.SSD1306_Buffer
                0x00000000200025bc      0x400 CMakeFiles/blink.elf.dir/UserSrc/Lib/ssd1306/Src/ssd1306.c.obj
 .bss.SSD1306   0x00000000200029bc        0x6 CMakeFiles/blink.elf.dir/UserSrc/Lib/ssd1306/Src/ssd1306.c.obj
 *fill*         0x00000000200029c2        0x2 
 .bss.heap.5237
                0x00000000200029c4        0x4 CMakeFiles/blink.elf.dir/UserSrc/Lib/syscall/Src/syscalls.c.obj
 .bss.ucMaxSysCallPriority
                0x00000000200029c8        0x1 libFREERTOS.a(port.c.obj)
 *fill*         0x00000000200029c9        0x3 
 .bss.ulMaxPRIGROUPValue
                0x00000000200029cc        0x4 libFREERTOS.a(port.c.obj)
 .bss.ucHeap    0x00000000200029d0     0x1800 libFREERTOS.a(heap_4.c.obj)
 .bss.xStart    0x00000000200041d0        0x8 libFREERTOS.a(heap_4.c.obj)
 .bss.pxEnd     0x00000000200041d8        0x4 libFREERTOS.a(heap_4.c.obj)
 .bss.xFreeBytesRemaining
                0x00000000200041dc        0x4 libFREERTOS.a(heap_4.c.obj)
 .bss.xMinimumEverFreeBytesRemaining
                0x00000000200041e0        0x4 libFREERTOS.a(heap_4.c.obj)
 .bss.xBlockAllocatedBit
                0x00000000200041e4        0x4 libFREERTOS.a(heap_4.c.obj)
 .bss.pxCurrentTCB
                0x00000000200041e8        0x4 libFREERTOS.a(tasks.c.obj)
                0x00000000200041e8                pxCurrentTCB
 .bss.pxReadyTasksLists
                0x00000000200041ec       0x8c libFREERTOS.a(tasks.c.obj)
 .bss.xDelayedTaskList1
                0x0000000020004278       0x14 libFREERTOS.a(tasks.c.obj)
 .bss.xDelayedTaskList2
                0x000000002000428c       0x14 libFREERTOS.a(tasks.c.obj)
 .bss.pxDelayedTaskList
                0x00000000200042a0        0x4 libFREERTOS.a(tasks.c.obj)
 .bss.pxOverflowDelayedTaskList
                0x00000000200042a4        0x4 libFREERTOS.a(tasks.c.obj)
 .bss.xPendingReadyList
                0x00000000200042a8       0x14 libFREERTOS.a(tasks.c.obj)
 .bss.xTasksWaitingTermination
                0x00000000200042bc       0x14 libFREERTOS.a(tasks.c.obj)
 .bss.uxDeletedTasksWaitingCleanUp
                0x00000000200042d0        0x4 libFREERTOS.a(tasks.c.obj)
 .bss.xSuspendedTaskList
                0x00000000200042d4       0x14 libFREERTOS.a(tasks.c.obj)
 .bss.uxCurrentNumberOfTasks
                0x00000000200042e8        0x4 libFREERTOS.a(tasks.c.obj)
 .bss.xTickCount
                0x00000000200042ec        0x4 libFREERTOS.a(tasks.c.obj)
 .bss.uxTopReadyPriority
                0x00000000200042f0        0x4 libFREERTOS.a(tasks.c.obj)
 .bss.xSchedulerRunning
                0x00000000200042f4        0x4 libFREERTOS.a(tasks.c.obj)
 .bss.uxPendedTicks
                0x00000000200042f8        0x4 libFREERTOS.a(tasks.c.obj)
 .bss.xYieldPending
                0x00000000200042fc        0x4 libFREERTOS.a(tasks.c.obj)
 .bss.xNumOfOverflows
                0x0000000020004300        0x4 libFREERTOS.a(tasks.c.obj)
 .bss.uxTaskNumber
                0x0000000020004304        0x4 libFREERTOS.a(tasks.c.obj)
 .bss.xNextTaskUnblockTime
                0x0000000020004308        0x4 libFREERTOS.a(tasks.c.obj)
 .bss.xIdleTaskHandle
                0x000000002000430c        0x4 libFREERTOS.a(tasks.c.obj)
 .bss.uxSchedulerSuspended
                0x0000000020004310        0x4 libFREERTOS.a(tasks.c.obj)
 .bss.ifalt.8136
                0x0000000020004314        0x1 libUSB.a(usbd_cdc.c.obj)
 .bss.cfgidx.8141
                0x0000000020004315        0x1 libUSB.a(usbd_ctlreq.c.obj)
 *(COMMON)
 *fill*         0x0000000020004316        0x2 
 COMMON         0x0000000020004318        0x4 /opt/cross/lib/gcc/arm-none-eabi/7.2.0/../../../../arm-none-eabi/lib/thumb/cortex-m3/libg.a(lib_a-reent.o)
                0x0000000020004318                errno
                0x000000002000431c                . = ALIGN (0x4)
                0x000000002000431c                _ebss = .
                0x000000002000431c                __bss_end__ = _ebss

._user_heap_stack
                0x000000002000431c      0x604 load address 0x000000000800c388
                0x0000000020004320                . = ALIGN (0x8)
 *fill*         0x000000002000431c        0x4 
                [!provide]                        PROVIDE (end, .)
                0x0000000020004320                PROVIDE (_end, .)
                0x0000000020004520                . = (. + _Min_Heap_Size)
 *fill*         0x0000000020004320      0x200 
                0x0000000020004920                . = (. + _Min_Stack_Size)
 *fill*         0x0000000020004520      0x400 
                0x0000000020004920                . = ALIGN (0x8)

/DISCARD/
 libc.a(*)
 libm.a(*)
 libgcc.a(*)

.ARM.attributes
                0x0000000000000000       0x2f
 *(.ARM.attributes)
 .ARM.attributes
                0x0000000000000000       0x23 /opt/cross/lib/gcc/arm-none-eabi/7.2.0/thumb/cortex-m3/crti.o
 .ARM.attributes
                0x0000000000000023       0x33 /opt/cross/lib/gcc/arm-none-eabi/7.2.0/thumb/cortex-m3/crtbegin.o
 .ARM.attributes
                0x0000000000000056       0x33 CMakeFiles/blink.elf.dir/Src/main.c.obj
 .ARM.attributes
                0x0000000000000089       0x33 CMakeFiles/blink.elf.dir/Src/stm32f1xx_hal_msp.c.obj
 .ARM.attributes
                0x00000000000000bc       0x33 CMakeFiles/blink.elf.dir/Src/stm32f1xx_hal_timebase_TIM.c.obj
 .ARM.attributes
                0x00000000000000ef       0x33 CMakeFiles/blink.elf.dir/Src/stm32f1xx_it.c.obj
 .ARM.attributes
                0x0000000000000122       0x33 CMakeFiles/blink.elf.dir/Src/system_stm32f1xx.c.obj
 .ARM.attributes
                0x0000000000000155       0x33 CMakeFiles/blink.elf.dir/Src/usb_device.c.obj
 .ARM.attributes
                0x0000000000000188       0x33 CMakeFiles/blink.elf.dir/Src/usbd_cdc_if.c.obj
 .ARM.attributes
                0x00000000000001bb       0x33 CMakeFiles/blink.elf.dir/Src/usbd_conf.c.obj
 .ARM.attributes
                0x00000000000001ee       0x33 CMakeFiles/blink.elf.dir/Src/usbd_desc.c.obj
 .ARM.attributes
                0x0000000000000221       0x33 CMakeFiles/blink.elf.dir/Drivers/STM32F1xx_HAL_Driver/Src/stm32f1xx_hal.c.obj
 .ARM.attributes
                0x0000000000000254       0x33 CMakeFiles/blink.elf.dir/Drivers/STM32F1xx_HAL_Driver/Src/stm32f1xx_hal_cortex.c.obj
 .ARM.attributes
                0x0000000000000287       0x33 CMakeFiles/blink.elf.dir/Drivers/STM32F1xx_HAL_Driver/Src/stm32f1xx_hal_gpio.c.obj
 .ARM.attributes
                0x00000000000002ba       0x33 CMakeFiles/blink.elf.dir/Drivers/STM32F1xx_HAL_Driver/Src/stm32f1xx_hal_i2c.c.obj
 .ARM.attributes
                0x00000000000002ed       0x33 CMakeFiles/blink.elf.dir/Drivers/STM32F1xx_HAL_Driver/Src/stm32f1xx_hal_pcd.c.obj
 .ARM.attributes
                0x0000000000000320       0x33 CMakeFiles/blink.elf.dir/Drivers/STM32F1xx_HAL_Driver/Src/stm32f1xx_hal_pcd_ex.c.obj
 .ARM.attributes
                0x0000000000000353       0x33 CMakeFiles/blink.elf.dir/Drivers/STM32F1xx_HAL_Driver/Src/stm32f1xx_hal_rcc.c.obj
 .ARM.attributes
                0x0000000000000386       0x33 CMakeFiles/blink.elf.dir/Drivers/STM32F1xx_HAL_Driver/Src/stm32f1xx_hal_rcc_ex.c.obj
 .ARM.attributes
                0x00000000000003b9       0x33 CMakeFiles/blink.elf.dir/Drivers/STM32F1xx_HAL_Driver/Src/stm32f1xx_hal_tim.c.obj
 .ARM.attributes
                0x00000000000003ec       0x33 CMakeFiles/blink.elf.dir/Drivers/STM32F1xx_HAL_Driver/Src/stm32f1xx_hal_tim_ex.c.obj
 .ARM.attributes
                0x000000000000041f       0x33 CMakeFiles/blink.elf.dir/Drivers/STM32F1xx_HAL_Driver/Src/stm32f1xx_ll_usb.c.obj
 .ARM.attributes
                0x0000000000000452       0x33 CMakeFiles/blink.elf.dir/UserSrc/Src/lesson5.c.obj
 .ARM.attributes
                0x0000000000000485       0x33 CMakeFiles/blink.elf.dir/UserSrc/Lib/dh11/Src/dht11.c.obj
 .ARM.attributes
                0x00000000000004b8       0x33 CMakeFiles/blink.elf.dir/UserSrc/Lib/ssd1306/Src/fonts.c.obj
 .ARM.attributes
                0x00000000000004eb       0x33 CMakeFiles/blink.elf.dir/UserSrc/Lib/ssd1306/Src/ssd1306.c.obj
 .ARM.attributes
                0x000000000000051e       0x33 CMakeFiles/blink.elf.dir/UserSrc/Lib/syscall/Src/syscalls.c.obj
 .ARM.attributes
                0x0000000000000551       0x21 libCMSIS.a(startup_stm32f103xb.s.obj)
 .ARM.attributes
                0x0000000000000572       0x33 libFREERTOS.a(cmsis_os.c.obj)
 .ARM.attributes
                0x00000000000005a5       0x33 libFREERTOS.a(port.c.obj)
 .ARM.attributes
                0x00000000000005d8       0x33 libFREERTOS.a(heap_4.c.obj)
 .ARM.attributes
                0x000000000000060b       0x33 libFREERTOS.a(tasks.c.obj)
 .ARM.attributes
                0x000000000000063e       0x33 libFREERTOS.a(list.c.obj)
 .ARM.attributes
                0x0000000000000671       0x33 libUSB.a(usbd_cdc.c.obj)
 .ARM.attributes
                0x00000000000006a4       0x33 libUSB.a(usbd_core.c.obj)
 .ARM.attributes
                0x00000000000006d7       0x33 libUSB.a(usbd_ctlreq.c.obj)
 .ARM.attributes
                0x000000000000070a       0x33 libUSB.a(usbd_ioreq.c.obj)
 .ARM.attributes
                0x000000000000073d       0x33 /opt/cross/lib/gcc/arm-none-eabi/7.2.0/../../../../arm-none-eabi/lib/thumb/cortex-m3/libg.a(lib_a-impure.o)
 .ARM.attributes
                0x0000000000000770       0x33 /opt/cross/lib/gcc/arm-none-eabi/7.2.0/../../../../arm-none-eabi/lib/thumb/cortex-m3/libg.a(lib_a-init.o)
 .ARM.attributes
                0x00000000000007a3       0x21 /opt/cross/lib/gcc/arm-none-eabi/7.2.0/../../../../arm-none-eabi/lib/thumb/cortex-m3/libg.a(lib_a-memcpy.o)
 .ARM.attributes
                0x00000000000007c4       0x33 /opt/cross/lib/gcc/arm-none-eabi/7.2.0/../../../../arm-none-eabi/lib/thumb/cortex-m3/libg.a(lib_a-memset.o)
 .ARM.attributes
                0x00000000000007f7       0x33 /opt/cross/lib/gcc/arm-none-eabi/7.2.0/../../../../arm-none-eabi/lib/thumb/cortex-m3/libg.a(lib_a-snprintf.o)
 .ARM.attributes
                0x000000000000082a       0x33 /opt/cross/lib/gcc/arm-none-eabi/7.2.0/../../../../arm-none-eabi/lib/thumb/cortex-m3/libg.a(lib_a-sprintf.o)
 .ARM.attributes
                0x000000000000085d       0x33 /opt/cross/lib/gcc/arm-none-eabi/7.2.0/../../../../arm-none-eabi/lib/thumb/cortex-m3/libg.a(lib_a-strncpy.o)
 .ARM.attributes
                0x0000000000000890       0x33 /opt/cross/lib/gcc/arm-none-eabi/7.2.0/../../../../arm-none-eabi/lib/thumb/cortex-m3/libg.a(lib_a-svfprintf.o)
 .ARM.attributes
                0x00000000000008c3       0x33 /opt/cross/lib/gcc/arm-none-eabi/7.2.0/../../../../arm-none-eabi/lib/thumb/cortex-m3/libg.a(lib_a-mallocr.o)
 .ARM.attributes
                0x00000000000008f6       0x33 /opt/cross/lib/gcc/arm-none-eabi/7.2.0/../../../../arm-none-eabi/lib/thumb/cortex-m3/libg.a(lib_a-memchr-stub.o)
 .ARM.attributes
                0x0000000000000929       0x33 /opt/cross/lib/gcc/arm-none-eabi/7.2.0/../../../../arm-none-eabi/lib/thumb/cortex-m3/libg.a(lib_a-mlock.o)
 .ARM.attributes
                0x000000000000095c       0x33 /opt/cross/lib/gcc/arm-none-eabi/7.2.0/../../../../arm-none-eabi/lib/thumb/cortex-m3/libg.a(lib_a-sbrkr.o)
 .ARM.attributes
                0x000000000000098f       0x33 /opt/cross/lib/gcc/arm-none-eabi/7.2.0/../../../../arm-none-eabi/lib/thumb/cortex-m3/libg.a(lib_a-strlen-stub.o)
 .ARM.attributes
                0x00000000000009c2       0x33 /opt/cross/lib/gcc/arm-none-eabi/7.2.0/../../../../arm-none-eabi/lib/thumb/cortex-m3/libg.a(lib_a-svfiprintf.o)
 .ARM.attributes
                0x00000000000009f5       0x33 /opt/cross/lib/gcc/arm-none-eabi/7.2.0/../../../../arm-none-eabi/lib/thumb/cortex-m3/libg.a(lib_a-freer.o)
 .ARM.attributes
                0x0000000000000a28       0x33 /opt/cross/lib/gcc/arm-none-eabi/7.2.0/../../../../arm-none-eabi/lib/thumb/cortex-m3/libg.a(lib_a-memmove.o)
 .ARM.attributes
                0x0000000000000a5b       0x33 /opt/cross/lib/gcc/arm-none-eabi/7.2.0/../../../../arm-none-eabi/lib/thumb/cortex-m3/libg.a(lib_a-reallocr.o)
 .ARM.attributes
                0x0000000000000a8e       0x33 /opt/cross/lib/gcc/arm-none-eabi/7.2.0/../../../../arm-none-eabi/lib/thumb/cortex-m3/libg.a(lib_a-reent.o)
 .ARM.attributes
                0x0000000000000ac1       0x33 /opt/cross/lib/gcc/arm-none-eabi/7.2.0/thumb/cortex-m3/crtend.o
 .ARM.attributes
                0x0000000000000af4       0x23 /opt/cross/lib/gcc/arm-none-eabi/7.2.0/thumb/cortex-m3/crtn.o
OUTPUT(blink.elf elf32-littlearm)

.comment        0x0000000000000000       0x11
 .comment       0x0000000000000000       0x11 /opt/cross/lib/gcc/arm-none-eabi/7.2.0/thumb/cortex-m3/crtbegin.o
                                         0x12 (size before relaxing)
 .comment       0x0000000000000011       0x12 CMakeFiles/blink.elf.dir/Src/main.c.obj
 .comment       0x0000000000000011       0x12 CMakeFiles/blink.elf.dir/Src/stm32f1xx_hal_msp.c.obj
 .comment       0x0000000000000011       0x12 CMakeFiles/blink.elf.dir/Src/stm32f1xx_hal_timebase_TIM.c.obj
 .comment       0x0000000000000011       0x12 CMakeFiles/blink.elf.dir/Src/stm32f1xx_it.c.obj
 .comment       0x0000000000000011       0x12 CMakeFiles/blink.elf.dir/Src/system_stm32f1xx.c.obj
 .comment       0x0000000000000011       0x12 CMakeFiles/blink.elf.dir/Src/usb_device.c.obj
 .comment       0x0000000000000011       0x12 CMakeFiles/blink.elf.dir/Src/usbd_cdc_if.c.obj
 .comment       0x0000000000000011       0x12 CMakeFiles/blink.elf.dir/Src/usbd_conf.c.obj
 .comment       0x0000000000000011       0x12 CMakeFiles/blink.elf.dir/Src/usbd_desc.c.obj
 .comment       0x0000000000000011       0x12 CMakeFiles/blink.elf.dir/Drivers/STM32F1xx_HAL_Driver/Src/stm32f1xx_hal.c.obj
 .comment       0x0000000000000011       0x12 CMakeFiles/blink.elf.dir/Drivers/STM32F1xx_HAL_Driver/Src/stm32f1xx_hal_cortex.c.obj
 .comment       0x0000000000000011       0x12 CMakeFiles/blink.elf.dir/Drivers/STM32F1xx_HAL_Driver/Src/stm32f1xx_hal_gpio.c.obj
 .comment       0x0000000000000011       0x12 CMakeFiles/blink.elf.dir/Drivers/STM32F1xx_HAL_Driver/Src/stm32f1xx_hal_i2c.c.obj
 .comment       0x0000000000000011       0x12 CMakeFiles/blink.elf.dir/Drivers/STM32F1xx_HAL_Driver/Src/stm32f1xx_hal_pcd.c.obj
 .comment       0x0000000000000011       0x12 CMakeFiles/blink.elf.dir/Drivers/STM32F1xx_HAL_Driver/Src/stm32f1xx_hal_pcd_ex.c.obj
 .comment       0x0000000000000011       0x12 CMakeFiles/blink.elf.dir/Drivers/STM32F1xx_HAL_Driver/Src/stm32f1xx_hal_rcc.c.obj
 .comment       0x0000000000000011       0x12 CMakeFiles/blink.elf.dir/Drivers/STM32F1xx_HAL_Driver/Src/stm32f1xx_hal_rcc_ex.c.obj
 .comment       0x0000000000000011       0x12 CMakeFiles/blink.elf.dir/Drivers/STM32F1xx_HAL_Driver/Src/stm32f1xx_hal_tim.c.obj
 .comment       0x0000000000000011       0x12 CMakeFiles/blink.elf.dir/Drivers/STM32F1xx_HAL_Driver/Src/stm32f1xx_hal_tim_ex.c.obj
 .comment       0x0000000000000011       0x12 CMakeFiles/blink.elf.dir/Drivers/STM32F1xx_HAL_Driver/Src/stm32f1xx_ll_usb.c.obj
 .comment       0x0000000000000011       0x12 CMakeFiles/blink.elf.dir/UserSrc/Src/lesson5.c.obj
 .comment       0x0000000000000011       0x12 CMakeFiles/blink.elf.dir/UserSrc/Lib/dh11/Src/dht11.c.obj
 .comment       0x0000000000000011       0x12 CMakeFiles/blink.elf.dir/UserSrc/Lib/ssd1306/Src/fonts.c.obj
 .comment       0x0000000000000011       0x12 CMakeFiles/blink.elf.dir/UserSrc/Lib/ssd1306/Src/ssd1306.c.obj
 .comment       0x0000000000000011       0x12 CMakeFiles/blink.elf.dir/UserSrc/Lib/syscall/Src/syscalls.c.obj
 .comment       0x0000000000000011       0x12 libFREERTOS.a(cmsis_os.c.obj)
 .comment       0x0000000000000011       0x12 libFREERTOS.a(port.c.obj)
 .comment       0x0000000000000011       0x12 libFREERTOS.a(heap_4.c.obj)
 .comment       0x0000000000000011       0x12 libFREERTOS.a(tasks.c.obj)
 .comment       0x0000000000000011       0x12 libFREERTOS.a(list.c.obj)
 .comment       0x0000000000000011       0x12 libUSB.a(usbd_cdc.c.obj)
 .comment       0x0000000000000011       0x12 libUSB.a(usbd_core.c.obj)
 .comment       0x0000000000000011       0x12 libUSB.a(usbd_ctlreq.c.obj)
 .comment       0x0000000000000011       0x12 libUSB.a(usbd_ioreq.c.obj)
 .comment       0x0000000000000011       0x12 /opt/cross/lib/gcc/arm-none-eabi/7.2.0/../../../../arm-none-eabi/lib/thumb/cortex-m3/libg.a(lib_a-impure.o)
 .comment       0x0000000000000011       0x12 /opt/cross/lib/gcc/arm-none-eabi/7.2.0/../../../../arm-none-eabi/lib/thumb/cortex-m3/libg.a(lib_a-init.o)
 .comment       0x0000000000000011       0x12 /opt/cross/lib/gcc/arm-none-eabi/7.2.0/../../../../arm-none-eabi/lib/thumb/cortex-m3/libg.a(lib_a-memset.o)
 .comment       0x0000000000000011       0x12 /opt/cross/lib/gcc/arm-none-eabi/7.2.0/../../../../arm-none-eabi/lib/thumb/cortex-m3/libg.a(lib_a-snprintf.o)
 .comment       0x0000000000000011       0x12 /opt/cross/lib/gcc/arm-none-eabi/7.2.0/../../../../arm-none-eabi/lib/thumb/cortex-m3/libg.a(lib_a-sprintf.o)
 .comment       0x0000000000000011       0x12 /opt/cross/lib/gcc/arm-none-eabi/7.2.0/../../../../arm-none-eabi/lib/thumb/cortex-m3/libg.a(lib_a-strncpy.o)
 .comment       0x0000000000000011       0x12 /opt/cross/lib/gcc/arm-none-eabi/7.2.0/../../../../arm-none-eabi/lib/thumb/cortex-m3/libg.a(lib_a-svfprintf.o)
 .comment       0x0000000000000011       0x12 /opt/cross/lib/gcc/arm-none-eabi/7.2.0/../../../../arm-none-eabi/lib/thumb/cortex-m3/libg.a(lib_a-mallocr.o)
 .comment       0x0000000000000011       0x12 /opt/cross/lib/gcc/arm-none-eabi/7.2.0/../../../../arm-none-eabi/lib/thumb/cortex-m3/libg.a(lib_a-memchr-stub.o)
 .comment       0x0000000000000011       0x12 /opt/cross/lib/gcc/arm-none-eabi/7.2.0/../../../../arm-none-eabi/lib/thumb/cortex-m3/libg.a(lib_a-mlock.o)
 .comment       0x0000000000000011       0x12 /opt/cross/lib/gcc/arm-none-eabi/7.2.0/../../../../arm-none-eabi/lib/thumb/cortex-m3/libg.a(lib_a-sbrkr.o)
 .comment       0x0000000000000011       0x12 /opt/cross/lib/gcc/arm-none-eabi/7.2.0/../../../../arm-none-eabi/lib/thumb/cortex-m3/libg.a(lib_a-strlen-stub.o)
 .comment       0x0000000000000011       0x12 /opt/cross/lib/gcc/arm-none-eabi/7.2.0/../../../../arm-none-eabi/lib/thumb/cortex-m3/libg.a(lib_a-svfiprintf.o)
 .comment       0x0000000000000011       0x12 /opt/cross/lib/gcc/arm-none-eabi/7.2.0/../../../../arm-none-eabi/lib/thumb/cortex-m3/libg.a(lib_a-freer.o)
 .comment       0x0000000000000011       0x12 /opt/cross/lib/gcc/arm-none-eabi/7.2.0/../../../../arm-none-eabi/lib/thumb/cortex-m3/libg.a(lib_a-memmove.o)
 .comment       0x0000000000000011       0x12 /opt/cross/lib/gcc/arm-none-eabi/7.2.0/../../../../arm-none-eabi/lib/thumb/cortex-m3/libg.a(lib_a-reallocr.o)
 .comment       0x0000000000000011       0x12 /opt/cross/lib/gcc/arm-none-eabi/7.2.0/../../../../arm-none-eabi/lib/thumb/cortex-m3/libg.a(lib_a-reent.o)
 .comment       0x0000000000000011       0x12 /opt/cross/lib/gcc/arm-none-eabi/7.2.0/thumb/cortex-m3/crtend.o

.debug_info     0x0000000000000000    0x34415
 .debug_info    0x0000000000000000     0x1be5 CMakeFiles/blink.elf.dir/Src/main.c.obj
 .debug_info    0x0000000000001be5     0x1451 CMakeFiles/blink.elf.dir/Src/stm32f1xx_hal_msp.c.obj
 .debug_info    0x0000000000003036     0x10bc CMakeFiles/blink.elf.dir/Src/stm32f1xx_hal_timebase_TIM.c.obj
 .debug_info    0x00000000000040f2     0x1465 CMakeFiles/blink.elf.dir/Src/stm32f1xx_it.c.obj
 .debug_info    0x0000000000005557      0x3e5 CMakeFiles/blink.elf.dir/Src/system_stm32f1xx.c.obj
 .debug_info    0x000000000000593c      0xdf3 CMakeFiles/blink.elf.dir/Src/usb_device.c.obj
 .debug_info    0x000000000000672f     0x1016 CMakeFiles/blink.elf.dir/Src/usbd_cdc_if.c.obj
 .debug_info    0x0000000000007745     0x1c93 CMakeFiles/blink.elf.dir/Src/usbd_conf.c.obj
 .debug_info    0x00000000000093d8      0xbfb CMakeFiles/blink.elf.dir/Src/usbd_desc.c.obj
 .debug_info    0x0000000000009fd3      0xe2e CMakeFiles/blink.elf.dir/Drivers/STM32F1xx_HAL_Driver/Src/stm32f1xx_hal.c.obj
 .debug_info    0x000000000000ae01     0x12fb CMakeFiles/blink.elf.dir/Drivers/STM32F1xx_HAL_Driver/Src/stm32f1xx_hal_cortex.c.obj
 .debug_info    0x000000000000c0fc      0xe60 CMakeFiles/blink.elf.dir/Drivers/STM32F1xx_HAL_Driver/Src/stm32f1xx_hal_gpio.c.obj
 .debug_info    0x000000000000cf5c     0x2972 CMakeFiles/blink.elf.dir/Drivers/STM32F1xx_HAL_Driver/Src/stm32f1xx_hal_i2c.c.obj
 .debug_info    0x000000000000f8ce     0x14f8 CMakeFiles/blink.elf.dir/Drivers/STM32F1xx_HAL_Driver/Src/stm32f1xx_hal_pcd.c.obj
 .debug_info    0x0000000000010dc6      0xdf5 CMakeFiles/blink.elf.dir/Drivers/STM32F1xx_HAL_Driver/Src/stm32f1xx_hal_pcd_ex.c.obj
 .debug_info    0x0000000000011bbb      0xfc6 CMakeFiles/blink.elf.dir/Drivers/STM32F1xx_HAL_Driver/Src/stm32f1xx_hal_rcc.c.obj
 .debug_info    0x0000000000012b81      0xbfe CMakeFiles/blink.elf.dir/Drivers/STM32F1xx_HAL_Driver/Src/stm32f1xx_hal_rcc_ex.c.obj
 .debug_info    0x000000000001377f     0x29c9 CMakeFiles/blink.elf.dir/Drivers/STM32F1xx_HAL_Driver/Src/stm32f1xx_hal_tim.c.obj
 .debug_info    0x0000000000016148     0x1778 CMakeFiles/blink.elf.dir/Drivers/STM32F1xx_HAL_Driver/Src/stm32f1xx_hal_tim_ex.c.obj
 .debug_info    0x00000000000178c0     0x16b3 CMakeFiles/blink.elf.dir/Drivers/STM32F1xx_HAL_Driver/Src/stm32f1xx_ll_usb.c.obj
 .debug_info    0x0000000000018f73     0x149a CMakeFiles/blink.elf.dir/UserSrc/Src/lesson5.c.obj
 .debug_info    0x000000000001a40d     0x12a5 CMakeFiles/blink.elf.dir/UserSrc/Lib/dh11/Src/dht11.c.obj
 .debug_info    0x000000000001b6b2      0xa37 CMakeFiles/blink.elf.dir/UserSrc/Lib/ssd1306/Src/fonts.c.obj
 .debug_info    0x000000000001c0e9     0x1076 CMakeFiles/blink.elf.dir/UserSrc/Lib/ssd1306/Src/ssd1306.c.obj
 .debug_info    0x000000000001d15f      0xc7b CMakeFiles/blink.elf.dir/UserSrc/Lib/syscall/Src/syscalls.c.obj
 .debug_info    0x000000000001ddda     0x1aec libFREERTOS.a(cmsis_os.c.obj)
 .debug_info    0x000000000001f8c6      0x499 libFREERTOS.a(port.c.obj)
 .debug_info    0x000000000001fd5f      0xbe4 libFREERTOS.a(heap_4.c.obj)
 .debug_info    0x0000000000020943     0x20ad libFREERTOS.a(tasks.c.obj)
 .debug_info    0x00000000000229f0      0xaba libFREERTOS.a(list.c.obj)
 .debug_info    0x00000000000234aa     0x12c5 libUSB.a(usbd_cdc.c.obj)
 .debug_info    0x000000000002476f     0x1163 libUSB.a(usbd_core.c.obj)
 .debug_info    0x00000000000258d2     0x10c4 libUSB.a(usbd_ctlreq.c.obj)
 .debug_info    0x0000000000026996      0xec4 libUSB.a(usbd_ioreq.c.obj)
 .debug_info    0x000000000002785a      0x8a9 /opt/cross/lib/gcc/arm-none-eabi/7.2.0/../../../../arm-none-eabi/lib/thumb/cortex-m3/libg.a(lib_a-impure.o)
 .debug_info    0x0000000000028103      0x109 /opt/cross/lib/gcc/arm-none-eabi/7.2.0/../../../../arm-none-eabi/lib/thumb/cortex-m3/libg.a(lib_a-init.o)
 .debug_info    0x000000000002820c       0x26 /opt/cross/lib/gcc/arm-none-eabi/7.2.0/../../../../arm-none-eabi/lib/thumb/cortex-m3/libg.a(lib_a-memcpy.o)
 .debug_info    0x0000000000028232      0xe22 /opt/cross/lib/gcc/arm-none-eabi/7.2.0/../../../../arm-none-eabi/lib/thumb/cortex-m3/libg.a(lib_a-memset.o)
 .debug_info    0x0000000000029054      0xc83 /opt/cross/lib/gcc/arm-none-eabi/7.2.0/../../../../arm-none-eabi/lib/thumb/cortex-m3/libg.a(lib_a-snprintf.o)
 .debug_info    0x0000000000029cd7      0xbd7 /opt/cross/lib/gcc/arm-none-eabi/7.2.0/../../../../arm-none-eabi/lib/thumb/cortex-m3/libg.a(lib_a-sprintf.o)
 .debug_info    0x000000000002a8ae      0x92d /opt/cross/lib/gcc/arm-none-eabi/7.2.0/../../../../arm-none-eabi/lib/thumb/cortex-m3/libg.a(lib_a-strncpy.o)
 .debug_info    0x000000000002b1db     0x1534 /opt/cross/lib/gcc/arm-none-eabi/7.2.0/../../../../arm-none-eabi/lib/thumb/cortex-m3/libg.a(lib_a-svfprintf.o)
 .debug_info    0x000000000002c70f      0xde1 /opt/cross/lib/gcc/arm-none-eabi/7.2.0/../../../../arm-none-eabi/lib/thumb/cortex-m3/libg.a(lib_a-mallocr.o)
 .debug_info    0x000000000002d4f0      0x939 /opt/cross/lib/gcc/arm-none-eabi/7.2.0/../../../../arm-none-eabi/lib/thumb/cortex-m3/libg.a(lib_a-memchr-stub.o)
 .debug_info    0x000000000002de29      0x8dc /opt/cross/lib/gcc/arm-none-eabi/7.2.0/../../../../arm-none-eabi/lib/thumb/cortex-m3/libg.a(lib_a-mlock.o)
 .debug_info    0x000000000002e705      0x95e /opt/cross/lib/gcc/arm-none-eabi/7.2.0/../../../../arm-none-eabi/lib/thumb/cortex-m3/libg.a(lib_a-sbrkr.o)
 .debug_info    0x000000000002f063      0x8ba /opt/cross/lib/gcc/arm-none-eabi/7.2.0/../../../../arm-none-eabi/lib/thumb/cortex-m3/libg.a(lib_a-strlen-stub.o)
 .debug_info    0x000000000002f91d     0x1801 /opt/cross/lib/gcc/arm-none-eabi/7.2.0/../../../../arm-none-eabi/lib/thumb/cortex-m3/libg.a(lib_a-svfiprintf.o)
 .debug_info    0x000000000003111e      0xcc2 /opt/cross/lib/gcc/arm-none-eabi/7.2.0/../../../../arm-none-eabi/lib/thumb/cortex-m3/libg.a(lib_a-freer.o)
 .debug_info    0x0000000000031de0      0xe31 /opt/cross/lib/gcc/arm-none-eabi/7.2.0/../../../../arm-none-eabi/lib/thumb/cortex-m3/libg.a(lib_a-memmove.o)
 .debug_info    0x0000000000032c11      0xdd7 /opt/cross/lib/gcc/arm-none-eabi/7.2.0/../../../../arm-none-eabi/lib/thumb/cortex-m3/libg.a(lib_a-reallocr.o)
 .debug_info    0x00000000000339e8      0xa2d /opt/cross/lib/gcc/arm-none-eabi/7.2.0/../../../../arm-none-eabi/lib/thumb/cortex-m3/libg.a(lib_a-reent.o)

.debug_abbrev   0x0000000000000000     0x7b6d
 .debug_abbrev  0x0000000000000000      0x2eb CMakeFiles/blink.elf.dir/Src/main.c.obj
 .debug_abbrev  0x00000000000002eb      0x232 CMakeFiles/blink.elf.dir/Src/stm32f1xx_hal_msp.c.obj
 .debug_abbrev  0x000000000000051d      0x243 CMakeFiles/blink.elf.dir/Src/stm32f1xx_hal_timebase_TIM.c.obj
 .debug_abbrev  0x0000000000000760      0x233 CMakeFiles/blink.elf.dir/Src/stm32f1xx_it.c.obj
 .debug_abbrev  0x0000000000000993      0x131 CMakeFiles/blink.elf.dir/Src/system_stm32f1xx.c.obj
 .debug_abbrev  0x0000000000000ac4      0x1de CMakeFiles/blink.elf.dir/Src/usb_device.c.obj
 .debug_abbrev  0x0000000000000ca2      0x2b2 CMakeFiles/blink.elf.dir/Src/usbd_cdc_if.c.obj
 .debug_abbrev  0x0000000000000f54      0x2e7 CMakeFiles/blink.elf.dir/Src/usbd_conf.c.obj
 .debug_abbrev  0x000000000000123b      0x266 CMakeFiles/blink.elf.dir/Src/usbd_desc.c.obj
 .debug_abbrev  0x00000000000014a1      0x2c9 CMakeFiles/blink.elf.dir/Drivers/STM32F1xx_HAL_Driver/Src/stm32f1xx_hal.c.obj