Archive member included to satisfy reference by file (symbol)

libCMSIS.a(startup_stm32f103xb.s.obj)
                              (Reset_Handler)
/opt/cross/lib/gcc/arm-none-eabi/7.2.0/thumb/cortex-m3/libgcc.a(_arm_addsubsf3.o)
                              CMakeFiles/blink.elf.dir/UserSrc/Src/lesson5.c.obj (__aeabi_fadd)
/opt/cross/lib/gcc/arm-none-eabi/7.2.0/thumb/cortex-m3/libgcc.a(_arm_muldivsf3.o)
                              CMakeFiles/blink.elf.dir/UserSrc/Lib/dh11/Src/dht11.c.obj (__aeabi_fmul)
/opt/cross/lib/gcc/arm-none-eabi/7.2.0/thumb/cortex-m3/libgcc.a(_arm_cmpsf2.o)
                              CMakeFiles/blink.elf.dir/UserSrc/Src/lesson5.c.obj (__aeabi_fcmpeq)
/opt/cross/lib/gcc/arm-none-eabi/7.2.0/thumb/cortex-m3/libgcc.a(_arm_fixunssfsi.o)
                              CMakeFiles/blink.elf.dir/UserSrc/Src/lesson5.c.obj (__aeabi_f2uiz)
/opt/cross/lib/gcc/arm-none-eabi/7.2.0/../../../../arm-none-eabi/lib/thumb/cortex-m3/libg.a(lib_a-atexit.o)
                              /opt/cross/lib/gcc/arm-none-eabi/7.2.0/../../../../arm-none-eabi/lib/thumb/cortex-m3/crt0.o (atexit)
/opt/cross/lib/gcc/arm-none-eabi/7.2.0/../../../../arm-none-eabi/lib/thumb/cortex-m3/libg.a(lib_a-exit.o)
                              /opt/cross/lib/gcc/arm-none-eabi/7.2.0/../../../../arm-none-eabi/lib/thumb/cortex-m3/crt0.o (exit)
/opt/cross/lib/gcc/arm-none-eabi/7.2.0/../../../../arm-none-eabi/lib/thumb/cortex-m3/libg.a(lib_a-fini.o)
                              /opt/cross/lib/gcc/arm-none-eabi/7.2.0/../../../../arm-none-eabi/lib/thumb/cortex-m3/crt0.o (__libc_fini_array)
/opt/cross/lib/gcc/arm-none-eabi/7.2.0/../../../../arm-none-eabi/lib/thumb/cortex-m3/libg.a(lib_a-impure.o)
                              /opt/cross/lib/gcc/arm-none-eabi/7.2.0/../../../../arm-none-eabi/lib/thumb/cortex-m3/libg.a(lib_a-exit.o) (_global_impure_ptr)
/opt/cross/lib/gcc/arm-none-eabi/7.2.0/../../../../arm-none-eabi/lib/thumb/cortex-m3/libg.a(lib_a-init.o)
                              /opt/cross/lib/gcc/arm-none-eabi/7.2.0/../../../../arm-none-eabi/lib/thumb/cortex-m3/crt0.o (__libc_init_array)
/opt/cross/lib/gcc/arm-none-eabi/7.2.0/../../../../arm-none-eabi/lib/thumb/cortex-m3/libg.a(lib_a-memset.o)
                              /opt/cross/lib/gcc/arm-none-eabi/7.2.0/../../../../arm-none-eabi/lib/thumb/cortex-m3/crt0.o (memset)
/opt/cross/lib/gcc/arm-none-eabi/7.2.0/../../../../arm-none-eabi/lib/thumb/cortex-m3/libg.a(lib_a-__atexit.o)
                              /opt/cross/lib/gcc/arm-none-eabi/7.2.0/../../../../arm-none-eabi/lib/thumb/cortex-m3/libg.a(lib_a-atexit.o) (__register_exitproc)
/opt/cross/lib/gcc/arm-none-eabi/7.2.0/../../../../arm-none-eabi/lib/thumb/cortex-m3/libg.a(lib_a-__call_atexit.o)
                              /opt/cross/lib/gcc/arm-none-eabi/7.2.0/../../../../arm-none-eabi/lib/thumb/cortex-m3/libg.a(lib_a-exit.o) (__call_exitprocs)

Discarded input sections

 .text          0x0000000000000000        0x0 /opt/cross/lib/gcc/arm-none-eabi/7.2.0/thumb/cortex-m3/crti.o
 .data          0x0000000000000000        0x0 /opt/cross/lib/gcc/arm-none-eabi/7.2.0/thumb/cortex-m3/crti.o
 .bss           0x0000000000000000        0x0 /opt/cross/lib/gcc/arm-none-eabi/7.2.0/thumb/cortex-m3/crti.o
 .data          0x0000000000000000        0x4 /opt/cross/lib/gcc/arm-none-eabi/7.2.0/thumb/cortex-m3/crtbegin.o
 .text          0x0000000000000000       0x68 /opt/cross/lib/gcc/arm-none-eabi/7.2.0/../../../../arm-none-eabi/lib/thumb/cortex-m3/crt0.o
 .data          0x0000000000000000        0x0 /opt/cross/lib/gcc/arm-none-eabi/7.2.0/../../../../arm-none-eabi/lib/thumb/cortex-m3/crt0.o
 .bss           0x0000000000000000        0x0 /opt/cross/lib/gcc/arm-none-eabi/7.2.0/../../../../arm-none-eabi/lib/thumb/cortex-m3/crt0.o
 .ARM.extab     0x0000000000000000        0x0 /opt/cross/lib/gcc/arm-none-eabi/7.2.0/../../../../arm-none-eabi/lib/thumb/cortex-m3/crt0.o
 .ARM.exidx     0x0000000000000000        0x8 /opt/cross/lib/gcc/arm-none-eabi/7.2.0/../../../../arm-none-eabi/lib/thumb/cortex-m3/crt0.o
 .debug_line    0x0000000000000000       0x7d /opt/cross/lib/gcc/arm-none-eabi/7.2.0/../../../../arm-none-eabi/lib/thumb/cortex-m3/crt0.o
 .debug_info    0x0000000000000000       0x26 /opt/cross/lib/gcc/arm-none-eabi/7.2.0/../../../../arm-none-eabi/lib/thumb/cortex-m3/crt0.o
 .debug_abbrev  0x0000000000000000       0x14 /opt/cross/lib/gcc/arm-none-eabi/7.2.0/../../../../arm-none-eabi/lib/thumb/cortex-m3/crt0.o
 .debug_aranges
                0x0000000000000000       0x20 /opt/cross/lib/gcc/arm-none-eabi/7.2.0/../../../../arm-none-eabi/lib/thumb/cortex-m3/crt0.o
 .debug_str     0x0000000000000000       0x87 /opt/cross/lib/gcc/arm-none-eabi/7.2.0/../../../../arm-none-eabi/lib/thumb/cortex-m3/crt0.o
 .ARM.attributes
                0x0000000000000000       0x21 /opt/cross/lib/gcc/arm-none-eabi/7.2.0/../../../../arm-none-eabi/lib/thumb/cortex-m3/crt0.o
 .text          0x0000000000000000        0x0 CMakeFiles/blink.elf.dir/Src/main.c.obj
[...]
Memory Configuration

Name             Origin             Length             Attributes
RAM              0x0000000020000000 0x0000000000005000 xrw
FLASH            0x0000000008000000 0x0000000000010000 xr
*default*        0x0000000000000000 0xffffffffffffffff

Linker script and memory map

LOAD /opt/cross/lib/gcc/arm-none-eabi/7.2.0/thumb/cortex-m3/crti.o
LOAD /opt/cross/lib/gcc/arm-none-eabi/7.2.0/thumb/cortex-m3/crtbegin.o
LOAD /opt/cross/lib/gcc/arm-none-eabi/7.2.0/../../../../arm-none-eabi/lib/thumb/cortex-m3/crt0.o
LOAD CMakeFiles/blink.elf.dir/Src/main.c.obj
LOAD CMakeFiles/blink.elf.dir/Src/stm32f1xx_hal_msp.c.obj
LOAD CMakeFiles/blink.elf.dir/Src/stm32f1xx_hal_timebase_TIM.c.obj
LOAD CMakeFiles/blink.elf.dir/Src/stm32f1xx_it.c.obj
LOAD CMakeFiles/blink.elf.dir/Src/system_stm32f1xx.c.obj
LOAD CMakeFiles/blink.elf.dir/Drivers/STM32F1xx_HAL_Driver/Src/stm32f1xx_hal.c.obj
LOAD CMakeFiles/blink.elf.dir/Drivers/STM32F1xx_HAL_Driver/Src/stm32f1xx_hal_cortex.c.obj
LOAD CMakeFiles/blink.elf.dir/Drivers/STM32F1xx_HAL_Driver/Src/stm32f1xx_hal_dma.c.obj
LOAD CMakeFiles/blink.elf.dir/Drivers/STM32F1xx_HAL_Driver/Src/stm32f1xx_hal_flash.c.obj
LOAD CMakeFiles/blink.elf.dir/Drivers/STM32F1xx_HAL_Driver/Src/stm32f1xx_hal_flash_ex.c.obj
LOAD CMakeFiles/blink.elf.dir/Drivers/STM32F1xx_HAL_Driver/Src/stm32f1xx_hal_gpio.c.obj
LOAD CMakeFiles/blink.elf.dir/Drivers/STM32F1xx_HAL_Driver/Src/stm32f1xx_hal_gpio_ex.c.obj
LOAD CMakeFiles/blink.elf.dir/Drivers/STM32F1xx_HAL_Driver/Src/stm32f1xx_hal_i2c.c.obj
LOAD CMakeFiles/blink.elf.dir/Drivers/STM32F1xx_HAL_Driver/Src/stm32f1xx_hal_pwr.c.obj
LOAD CMakeFiles/blink.elf.dir/Drivers/STM32F1xx_HAL_Driver/Src/stm32f1xx_hal_rcc.c.obj
LOAD CMakeFiles/blink.elf.dir/Drivers/STM32F1xx_HAL_Driver/Src/stm32f1xx_hal_rcc_ex.c.obj
LOAD CMakeFiles/blink.elf.dir/Drivers/STM32F1xx_HAL_Driver/Src/stm32f1xx_hal_tim.c.obj
LOAD CMakeFiles/blink.elf.dir/Drivers/STM32F1xx_HAL_Driver/Src/stm32f1xx_hal_tim_ex.c.obj
LOAD CMakeFiles/blink.elf.dir/UserSrc/Src/lesson3.c.obj
LOAD CMakeFiles/blink.elf.dir/UserSrc/Src/lesson4.c.obj
LOAD CMakeFiles/blink.elf.dir/UserSrc/Src/lesson5.c.obj
LOAD CMakeFiles/blink.elf.dir/UserSrc/Lib/dh11/Src/dht11.c.obj
LOAD CMakeFiles/blink.elf.dir/UserSrc/Lib/ssd1306/Src/fonts.c.obj
LOAD CMakeFiles/blink.elf.dir/UserSrc/Lib/ssd1306/Src/ssd1306.c.obj
LOAD libHAL.a
LOAD libCMSIS.a
LOAD libUSERSRC.a
LOAD libLIBS.a
START GROUP
LOAD /opt/cross/lib/gcc/arm-none-eabi/7.2.0/thumb/cortex-m3/libgcc.a
LOAD /opt/cross/lib/gcc/arm-none-eabi/7.2.0/../../../../arm-none-eabi/lib/thumb/cortex-m3/libg.a
LOAD /opt/cross/lib/gcc/arm-none-eabi/7.2.0/../../../../arm-none-eabi/lib/thumb/cortex-m3/libc.a
END GROUP
LOAD /opt/cross/lib/gcc/arm-none-eabi/7.2.0/thumb/cortex-m3/crtend.o
LOAD /opt/cross/lib/gcc/arm-none-eabi/7.2.0/thumb/cortex-m3/crtn.o
                0x0000000020005000                _estack = 0x20005000
                0x0000000000000200                _Min_Heap_Size = 0x200
                0x0000000000000400                _Min_Stack_Size = 0x400

.isr_vector     0x0000000008000000      0x10c
                0x0000000008000000                . = ALIGN (0x4)
 *(.isr_vector)
 .isr_vector    0x0000000008000000      0x10c libCMSIS.a(startup_stm32f103xb.s.obj)
                0x0000000008000000                g_pfnVectors
                0x000000000800010c                . = ALIGN (0x4)

.text           0x000000000800010c     0x36e4
                0x000000000800010c                . = ALIGN (0x4)
 *(.text)
 .text          0x000000000800010c       0x88 /opt/cross/lib/gcc/arm-none-eabi/7.2.0/thumb/cortex-m3/crtbegin.o
 .text          0x0000000008000194      0x21c /opt/cross/lib/gcc/arm-none-eabi/7.2.0/thumb/cortex-m3/libgcc.a(_arm_addsubsf3.o)
                0x0000000008000194                __aeabi_frsub
                0x000000000800019c                __subsf3
                0x000000000800019c                __aeabi_fsub
                0x00000000080001a0                __aeabi_fadd
                0x00000000080001a0                __addsf3
                0x0000000008000300                __aeabi_ui2f
                0x0000000008000300                __floatunsisf
                0x0000000008000308                __aeabi_i2f
                0x0000000008000308                __floatsisf
                0x0000000008000324                __floatundisf
                0x0000000008000324                __aeabi_ul2f
                0x0000000008000334                __floatdisf
                0x0000000008000334                __aeabi_l2f
 .text          0x00000000080003b0      0x2a0 /opt/cross/lib/gcc/arm-none-eabi/7.2.0/thumb/cortex-m3/libgcc.a(_arm_muldivsf3.o)
                0x00000000080003b0                __mulsf3
                0x00000000080003b0                __aeabi_fmul
                0x0000000008000518                __divsf3
                0x0000000008000518                __aeabi_fdiv
 .text          0x0000000008000650       0xec /opt/cross/lib/gcc/arm-none-eabi/7.2.0/thumb/cortex-m3/libgcc.a(_arm_cmpsf2.o)
                0x0000000008000650                __gtsf2
                0x0000000008000650                __gesf2
                0x0000000008000658                __lesf2
                0x0000000008000658                __ltsf2
                0x0000000008000660                __nesf2
                0x0000000008000660                __eqsf2
                0x0000000008000660                __cmpsf2
                0x00000000080006c0                __aeabi_cfrcmple
                0x00000000080006c8                __aeabi_cfcmple
                0x00000000080006c8                __aeabi_cfcmpeq
                0x00000000080006d8                __aeabi_fcmpeq
                0x00000000080006ec                __aeabi_fcmplt
                0x0000000008000700                __aeabi_fcmple
                0x0000000008000714                __aeabi_fcmpge
                0x0000000008000728                __aeabi_fcmpgt
 .text          0x000000000800073c       0x40 /opt/cross/lib/gcc/arm-none-eabi/7.2.0/thumb/cortex-m3/libgcc.a(_arm_fixunssfsi.o)
                0x000000000800073c                __aeabi_f2uiz
                0x000000000800073c                __fixunssfsi
 .text          0x000000000800077c       0x48 /opt/cross/lib/gcc/arm-none-eabi/7.2.0/../../../../arm-none-eabi/lib/thumb/cortex-m3/libg.a(lib_a-init.o)
                0x000000000800077c                __libc_init_array
 *(.text*)
 .text.main     0x00000000080007c4       0x1e CMakeFiles/blink.elf.dir/Src/main.c.obj
                0x00000000080007c4                main
 *fill*         0x00000000080007e2        0x2 
 .text.SystemClock_Config
                0x00000000080007e4       0xa4 CMakeFiles/blink.elf.dir/Src/main.c.obj
                0x00000000080007e4                SystemClock_Config
 .text.MX_I2C1_Init
                0x0000000008000888       0x64 CMakeFiles/blink.elf.dir/Src/main.c.obj
 .text.MX_TIM3_Init
                0x00000000080008ec       0xa0 CMakeFiles/blink.elf.dir/Src/main.c.obj
 .text.MX_GPIO_Init
                0x000000000800098c       0x9c CMakeFiles/blink.elf.dir/Src/main.c.obj
 .text.HAL_TIM_PeriodElapsedCallback
                0x0000000008000a28       0x24 CMakeFiles/blink.elf.dir/Src/main.c.obj
                0x0000000008000a28                HAL_TIM_PeriodElapsedCallback
 .text._Error_Handler
                0x0000000008000a4c        0xc CMakeFiles/blink.elf.dir/Src/main.c.obj
                0x0000000008000a4c                _Error_Handler
 .text.HAL_MspInit
                0x0000000008000a58       0xa0 CMakeFiles/blink.elf.dir/Src/stm32f1xx_hal_msp.c.obj
                0x0000000008000a58                HAL_MspInit
 .text.HAL_I2C_MspInit
                0x0000000008000af8       0x58 CMakeFiles/blink.elf.dir/Src/stm32f1xx_hal_msp.c.obj
                0x0000000008000af8                HAL_I2C_MspInit
 .text.HAL_TIM_IC_MspInit
                0x0000000008000b50       0x68 CMakeFiles/blink.elf.dir/Src/stm32f1xx_hal_msp.c.obj
                0x0000000008000b50                HAL_TIM_IC_MspInit
 .text.HAL_InitTick
                0x0000000008000bb8       0xac CMakeFiles/blink.elf.dir/Src/stm32f1xx_hal_timebase_TIM.c.obj
                0x0000000008000bb8                HAL_InitTick
 .text.NMI_Handler
                0x0000000008000c64        0xc CMakeFiles/blink.elf.dir/Src/stm32f1xx_it.c.obj
                0x0000000008000c64                NMI_Handler
 .text.HardFault_Handler
                0x0000000008000c70        0x6 CMakeFiles/blink.elf.dir/Src/stm32f1xx_it.c.obj
                0x0000000008000c70                HardFault_Handler
 .text.MemManage_Handler
                0x0000000008000c76        0x6 CMakeFiles/blink.elf.dir/Src/stm32f1xx_it.c.obj
                0x0000000008000c76                MemManage_Handler
 .text.BusFault_Handler
                0x0000000008000c7c        0x6 CMakeFiles/blink.elf.dir/Src/stm32f1xx_it.c.obj
                0x0000000008000c7c                BusFault_Handler
 .text.UsageFault_Handler
                0x0000000008000c82        0x6 CMakeFiles/blink.elf.dir/Src/stm32f1xx_it.c.obj
                0x0000000008000c82                UsageFault_Handler
 .text.SVC_Handler
                0x0000000008000c88        0xc CMakeFiles/blink.elf.dir/Src/stm32f1xx_it.c.obj
                0x0000000008000c88                SVC_Handler
 .text.DebugMon_Handler
                0x0000000008000c94        0xc CMakeFiles/blink.elf.dir/Src/stm32f1xx_it.c.obj
                0x0000000008000c94                DebugMon_Handler
 .text.PendSV_Handler
                0x0000000008000ca0        0xc CMakeFiles/blink.elf.dir/Src/stm32f1xx_it.c.obj
                0x0000000008000ca0                PendSV_Handler
 .text.SysTick_Handler
                0x0000000008000cac        0xc CMakeFiles/blink.elf.dir/Src/stm32f1xx_it.c.obj
                0x0000000008000cac                SysTick_Handler
 .text.TIM1_UP_IRQHandler
                0x0000000008000cb8       0x14 CMakeFiles/blink.elf.dir/Src/stm32f1xx_it.c.obj
                0x0000000008000cb8                TIM1_UP_IRQHandler
 .text.TIM3_IRQHandler
                0x0000000008000ccc       0x1c CMakeFiles/blink.elf.dir/Src/stm32f1xx_it.c.obj
                0x0000000008000ccc                TIM3_IRQHandler
 .text.SystemInit
                0x0000000008000ce8       0x68 CMakeFiles/blink.elf.dir/Src/system_stm32f1xx.c.obj
                0x0000000008000ce8                SystemInit
 .text.HAL_Init
                0x0000000008000d50       0x2c CMakeFiles/blink.elf.dir/Drivers/STM32F1xx_HAL_Driver/Src/stm32f1xx_hal.c.obj
                0x0000000008000d50                HAL_Init
 .text.HAL_IncTick
                0x0000000008000d7c       0x1c CMakeFiles/blink.elf.dir/Drivers/STM32F1xx_HAL_Driver/Src/stm32f1xx_hal.c.obj
                0x0000000008000d7c                HAL_IncTick
 .text.HAL_GetTick
                0x0000000008000d98       0x14 CMakeFiles/blink.elf.dir/Drivers/STM32F1xx_HAL_Driver/Src/stm32f1xx_hal.c.obj
                0x0000000008000d98                HAL_GetTick
 .text.HAL_Delay
                0x0000000008000dac       0x3a CMakeFiles/blink.elf.dir/Drivers/STM32F1xx_HAL_Driver/Src/stm32f1xx_hal.c.obj
                0x0000000008000dac                HAL_Delay
 *fill*         0x0000000008000de6        0x2 
 .text.NVIC_SetPriorityGrouping
                0x0000000008000de8       0x48 CMakeFiles/blink.elf.dir/Drivers/STM32F1xx_HAL_Driver/Src/stm32f1xx_hal_cortex.c.obj
 .text.NVIC_GetPriorityGrouping
                0x0000000008000e30       0x1c CMakeFiles/blink.elf.dir/Drivers/STM32F1xx_HAL_Driver/Src/stm32f1xx_hal_cortex.c.obj
 .text.NVIC_EnableIRQ
                0x0000000008000e4c       0x30 CMakeFiles/blink.elf.dir/Drivers/STM32F1xx_HAL_Driver/Src/stm32f1xx_hal_cortex.c.obj
 .text.NVIC_SetPriority
                0x0000000008000e7c       0x54 CMakeFiles/blink.elf.dir/Drivers/STM32F1xx_HAL_Driver/Src/stm32f1xx_hal_cortex.c.obj
 .text.NVIC_EncodePriority
                0x0000000008000ed0       0x64 CMakeFiles/blink.elf.dir/Drivers/STM32F1xx_HAL_Driver/Src/stm32f1xx_hal_cortex.c.obj
 .text.SysTick_Config
                0x0000000008000f34       0x44 CMakeFiles/blink.elf.dir/Drivers/STM32F1xx_HAL_Driver/Src/stm32f1xx_hal_cortex.c.obj
 .text.HAL_NVIC_SetPriorityGrouping
                0x0000000008000f78       0x16 CMakeFiles/blink.elf.dir/Drivers/STM32F1xx_HAL_Driver/Src/stm32f1xx_hal_cortex.c.obj
                0x0000000008000f78                HAL_NVIC_SetPriorityGrouping
 .text.HAL_NVIC_SetPriority
                0x0000000008000f8e       0x38 CMakeFiles/blink.elf.dir/Drivers/STM32F1xx_HAL_Driver/Src/stm32f1xx_hal_cortex.c.obj
                0x0000000008000f8e                HAL_NVIC_SetPriority
 .text.HAL_NVIC_EnableIRQ
                0x0000000008000fc6       0x1c CMakeFiles/blink.elf.dir/Drivers/STM32F1xx_HAL_Driver/Src/stm32f1xx_hal_cortex.c.obj
                0x0000000008000fc6                HAL_NVIC_EnableIRQ
 .text.HAL_SYSTICK_Config
                0x0000000008000fe2       0x18 CMakeFiles/blink.elf.dir/Drivers/STM32F1xx_HAL_Driver/Src/stm32f1xx_hal_cortex.c.obj
                0x0000000008000fe2                HAL_SYSTICK_Config
 *fill*         0x0000000008000ffa        0x2 
 .text.HAL_SYSTICK_CLKSourceConfig
                0x0000000008000ffc       0x38 CMakeFiles/blink.elf.dir/Drivers/STM32F1xx_HAL_Driver/Src/stm32f1xx_hal_cortex.c.obj
                0x0000000008000ffc                HAL_SYSTICK_CLKSourceConfig
 .text.HAL_SYSTICK_IRQHandler
                0x0000000008001034        0xc CMakeFiles/blink.elf.dir/Drivers/STM32F1xx_HAL_Driver/Src/stm32f1xx_hal_cortex.c.obj
                0x0000000008001034                HAL_SYSTICK_IRQHandler
 .text.HAL_SYSTICK_Callback
                0x0000000008001040        0xc CMakeFiles/blink.elf.dir/Drivers/STM32F1xx_HAL_Driver/Src/stm32f1xx_hal_cortex.c.obj
                0x0000000008001040                HAL_SYSTICK_Callback
 .text.HAL_GPIO_Init
                0x000000000800104c      0x2bc CMakeFiles/blink.elf.dir/Drivers/STM32F1xx_HAL_Driver/Src/stm32f1xx_hal_gpio.c.obj
                0x000000000800104c                HAL_GPIO_Init
 .text.HAL_GPIO_WritePin
                0x0000000008001308       0x30 CMakeFiles/blink.elf.dir/Drivers/STM32F1xx_HAL_Driver/Src/stm32f1xx_hal_gpio.c.obj
                0x0000000008001308                HAL_GPIO_WritePin
 .text.HAL_I2C_Init
                0x0000000008001338      0x1c0 CMakeFiles/blink.elf.dir/Drivers/STM32F1xx_HAL_Driver/Src/stm32f1xx_hal_i2c.c.obj
                0x0000000008001338                HAL_I2C_Init
 .text.HAL_I2C_Mem_Write
                0x00000000080014f8      0x214 CMakeFiles/blink.elf.dir/Drivers/STM32F1xx_HAL_Driver/Src/stm32f1xx_hal_i2c.c.obj
                0x00000000080014f8                HAL_I2C_Mem_Write
 .text.I2C_RequestMemoryWrite
                0x000000000800170c      0x128 CMakeFiles/blink.elf.dir/Drivers/STM32F1xx_HAL_Driver/Src/stm32f1xx_hal_i2c.c.obj
 .text.I2C_WaitOnFlagUntilTimeout
                0x0000000008001834       0xa2 CMakeFiles/blink.elf.dir/Drivers/STM32F1xx_HAL_Driver/Src/stm32f1xx_hal_i2c.c.obj
 .text.I2C_WaitOnMasterAddressFlagUntilTimeout
                0x00000000080018d6       0xdc CMakeFiles/blink.elf.dir/Drivers/STM32F1xx_HAL_Driver/Src/stm32f1xx_hal_i2c.c.obj
 .text.I2C_WaitOnTXEFlagUntilTimeout
                0x00000000080019b2       0x7a CMakeFiles/blink.elf.dir/Drivers/STM32F1xx_HAL_Driver/Src/stm32f1xx_hal_i2c.c.obj
 .text.I2C_WaitOnBTFFlagUntilTimeout
                0x0000000008001a2c       0x7a CMakeFiles/blink.elf.dir/Drivers/STM32F1xx_HAL_Driver/Src/stm32f1xx_hal_i2c.c.obj
 .text.I2C_IsAcknowledgeFailed
                0x0000000008001aa6       0x4e CMakeFiles/blink.elf.dir/Drivers/STM32F1xx_HAL_Driver/Src/stm32f1xx_hal_i2c.c.obj
 .text.HAL_RCC_OscConfig
                0x0000000008001af4      0x4c8 CMakeFiles/blink.elf.dir/Drivers/STM32F1xx_HAL_Driver/Src/stm32f1xx_hal_rcc.c.obj
                0x0000000008001af4                HAL_RCC_OscConfig
 .text.HAL_RCC_ClockConfig
                0x0000000008001fbc      0x1e8 CMakeFiles/blink.elf.dir/Drivers/STM32F1xx_HAL_Driver/Src/stm32f1xx_hal_rcc.c.obj
                0x0000000008001fbc                HAL_RCC_ClockConfig
 .text.HAL_RCC_GetSysClockFreq
                0x00000000080021a4       0xc4 CMakeFiles/blink.elf.dir/Drivers/STM32F1xx_HAL_Driver/Src/stm32f1xx_hal_rcc.c.obj
                0x00000000080021a4                HAL_RCC_GetSysClockFreq
 .text.HAL_RCC_GetHCLKFreq
                0x0000000008002268       0x14 CMakeFiles/blink.elf.dir/Drivers/STM32F1xx_HAL_Driver/Src/stm32f1xx_hal_rcc.c.obj
                0x0000000008002268                HAL_RCC_GetHCLKFreq
 .text.HAL_RCC_GetPCLK1Freq
                0x000000000800227c       0x28 CMakeFiles/blink.elf.dir/Drivers/STM32F1xx_HAL_Driver/Src/stm32f1xx_hal_rcc.c.obj
                0x000000000800227c                HAL_RCC_GetPCLK1Freq
 .text.HAL_RCC_GetPCLK2Freq
                0x00000000080022a4       0x28 CMakeFiles/blink.elf.dir/Drivers/STM32F1xx_HAL_Driver/Src/stm32f1xx_hal_rcc.c.obj
                0x00000000080022a4                HAL_RCC_GetPCLK2Freq
 .text.HAL_RCC_GetClockConfig
                0x00000000080022cc       0x60 CMakeFiles/blink.elf.dir/Drivers/STM32F1xx_HAL_Driver/Src/stm32f1xx_hal_rcc.c.obj
                0x00000000080022cc                HAL_RCC_GetClockConfig
 .text.RCC_Delay
                0x000000000800232c       0x3c CMakeFiles/blink.elf.dir/Drivers/STM32F1xx_HAL_Driver/Src/stm32f1xx_hal_rcc.c.obj
 .text.HAL_TIM_Base_Init
                0x0000000008002368       0x56 CMakeFiles/blink.elf.dir/Drivers/STM32F1xx_HAL_Driver/Src/stm32f1xx_hal_tim.c.obj
                0x0000000008002368                HAL_TIM_Base_Init
 .text.HAL_TIM_Base_MspInit
                0x00000000080023be       0x12 CMakeFiles/blink.elf.dir/Drivers/STM32F1xx_HAL_Driver/Src/stm32f1xx_hal_tim.c.obj
                0x00000000080023be                HAL_TIM_Base_MspInit
 .text.HAL_TIM_Base_Start_IT
                0x00000000080023d0       0x34 CMakeFiles/blink.elf.dir/Drivers/STM32F1xx_HAL_Driver/Src/stm32f1xx_hal_tim.c.obj
                0x00000000080023d0                HAL_TIM_Base_Start_IT
 .text.HAL_TIM_IC_Init
                0x0000000008002404       0x56 CMakeFiles/blink.elf.dir/Drivers/STM32F1xx_HAL_Driver/Src/stm32f1xx_hal_tim.c.obj
                0x0000000008002404                HAL_TIM_IC_Init
 *fill*         0x000000000800245a        0x2 
 .text.HAL_TIM_IC_Start_IT
                0x000000000800245c       0xc0 CMakeFiles/blink.elf.dir/Drivers/STM32F1xx_HAL_Driver/Src/stm32f1xx_hal_tim.c.obj
                0x000000000800245c                HAL_TIM_IC_Start_IT
 .text.HAL_TIM_IC_Stop_IT
                0x000000000800251c       0xe0 CMakeFiles/blink.elf.dir/Drivers/STM32F1xx_HAL_Driver/Src/stm32f1xx_hal_tim.c.obj
                0x000000000800251c                HAL_TIM_IC_Stop_IT
 .text.HAL_TIM_IRQHandler
                0x00000000080025fc      0x210 CMakeFiles/blink.elf.dir/Drivers/STM32F1xx_HAL_Driver/Src/stm32f1xx_hal_tim.c.obj
                0x00000000080025fc                HAL_TIM_IRQHandler
 .text.HAL_TIM_IC_ConfigChannel
                0x000000000800280c      0x138 CMakeFiles/blink.elf.dir/Drivers/STM32F1xx_HAL_Driver/Src/stm32f1xx_hal_tim.c.obj
                0x000000000800280c                HAL_TIM_IC_ConfigChannel
 .text.HAL_TIM_ReadCapturedValue
                0x0000000008002944       0xa4 CMakeFiles/blink.elf.dir/Drivers/STM32F1xx_HAL_Driver/Src/stm32f1xx_hal_tim.c.obj
                0x0000000008002944                HAL_TIM_ReadCapturedValue
 .text.HAL_TIM_OC_DelayElapsedCallback
                0x00000000080029e8       0x12 CMakeFiles/blink.elf.dir/Drivers/STM32F1xx_HAL_Driver/Src/stm32f1xx_hal_tim.c.obj
                0x00000000080029e8                HAL_TIM_OC_DelayElapsedCallback
 .text.HAL_TIM_IC_CaptureCallback
                0x00000000080029fa       0x12 CMakeFiles/blink.elf.dir/Drivers/STM32F1xx_HAL_Driver/Src/stm32f1xx_hal_tim.c.obj
                0x00000000080029fa                HAL_TIM_IC_CaptureCallback
 .text.HAL_TIM_PWM_PulseFinishedCallback
                0x0000000008002a0c       0x12 CMakeFiles/blink.elf.dir/Drivers/STM32F1xx_HAL_Driver/Src/stm32f1xx_hal_tim.c.obj
                0x0000000008002a0c                HAL_TIM_PWM_PulseFinishedCallback
 .text.HAL_TIM_TriggerCallback
                0x0000000008002a1e       0x12 CMakeFiles/blink.elf.dir/Drivers/STM32F1xx_HAL_Driver/Src/stm32f1xx_hal_tim.c.obj
                0x0000000008002a1e                HAL_TIM_TriggerCallback
 .text.TIM_Base_SetConfig
                0x0000000008002a30       0xcc CMakeFiles/blink.elf.dir/Drivers/STM32F1xx_HAL_Driver/Src/stm32f1xx_hal_tim.c.obj
                0x0000000008002a30                TIM_Base_SetConfig
 .text.TIM_TI1_SetConfig
                0x0000000008002afc       0xbc CMakeFiles/blink.elf.dir/Drivers/STM32F1xx_HAL_Driver/Src/stm32f1xx_hal_tim.c.obj
                0x0000000008002afc                TIM_TI1_SetConfig
 .text.TIM_TI2_SetConfig
                0x0000000008002bb8       0x80 CMakeFiles/blink.elf.dir/Drivers/STM32F1xx_HAL_Driver/Src/stm32f1xx_hal_tim.c.obj
 .text.TIM_TI3_SetConfig
                0x0000000008002c38       0x7e CMakeFiles/blink.elf.dir/Drivers/STM32F1xx_HAL_Driver/Src/stm32f1xx_hal_tim.c.obj
 .text.TIM_TI4_SetConfig
                0x0000000008002cb6       0x80 CMakeFiles/blink.elf.dir/Drivers/STM32F1xx_HAL_Driver/Src/stm32f1xx_hal_tim.c.obj
 .text.TIM_CCxChannelCmd
                0x0000000008002d36       0x44 CMakeFiles/blink.elf.dir/Drivers/STM32F1xx_HAL_Driver/Src/stm32f1xx_hal_tim.c.obj
                0x0000000008002d36                TIM_CCxChannelCmd
 .text.HAL_TIMEx_MasterConfigSynchronization
                0x0000000008002d7a       0x88 CMakeFiles/blink.elf.dir/Drivers/STM32F1xx_HAL_Driver/Src/stm32f1xx_hal_tim_ex.c.obj
                0x0000000008002d7a                HAL_TIMEx_MasterConfigSynchronization
 .text.HAL_TIMEx_CommutationCallback
                0x0000000008002e02       0x12 CMakeFiles/blink.elf.dir/Drivers/STM32F1xx_HAL_Driver/Src/stm32f1xx_hal_tim_ex.c.obj
                0x0000000008002e02                HAL_TIMEx_CommutationCallback
 .text.HAL_TIMEx_BreakCallback
                0x0000000008002e14       0x12 CMakeFiles/blink.elf.dir/Drivers/STM32F1xx_HAL_Driver/Src/stm32f1xx_hal_tim_ex.c.obj
                0x0000000008002e14                HAL_TIMEx_BreakCallback
 *fill*         0x0000000008002e26        0x2 
 .text.error    0x0000000008002e28       0x28 CMakeFiles/blink.elf.dir/UserSrc/Src/lesson5.c.obj
 .text.int_to_string
                0x0000000008002e50       0xb0 CMakeFiles/blink.elf.dir/UserSrc/Src/lesson5.c.obj
                0x0000000008002e50                int_to_string
 .text.lesson5  0x0000000008002f00       0x9c CMakeFiles/blink.elf.dir/UserSrc/Src/lesson5.c.obj
                0x0000000008002f00                lesson5
 .text.set_pin_out
                0x0000000008002f9c       0x32 CMakeFiles/blink.elf.dir/UserSrc/Lib/dh11/Src/dht11.c.obj
 .text.set_pin_in
                0x0000000008002fce       0x32 CMakeFiles/blink.elf.dir/UserSrc/Lib/dh11/Src/dht11.c.obj
 .text.dht11_read_data
                0x0000000008003000      0x12e CMakeFiles/blink.elf.dir/UserSrc/Lib/dh11/Src/dht11.c.obj
                0x0000000008003000                dht11_read_data
 .text.dht11_init
                0x000000000800312e       0x26 CMakeFiles/blink.elf.dir/UserSrc/Lib/dh11/Src/dht11.c.obj
                0x000000000800312e                dht11_init
 .text.write_bit
                0x0000000008003154       0x8e CMakeFiles/blink.elf.dir/UserSrc/Lib/dh11/Src/dht11.c.obj
 *fill*         0x00000000080031e2        0x2 
 .text.get_float
                0x00000000080031e4       0x68 CMakeFiles/blink.elf.dir/UserSrc/Lib/dh11/Src/dht11.c.obj
 .text.finish_rx
                0x000000000800324c       0x6e CMakeFiles/blink.elf.dir/UserSrc/Lib/dh11/Src/dht11.c.obj
 .text.dht11_interrupt_handler
                0x00000000080032ba       0xe8 CMakeFiles/blink.elf.dir/UserSrc/Lib/dh11/Src/dht11.c.obj
                0x00000000080032ba                dht11_interrupt_handler
 *fill*         0x00000000080033a2        0x2 
 .text.ssd1306_WriteCommand
                0x00000000080033a4       0x30 CMakeFiles/blink.elf.dir/UserSrc/Lib/ssd1306/Src/ssd1306.c.obj
 .text.ssd1306_Init
                0x00000000080033d4       0xd8 CMakeFiles/blink.elf.dir/UserSrc/Lib/ssd1306/Src/ssd1306.c.obj
                0x00000000080033d4                ssd1306_Init
 .text.ssd1306_Fill
                0x00000000080034ac       0x44 CMakeFiles/blink.elf.dir/UserSrc/Lib/ssd1306/Src/ssd1306.c.obj
                0x00000000080034ac                ssd1306_Fill
 .text.ssd1306_UpdateScreen
                0x00000000080034f0       0x60 CMakeFiles/blink.elf.dir/UserSrc/Lib/ssd1306/Src/ssd1306.c.obj
                0x00000000080034f0                ssd1306_UpdateScreen
 .text.ssd1306_DrawPixel
                0x0000000008003550       0xc0 CMakeFiles/blink.elf.dir/UserSrc/Lib/ssd1306/Src/ssd1306.c.obj
                0x0000000008003550                ssd1306_DrawPixel
 .text.ssd1306_WriteChar
                0x0000000008003610      0x100 CMakeFiles/blink.elf.dir/UserSrc/Lib/ssd1306/Src/ssd1306.c.obj
                0x0000000008003610                ssd1306_WriteChar
 .text.ssd1306_WriteString
                0x0000000008003710       0x4c CMakeFiles/blink.elf.dir/UserSrc/Lib/ssd1306/Src/ssd1306.c.obj
                0x0000000008003710                ssd1306_WriteString
 .text.ssd1306_SetCursor
                0x000000000800375c       0x30 CMakeFiles/blink.elf.dir/UserSrc/Lib/ssd1306/Src/ssd1306.c.obj
                0x000000000800375c                ssd1306_SetCursor
 .text.Reset_Handler
                0x000000000800378c       0x48 libCMSIS.a(startup_stm32f103xb.s.obj)
                0x000000000800378c                Reset_Handler
 .text.Default_Handler
                0x00000000080037d4        0x2 libCMSIS.a(startup_stm32f103xb.s.obj)
                0x00000000080037d4                RTC_Alarm_IRQHandler
                0x00000000080037d4                EXTI2_IRQHandler
                0x00000000080037d4                TIM1_CC_IRQHandler
                0x00000000080037d4                PVD_IRQHandler
                0x00000000080037d4                EXTI3_IRQHandler
                0x00000000080037d4                EXTI0_IRQHandler
                0x00000000080037d4                I2C2_EV_IRQHandler
                0x00000000080037d4                ADC1_2_IRQHandler
                0x00000000080037d4                SPI1_IRQHandler
                0x00000000080037d4                TAMPER_IRQHandler
                0x00000000080037d4                DMA1_Channel4_IRQHandler
                0x00000000080037d4                USART3_IRQHandler
                0x00000000080037d4                RTC_IRQHandler
                0x00000000080037d4                DMA1_Channel7_IRQHandler
                0x00000000080037d4                CAN1_RX1_IRQHandler
                0x00000000080037d4                TIM4_IRQHandler
                0x00000000080037d4                I2C1_EV_IRQHandler
                0x00000000080037d4                DMA1_Channel6_IRQHandler
                0x00000000080037d4                RCC_IRQHandler
                0x00000000080037d4                TIM1_TRG_COM_IRQHandler
                0x00000000080037d4                DMA1_Channel1_IRQHandler
                0x00000000080037d4                Default_Handler
                0x00000000080037d4                EXTI15_10_IRQHandler
                0x00000000080037d4                EXTI9_5_IRQHandler
                0x00000000080037d4                SPI2_IRQHandler
                0x00000000080037d4                DMA1_Channel5_IRQHandler
                0x00000000080037d4                EXTI4_IRQHandler
                0x00000000080037d4                USB_LP_CAN1_RX0_IRQHandler
                0x00000000080037d4                USB_HP_CAN1_TX_IRQHandler
                0x00000000080037d4                DMA1_Channel3_IRQHandler
                0x00000000080037d4                WWDG_IRQHandler
                0x00000000080037d4                TIM2_IRQHandler
                0x00000000080037d4                TIM1_BRK_IRQHandler
                0x00000000080037d4                EXTI1_IRQHandler
                0x00000000080037d4                USART2_IRQHandler
                0x00000000080037d4                I2C2_ER_IRQHandler
                0x00000000080037d4                DMA1_Channel2_IRQHandler
                0x00000000080037d4                CAN1_SCE_IRQHandler
                0x00000000080037d4                FLASH_IRQHandler
                0x00000000080037d4                USART1_IRQHandler
                0x00000000080037d4                I2C1_ER_IRQHandler
                0x00000000080037d4                USBWakeUp_IRQHandler
 *(.glue_7)
 .glue_7        0x00000000080037d6        0x0 linker stubs
 *(.glue_7t)
 .glue_7t       0x00000000080037d6        0x0 linker stubs
 *(.eh_frame)
 *fill*         0x00000000080037d6        0x2 
 .eh_frame      0x00000000080037d8        0x0 /opt/cross/lib/gcc/arm-none-eabi/7.2.0/thumb/cortex-m3/crtbegin.o
 *(.init)
 .init          0x00000000080037d8        0x4 /opt/cross/lib/gcc/arm-none-eabi/7.2.0/thumb/cortex-m3/crti.o
                0x00000000080037d8                _init
 .init          0x00000000080037dc        0x8 /opt/cross/lib/gcc/arm-none-eabi/7.2.0/thumb/cortex-m3/crtn.o
 *(.fini)
 .fini          0x00000000080037e4        0x4 /opt/cross/lib/gcc/arm-none-eabi/7.2.0/thumb/cortex-m3/crti.o
                0x00000000080037e4                _fini
 .fini          0x00000000080037e8        0x8 /opt/cross/lib/gcc/arm-none-eabi/7.2.0/thumb/cortex-m3/crtn.o
                0x00000000080037f0                . = ALIGN (0x4)
                0x00000000080037f0                _etext = .

.vfp11_veneer   0x00000000080037f0        0x0
 .vfp11_veneer  0x00000000080037f0        0x0 linker stubs

.v4_bx          0x00000000080037f0        0x0
 .v4_bx         0x00000000080037f0        0x0 linker stubs

.iplt           0x00000000080037f0        0x0
 .iplt          0x00000000080037f0        0x0 /opt/cross/lib/gcc/arm-none-eabi/7.2.0/thumb/cortex-m3/crtbegin.o

.rodata         0x00000000080037f0      0xdc4
                0x00000000080037f0                . = ALIGN (0x4)
 *(.rodata)
 .rodata        0x00000000080037f0       0x34 CMakeFiles/blink.elf.dir/Src/main.c.obj
 .rodata        0x0000000008003824       0x12 CMakeFiles/blink.elf.dir/Drivers/STM32F1xx_HAL_Driver/Src/stm32f1xx_hal_rcc.c.obj
 *fill*         0x0000000008003836        0x2 
 .rodata        0x0000000008003838        0x6 CMakeFiles/blink.elf.dir/UserSrc/Src/lesson5.c.obj
 *(.rodata*)
 *fill*         0x000000000800383e        0x2 
 .rodata.AHBPrescTable
                0x0000000008003840       0x10 CMakeFiles/blink.elf.dir/Src/system_stm32f1xx.c.obj
                0x0000000008003840                AHBPrescTable
 .rodata.APBPrescTable
                0x0000000008003850        0x8 CMakeFiles/blink.elf.dir/Src/system_stm32f1xx.c.obj
                0x0000000008003850                APBPrescTable
 .rodata.Font11x18
                0x0000000008003858      0xd5c CMakeFiles/blink.elf.dir/UserSrc/Lib/ssd1306/Src/fonts.c.obj
                0x00000000080045b4                . = ALIGN (0x4)

.rel.dyn        0x00000000080045b4        0x0
 .rel.iplt      0x00000000080045b4        0x0 /opt/cross/lib/gcc/arm-none-eabi/7.2.0/thumb/cortex-m3/crtbegin.o

.ARM.extab
 *(.ARM.extab* .gnu.linkonce.armextab.*)

.ARM            0x00000000080045b4        0x0
                0x00000000080045b4                __exidx_start = .
 *(.ARM.exidx*)
                0x00000000080045b4                __exidx_end = .

.preinit_array  0x00000000080045b4        0x0
                0x00000000080045b4                PROVIDE (__preinit_array_start, .)
 *(.preinit_array*)
                0x00000000080045b4                PROVIDE (__preinit_array_end, .)

.init_array     0x00000000080045b4        0x4
                0x00000000080045b4                PROVIDE (__init_array_start, .)
 *(SORT(.init_array.*))
 *(.init_array*)
 .init_array    0x00000000080045b4        0x4 /opt/cross/lib/gcc/arm-none-eabi/7.2.0/thumb/cortex-m3/crtbegin.o
                0x00000000080045b8                PROVIDE (__init_array_end, .)

.fini_array     0x00000000080045b8        0x4
                0x00000000080045b8                PROVIDE (__fini_array_start, .)
 *(SORT(.fini_array.*))
 *(.fini_array*)
 .fini_array    0x00000000080045b8        0x4 /opt/cross/lib/gcc/arm-none-eabi/7.2.0/thumb/cortex-m3/crtbegin.o
                0x00000000080045bc                PROVIDE (__fini_array_end, .)
                0x00000000080045bc                _sidata = LOADADDR (.data)

.data           0x0000000020000000        0xc load address 0x00000000080045bc
                0x0000000020000000                . = ALIGN (0x4)
                0x0000000020000000                _sdata = .
 *(.data)
 *(.data*)
 .data.SystemCoreClock
                0x0000000020000000        0x4 CMakeFiles/blink.elf.dir/Src/system_stm32f1xx.c.obj
                0x0000000020000000                SystemCoreClock
 .data.Font_11x18
                0x0000000020000004        0x8 CMakeFiles/blink.elf.dir/UserSrc/Lib/ssd1306/Src/fonts.c.obj
                0x0000000020000004                Font_11x18
                0x000000002000000c                . = ALIGN (0x4)
                0x000000002000000c                _edata = .

.tm_clone_table
                0x000000002000000c        0x0 load address 0x00000000080045c8
 .tm_clone_table
                0x000000002000000c        0x0 /opt/cross/lib/gcc/arm-none-eabi/7.2.0/thumb/cortex-m3/crtbegin.o
 .tm_clone_table
                0x000000002000000c        0x0 /opt/cross/lib/gcc/arm-none-eabi/7.2.0/thumb/cortex-m3/crtend.o

.igot.plt       0x000000002000000c        0x0 load address 0x00000000080045c8
 .igot.plt      0x000000002000000c        0x0 /opt/cross/lib/gcc/arm-none-eabi/7.2.0/thumb/cortex-m3/crtbegin.o
                0x000000002000000c                . = ALIGN (0x4)

.bss            0x000000002000000c      0x520 load address 0x00000000080045c8
                0x000000002000000c                _sbss = .
                0x000000002000000c                __bss_start__ = _sbss
 *(.bss)
 .bss           0x000000002000000c       0x1c /opt/cross/lib/gcc/arm-none-eabi/7.2.0/thumb/cortex-m3/crtbegin.o
 *(.bss*)
 .bss.hi2c1     0x0000000020000028       0x54 CMakeFiles/blink.elf.dir/Src/main.c.obj
                0x0000000020000028                hi2c1
 .bss.htim3     0x000000002000007c       0x40 CMakeFiles/blink.elf.dir/Src/main.c.obj
                0x000000002000007c                htim3
 .bss.htim1     0x00000000200000bc       0x40 CMakeFiles/blink.elf.dir/Src/stm32f1xx_hal_timebase_TIM.c.obj
                0x00000000200000bc                htim1
 .bss.uwTick    0x00000000200000fc        0x4 CMakeFiles/blink.elf.dir/Drivers/STM32F1xx_HAL_Driver/Src/stm32f1xx_hal.c.obj
                0x00000000200000fc                uwTick
 .bss.dht       0x0000000020000100       0x24 CMakeFiles/blink.elf.dir/UserSrc/Src/lesson5.c.obj
                0x0000000020000100                dht
 .bss.SSD1306_Buffer
                0x0000000020000124      0x400 CMakeFiles/blink.elf.dir/UserSrc/Lib/ssd1306/Src/ssd1306.c.obj
 .bss.SSD1306   0x0000000020000524        0x6 CMakeFiles/blink.elf.dir/UserSrc/Lib/ssd1306/Src/ssd1306.c.obj
 *(COMMON)
                0x000000002000052c                . = ALIGN (0x4)
 *fill*         0x000000002000052a        0x2 
                0x000000002000052c                _ebss = .
                0x000000002000052c                __bss_end__ = _ebss

._user_heap_stack
                0x000000002000052c      0x604 load address 0x00000000080045c8
                0x0000000020000530                . = ALIGN (0x8)
 *fill*         0x000000002000052c        0x4 
                [!provide]                        PROVIDE (end, .)
                [!provide]                        PROVIDE (_end, .)
                0x0000000020000730                . = (. + _Min_Heap_Size)
 *fill*         0x0000000020000530      0x200 
                0x0000000020000b30                . = (. + _Min_Stack_Size)
 *fill*         0x0000000020000730      0x400 
                0x0000000020000b30                . = ALIGN (0x8)

/DISCARD/
 libc.a(*)
 libm.a(*)
 libgcc.a(*)

.ARM.attributes
                0x0000000000000000       0x2f
 *(.ARM.attributes)
 .ARM.attributes
                0x0000000000000000       0x23 /opt/cross/lib/gcc/arm-none-eabi/7.2.0/thumb/cortex-m3/crti.o
 .ARM.attributes
                0x0000000000000023       0x33 /opt/cross/lib/gcc/arm-none-eabi/7.2.0/thumb/cortex-m3/crtbegin.o
 .ARM.attributes
                0x0000000000000056       0x33 CMakeFiles/blink.elf.dir/Src/main.c.obj
 .ARM.attributes
                0x0000000000000089       0x33 CMakeFiles/blink.elf.dir/Src/stm32f1xx_hal_msp.c.obj
 .ARM.attributes
                0x00000000000000bc       0x33 CMakeFiles/blink.elf.dir/Src/stm32f1xx_hal_timebase_TIM.c.obj
 .ARM.attributes
                0x00000000000000ef       0x33 CMakeFiles/blink.elf.dir/Src/stm32f1xx_it.c.obj
 .ARM.attributes
                0x0000000000000122       0x33 CMakeFiles/blink.elf.dir/Src/system_stm32f1xx.c.obj
 .ARM.attributes
                0x0000000000000155       0x33 CMakeFiles/blink.elf.dir/Drivers/STM32F1xx_HAL_Driver/Src/stm32f1xx_hal.c.obj
 .ARM.attributes
                0x0000000000000188       0x33 CMakeFiles/blink.elf.dir/Drivers/STM32F1xx_HAL_Driver/Src/stm32f1xx_hal_cortex.c.obj
 .ARM.attributes
                0x00000000000001bb       0x33 CMakeFiles/blink.elf.dir/Drivers/STM32F1xx_HAL_Driver/Src/stm32f1xx_hal_gpio.c.obj
 .ARM.attributes
                0x00000000000001ee       0x33 CMakeFiles/blink.elf.dir/Drivers/STM32F1xx_HAL_Driver/Src/stm32f1xx_hal_i2c.c.obj
 .ARM.attributes
                0x0000000000000221       0x33 CMakeFiles/blink.elf.dir/Drivers/STM32F1xx_HAL_Driver/Src/stm32f1xx_hal_rcc.c.obj
 .ARM.attributes
                0x0000000000000254       0x33 CMakeFiles/blink.elf.dir/Drivers/STM32F1xx_HAL_Driver/Src/stm32f1xx_hal_tim.c.obj
 .ARM.attributes
                0x0000000000000287       0x33 CMakeFiles/blink.elf.dir/Drivers/STM32F1xx_HAL_Driver/Src/stm32f1xx_hal_tim_ex.c.obj
 .ARM.attributes
                0x00000000000002ba       0x33 CMakeFiles/blink.elf.dir/UserSrc/Src/lesson5.c.obj
 .ARM.attributes
                0x00000000000002ed       0x33 CMakeFiles/blink.elf.dir/UserSrc/Lib/dh11/Src/dht11.c.obj
 .ARM.attributes
                0x0000000000000320       0x33 CMakeFiles/blink.elf.dir/UserSrc/Lib/ssd1306/Src/fonts.c.obj
 .ARM.attributes
                0x0000000000000353       0x33 CMakeFiles/blink.elf.dir/UserSrc/Lib/ssd1306/Src/ssd1306.c.obj
 .ARM.attributes
                0x0000000000000386       0x21 libCMSIS.a(startup_stm32f103xb.s.obj)
 .ARM.attributes
                0x00000000000003a7       0x23 /opt/cross/lib/gcc/arm-none-eabi/7.2.0/thumb/cortex-m3/libgcc.a(_arm_addsubsf3.o)
 .ARM.attributes
                0x00000000000003ca       0x23 /opt/cross/lib/gcc/arm-none-eabi/7.2.0/thumb/cortex-m3/libgcc.a(_arm_muldivsf3.o)
 .ARM.attributes
                0x00000000000003ed       0x23 /opt/cross/lib/gcc/arm-none-eabi/7.2.0/thumb/cortex-m3/libgcc.a(_arm_cmpsf2.o)
 .ARM.attributes
                0x0000000000000410       0x23 /opt/cross/lib/gcc/arm-none-eabi/7.2.0/thumb/cortex-m3/libgcc.a(_arm_fixunssfsi.o)
 .ARM.attributes
                0x0000000000000433       0x33 /opt/cross/lib/gcc/arm-none-eabi/7.2.0/../../../../arm-none-eabi/lib/thumb/cortex-m3/libg.a(lib_a-init.o)
 .ARM.attributes
                0x0000000000000466       0x33 /opt/cross/lib/gcc/arm-none-eabi/7.2.0/thumb/cortex-m3/crtend.o
 .ARM.attributes
                0x0000000000000499       0x23 /opt/cross/lib/gcc/arm-none-eabi/7.2.0/thumb/cortex-m3/crtn.o
OUTPUT(blink.elf elf32-littlearm)

.comment        0x0000000000000000       0x11
 .comment       0x0000000000000000       0x11 /opt/cross/lib/gcc/arm-none-eabi/7.2.0/thumb/cortex-m3/crtbegin.o
                                         0x12 (size before relaxing)
 .comment       0x0000000000000011       0x12 CMakeFiles/blink.elf.dir/Src/main.c.obj
 .comment       0x0000000000000011       0x12 CMakeFiles/blink.elf.dir/Src/stm32f1xx_hal_msp.c.obj
 .comment       0x0000000000000011       0x12 CMakeFiles/blink.elf.dir/Src/stm32f1xx_hal_timebase_TIM.c.obj
 .comment       0x0000000000000011       0x12 CMakeFiles/blink.elf.dir/Src/stm32f1xx_it.c.obj
 .comment       0x0000000000000011       0x12 CMakeFiles/blink.elf.dir/Src/system_stm32f1xx.c.obj
 .comment       0x0000000000000011       0x12 CMakeFiles/blink.elf.dir/Drivers/STM32F1xx_HAL_Driver/Src/stm32f1xx_hal.c.obj
 .comment       0x0000000000000011       0x12 CMakeFiles/blink.elf.dir/Drivers/STM32F1xx_HAL_Driver/Src/stm32f1xx_hal_cortex.c.obj
 .comment       0x0000000000000011       0x12 CMakeFiles/blink.elf.dir/Drivers/STM32F1xx_HAL_Driver/Src/stm32f1xx_hal_gpio.c.obj
 .comment       0x0000000000000011       0x12 CMakeFiles/blink.elf.dir/Drivers/STM32F1xx_HAL_Driver/Src/stm32f1xx_hal_i2c.c.obj
 .comment       0x0000000000000011       0x12 CMakeFiles/blink.elf.dir/Drivers/STM32F1xx_HAL_Driver/Src/stm32f1xx_hal_rcc.c.obj
 .comment       0x0000000000000011       0x12 CMakeFiles/blink.elf.dir/Drivers/STM32F1xx_HAL_Driver/Src/stm32f1xx_hal_tim.c.obj
 .comment       0x0000000000000011       0x12 CMakeFiles/blink.elf.dir/Drivers/STM32F1xx_HAL_Driver/Src/stm32f1xx_hal_tim_ex.c.obj
 .comment       0x0000000000000011       0x12 CMakeFiles/blink.elf.dir/UserSrc/Src/lesson5.c.obj
 .comment       0x0000000000000011       0x12 CMakeFiles/blink.elf.dir/UserSrc/Lib/dh11/Src/dht11.c.obj
 .comment       0x0000000000000011       0x12 CMakeFiles/blink.elf.dir/UserSrc/Lib/ssd1306/Src/fonts.c.obj
 .comment       0x0000000000000011       0x12 CMakeFiles/blink.elf.dir/UserSrc/Lib/ssd1306/Src/ssd1306.c.obj
 .comment       0x0000000000000011       0x12 /opt/cross/lib/gcc/arm-none-eabi/7.2.0/../../../../arm-none-eabi/lib/thumb/cortex-m3/libg.a(lib_a-init.o)
 .comment       0x0000000000000011       0x12 /opt/cross/lib/gcc/arm-none-eabi/7.2.0/thumb/cortex-m3/crtend.o

.debug_info     0x0000000000000000    0x13bb7
 .debug_info    0x0000000000000000     0x1652 CMakeFiles/blink.elf.dir/Src/main.c.obj
 .debug_info    0x0000000000001652     0x1451 CMakeFiles/blink.elf.dir/Src/stm32f1xx_hal_msp.c.obj
 .debug_info    0x0000000000002aa3     0x10bc CMakeFiles/blink.elf.dir/Src/stm32f1xx_hal_timebase_TIM.c.obj
 .debug_info    0x0000000000003b5f     0x1053 CMakeFiles/blink.elf.dir/Src/stm32f1xx_it.c.obj
 .debug_info    0x0000000000004bb2      0x3e5 CMakeFiles/blink.elf.dir/Src/system_stm32f1xx.c.obj
 .debug_info    0x0000000000004f97      0xe2e CMakeFiles/blink.elf.dir/Drivers/STM32F1xx_HAL_Driver/Src/stm32f1xx_hal.c.obj
 .debug_info    0x0000000000005dc5     0x12fb CMakeFiles/blink.elf.dir/Drivers/STM32F1xx_HAL_Driver/Src/stm32f1xx_hal_cortex.c.obj
 .debug_info    0x00000000000070c0      0xe60 CMakeFiles/blink.elf.dir/Drivers/STM32F1xx_HAL_Driver/Src/stm32f1xx_hal_gpio.c.obj
 .debug_info    0x0000000000007f20     0x2972 CMakeFiles/blink.elf.dir/Drivers/STM32F1xx_HAL_Driver/Src/stm32f1xx_hal_i2c.c.obj
 .debug_info    0x000000000000a892      0xfc6 CMakeFiles/blink.elf.dir/Drivers/STM32F1xx_HAL_Driver/Src/stm32f1xx_hal_rcc.c.obj
 .debug_info    0x000000000000b858     0x29c9 CMakeFiles/blink.elf.dir/Drivers/STM32F1xx_HAL_Driver/Src/stm32f1xx_hal_tim.c.obj
 .debug_info    0x000000000000e221     0x1778 CMakeFiles/blink.elf.dir/Drivers/STM32F1xx_HAL_Driver/Src/stm32f1xx_hal_tim_ex.c.obj
 .debug_info    0x000000000000f999     0x1371 CMakeFiles/blink.elf.dir/UserSrc/Src/lesson5.c.obj
 .debug_info    0x0000000000010d0a     0x125f CMakeFiles/blink.elf.dir/UserSrc/Lib/dh11/Src/dht11.c.obj
 .debug_info    0x0000000000011f69      0xa37 CMakeFiles/blink.elf.dir/UserSrc/Lib/ssd1306/Src/fonts.c.obj
 .debug_info    0x00000000000129a0     0x1076 CMakeFiles/blink.elf.dir/UserSrc/Lib/ssd1306/Src/ssd1306.c.obj
 .debug_info    0x0000000000013a16       0x26 /opt/cross/lib/gcc/arm-none-eabi/7.2.0/thumb/cortex-m3/libgcc.a(_arm_addsubsf3.o)
 .debug_info    0x0000000000013a3c       0x26 /opt/cross/lib/gcc/arm-none-eabi/7.2.0/thumb/cortex-m3/libgcc.a(_arm_muldivsf3.o)
 .debug_info    0x0000000000013a62       0x26 /opt/cross/lib/gcc/arm-none-eabi/7.2.0/thumb/cortex-m3/libgcc.a(_arm_cmpsf2.o)
 .debug_info    0x0000000000013a88       0x26 /opt/cross/lib/gcc/arm-none-eabi/7.2.0/thumb/cortex-m3/libgcc.a(_arm_fixunssfsi.o)
 .debug_info    0x0000000000013aae      0x109 /opt/cross/lib/gcc/arm-none-eabi/7.2.0/../../../../arm-none-eabi/lib/thumb/cortex-m3/libg.a(lib_a-init.o)

.debug_abbrev   0x0000000000000000     0x2988
 .debug_abbrev  0x0000000000000000      0x2b7 CMakeFiles/blink.elf.dir/Src/main.c.obj
 .debug_abbrev  0x00000000000002b7      0x232 CMakeFiles/blink.elf.dir/Src/stm32f1xx_hal_msp.c.obj
 .debug_abbrev  0x00000000000004e9      0x243 CMakeFiles/blink.elf.dir/Src/stm32f1xx_hal_timebase_TIM.c.obj
 .debug_abbrev  0x000000000000072c      0x226 CMakeFiles/blink.elf.dir/Src/stm32f1xx_it.c.obj
 .debug_abbrev  0x0000000000000952      0x131 CMakeFiles/blink.elf.dir/Src/system_stm32f1xx.c.obj
 .debug_abbrev  0x0000000000000a83      0x2c9 CMakeFiles/blink.elf.dir/Drivers/STM32F1xx_HAL_Driver/Src/stm32f1xx_hal.c.obj
 .debug_abbrev  0x0000000000000d4c      0x393 CMakeFiles/blink.elf.dir/Drivers/STM32F1xx_HAL_Driver/Src/stm32f1xx_hal_cortex.c.obj
 .debug_abbrev  0x00000000000010df      0x286 CMakeFiles/blink.elf.dir/Drivers/STM32F1xx_HAL_Driver/Src/stm32f1xx_hal_gpio.c.obj
 .debug_abbrev  0x0000000000001365      0x2df CMakeFiles/blink.elf.dir/Drivers/STM32F1xx_HAL_Driver/Src/stm32f1xx_hal_i2c.c.obj
 .debug_abbrev  0x0000000000001644      0x30d CMakeFiles/blink.elf.dir/Drivers/STM32F1xx_HAL_Driver/Src/stm32f1xx_hal_rcc.c.obj
 .debug_abbrev  0x0000000000001951      0x2e7 CMakeFiles/blink.elf.dir/Drivers/STM32F1xx_HAL_Driver/Src/stm32f1xx_hal_tim.c.obj
 .debug_abbrev  0x0000000000001c38      0x2c4 CMakeFiles/blink.elf.dir/Drivers/STM32F1xx_HAL_Driver/Src/stm32f1xx_hal_tim_ex.c.obj
 .debug_abbrev  0x0000000000001efc      0x26b CMakeFiles/blink.elf.dir/UserSrc/Src/lesson5.c.obj
 .debug_abbrev  0x0000000000002167      0x2dc CMakeFiles/blink.elf.dir/UserSrc/Lib/dh11/Src/dht11.c.obj
 .debug_abbrev  0x0000000000002443      0x1b7 CMakeFiles/blink.elf.dir/UserSrc/Lib/ssd1306/Src/fonts.c.obj
 .debug_abbrev  0x00000000000025fa      0x284 CMakeFiles/blink.elf.dir/UserSrc/Lib/ssd1306/Src/ssd1306.c.obj
 .debug_abbrev  0x000000000000287e       0x14 /opt/cross/lib/gcc/arm-none-eabi/7.2.0/thumb/cortex-m3/libgcc.a(_arm_addsubsf3.o)
 .debug_abbrev  0x0000000000002892       0x14 /opt/cross/lib/gcc/arm-none-eabi/7.2.0/thumb/cortex-m3/libgcc.a(_arm_muldivsf3.o)
 .debug_abbrev  0x00000000000028a6       0x14 /opt/cross/lib/gcc/arm-none-eabi/7.2.0/thumb/cortex-m3/libgcc.a(_arm_cmpsf2.o)
 .debug_abbrev  0x00000000000028ba       0x14 /opt/cross/lib/gcc/arm-none-eabi/7.2.0/thumb/cortex-m3/libgcc.a(_arm_fixunssfsi.o)
 .debug_abbrev  0x00000000000028ce       0xba /opt/cross/lib/gcc/arm-none-eabi/7.2.0/../../../../arm-none-eabi/lib/thumb/cortex-m3/libg.a(lib_a-init.o)

.debug_aranges  0x0000000000000000      0xca8
 .debug_aranges
                0x0000000000000000       0x58 CMakeFiles/blink.elf.dir/Src/main.c.obj
 .debug_aranges
                0x0000000000000058       0x40 CMakeFiles/blink.elf.dir/Src/stm32f1xx_hal_msp.c.obj
 .debug_aranges
                0x0000000000000098       0x30 CMakeFiles/blink.elf.dir/Src/stm32f1xx_hal_timebase_TIM.c.obj
 .debug_aranges
                0x00000000000000c8       0x70 CMakeFiles/blink.elf.dir/Src/stm32f1xx_it.c.obj
 .debug_aranges
                0x0000000000000138       0x28 CMakeFiles/blink.elf.dir/Src/system_stm32f1xx.c.obj
 .debug_aranges
                0x0000000000000160       0xb8 CMakeFiles/blink.elf.dir/Drivers/STM32F1xx_HAL_Driver/Src/stm32f1xx_hal.c.obj
 .debug_aranges
                0x0000000000000218      0x100 CMakeFiles/blink.elf.dir/Drivers/STM32F1xx_HAL_Driver/Src/stm32f1xx_hal_cortex.c.obj
 .debug_aranges
                0x0000000000000318       0x58 CMakeFiles/blink.elf.dir/Drivers/STM32F1xx_HAL_Driver/Src/stm32f1xx_hal_gpio.c.obj
 .debug_aranges
                0x0000000000000370      0x268 CMakeFiles/blink.elf.dir/Drivers/STM32F1xx_HAL_Driver/Src/stm32f1xx_hal_i2c.c.obj
 .debug_aranges
                0x00000000000005d8       0x90 CMakeFiles/blink.elf.dir/Drivers/STM32F1xx_HAL_Driver/Src/stm32f1xx_hal_rcc.c.obj
 .debug_aranges
                0x0000000000000668      0x368 CMakeFiles/blink.elf.dir/Drivers/STM32F1xx_HAL_Driver/Src/stm32f1xx_hal_tim.c.obj
 .debug_aranges
                0x00000000000009d0      0x138 CMakeFiles/blink.elf.dir/Drivers/STM32F1xx_HAL_Driver/Src/stm32f1xx_hal_tim_ex.c.obj
 .debug_aranges
                0x0000000000000b08       0x30 CMakeFiles/blink.elf.dir/UserSrc/Src/lesson5.c.obj
 .debug_aranges
                0x0000000000000b38       0x60 CMakeFiles/blink.elf.dir/UserSrc/Lib/dh11/Src/dht11.c.obj
 .debug_aranges
                0x0000000000000b98       0x18 CMakeFiles/blink.elf.dir/UserSrc/Lib/ssd1306/Src/fonts.c.obj
 .debug_aranges
                0x0000000000000bb0       0x58 CMakeFiles/blink.elf.dir/UserSrc/Lib/ssd1306/Src/ssd1306.c.obj
 .debug_aranges
                0x0000000000000c08       0x20 /opt/cross/lib/gcc/arm-none-eabi/7.2.0/thumb/cortex-m3/libgcc.a(_arm_addsubsf3.o)
 .debug_aranges
                0x0000000000000c28       0x20 /opt/cross/lib/gcc/arm-none-eabi/7.2.0/thumb/cortex-m3/libgcc.a(_arm_muldivsf3.o)
 .debug_aranges
                0x0000000000000c48       0x20 /opt/cross/lib/gcc/arm-none-eabi/7.2.0/thumb/cortex-m3/libgcc.a(_arm_cmpsf2.o)
 .debug_aranges
                0x0000000000000c68       0x20 /opt/cross/lib/gcc/arm-none-eabi/7.2.0/thumb/cortex-m3/libgcc.a(_arm_fixunssfsi.o)
 .debug_aranges
                0x0000000000000c88       0x20 /opt/cross/lib/gcc/arm-none-eabi/7.2.0/../../../../arm-none-eabi/lib/thumb/cortex-m3/libg.a(lib_a-init.o)

.debug_ranges   0x0000000000000000      0xb00
 .debug_ranges  0x0000000000000000       0x48 CMakeFiles/blink.elf.dir/Src/main.c.obj
 .debug_ranges  0x0000000000000048       0x30 CMakeFiles/blink.elf.dir/Src/stm32f1xx_hal_msp.c.obj
 .debug_ranges  0x0000000000000078       0x20 CMakeFiles/blink.elf.dir/Src/stm32f1xx_hal_timebase_TIM.c.obj
 .debug_ranges  0x0000000000000098       0x60 CMakeFiles/blink.elf.dir/Src/stm32f1xx_it.c.obj
 .debug_ranges  0x00000000000000f8       0x18 CMakeFiles/blink.elf.dir/Src/system_stm32f1xx.c.obj
 .debug_ranges  0x0000000000000110       0xa8 CMakeFiles/blink.elf.dir/Drivers/STM32F1xx_HAL_Driver/Src/stm32f1xx_hal.c.obj
 .debug_ranges  0x00000000000001b8       0xf0 CMakeFiles/blink.elf.dir/Drivers/STM32F1xx_HAL_Driver/Src/stm32f1xx_hal_cortex.c.obj
 .debug_ranges  0x00000000000002a8       0x48 CMakeFiles/blink.elf.dir/Drivers/STM32F1xx_HAL_Driver/Src/stm32f1xx_hal_gpio.c.obj
 .debug_ranges  0x00000000000002f0      0x258 CMakeFiles/blink.elf.dir/Drivers/STM32F1xx_HAL_Driver/Src/stm32f1xx_hal_i2c.c.obj
 .debug_ranges  0x0000000000000548       0x80 CMakeFiles/blink.elf.dir/Drivers/STM32F1xx_HAL_Driver/Src/stm32f1xx_hal_rcc.c.obj
 .debug_ranges  0x00000000000005c8      0x358 CMakeFiles/blink.elf.dir/Drivers/STM32F1xx_HAL_Driver/Src/stm32f1xx_hal_tim.c.obj
 .debug_ranges  0x0000000000000920      0x128 CMakeFiles/blink.elf.dir/Drivers/STM32F1xx_HAL_Driver/Src/stm32f1xx_hal_tim_ex.c.obj
 .debug_ranges  0x0000000000000a48       0x20 CMakeFiles/blink.elf.dir/UserSrc/Src/lesson5.c.obj
 .debug_ranges  0x0000000000000a68       0x50 CMakeFiles/blink.elf.dir/UserSrc/Lib/dh11/Src/dht11.c.obj
 .debug_ranges  0x0000000000000ab8       0x48 CMakeFiles/blink.elf.dir/UserSrc/Lib/ssd1306/Src/ssd1306.c.obj

.debug_line     0x0000000000000000     0x6221
 .debug_line    0x0000000000000000      0x3c7 CMakeFiles/blink.elf.dir/Src/main.c.obj
 .debug_line    0x00000000000003c7      0x326 CMakeFiles/blink.elf.dir/Src/stm32f1xx_hal_msp.c.obj
 .debug_line    0x00000000000006ed      0x2eb CMakeFiles/blink.elf.dir/Src/stm32f1xx_hal_timebase_TIM.c.obj
 .debug_line    0x00000000000009d8      0x394 CMakeFiles/blink.elf.dir/Src/stm32f1xx_it.c.obj
 .debug_line    0x0000000000000d6c      0x1f4 CMakeFiles/blink.elf.dir/Src/system_stm32f1xx.c.obj
 .debug_line    0x0000000000000f60      0x3ed CMakeFiles/blink.elf.dir/Drivers/STM32F1xx_HAL_Driver/Src/stm32f1xx_hal.c.obj
 .debug_line    0x000000000000134d      0x4c8 CMakeFiles/blink.elf.dir/Drivers/STM32F1xx_HAL_Driver/Src/stm32f1xx_hal_cortex.c.obj
 .debug_line    0x0000000000001815      0x48b CMakeFiles/blink.elf.dir/Drivers/STM32F1xx_HAL_Driver/Src/stm32f1xx_hal_gpio.c.obj
 .debug_line    0x0000000000001ca0     0x1368 CMakeFiles/blink.elf.dir/Drivers/STM32F1xx_HAL_Driver/Src/stm32f1xx_hal_i2c.c.obj
 .debug_line    0x0000000000003008      0x555 CMakeFiles/blink.elf.dir/Drivers/STM32F1xx_HAL_Driver/Src/stm32f1xx_hal_rcc.c.obj
 .debug_line    0x000000000000355d     0x1233 CMakeFiles/blink.elf.dir/Drivers/STM32F1xx_HAL_Driver/Src/stm32f1xx_hal_tim.c.obj
 .debug_line    0x0000000000004790      0x83e CMakeFiles/blink.elf.dir/Drivers/STM32F1xx_HAL_Driver/Src/stm32f1xx_hal_tim_ex.c.obj
 .debug_line    0x0000000000004fce      0x3b0 CMakeFiles/blink.elf.dir/UserSrc/Src/lesson5.c.obj
 .debug_line    0x000000000000537e      0x41c CMakeFiles/blink.elf.dir/UserSrc/Lib/dh11/Src/dht11.c.obj
 .debug_line    0x000000000000579a      0x236 CMakeFiles/blink.elf.dir/UserSrc/Lib/ssd1306/Src/fonts.c.obj
 .debug_line    0x00000000000059d0      0x423 CMakeFiles/blink.elf.dir/UserSrc/Lib/ssd1306/Src/ssd1306.c.obj
 .debug_line    0x0000000000005df3      0x116 /opt/cross/lib/gcc/arm-none-eabi/7.2.0/thumb/cortex-m3/libgcc.a(_arm_addsubsf3.o)
 .debug_line    0x0000000000005f09      0x139 /opt/cross/lib/gcc/arm-none-eabi/7.2.0/thumb/cortex-m3/libgcc.a(_arm_muldivsf3.o)
 .debug_line    0x0000000000006042       0xae /opt/cross/lib/gcc/arm-none-eabi/7.2.0/thumb/cortex-m3/libgcc.a(_arm_cmpsf2.o)
 .debug_line    0x00000000000060f0       0x72 /opt/cross/lib/gcc/arm-none-eabi/7.2.0/thumb/cortex-m3/libgcc.a(_arm_fixunssfsi.o)
 .debug_line    0x0000000000006162       0xbf /opt/cross/lib/gcc/arm-none-eabi/7.2.0/../../../../arm-none-eabi/lib/thumb/cortex-m3/libg.a(lib_a-init.o)

.debug_str      0x0000000000000000     0x3cc1
 .debug_str     0x0000000000000000     0x1100 CMakeFiles/blink.elf.dir/Src/main.c.obj
                                       0x11ff (size before relaxing)
 .debug_str     0x0000000000001100       0xd2 CMakeFiles/blink.elf.dir/Src/stm32f1xx_hal_msp.c.obj
                                       0x1017 (size before relaxing)
 .debug_str     0x00000000000011d2       0xdc CMakeFiles/blink.elf.dir/Src/stm32f1xx_hal_timebase_TIM.c.obj
                                        0xdc7 (size before relaxing)
 .debug_str     0x00000000000012ae      0x1a4 CMakeFiles/blink.elf.dir/Src/stm32f1xx_it.c.obj
                                        0xb49 (size before relaxing)
 .debug_str     0x0000000000001452       0xc7 CMakeFiles/blink.elf.dir/Src/system_stm32f1xx.c.obj
                                        0x2d4 (size before relaxing)
 .debug_str     0x0000000000001519      0x1fb CMakeFiles/blink.elf.dir/Drivers/STM32F1xx_HAL_Driver/Src/stm32f1xx_hal.c.obj
                                        0xb39 (size before relaxing)
 .debug_str     0x0000000000001714      0x2ee CMakeFiles/blink.elf.dir/Drivers/STM32F1xx_HAL_Driver/Src/stm32f1xx_hal_cortex.c.obj
                                        0xce2 (size before relaxing)
 .debug_str     0x0000000000001a02      0x16b CMakeFiles/blink.elf.dir/Drivers/STM32F1xx_HAL_Driver/Src/stm32f1xx_hal_gpio.c.obj
                                        0x84f (size before relaxing)
 .debug_str     0x0000000000001b6d      0x7fa CMakeFiles/blink.elf.dir/Drivers/STM32F1xx_HAL_Driver/Src/stm32f1xx_hal_i2c.c.obj
                                       0x12a2 (size before relaxing)
 .debug_str     0x0000000000002367      0x220 CMakeFiles/blink.elf.dir/Drivers/STM32F1xx_HAL_Driver/Src/stm32f1xx_hal_rcc.c.obj
                                        0x9ff (size before relaxing)
 .debug_str     0x0000000000002587      0xccf CMakeFiles/blink.elf.dir/Drivers/STM32F1xx_HAL_Driver/Src/stm32f1xx_hal_tim.c.obj
                                       0x1729 (size before relaxing)
 .debug_str     0x0000000000003256      0x503 CMakeFiles/blink.elf.dir/Drivers/STM32F1xx_HAL_Driver/Src/stm32f1xx_hal_tim_ex.c.obj
                                        0xfc6 (size before relaxing)
 .debug_str     0x0000000000003759       0xf4 CMakeFiles/blink.elf.dir/UserSrc/Src/lesson5.c.obj
                                        0xdd2 (size before relaxing)
 .debug_str     0x000000000000384d       0xe7 CMakeFiles/blink.elf.dir/UserSrc/Lib/dh11/Src/dht11.c.obj
                                        0xbed (size before relaxing)
 .debug_str     0x0000000000003934       0x66 CMakeFiles/blink.elf.dir/UserSrc/Lib/ssd1306/Src/fonts.c.obj
                                        0x65e (size before relaxing)
 .debug_str     0x000000000000399a      0x142 CMakeFiles/blink.elf.dir/UserSrc/Lib/ssd1306/Src/ssd1306.c.obj
                                        0xba2 (size before relaxing)
 .debug_str     0x0000000000003adc       0x8b /opt/cross/lib/gcc/arm-none-eabi/7.2.0/thumb/cortex-m3/libgcc.a(_arm_addsubsf3.o)
 .debug_str     0x0000000000003b67       0x8b /opt/cross/lib/gcc/arm-none-eabi/7.2.0/thumb/cortex-m3/libgcc.a(_arm_muldivsf3.o)
 .debug_str     0x0000000000003b67       0x8b /opt/cross/lib/gcc/arm-none-eabi/7.2.0/thumb/cortex-m3/libgcc.a(_arm_cmpsf2.o)
 .debug_str     0x0000000000003b67       0x8b /opt/cross/lib/gcc/arm-none-eabi/7.2.0/thumb/cortex-m3/libgcc.a(_arm_fixunssfsi.o)
 .debug_str     0x0000000000003b67      0x15a /opt/cross/lib/gcc/arm-none-eabi/7.2.0/../../../../arm-none-eabi/lib/thumb/cortex-m3/libg.a(lib_a-init.o)
                                        0x1ef (size before relaxing)

.debug_frame    0x0000000000000000     0x32e0
 .debug_frame   0x0000000000000000      0x110 CMakeFiles/blink.elf.dir/Src/main.c.obj
 .debug_frame   0x0000000000000110       0xc4 CMakeFiles/blink.elf.dir/Src/stm32f1xx_hal_msp.c.obj
 .debug_frame   0x00000000000001d4       0x74 CMakeFiles/blink.elf.dir/Src/stm32f1xx_hal_timebase_TIM.c.obj
 .debug_frame   0x0000000000000248      0x144 CMakeFiles/blink.elf.dir/Src/stm32f1xx_it.c.obj
 .debug_frame   0x000000000000038c       0x58 CMakeFiles/blink.elf.dir/Src/system_stm32f1xx.c.obj
 .debug_frame   0x00000000000003e4      0x298 CMakeFiles/blink.elf.dir/Drivers/STM32F1xx_HAL_Driver/Src/stm32f1xx_hal.c.obj
 .debug_frame   0x000000000000067c      0x428 CMakeFiles/blink.elf.dir/Drivers/STM32F1xx_HAL_Driver/Src/stm32f1xx_hal_cortex.c.obj
 .debug_frame   0x0000000000000aa4      0x14c CMakeFiles/blink.elf.dir/Drivers/STM32F1xx_HAL_Driver/Src/stm32f1xx_hal_gpio.c.obj
 .debug_frame   0x0000000000000bf0      0xb30 CMakeFiles/blink.elf.dir/Drivers/STM32F1xx_HAL_Driver/Src/stm32f1xx_hal_i2c.c.obj
 .debug_frame   0x0000000000001720      0x218 CMakeFiles/blink.elf.dir/Drivers/STM32F1xx_HAL_Driver/Src/stm32f1xx_hal_rcc.c.obj
 .debug_frame   0x0000000000001938      0xfb4 CMakeFiles/blink.elf.dir/Drivers/STM32F1xx_HAL_Driver/Src/stm32f1xx_hal_tim.c.obj
 .debug_frame   0x00000000000028ec      0x54c CMakeFiles/blink.elf.dir/Drivers/STM32F1xx_HAL_Driver/Src/stm32f1xx_hal_tim_ex.c.obj
 .debug_frame   0x0000000000002e38       0x74 CMakeFiles/blink.elf.dir/UserSrc/Src/lesson5.c.obj
 .debug_frame   0x0000000000002eac      0x160 CMakeFiles/blink.elf.dir/UserSrc/Lib/dh11/Src/dht11.c.obj
 .debug_frame   0x000000000000300c      0x138 CMakeFiles/blink.elf.dir/UserSrc/Lib/ssd1306/Src/ssd1306.c.obj
 .debug_frame   0x0000000000003144       0x4c /opt/cross/lib/gcc/arm-none-eabi/7.2.0/thumb/cortex-m3/libgcc.a(_arm_addsubsf3.o)
 .debug_frame   0x0000000000003190       0x38 /opt/cross/lib/gcc/arm-none-eabi/7.2.0/thumb/cortex-m3/libgcc.a(_arm_muldivsf3.o)
 .debug_frame   0x00000000000031c8       0xc8 /opt/cross/lib/gcc/arm-none-eabi/7.2.0/thumb/cortex-m3/libgcc.a(_arm_cmpsf2.o)
 .debug_frame   0x0000000000003290       0x24 /opt/cross/lib/gcc/arm-none-eabi/7.2.0/thumb/cortex-m3/libgcc.a(_arm_fixunssfsi.o)
 .debug_frame   0x00000000000032b4       0x2c /opt/cross/lib/gcc/arm-none-eabi/7.2.0/../../../../arm-none-eabi/lib/thumb/cortex-m3/libg.a(lib_a-init.o)

.debug_loc      0x0000000000000000       0xa2
 .debug_loc     0x0000000000000000       0xa2 /opt/cross/lib/gcc/arm-none-eabi/7.2.0/../../../../arm-none-eabi/lib/thumb/cortex-m3/libg.a(lib_a-init.o)
